  Determinando los proyectos que se van a restaurar...
  Todos los proyectos est├ín actualizados para la restauraci├│n.
CSC : warning CS2008: No se especificaron archivos de c├│digo fuente. [C:\Users\PC\Downloads\Machly\Machly\Machly.csproj]
CSC : error CS5001: El programa no contiene ning├║n m├®todo 'Main' est├ítico adecuado para un punto de entrada [C:\Users\PC\Downloads\Machly\Machly\Machly.csproj]
C:\Program Files\dotnet\sdk\9.0.304\Microsoft.Common.CurrentVersion.targets(5394,5): warning MSB3026: No se pudo copiar "C:\Users\PC\Downloads\Machly\Machly.Api\obj\Debug\net8.0\apphost.exe" en "bin\Debug\net8.0\Machly.Api.exe". Se iniciar├í el reintento 1 dentro de 1000ms. The process cannot access the file 'C:\Users\PC\Downloads\Machly\Machly.Api\bin\Debug\net8.0\Machly.Api.exe' because it is being used by another process. El archivo se ha bloqueado por: "Machly.Api (39248)" [C:\Users\PC\Downloads\Machly\Machly.Api\Machly.Api.csproj]
C:\Program Files\dotnet\sdk\9.0.304\Microsoft.Common.CurrentVersion.targets(5394,5): warning MSB3026: No se pudo copiar "C:\Users\PC\Downloads\Machly\Machly.Web\obj\Debug\net8.0\apphost.exe" en "bin\Debug\net8.0\Machly.Web.exe". Se iniciar├í el reintento 1 dentro de 1000ms. The process cannot access the file 'C:\Users\PC\Downloads\Machly\Machly.Web\bin\Debug\net8.0\Machly.Web.exe' because it is being used by another process. El archivo se ha bloqueado por: "Machly.Web (24028)" [C:\Users\PC\Downloads\Machly\Machly.Web\Machly.Web.csproj]
C:\Program Files\dotnet\sdk\9.0.304\Microsoft.Common.CurrentVersion.targets(5394,5): warning MSB3026: No se pudo copiar "C:\Users\PC\Downloads\Machly\Machly.Api\obj\Debug\net8.0\apphost.exe" en "bin\Debug\net8.0\Machly.Api.exe". Se iniciar├í el reintento 2 dentro de 1000ms. The process cannot access the file 'C:\Users\PC\Downloads\Machly\Machly.Api\bin\Debug\net8.0\Machly.Api.exe' because it is being used by another process. El archivo se ha bloqueado por: "Machly.Api (39248)" [C:\Users\PC\Downloads\Machly\Machly.Api\Machly.Api.csproj]
C:\Program Files\dotnet\sdk\9.0.304\Microsoft.Common.CurrentVersion.targets(5394,5): warning MSB3026: No se pudo copiar "C:\Users\PC\Downloads\Machly\Machly.Web\obj\Debug\net8.0\apphost.exe" en "bin\Debug\net8.0\Machly.Web.exe". Se iniciar├í el reintento 2 dentro de 1000ms. The process cannot access the file 'C:\Users\PC\Downloads\Machly\Machly.Web\bin\Debug\net8.0\Machly.Web.exe' because it is being used by another process. El archivo se ha bloqueado por: "Machly.Web (24028)" [C:\Users\PC\Downloads\Machly\Machly.Web\Machly.Web.csproj]
C:\Program Files\dotnet\sdk\9.0.304\Microsoft.Common.CurrentVersion.targets(5394,5): warning MSB3026: No se pudo copiar "C:\Users\PC\Downloads\Machly\Machly.Api\obj\Debug\net8.0\apphost.exe" en "bin\Debug\net8.0\Machly.Api.exe". Se iniciar├í el reintento 3 dentro de 1000ms. The process cannot access the file 'C:\Users\PC\Downloads\Machly\Machly.Api\bin\Debug\net8.0\Machly.Api.exe' because it is being used by another process. El archivo se ha bloqueado por: "Machly.Api (39248)" [C:\Users\PC\Downloads\Machly\Machly.Api\Machly.Api.csproj]
C:\Program Files\dotnet\sdk\9.0.304\Microsoft.Common.CurrentVersion.targets(5394,5): warning MSB3026: No se pudo copiar "C:\Users\PC\Downloads\Machly\Machly.Web\obj\Debug\net8.0\apphost.exe" en "bin\Debug\net8.0\Machly.Web.exe". Se iniciar├í el reintento 3 dentro de 1000ms. The process cannot access the file 'C:\Users\PC\Downloads\Machly\Machly.Web\bin\Debug\net8.0\Machly.Web.exe' because it is being used by another process. El archivo se ha bloqueado por: "Machly.Web (24028)" [C:\Users\PC\Downloads\Machly\Machly.Web\Machly.Web.csproj]
C:\Program Files\dotnet\sdk\9.0.304\Microsoft.Common.CurrentVersion.targets(5394,5): warning MSB3026: No se pudo copiar "C:\Users\PC\Downloads\Machly\Machly.Api\obj\Debug\net8.0\apphost.exe" en "bin\Debug\net8.0\Machly.Api.exe". Se iniciar├í el reintento 4 dentro de 1000ms. The process cannot access the file 'C:\Users\PC\Downloads\Machly\Machly.Api\bin\Debug\net8.0\Machly.Api.exe' because it is being used by another process. El archivo se ha bloqueado por: "Machly.Api (39248)" [C:\Users\PC\Downloads\Machly\Machly.Api\Machly.Api.csproj]
C:\Program Files\dotnet\sdk\9.0.304\Microsoft.Common.CurrentVersion.targets(5394,5): warning MSB3026: No se pudo copiar "C:\Users\PC\Downloads\Machly\Machly.Web\obj\Debug\net8.0\apphost.exe" en "bin\Debug\net8.0\Machly.Web.exe". Se iniciar├í el reintento 4 dentro de 1000ms. The process cannot access the file 'C:\Users\PC\Downloads\Machly\Machly.Web\bin\Debug\net8.0\Machly.Web.exe' because it is being used by another process. El archivo se ha bloqueado por: "Machly.Web (24028)" [C:\Users\PC\Downloads\Machly\Machly.Web\Machly.Web.csproj]
C:\Program Files\dotnet\sdk\9.0.304\Microsoft.Common.CurrentVersion.targets(5394,5): warning MSB3026: No se pudo copiar "C:\Users\PC\Downloads\Machly\Machly.Api\obj\Debug\net8.0\apphost.exe" en "bin\Debug\net8.0\Machly.Api.exe". Se iniciar├í el reintento 5 dentro de 1000ms. The process cannot access the file 'C:\Users\PC\Downloads\Machly\Machly.Api\bin\Debug\net8.0\Machly.Api.exe' because it is being used by another process. El archivo se ha bloqueado por: "Machly.Api (39248)" [C:\Users\PC\Downloads\Machly\Machly.Api\Machly.Api.csproj]
C:\Program Files\dotnet\sdk\9.0.304\Microsoft.Common.CurrentVersion.targets(5394,5): warning MSB3026: No se pudo copiar "C:\Users\PC\Downloads\Machly\Machly.Web\obj\Debug\net8.0\apphost.exe" en "bin\Debug\net8.0\Machly.Web.exe". Se iniciar├í el reintento 5 dentro de 1000ms. The process cannot access the file 'C:\Users\PC\Downloads\Machly\Machly.Web\bin\Debug\net8.0\Machly.Web.exe' because it is being used by another process. El archivo se ha bloqueado por: "Machly.Web (24028)" [C:\Users\PC\Downloads\Machly\Machly.Web\Machly.Web.csproj]
C:\Program Files\dotnet\sdk\9.0.304\Microsoft.Common.CurrentVersion.targets(5394,5): warning MSB3026: No se pudo copiar "C:\Users\PC\Downloads\Machly\Machly.Api\obj\Debug\net8.0\apphost.exe" en "bin\Debug\net8.0\Machly.Api.exe". Se iniciar├í el reintento 6 dentro de 1000ms. The process cannot access the file 'C:\Users\PC\Downloads\Machly\Machly.Api\bin\Debug\net8.0\Machly.Api.exe' because it is being used by another process. El archivo se ha bloqueado por: "Machly.Api (39248)" [C:\Users\PC\Downloads\Machly\Machly.Api\Machly.Api.csproj]
C:\Program Files\dotnet\sdk\9.0.304\Microsoft.Common.CurrentVersion.targets(5394,5): warning MSB3026: No se pudo copiar "C:\Users\PC\Downloads\Machly\Machly.Web\obj\Debug\net8.0\apphost.exe" en "bin\Debug\net8.0\Machly.Web.exe". Se iniciar├í el reintento 6 dentro de 1000ms. The process cannot access the file 'C:\Users\PC\Downloads\Machly\Machly.Web\bin\Debug\net8.0\Machly.Web.exe' because it is being used by another process. El archivo se ha bloqueado por: "Machly.Web (24028)" [C:\Users\PC\Downloads\Machly\Machly.Web\Machly.Web.csproj]
C:\Program Files\dotnet\sdk\9.0.304\Microsoft.Common.CurrentVersion.targets(5394,5): warning MSB3026: No se pudo copiar "C:\Users\PC\Downloads\Machly\Machly.Api\obj\Debug\net8.0\apphost.exe" en "bin\Debug\net8.0\Machly.Api.exe". Se iniciar├í el reintento 7 dentro de 1000ms. The process cannot access the file 'C:\Users\PC\Downloads\Machly\Machly.Api\bin\Debug\net8.0\Machly.Api.exe' because it is being used by another process. El archivo se ha bloqueado por: "Machly.Api (39248)" [C:\Users\PC\Downloads\Machly\Machly.Api\Machly.Api.csproj]
C:\Program Files\dotnet\sdk\9.0.304\Microsoft.Common.CurrentVersion.targets(5394,5): warning MSB3026: No se pudo copiar "C:\Users\PC\Downloads\Machly\Machly.Web\obj\Debug\net8.0\apphost.exe" en "bin\Debug\net8.0\Machly.Web.exe". Se iniciar├í el reintento 7 dentro de 1000ms. The process cannot access the file 'C:\Users\PC\Downloads\Machly\Machly.Web\bin\Debug\net8.0\Machly.Web.exe' because it is being used by another process. El archivo se ha bloqueado por: "Machly.Web (24028)" [C:\Users\PC\Downloads\Machly\Machly.Web\Machly.Web.csproj]
C:\Program Files\dotnet\sdk\9.0.304\Microsoft.Common.CurrentVersion.targets(5394,5): warning MSB3026: No se pudo copiar "C:\Users\PC\Downloads\Machly\Machly.Api\obj\Debug\net8.0\apphost.exe" en "bin\Debug\net8.0\Machly.Api.exe". Se iniciar├í el reintento 8 dentro de 1000ms. The process cannot access the file 'C:\Users\PC\Downloads\Machly\Machly.Api\bin\Debug\net8.0\Machly.Api.exe' because it is being used by another process. El archivo se ha bloqueado por: "Machly.Api (39248)" [C:\Users\PC\Downloads\Machly\Machly.Api\Machly.Api.csproj]
C:\Program Files\dotnet\sdk\9.0.304\Microsoft.Common.CurrentVersion.targets(5394,5): warning MSB3026: No se pudo copiar "C:\Users\PC\Downloads\Machly\Machly.Web\obj\Debug\net8.0\apphost.exe" en "bin\Debug\net8.0\Machly.Web.exe". Se iniciar├í el reintento 8 dentro de 1000ms. The process cannot access the file 'C:\Users\PC\Downloads\Machly\Machly.Web\bin\Debug\net8.0\Machly.Web.exe' because it is being used by another process. El archivo se ha bloqueado por: "Machly.Web (24028)" [C:\Users\PC\Downloads\Machly\Machly.Web\Machly.Web.csproj]
C:\Program Files\dotnet\sdk\9.0.304\Microsoft.Common.CurrentVersion.targets(5394,5): warning MSB3026: No se pudo copiar "C:\Users\PC\Downloads\Machly\Machly.Api\obj\Debug\net8.0\apphost.exe" en "bin\Debug\net8.0\Machly.Api.exe". Se iniciar├í el reintento 9 dentro de 1000ms. The process cannot access the file 'C:\Users\PC\Downloads\Machly\Machly.Api\bin\Debug\net8.0\Machly.Api.exe' because it is being used by another process. El archivo se ha bloqueado por: "Machly.Api (39248)" [C:\Users\PC\Downloads\Machly\Machly.Api\Machly.Api.csproj]
C:\Program Files\dotnet\sdk\9.0.304\Microsoft.Common.CurrentVersion.targets(5394,5): warning MSB3026: No se pudo copiar "C:\Users\PC\Downloads\Machly\Machly.Web\obj\Debug\net8.0\apphost.exe" en "bin\Debug\net8.0\Machly.Web.exe". Se iniciar├í el reintento 9 dentro de 1000ms. The process cannot access the file 'C:\Users\PC\Downloads\Machly\Machly.Web\bin\Debug\net8.0\Machly.Web.exe' because it is being used by another process. El archivo se ha bloqueado por: "Machly.Web (24028)" [C:\Users\PC\Downloads\Machly\Machly.Web\Machly.Web.csproj]
C:\Program Files\dotnet\sdk\9.0.304\Microsoft.Common.CurrentVersion.targets(5394,5): warning MSB3026: No se pudo copiar "C:\Users\PC\Downloads\Machly\Machly.Api\obj\Debug\net8.0\apphost.exe" en "bin\Debug\net8.0\Machly.Api.exe". Se iniciar├í el reintento 10 dentro de 1000ms. The process cannot access the file 'C:\Users\PC\Downloads\Machly\Machly.Api\bin\Debug\net8.0\Machly.Api.exe' because it is being used by another process. El archivo se ha bloqueado por: "Machly.Api (39248)" [C:\Users\PC\Downloads\Machly\Machly.Api\Machly.Api.csproj]
C:\Program Files\dotnet\sdk\9.0.304\Microsoft.Common.CurrentVersion.targets(5394,5): warning MSB3026: No se pudo copiar "C:\Users\PC\Downloads\Machly\Machly.Web\obj\Debug\net8.0\apphost.exe" en "bin\Debug\net8.0\Machly.Web.exe". Se iniciar├í el reintento 10 dentro de 1000ms. The process cannot access the file 'C:\Users\PC\Downloads\Machly\Machly.Web\bin\Debug\net8.0\Machly.Web.exe' because it is being used by another process. El archivo se ha bloqueado por: "Machly.Web (24028)" [C:\Users\PC\Downloads\Machly\Machly.Web\Machly.Web.csproj]
C:\Program Files\dotnet\sdk\9.0.304\Microsoft.Common.CurrentVersion.targets(5394,5): error MSB3027: No se pudo copiar "C:\Users\PC\Downloads\Machly\Machly.Api\obj\Debug\net8.0\apphost.exe" en "bin\Debug\net8.0\Machly.Api.exe". Se super├│ el n├║mero de 10 reintentos. Error. El archivo se ha bloqueado por: "Machly.Api (39248)" [C:\Users\PC\Downloads\Machly\Machly.Api\Machly.Api.csproj]
C:\Program Files\dotnet\sdk\9.0.304\Microsoft.Common.CurrentVersion.targets(5394,5): error MSB3021: No se puede copiar "C:\Users\PC\Downloads\Machly\Machly.Api\obj\Debug\net8.0\apphost.exe" en "bin\Debug\net8.0\Machly.Api.exe". The process cannot access the file 'C:\Users\PC\Downloads\Machly\Machly.Api\bin\Debug\net8.0\Machly.Api.exe' because it is being used by another process. [C:\Users\PC\Downloads\Machly\Machly.Api\Machly.Api.csproj]
C:\Program Files\dotnet\sdk\9.0.304\Microsoft.Common.CurrentVersion.targets(5394,5): error MSB3027: No se pudo copiar "C:\Users\PC\Downloads\Machly\Machly.Web\obj\Debug\net8.0\apphost.exe" en "bin\Debug\net8.0\Machly.Web.exe". Se super├│ el n├║mero de 10 reintentos. Error. El archivo se ha bloqueado por: "Machly.Web (24028)" [C:\Users\PC\Downloads\Machly\Machly.Web\Machly.Web.csproj]
C:\Program Files\dotnet\sdk\9.0.304\Microsoft.Common.CurrentVersion.targets(5394,5): error MSB3021: No se puede copiar "C:\Users\PC\Downloads\Machly\Machly.Web\obj\Debug\net8.0\apphost.exe" en "bin\Debug\net8.0\Machly.Web.exe". The process cannot access the file 'C:\Users\PC\Downloads\Machly\Machly.Web\bin\Debug\net8.0\Machly.Web.exe' because it is being used by another process. [C:\Users\PC\Downloads\Machly\Machly.Web\Machly.Web.csproj]

ERROR al compilar.

CSC : warning CS2008: No se especificaron archivos de c├│digo fuente. [C:\Users\PC\Downloads\Machly\Machly\Machly.csproj]
C:\Program Files\dotnet\sdk\9.0.304\Microsoft.Common.CurrentVersion.targets(5394,5): warning MSB3026: No se pudo copiar "C:\Users\PC\Downloads\Machly\Machly.Api\obj\Debug\net8.0\apphost.exe" en "bin\Debug\net8.0\Machly.Api.exe". Se iniciar├í el reintento 1 dentro de 1000ms. The process cannot access the file 'C:\Users\PC\Downloads\Machly\Machly.Api\bin\Debug\net8.0\Machly.Api.exe' because it is being used by another process. El archivo se ha bloqueado por: "Machly.Api (39248)" [C:\Users\PC\Downloads\Machly\Machly.Api\Machly.Api.csproj]
C:\Program Files\dotnet\sdk\9.0.304\Microsoft.Common.CurrentVersion.targets(5394,5): warning MSB3026: No se pudo copiar "C:\Users\PC\Downloads\Machly\Machly.Web\obj\Debug\net8.0\apphost.exe" en "bin\Debug\net8.0\Machly.Web.exe". Se iniciar├í el reintento 1 dentro de 1000ms. The process cannot access the file 'C:\Users\PC\Downloads\Machly\Machly.Web\bin\Debug\net8.0\Machly.Web.exe' because it is being used by another process. El archivo se ha bloqueado por: "Machly.Web (24028)" [C:\Users\PC\Downloads\Machly\Machly.Web\Machly.Web.csproj]
C:\Program Files\dotnet\sdk\9.0.304\Microsoft.Common.CurrentVersion.targets(5394,5): warning MSB3026: No se pudo copiar "C:\Users\PC\Downloads\Machly\Machly.Api\obj\Debug\net8.0\apphost.exe" en "bin\Debug\net8.0\Machly.Api.exe". Se iniciar├í el reintento 2 dentro de 1000ms. The process cannot access the file 'C:\Users\PC\Downloads\Machly\Machly.Api\bin\Debug\net8.0\Machly.Api.exe' because it is being used by another process. El archivo se ha bloqueado por: "Machly.Api (39248)" [C:\Users\PC\Downloads\Machly\Machly.Api\Machly.Api.csproj]
C:\Program Files\dotnet\sdk\9.0.304\Microsoft.Common.CurrentVersion.targets(5394,5): warning MSB3026: No se pudo copiar "C:\Users\PC\Downloads\Machly\Machly.Web\obj\Debug\net8.0\apphost.exe" en "bin\Debug\net8.0\Machly.Web.exe". Se iniciar├í el reintento 2 dentro de 1000ms. The process cannot access the file 'C:\Users\PC\Downloads\Machly\Machly.Web\bin\Debug\net8.0\Machly.Web.exe' because it is being used by another process. El archivo se ha bloqueado por: "Machly.Web (24028)" [C:\Users\PC\Downloads\Machly\Machly.Web\Machly.Web.csproj]
C:\Program Files\dotnet\sdk\9.0.304\Microsoft.Common.CurrentVersion.targets(5394,5): warning MSB3026: No se pudo copiar "C:\Users\PC\Downloads\Machly\Machly.Api\obj\Debug\net8.0\apphost.exe" en "bin\Debug\net8.0\Machly.Api.exe". Se iniciar├í el reintento 3 dentro de 1000ms. The process cannot access the file 'C:\Users\PC\Downloads\Machly\Machly.Api\bin\Debug\net8.0\Machly.Api.exe' because it is being used by another process. El archivo se ha bloqueado por: "Machly.Api (39248)" [C:\Users\PC\Downloads\Machly\Machly.Api\Machly.Api.csproj]
C:\Program Files\dotnet\sdk\9.0.304\Microsoft.Common.CurrentVersion.targets(5394,5): warning MSB3026: No se pudo copiar "C:\Users\PC\Downloads\Machly\Machly.Web\obj\Debug\net8.0\apphost.exe" en "bin\Debug\net8.0\Machly.Web.exe". Se iniciar├í el reintento 3 dentro de 1000ms. The process cannot access the file 'C:\Users\PC\Downloads\Machly\Machly.Web\bin\Debug\net8.0\Machly.Web.exe' because it is being used by another process. El archivo se ha bloqueado por: "Machly.Web (24028)" [C:\Users\PC\Downloads\Machly\Machly.Web\Machly.Web.csproj]
C:\Program Files\dotnet\sdk\9.0.304\Microsoft.Common.CurrentVersion.targets(5394,5): warning MSB3026: No se pudo copiar "C:\Users\PC\Downloads\Machly\Machly.Api\obj\Debug\net8.0\apphost.exe" en "bin\Debug\net8.0\Machly.Api.exe". Se iniciar├í el reintento 4 dentro de 1000ms. The process cannot access the file 'C:\Users\PC\Downloads\Machly\Machly.Api\bin\Debug\net8.0\Machly.Api.exe' because it is being used by another process. El archivo se ha bloqueado por: "Machly.Api (39248)" [C:\Users\PC\Downloads\Machly\Machly.Api\Machly.Api.csproj]
C:\Program Files\dotnet\sdk\9.0.304\Microsoft.Common.CurrentVersion.targets(5394,5): warning MSB3026: No se pudo copiar "C:\Users\PC\Downloads\Machly\Machly.Web\obj\Debug\net8.0\apphost.exe" en "bin\Debug\net8.0\Machly.Web.exe". Se iniciar├í el reintento 4 dentro de 1000ms. The process cannot access the file 'C:\Users\PC\Downloads\Machly\Machly.Web\bin\Debug\net8.0\Machly.Web.exe' because it is being used by another process. El archivo se ha bloqueado por: "Machly.Web (24028)" [C:\Users\PC\Downloads\Machly\Machly.Web\Machly.Web.csproj]
C:\Program Files\dotnet\sdk\9.0.304\Microsoft.Common.CurrentVersion.targets(5394,5): warning MSB3026: No se pudo copiar "C:\Users\PC\Downloads\Machly\Machly.Api\obj\Debug\net8.0\apphost.exe" en "bin\Debug\net8.0\Machly.Api.exe". Se iniciar├í el reintento 5 dentro de 1000ms. The process cannot access the file 'C:\Users\PC\Downloads\Machly\Machly.Api\bin\Debug\net8.0\Machly.Api.exe' because it is being used by another process. El archivo se ha bloqueado por: "Machly.Api (39248)" [C:\Users\PC\Downloads\Machly\Machly.Api\Machly.Api.csproj]
C:\Program Files\dotnet\sdk\9.0.304\Microsoft.Common.CurrentVersion.targets(5394,5): warning MSB3026: No se pudo copiar "C:\Users\PC\Downloads\Machly\Machly.Web\obj\Debug\net8.0\apphost.exe" en "bin\Debug\net8.0\Machly.Web.exe". Se iniciar├í el reintento 5 dentro de 1000ms. The process cannot access the file 'C:\Users\PC\Downloads\Machly\Machly.Web\bin\Debug\net8.0\Machly.Web.exe' because it is being used by another process. El archivo se ha bloqueado por: "Machly.Web (24028)" [C:\Users\PC\Downloads\Machly\Machly.Web\Machly.Web.csproj]
C:\Program Files\dotnet\sdk\9.0.304\Microsoft.Common.CurrentVersion.targets(5394,5): warning MSB3026: No se pudo copiar "C:\Users\PC\Downloads\Machly\Machly.Api\obj\Debug\net8.0\apphost.exe" en "bin\Debug\net8.0\Machly.Api.exe". Se iniciar├í el reintento 6 dentro de 1000ms. The process cannot access the file 'C:\Users\PC\Downloads\Machly\Machly.Api\bin\Debug\net8.0\Machly.Api.exe' because it is being used by another process. El archivo se ha bloqueado por: "Machly.Api (39248)" [C:\Users\PC\Downloads\Machly\Machly.Api\Machly.Api.csproj]
C:\Program Files\dotnet\sdk\9.0.304\Microsoft.Common.CurrentVersion.targets(5394,5): warning MSB3026: No se pudo copiar "C:\Users\PC\Downloads\Machly\Machly.Web\obj\Debug\net8.0\apphost.exe" en "bin\Debug\net8.0\Machly.Web.exe". Se iniciar├í el reintento 6 dentro de 1000ms. The process cannot access the file 'C:\Users\PC\Downloads\Machly\Machly.Web\bin\Debug\net8.0\Machly.Web.exe' because it is being used by another process. El archivo se ha bloqueado por: "Machly.Web (24028)" [C:\Users\PC\Downloads\Machly\Machly.Web\Machly.Web.csproj]
C:\Program Files\dotnet\sdk\9.0.304\Microsoft.Common.CurrentVersion.targets(5394,5): warning MSB3026: No se pudo copiar "C:\Users\PC\Downloads\Machly\Machly.Api\obj\Debug\net8.0\apphost.exe" en "bin\Debug\net8.0\Machly.Api.exe". Se iniciar├í el reintento 7 dentro de 1000ms. The process cannot access the file 'C:\Users\PC\Downloads\Machly\Machly.Api\bin\Debug\net8.0\Machly.Api.exe' because it is being used by another process. El archivo se ha bloqueado por: "Machly.Api (39248)" [C:\Users\PC\Downloads\Machly\Machly.Api\Machly.Api.csproj]
C:\Program Files\dotnet\sdk\9.0.304\Microsoft.Common.CurrentVersion.targets(5394,5): warning MSB3026: No se pudo copiar "C:\Users\PC\Downloads\Machly\Machly.Web\obj\Debug\net8.0\apphost.exe" en "bin\Debug\net8.0\Machly.Web.exe". Se iniciar├í el reintento 7 dentro de 1000ms. The process cannot access the file 'C:\Users\PC\Downloads\Machly\Machly.Web\bin\Debug\net8.0\Machly.Web.exe' because it is being used by another process. El archivo se ha bloqueado por: "Machly.Web (24028)" [C:\Users\PC\Downloads\Machly\Machly.Web\Machly.Web.csproj]
C:\Program Files\dotnet\sdk\9.0.304\Microsoft.Common.CurrentVersion.targets(5394,5): warning MSB3026: No se pudo copiar "C:\Users\PC\Downloads\Machly\Machly.Api\obj\Debug\net8.0\apphost.exe" en "bin\Debug\net8.0\Machly.Api.exe". Se iniciar├í el reintento 8 dentro de 1000ms. The process cannot access the file 'C:\Users\PC\Downloads\Machly\Machly.Api\bin\Debug\net8.0\Machly.Api.exe' because it is being used by another process. El archivo se ha bloqueado por: "Machly.Api (39248)" [C:\Users\PC\Downloads\Machly\Machly.Api\Machly.Api.csproj]
C:\Program Files\dotnet\sdk\9.0.304\Microsoft.Common.CurrentVersion.targets(5394,5): warning MSB3026: No se pudo copiar "C:\Users\PC\Downloads\Machly\Machly.Web\obj\Debug\net8.0\apphost.exe" en "bin\Debug\net8.0\Machly.Web.exe". Se iniciar├í el reintento 8 dentro de 1000ms. The process cannot access the file 'C:\Users\PC\Downloads\Machly\Machly.Web\bin\Debug\net8.0\Machly.Web.exe' because it is being used by another process. El archivo se ha bloqueado por: "Machly.Web (24028)" [C:\Users\PC\Downloads\Machly\Machly.Web\Machly.Web.csproj]
C:\Program Files\dotnet\sdk\9.0.304\Microsoft.Common.CurrentVersion.targets(5394,5): warning MSB3026: No se pudo copiar "C:\Users\PC\Downloads\Machly\Machly.Api\obj\Debug\net8.0\apphost.exe" en "bin\Debug\net8.0\Machly.Api.exe". Se iniciar├í el reintento 9 dentro de 1000ms. The process cannot access the file 'C:\Users\PC\Downloads\Machly\Machly.Api\bin\Debug\net8.0\Machly.Api.exe' because it is being used by another process. El archivo se ha bloqueado por: "Machly.Api (39248)" [C:\Users\PC\Downloads\Machly\Machly.Api\Machly.Api.csproj]
C:\Program Files\dotnet\sdk\9.0.304\Microsoft.Common.CurrentVersion.targets(5394,5): warning MSB3026: No se pudo copiar "C:\Users\PC\Downloads\Machly\Machly.Web\obj\Debug\net8.0\apphost.exe" en "bin\Debug\net8.0\Machly.Web.exe". Se iniciar├í el reintento 9 dentro de 1000ms. The process cannot access the file 'C:\Users\PC\Downloads\Machly\Machly.Web\bin\Debug\net8.0\Machly.Web.exe' because it is being used by another process. El archivo se ha bloqueado por: "Machly.Web (24028)" [C:\Users\PC\Downloads\Machly\Machly.Web\Machly.Web.csproj]
C:\Program Files\dotnet\sdk\9.0.304\Microsoft.Common.CurrentVersion.targets(5394,5): warning MSB3026: No se pudo copiar "C:\Users\PC\Downloads\Machly\Machly.Api\obj\Debug\net8.0\apphost.exe" en "bin\Debug\net8.0\Machly.Api.exe". Se iniciar├í el reintento 10 dentro de 1000ms. The process cannot access the file 'C:\Users\PC\Downloads\Machly\Machly.Api\bin\Debug\net8.0\Machly.Api.exe' because it is being used by another process. El archivo se ha bloqueado por: "Machly.Api (39248)" [C:\Users\PC\Downloads\Machly\Machly.Api\Machly.Api.csproj]
C:\Program Files\dotnet\sdk\9.0.304\Microsoft.Common.CurrentVersion.targets(5394,5): warning MSB3026: No se pudo copiar "C:\Users\PC\Downloads\Machly\Machly.Web\obj\Debug\net8.0\apphost.exe" en "bin\Debug\net8.0\Machly.Web.exe". Se iniciar├í el reintento 10 dentro de 1000ms. The process cannot access the file 'C:\Users\PC\Downloads\Machly\Machly.Web\bin\Debug\net8.0\Machly.Web.exe' because it is being used by another process. El archivo se ha bloqueado por: "Machly.Web (24028)" [C:\Users\PC\Downloads\Machly\Machly.Web\Machly.Web.csproj]
CSC : error CS5001: El programa no contiene ning├║n m├®todo 'Main' est├ítico adecuado para un punto de entrada [C:\Users\PC\Downloads\Machly\Machly\Machly.csproj]
C:\Program Files\dotnet\sdk\9.0.304\Microsoft.Common.CurrentVersion.targets(5394,5): error MSB3027: No se pudo copiar "C:\Users\PC\Downloads\Machly\Machly.Api\obj\Debug\net8.0\apphost.exe" en "bin\Debug\net8.0\Machly.Api.exe". Se super├│ el n├║mero de 10 reintentos. Error. El archivo se ha bloqueado por: "Machly.Api (39248)" [C:\Users\PC\Downloads\Machly\Machly.Api\Machly.Api.csproj]
C:\Program Files\dotnet\sdk\9.0.304\Microsoft.Common.CurrentVersion.targets(5394,5): error MSB3021: No se puede copiar "C:\Users\PC\Downloads\Machly\Machly.Api\obj\Debug\net8.0\apphost.exe" en "bin\Debug\net8.0\Machly.Api.exe". The process cannot access the file 'C:\Users\PC\Downloads\Machly\Machly.Api\bin\Debug\net8.0\Machly.Api.exe' because it is being used by another process. [C:\Users\PC\Downloads\Machly\Machly.Api\Machly.Api.csproj]
C:\Program Files\dotnet\sdk\9.0.304\Microsoft.Common.CurrentVersion.targets(5394,5): error MSB3027: No se pudo copiar "C:\Users\PC\Downloads\Machly\Machly.Web\obj\Debug\net8.0\apphost.exe" en "bin\Debug\net8.0\Machly.Web.exe". Se super├│ el n├║mero de 10 reintentos. Error. El archivo se ha bloqueado por: "Machly.Web (24028)" [C:\Users\PC\Downloads\Machly\Machly.Web\Machly.Web.csproj]
C:\Program Files\dotnet\sdk\9.0.304\Microsoft.Common.CurrentVersion.targets(5394,5): error MSB3021: No se puede copiar "C:\Users\PC\Downloads\Machly\Machly.Web\obj\Debug\net8.0\apphost.exe" en "bin\Debug\net8.0\Machly.Web.exe". The process cannot access the file 'C:\Users\PC\Downloads\Machly\Machly.Web\bin\Debug\net8.0\Machly.Web.exe' because it is being used by another process. [C:\Users\PC\Downloads\Machly\Machly.Web\Machly.Web.csproj]
    21 Advertencia(s)
    5 Errores

Tiempo transcurrido 00:00:12.75

Hay actualizaciones de carga de trabajo disponibles. Ejecute "dotnet workload list" para obtener m├ís informaci├│n.
