Compilaci├│n iniciada a las 27/11/2025 4:07:20.
     0>No se us├│ el terminal de Logger porque la salida se est├í redirigiendo a un archivo.
       Proceso: "C:\Program Files\dotnet\dotnet.exe"
       Ruta de acceso al ejecutable de MSBuild: "C:\Program Files\dotnet\sdk\9.0.304\MSBuild.dll"
       Argumentos de la l├¡nea de comandos: "C:\Program Files\dotnet\sdk\9.0.304\MSBuild.dll -maxcpucount -verbosity:m -tlp:default=auto -nologo -restore -consoleloggerparameters:Summary -property:Configuration=Debug -verbosity:detailed Machly.Api/Machly.Api.csproj -distributedlogger:Microsoft.DotNet.Tools.MSBuild.MSBuildLogger,C:\Program Files\dotnet\sdk\9.0.304\dotnet.dll*Microsoft.DotNet.Tools.MSBuild.MSBuildForwardingLogger,C:\Program Files\dotnet\sdk\9.0.304\dotnet.dll"
       Directorio actual: "C:\Users\PC\Downloads\Machly"
       Versi├│n de MSBuild: "17.14.16+5d8159c5f"
       De acuerdo con la clave del Registro de Windows LongPathsEnabled, la caracter├¡stica LongPaths est├í deshabilitada.
       Seg├║n la clave del Registro de Windows VerifiedAndReputablePolicyState, estado SAC = 0: desactivado.
       El SDK "Microsoft.NET.Sdk.Web" se resolvi├│ correctamente mediante el resolvedor "DefaultSdkResolver" a la ubicaci├│n "C:\Program Files\dotnet\sdk\9.0.304\Sdks\Microsoft.NET.Sdk.Web\Sdk" y la versi├│n "".
       Ensamblado cargado durante Evaluation: NuGet.Frameworks, Version=6.14.0.116, Culture=neutral, PublicKeyToken=31bf3856ad364e35(ubicaci├│n: C:\Program Files\dotnet\sdk\9.0.304\NuGet.Frameworks.dll, MVID: 6b5909cd-5145-46c4-9595-25461e82c126, AssemblyLoadContext: Assembly.LoadFile(C:\Program Files\dotnet\sdk\9.0.304\NuGet.Frameworks.dll))
       El SDK "Microsoft.NET.Sdk" se resolvi├│ correctamente mediante el resolvedor "DefaultSdkResolver" a la ubicaci├│n "C:\Program Files\dotnet\sdk\9.0.304\Sdks\Microsoft.NET.Sdk\Sdk" y la versi├│n "".
       C:\Program Files\dotnet\sdk\9.0.304\Sdks\Microsoft.NET.Sdk\Sdk\Sdk.props(49,11): message : Propiedad "MSBuildExtensionsPath" con el valor "C:\Program Files\dotnet\sdk\9.0.304\" expandido desde el entorno.
       C:\Program Files\dotnet\sdk\9.0.304\Current\Microsoft.Common.props(60,5): message : Reasignaci├│n de propiedad: $(MSBuildProjectExtensionsPath)="C:\Users\PC\Downloads\Machly\Machly.Api\obj\" (valor anterior: "obj\") en C:\Program Files\dotnet\sdk\9.0.304\Current\Microsoft.Common.props (60,5)
       C:\Program Files\dotnet\sdk\9.0.304\Current\Microsoft.Common.props(84,119): message : Propiedad "MSBuildUserExtensionsPath" con el valor "C:\Users\PC\AppData\Local\Microsoft\MSBuild" expandido desde el entorno.
       La propiedad "Configuration" es global y no se puede modificar.
       La propiedad "Configuration" es global y no se puede modificar.
       C:\Program Files\dotnet\sdk\9.0.304\Sdks\Microsoft.NET.Sdk\targets\Microsoft.NET.Sdk.props(90,5): message : Reasignaci├│n de propiedad: $(AssemblySearchPaths)="{CandidateAssemblyFiles};{HintPathFromItem}" (valor anterior: "{CandidateAssemblyFiles}") en C:\Program Files\dotnet\sdk\9.0.304\Sdks\Microsoft.NET.Sdk\targets\Microsoft.NET.Sdk.props (90,5)
       C:\Program Files\dotnet\sdk\9.0.304\Sdks\Microsoft.NET.Sdk\targets\Microsoft.NET.Sdk.props(91,5): message : Reasignaci├│n de propiedad: $(AssemblySearchPaths)="{CandidateAssemblyFiles};{HintPathFromItem};{TargetFrameworkDirectory}" (valor anterior: "{CandidateAssemblyFiles};{HintPathFromItem}") en C:\Program Files\dotnet\sdk\9.0.304\Sdks\Microsoft.NET.Sdk\targets\Microsoft.NET.Sdk.props (91,5)
       C:\Program Files\dotnet\sdk\9.0.304\Sdks\Microsoft.NET.Sdk\targets\Microsoft.NET.Sdk.props(92,5): message : Reasignaci├│n de propiedad: $(AssemblySearchPaths)="{CandidateAssemblyFiles};{HintPathFromItem};{TargetFrameworkDirectory};{RawFileName}" (valor anterior: "{CandidateAssemblyFiles};{HintPathFromItem};{TargetFrameworkDirectory}") en C:\Program Files\dotnet\sdk\9.0.304\Sdks\Microsoft.NET.Sdk\targets\Microsoft.NET.Sdk.props (92,5)
       El solucionador "DefaultSdkResolver" intent├│ resolver el SDK "Microsoft.NET.SDK.WorkloadAutoImportPropsLocator".
       Advertencias: null
       Errores: MSB4276: La resoluci├│n predeterminada del SDK no pudo resolver el SDK "Microsoft.NET.SDK.WorkloadAutoImportPropsLocator" porque el directorio "C:\Program Files\dotnet\sdk\9.0.304\Sdks\Microsoft.NET.SDK.WorkloadAutoImportPropsLocator\Sdk" no exist├¡a.
       Ensamblado cargado durante Evaluation: Microsoft.Build.NuGetSdkResolver, Version=6.14.0.116, Culture=neutral, PublicKeyToken=31bf3856ad364e35(ubicaci├│n: C:\Program Files\dotnet\sdk\9.0.304\Microsoft.Build.NuGetSdkResolver.dll, MVID: ee5cca45-a90e-417e-aaf7-f0e96f222226, AssemblyLoadContext: MSBuild plugin C:\Program Files\dotnet\sdk\9.0.304\Microsoft.Build.NuGetSdkResolver.dll)
       Ensamblado cargado durante Evaluation: System.Reflection.Metadata, Version=9.0.0.0, Culture=neutral, PublicKeyToken=b03f5f7f11d50a3a(ubicaci├│n: C:\Program Files\dotnet\shared\Microsoft.NETCore.App\9.0.8\System.Reflection.Metadata.dll, MVID: dbaf5a55-ca96-423e-a0a5-854421f927b8, AssemblyLoadContext: Default)
       Ensamblado cargado durante Evaluation: NuGet.Common, Version=6.14.0.116, Culture=neutral, PublicKeyToken=31bf3856ad364e35(ubicaci├│n: C:\Program Files\dotnet\sdk\9.0.304\NuGet.Common.dll, MVID: 0fbb79ae-e358-4591-bc91-e34371a3d05b, AssemblyLoadContext: MSBuild plugin C:\Program Files\dotnet\sdk\9.0.304\Microsoft.Build.NuGetSdkResolver.dll)
       Ensamblado cargado durante Evaluation: Microsoft.NET.Sdk.WorkloadMSBuildSdkResolver, Version=9.0.304.0, Culture=neutral, PublicKeyToken=31bf3856ad364e35(ubicaci├│n: C:\Program Files\dotnet\sdk\9.0.304\Microsoft.NET.Sdk.WorkloadMSBuildSdkResolver.dll, MVID: dfdd5c1a-5060-4680-9639-77b3556ef1bf, AssemblyLoadContext: MSBuild plugin C:\Program Files\dotnet\sdk\9.0.304\Microsoft.NET.Sdk.WorkloadMSBuildSdkResolver.dll)
       Ensamblado cargado durante Evaluation: Microsoft.DotNet.Cli.Utils, Version=9.0.304.0, Culture=neutral, PublicKeyToken=adb9793829ddae60(ubicaci├│n: C:\Program Files\dotnet\sdk\9.0.304\Microsoft.DotNet.Cli.Utils.dll, MVID: 5071ae22-7291-48bf-8ac1-4379ce6129aa, AssemblyLoadContext: MSBuild plugin C:\Program Files\dotnet\sdk\9.0.304\Microsoft.NET.Sdk.WorkloadMSBuildSdkResolver.dll)
       Ensamblado cargado durante Evaluation: Microsoft.NET.Sdk.WorkloadManifestReader, Version=9.0.304.0, Culture=neutral, PublicKeyToken=adb9793829ddae60(ubicaci├│n: C:\Program Files\dotnet\sdk\9.0.304\Microsoft.NET.Sdk.WorkloadManifestReader.dll, MVID: 6795db4c-5bdb-415d-8726-5b9c311aabae, AssemblyLoadContext: MSBuild plugin C:\Program Files\dotnet\sdk\9.0.304\Microsoft.NET.Sdk.WorkloadMSBuildSdkResolver.dll)
       Ensamblado cargado durante Evaluation: Microsoft.Deployment.DotNet.Releases, Version=2.0.0.0, Culture=neutral, PublicKeyToken=31bf3856ad364e35(ubicaci├│n: C:\Program Files\dotnet\sdk\9.0.304\Microsoft.Deployment.DotNet.Releases.dll, MVID: 400d16c0-099c-46d2-bc0e-802a0637399b, AssemblyLoadContext: MSBuild plugin C:\Program Files\dotnet\sdk\9.0.304\Microsoft.NET.Sdk.WorkloadMSBuildSdkResolver.dll)
       El SDK "Microsoft.NET.SDK.WorkloadAutoImportPropsLocator" se resolvi├│ correctamente mediante el resolvedor "Microsoft.DotNet.MSBuildWorkloadSdkResolver" a la ubicaci├│n "C:\Program Files\dotnet\packs\Microsoft.Android.Sdk.Windows\35.0.78\Sdk" y la versi├│n "null".
       C:\Program Files\dotnet\sdk\9.0.304\Sdks\Microsoft.NET.Sdk\targets\Microsoft.NET.PackProjectTool.props(15,5): message : Reasignaci├│n de propiedad: $(TargetsForTfmSpecificContentInPackage)=";PackTool;_PackProjectToolValidation" (valor anterior: ";PackTool") en C:\Program Files\dotnet\sdk\9.0.304\Sdks\Microsoft.NET.Sdk\targets\Microsoft.NET.PackProjectTool.props (15,5)
       El SDK "Microsoft.NET.Sdk.Razor" se resolvi├│ correctamente mediante el resolvedor "DefaultSdkResolver" a la ubicaci├│n "C:\Program Files\dotnet\sdk\9.0.304\Sdks\Microsoft.NET.Sdk.Razor\Sdk" y la versi├│n "".
       El SDK "Microsoft.NET.Sdk.StaticWebAssets" se resolvi├│ correctamente mediante el resolvedor "DefaultSdkResolver" a la ubicaci├│n "C:\Program Files\dotnet\sdk\9.0.304\Sdks\Microsoft.NET.Sdk.StaticWebAssets\Sdk" y la versi├│n "".
       C:\Program Files\dotnet\sdk\9.0.304\Sdks\Microsoft.NET.Sdk.StaticWebAssets\Sdk\Sdk.StaticWebAssets.StaticAssets.ProjectSystem.props(23,5): message : Reasignaci├│n de propiedad: $(DefaultItemExcludes)=";**\node_modules\**;node_modules\**;**\jspm_packages\**;jspm_packages\**" (valor anterior: ";**\node_modules\**;node_modules\**") en C:\Program Files\dotnet\sdk\9.0.304\Sdks\Microsoft.NET.Sdk.StaticWebAssets\Sdk\Sdk.StaticWebAssets.StaticAssets.ProjectSystem.props (23,5)
       C:\Program Files\dotnet\sdk\9.0.304\Sdks\Microsoft.NET.Sdk.StaticWebAssets\Sdk\Sdk.StaticWebAssets.StaticAssets.ProjectSystem.props(24,5): message : Reasignaci├│n de propiedad: $(DefaultItemExcludes)=";**\node_modules\**;node_modules\**;**\jspm_packages\**;jspm_packages\**;**\bower_components\**;bower_components\**" (valor anterior: ";**\node_modules\**;node_modules\**;**\jspm_packages\**;jspm_packages\**") en C:\Program Files\dotnet\sdk\9.0.304\Sdks\Microsoft.NET.Sdk.StaticWebAssets\Sdk\Sdk.StaticWebAssets.StaticAssets.ProjectSystem.props (24,5)
       C:\Program Files\dotnet\sdk\9.0.304\Sdks\Microsoft.NET.Sdk.StaticWebAssets\Sdk\Sdk.StaticWebAssets.StaticAssets.ProjectSystem.props(25,5): message : Reasignaci├│n de propiedad: $(DefaultItemExcludes)=";**\node_modules\**;node_modules\**;**\jspm_packages\**;jspm_packages\**;**\bower_components\**;bower_components\**;**\packages.lock.json" (valor anterior: ";**\node_modules\**;node_modules\**;**\jspm_packages\**;jspm_packages\**;**\bower_components\**;bower_components\**") en C:\Program Files\dotnet\sdk\9.0.304\Sdks\Microsoft.NET.Sdk.StaticWebAssets\Sdk\Sdk.StaticWebAssets.StaticAssets.ProjectSystem.props (25,5)
       El SDK "Microsoft.NET.Sdk.Web.ProjectSystem" se resolvi├│ correctamente mediante el resolvedor "DefaultSdkResolver" a la ubicaci├│n "C:\Program Files\dotnet\sdk\9.0.304\Sdks\Microsoft.NET.Sdk.Web.ProjectSystem\Sdk" y la versi├│n "".
       C:\Program Files\dotnet\sdk\9.0.304\Sdks\Microsoft.NET.Sdk.Web.ProjectSystem\targets\Microsoft.NET.Sdk.Web.ProjectSystem.props(16,5): message : Reasignaci├│n de propiedad: $(OutputType)="Exe" (valor anterior: "Library") en C:\Program Files\dotnet\sdk\9.0.304\Sdks\Microsoft.NET.Sdk.Web.ProjectSystem\targets\Microsoft.NET.Sdk.Web.ProjectSystem.props (16,5)
       El SDK "Microsoft.NET.Sdk.Publish" se resolvi├│ correctamente mediante el resolvedor "DefaultSdkResolver" a la ubicaci├│n "C:\Program Files\dotnet\sdk\9.0.304\Sdks\Microsoft.NET.Sdk.Publish\Sdk" y la versi├│n "".
       La propiedad "Configuration" es global y no se puede modificar.
       C:\Program Files\dotnet\sdk\9.0.304\Sdks\Microsoft.NET.Sdk\targets\Microsoft.NET.Sdk.ImportPublishProfile.targets(28,5): message : Reasignaci├│n de propiedad: $(PublishProfileImported)="false" (valor anterior: "true") en C:\Program Files\dotnet\sdk\9.0.304\Sdks\Microsoft.NET.Sdk\targets\Microsoft.NET.Sdk.ImportPublishProfile.targets (28,5)
       C:\Program Files\dotnet\sdk\9.0.304\Sdks\Microsoft.NET.Sdk\targets\Microsoft.NET.TargetFrameworkInference.targets(69,5): message : Reasignaci├│n de propiedad: $(TargetPlatformVersion)="" (valor anterior: "0.0") en C:\Program Files\dotnet\sdk\9.0.304\Sdks\Microsoft.NET.Sdk\targets\Microsoft.NET.TargetFrameworkInference.targets (69,5)
       C:\Program Files\dotnet\sdk\9.0.304\Sdks\Microsoft.NET.Sdk\targets\Microsoft.NET.DefaultOutputPaths.targets(121,5): message : Reasignaci├│n de propiedad: $(DefaultItemExcludes)=";**\node_modules\**;node_modules\**;**\jspm_packages\**;jspm_packages\**;**\bower_components\**;bower_components\**;**\packages.lock.json;bin\Debug\/**" (valor anterior: ";**\node_modules\**;node_modules\**;**\jspm_packages\**;jspm_packages\**;**\bower_components\**;bower_components\**;**\packages.lock.json") en C:\Program Files\dotnet\sdk\9.0.304\Sdks\Microsoft.NET.Sdk\targets\Microsoft.NET.DefaultOutputPaths.targets (121,5)
       C:\Program Files\dotnet\sdk\9.0.304\Sdks\Microsoft.NET.Sdk\targets\Microsoft.NET.DefaultOutputPaths.targets(122,5): message : Reasignaci├│n de propiedad: $(DefaultItemExcludes)=";**\node_modules\**;node_modules\**;**\jspm_packages\**;jspm_packages\**;**\bower_components\**;bower_components\**;**\packages.lock.json;bin\Debug\/**;obj\Debug\/**" (valor anterior: ";**\node_modules\**;node_modules\**;**\jspm_packages\**;jspm_packages\**;**\bower_components\**;bower_components\**;**\packages.lock.json;bin\Debug\/**") en C:\Program Files\dotnet\sdk\9.0.304\Sdks\Microsoft.NET.Sdk\targets\Microsoft.NET.DefaultOutputPaths.targets (122,5)
       C:\Program Files\dotnet\sdk\9.0.304\Sdks\Microsoft.NET.Sdk\targets\Microsoft.NET.DefaultOutputPaths.targets(137,5): message : Reasignaci├│n de propiedad: $(OutputPath)="bin\Debug\net8.0\" (valor anterior: "bin\Debug\") en C:\Program Files\dotnet\sdk\9.0.304\Sdks\Microsoft.NET.Sdk\targets\Microsoft.NET.DefaultOutputPaths.targets (137,5)
       C:\Program Files\dotnet\sdk\9.0.304\Sdks\Microsoft.NET.Sdk\targets\Microsoft.NET.DefaultOutputPaths.targets(142,5): message : Reasignaci├│n de propiedad: $(IntermediateOutputPath)="obj\Debug\net8.0\" (valor anterior: "obj\Debug\") en C:\Program Files\dotnet\sdk\9.0.304\Sdks\Microsoft.NET.Sdk\targets\Microsoft.NET.DefaultOutputPaths.targets (142,5)
       El solucionador "DefaultSdkResolver" intent├│ resolver el SDK "Microsoft.NET.SDK.WorkloadManifestTargetsLocator".
       Advertencias: null
       Errores: MSB4276: La resoluci├│n predeterminada del SDK no pudo resolver el SDK "Microsoft.NET.SDK.WorkloadManifestTargetsLocator" porque el directorio "C:\Program Files\dotnet\sdk\9.0.304\Sdks\Microsoft.NET.SDK.WorkloadManifestTargetsLocator\Sdk" no exist├¡a.
       El SDK "Microsoft.NET.SDK.WorkloadManifestTargetsLocator" se resolvi├│ correctamente mediante el resolvedor "Microsoft.DotNet.MSBuildWorkloadSdkResolver" a la ubicaci├│n "C:\Program Files\dotnet\sdk-manifests\9.0.100\microsoft.net.sdk.android\35.0.78" y la versi├│n "null".
       C:\Program Files\dotnet\sdk\9.0.304\Sdks\Microsoft.NET.Sdk\targets\Microsoft.NET.Sdk.BeforeCommon.targets(187,5): message : Reasignaci├│n de propiedad: $(_FrameworkIdentifierForImplicitDefine)="NET" (valor anterior: "NETCOREAPP") en C:\Program Files\dotnet\sdk\9.0.304\Sdks\Microsoft.NET.Sdk\targets\Microsoft.NET.Sdk.BeforeCommon.targets (187,5)
       C:\Program Files\dotnet\sdk\9.0.304\Sdks\Microsoft.NET.Sdk\targets\Microsoft.NET.Sdk.BeforeCommon.targets(192,5): message : Reasignaci├│n de propiedad: $(_FrameworkVersionForImplicitDefine)="8_0" (valor anterior: "8.0") en C:\Program Files\dotnet\sdk\9.0.304\Sdks\Microsoft.NET.Sdk\targets\Microsoft.NET.Sdk.BeforeCommon.targets (192,5)
       C:\Program Files\dotnet\sdk\9.0.304\Roslyn\Microsoft.CSharp.Core.targets(200,5): message : Reasignaci├│n de propiedad: $(CommandLineArgsForDesignTimeEvaluation)="-langversion:12.0 -define:TRACE" (valor anterior: "-langversion:12.0") en C:\Program Files\dotnet\sdk\9.0.304\Roslyn\Microsoft.CSharp.Core.targets (200,5)
       Ensamblado cargado durante Evaluation: Microsoft.Build.Utilities.Core, Version=15.1.0.0, Culture=neutral, PublicKeyToken=b03f5f7f11d50a3a(ubicaci├│n: C:\Program Files\dotnet\sdk\9.0.304\Microsoft.Build.Utilities.Core.dll, MVID: a80e9bbc-a6fa-45e5-829b-e8cef913666f, AssemblyLoadContext: Default)
       La propiedad "Configuration" es global y no se puede modificar.
       C:\Program Files\dotnet\sdk\9.0.304\Microsoft.Common.CurrentVersion.targets(175,5): message : Reasignaci├│n de propiedad: $(_DebugSymbolsProduced)="true" (valor anterior: "false") en C:\Program Files\dotnet\sdk\9.0.304\Microsoft.Common.CurrentVersion.targets (175,5)
       C:\Program Files\dotnet\sdk\9.0.304\Microsoft.Common.CurrentVersion.targets(185,5): message : Reasignaci├│n de propiedad: $(_DocumentationFileProduced)="false" (valor anterior: "true") en C:\Program Files\dotnet\sdk\9.0.304\Microsoft.Common.CurrentVersion.targets (185,5)
       C:\Program Files\dotnet\sdk\9.0.304\Microsoft.Common.CurrentVersion.targets(393,5): message : Reasignaci├│n de propiedad: $(MSBuildCopyMarkerName)="Machly.Api.csproj.Up2Date" (valor anterior: "Machly.Api.csproj") en C:\Program Files\dotnet\sdk\9.0.304\Microsoft.Common.CurrentVersion.targets (393,5)
       C:\Program Files\dotnet\sdk\9.0.304\Microsoft.Common.CurrentVersion.targets(541,5): message : Reasignaci├│n de propiedad: $(ProcessorArchitecture)="msil" (valor anterior: "") en C:\Program Files\dotnet\sdk\9.0.304\Microsoft.Common.CurrentVersion.targets (541,5)
       C:\Program Files\dotnet\sdk\9.0.304\Microsoft.Common.CurrentVersion.targets(580,5): message : Reasignaci├│n de propiedad: $(DelaySign)="" (valor anterior: "false") en C:\Program Files\dotnet\sdk\9.0.304\Microsoft.Common.CurrentVersion.targets (580,5)
       C:\Program Files\dotnet\sdk\9.0.304\Microsoft.Common.CurrentVersion.targets(2619,5): message : Propiedad "LOCALAPPDATA" con el valor "C:\Users\PC\AppData\Local" expandido desde el entorno.
       C:\Program Files\dotnet\sdk\9.0.304\Microsoft.Common.CurrentVersion.targets(3947,5): message : Reasignaci├│n de propiedad: $(_SGenGenerateSerializationAssembliesConfig)="Auto" (valor anterior: "") en C:\Program Files\dotnet\sdk\9.0.304\Microsoft.Common.CurrentVersion.targets (3947,5)
       C:\Program Files\dotnet\sdk\9.0.304\Microsoft.Common.CurrentVersion.targets(3948,5): message : Reasignaci├│n de propiedad: $(_SGenGenerateSerializationAssembliesConfig)="Off" (valor anterior: "Auto") en C:\Program Files\dotnet\sdk\9.0.304\Microsoft.Common.CurrentVersion.targets (3948,5)
       C:\Program Files\dotnet\sdk\9.0.304\Microsoft.Common.CurrentVersion.targets(5159,5): message : Reasignaci├│n de propiedad: $(_TargetsThatPrepareProjectReferences)="
       C:\Program Files\dotnet\sdk\9.0.304\Microsoft.Common.CurrentVersion.targets(5159,5): message :       AssignProjectConfiguration;
       C:\Program Files\dotnet\sdk\9.0.304\Microsoft.Common.CurrentVersion.targets(5159,5): message :       _SplitProjectReferencesByFileExistence
       C:\Program Files\dotnet\sdk\9.0.304\Microsoft.Common.CurrentVersion.targets(5159,5): message :     " (valor anterior: "_SplitProjectReferencesByFileExistence") en C:\Program Files\dotnet\sdk\9.0.304\Microsoft.Common.CurrentVersion.targets (5159,5)
       C:\Program Files\dotnet\sdk\9.0.304\Microsoft.Common.CurrentVersion.targets(6954,5): message : Propiedad "MSBuildExtensionsPath32" con el valor "C:\Program Files\dotnet\sdk\9.0.304" expandido desde el entorno.
       Ensamblado cargado durante Evaluation: System.Threading.Tasks.Parallel, Version=9.0.0.0, Culture=neutral, PublicKeyToken=b03f5f7f11d50a3a(ubicaci├│n: C:\Program Files\dotnet\shared\Microsoft.NETCore.App\9.0.8\System.Threading.Tasks.Parallel.dll, MVID: 1af4dee5-e6e2-41b4-8956-d0888b6207d0, AssemblyLoadContext: Default)
       C:\Program Files\dotnet\sdk\9.0.304\Sdks\Microsoft.NET.Sdk\targets\Microsoft.PackageDependencyResolution.targets(24,5): message : Reasignaci├│n de propiedad: $(ProjectAssetsFile)="C:\Users\PC\Downloads\Machly\Machly.Api\obj\project.assets.json" (valor anterior: "C:\Users\PC\Downloads\Machly\Machly.Api\obj\/project.assets.json") en C:\Program Files\dotnet\sdk\9.0.304\Sdks\Microsoft.NET.Sdk\targets\Microsoft.PackageDependencyResolution.targets (24,5)
       C:\Program Files\dotnet\sdk\9.0.304\Sdks\Microsoft.NET.Sdk\targets\Microsoft.PackageDependencyResolution.targets(29,5): message : Reasignaci├│n de propiedad: $(ProjectAssetsCacheFile)="C:\Users\PC\Downloads\Machly\Machly.Api\obj\Debug\net8.0\Machly.Api.assets.cache" (valor anterior: "obj\Debug\net8.0\Machly.Api.assets.cache") en C:\Program Files\dotnet\sdk\9.0.304\Sdks\Microsoft.NET.Sdk\targets\Microsoft.PackageDependencyResolution.targets (29,5)
       C:\Program Files\dotnet\sdk\9.0.304\Sdks\Microsoft.NET.Sdk\targets\Microsoft.PackageDependencyResolution.targets(80,5): message : Reasignaci├│n de propiedad: $(ResolveAssemblyReferencesDependsOn)="
       C:\Program Files\dotnet\sdk\9.0.304\Sdks\Microsoft.NET.Sdk\targets\Microsoft.PackageDependencyResolution.targets(80,5): message :       
       C:\Program Files\dotnet\sdk\9.0.304\Sdks\Microsoft.NET.Sdk\targets\Microsoft.PackageDependencyResolution.targets(80,5): message :       ResolveProjectReferences;
       C:\Program Files\dotnet\sdk\9.0.304\Sdks\Microsoft.NET.Sdk\targets\Microsoft.PackageDependencyResolution.targets(80,5): message :       FindInvalidProjectReferences;
       C:\Program Files\dotnet\sdk\9.0.304\Sdks\Microsoft.NET.Sdk\targets\Microsoft.PackageDependencyResolution.targets(80,5): message :       GetFrameworkPaths;
       C:\Program Files\dotnet\sdk\9.0.304\Sdks\Microsoft.NET.Sdk\targets\Microsoft.PackageDependencyResolution.targets(80,5): message :       GetReferenceAssemblyPaths;
       C:\Program Files\dotnet\sdk\9.0.304\Sdks\Microsoft.NET.Sdk\targets\Microsoft.PackageDependencyResolution.targets(80,5): message :       PrepareForBuild;
       C:\Program Files\dotnet\sdk\9.0.304\Sdks\Microsoft.NET.Sdk\targets\Microsoft.PackageDependencyResolution.targets(80,5): message :       ResolveSDKReferences;
       C:\Program Files\dotnet\sdk\9.0.304\Sdks\Microsoft.NET.Sdk\targets\Microsoft.PackageDependencyResolution.targets(80,5): message :       ExpandSDKReferences;
       C:\Program Files\dotnet\sdk\9.0.304\Sdks\Microsoft.NET.Sdk\targets\Microsoft.PackageDependencyResolution.targets(80,5): message :     ;
       C:\Program Files\dotnet\sdk\9.0.304\Sdks\Microsoft.NET.Sdk\targets\Microsoft.PackageDependencyResolution.targets(80,5): message :       ResolvePackageDependenciesForBuild;
       C:\Program Files\dotnet\sdk\9.0.304\Sdks\Microsoft.NET.Sdk\targets\Microsoft.PackageDependencyResolution.targets(80,5): message :       _HandlePackageFileConflicts;
       C:\Program Files\dotnet\sdk\9.0.304\Sdks\Microsoft.NET.Sdk\targets\Microsoft.PackageDependencyResolution.targets(80,5): message :     " (valor anterior: "
       C:\Program Files\dotnet\sdk\9.0.304\Sdks\Microsoft.NET.Sdk\targets\Microsoft.PackageDependencyResolution.targets(80,5): message :       ResolveProjectReferences;
       C:\Program Files\dotnet\sdk\9.0.304\Sdks\Microsoft.NET.Sdk\targets\Microsoft.PackageDependencyResolution.targets(80,5): message :       FindInvalidProjectReferences;
       C:\Program Files\dotnet\sdk\9.0.304\Sdks\Microsoft.NET.Sdk\targets\Microsoft.PackageDependencyResolution.targets(80,5): message :       GetFrameworkPaths;
       C:\Program Files\dotnet\sdk\9.0.304\Sdks\Microsoft.NET.Sdk\targets\Microsoft.PackageDependencyResolution.targets(80,5): message :       GetReferenceAssemblyPaths;
       C:\Program Files\dotnet\sdk\9.0.304\Sdks\Microsoft.NET.Sdk\targets\Microsoft.PackageDependencyResolution.targets(80,5): message :       PrepareForBuild;
       C:\Program Files\dotnet\sdk\9.0.304\Sdks\Microsoft.NET.Sdk\targets\Microsoft.PackageDependencyResolution.targets(80,5): message :       ResolveSDKReferences;
       C:\Program Files\dotnet\sdk\9.0.304\Sdks\Microsoft.NET.Sdk\targets\Microsoft.PackageDependencyResolution.targets(80,5): message :       ExpandSDKReferences;
       C:\Program Files\dotnet\sdk\9.0.304\Sdks\Microsoft.NET.Sdk\targets\Microsoft.PackageDependencyResolution.targets(80,5): message :     ") en C:\Program Files\dotnet\sdk\9.0.304\Sdks\Microsoft.NET.Sdk\targets\Microsoft.PackageDependencyResolution.targets (80,5)
       C:\Program Files\dotnet\sdk\9.0.304\Sdks\Microsoft.NET.Sdk\targets\Microsoft.PackageDependencyResolution.targets(86,5): message : Reasignaci├│n de propiedad: $(PrepareResourcesDependsOn)="
       C:\Program Files\dotnet\sdk\9.0.304\Sdks\Microsoft.NET.Sdk\targets\Microsoft.PackageDependencyResolution.targets(86,5): message :       ResolvePackageDependenciesForBuild;
       C:\Program Files\dotnet\sdk\9.0.304\Sdks\Microsoft.NET.Sdk\targets\Microsoft.PackageDependencyResolution.targets(86,5): message :       _HandlePackageFileConflicts;
       C:\Program Files\dotnet\sdk\9.0.304\Sdks\Microsoft.NET.Sdk\targets\Microsoft.PackageDependencyResolution.targets(86,5): message :       
       C:\Program Files\dotnet\sdk\9.0.304\Sdks\Microsoft.NET.Sdk\targets\Microsoft.PackageDependencyResolution.targets(86,5): message :       ;
       C:\Program Files\dotnet\sdk\9.0.304\Sdks\Microsoft.NET.Sdk\targets\Microsoft.PackageDependencyResolution.targets(86,5): message :       PrepareResourceNames;
       C:\Program Files\dotnet\sdk\9.0.304\Sdks\Microsoft.NET.Sdk\targets\Microsoft.PackageDependencyResolution.targets(86,5): message :       ResGen;
       C:\Program Files\dotnet\sdk\9.0.304\Sdks\Microsoft.NET.Sdk\targets\Microsoft.PackageDependencyResolution.targets(86,5): message :       CompileLicxFiles
       C:\Program Files\dotnet\sdk\9.0.304\Sdks\Microsoft.NET.Sdk\targets\Microsoft.PackageDependencyResolution.targets(86,5): message :     
       C:\Program Files\dotnet\sdk\9.0.304\Sdks\Microsoft.NET.Sdk\targets\Microsoft.PackageDependencyResolution.targets(86,5): message :     " (valor anterior: "
       C:\Program Files\dotnet\sdk\9.0.304\Sdks\Microsoft.NET.Sdk\targets\Microsoft.PackageDependencyResolution.targets(86,5): message :       ;
       C:\Program Files\dotnet\sdk\9.0.304\Sdks\Microsoft.NET.Sdk\targets\Microsoft.PackageDependencyResolution.targets(86,5): message :       PrepareResourceNames;
       C:\Program Files\dotnet\sdk\9.0.304\Sdks\Microsoft.NET.Sdk\targets\Microsoft.PackageDependencyResolution.targets(86,5): message :       ResGen;
       C:\Program Files\dotnet\sdk\9.0.304\Sdks\Microsoft.NET.Sdk\targets\Microsoft.PackageDependencyResolution.targets(86,5): message :       CompileLicxFiles
       C:\Program Files\dotnet\sdk\9.0.304\Sdks\Microsoft.NET.Sdk\targets\Microsoft.PackageDependencyResolution.targets(86,5): message :     ") en C:\Program Files\dotnet\sdk\9.0.304\Sdks\Microsoft.NET.Sdk\targets\Microsoft.PackageDependencyResolution.targets (86,5)
       C:\Program Files\dotnet\sdk\9.0.304\Sdks\Microsoft.NET.Sdk\targets\Microsoft.NET.Sdk.DefaultItems.targets(27,5): message : Reasignaci├│n de propiedad: $(DefaultItemExcludes)=";**\node_modules\**;node_modules\**;**\jspm_packages\**;jspm_packages\**;**\bower_components\**;bower_components\**;**\packages.lock.json;bin\Debug\/**;obj\Debug\/**;bin\/**" (valor anterior: ";**\node_modules\**;node_modules\**;**\jspm_packages\**;jspm_packages\**;**\bower_components\**;bower_components\**;**\packages.lock.json;bin\Debug\/**;obj\Debug\/**") en C:\Program Files\dotnet\sdk\9.0.304\Sdks\Microsoft.NET.Sdk\targets\Microsoft.NET.Sdk.DefaultItems.targets (27,5)
       C:\Program Files\dotnet\sdk\9.0.304\Sdks\Microsoft.NET.Sdk\targets\Microsoft.NET.Sdk.DefaultItems.targets(29,5): message : Reasignaci├│n de propiedad: $(DefaultItemExcludes)=";**\node_modules\**;node_modules\**;**\jspm_packages\**;jspm_packages\**;**\bower_components\**;bower_components\**;**\packages.lock.json;bin\Debug\/**;obj\Debug\/**;bin\/**;obj\/**" (valor anterior: ";**\node_modules\**;node_modules\**;**\jspm_packages\**;jspm_packages\**;**\bower_components\**;bower_components\**;**\packages.lock.json;bin\Debug\/**;obj\Debug\/**;bin\/**") en C:\Program Files\dotnet\sdk\9.0.304\Sdks\Microsoft.NET.Sdk\targets\Microsoft.NET.Sdk.DefaultItems.targets (29,5)
       C:\Program Files\dotnet\sdk\9.0.304\Sdks\Microsoft.NET.Sdk\targets\Microsoft.NET.Sdk.DefaultItems.targets(32,5): message : Reasignaci├│n de propiedad: $(DefaultItemExcludes)=";**\node_modules\**;node_modules\**;**\jspm_packages\**;jspm_packages\**;**\bower_components\**;bower_components\**;**\packages.lock.json;bin\Debug\/**;obj\Debug\/**;bin\/**;obj\/**;**/*.user" (valor anterior: ";**\node_modules\**;node_modules\**;**\jspm_packages\**;jspm_packages\**;**\bower_components\**;bower_components\**;**\packages.lock.json;bin\Debug\/**;obj\Debug\/**;bin\/**;obj\/**") en C:\Program Files\dotnet\sdk\9.0.304\Sdks\Microsoft.NET.Sdk\targets\Microsoft.NET.Sdk.DefaultItems.targets (32,5)
       C:\Program Files\dotnet\sdk\9.0.304\Sdks\Microsoft.NET.Sdk\targets\Microsoft.NET.Sdk.DefaultItems.targets(33,5): message : Reasignaci├│n de propiedad: $(DefaultItemExcludes)=";**\node_modules\**;node_modules\**;**\jspm_packages\**;jspm_packages\**;**\bower_components\**;bower_components\**;**\packages.lock.json;bin\Debug\/**;obj\Debug\/**;bin\/**;obj\/**;**/*.user;**/*.*proj" (valor anterior: ";**\node_modules\**;node_modules\**;**\jspm_packages\**;jspm_packages\**;**\bower_components\**;bower_components\**;**\packages.lock.json;bin\Debug\/**;obj\Debug\/**;bin\/**;obj\/**;**/*.user") en C:\Program Files\dotnet\sdk\9.0.304\Sdks\Microsoft.NET.Sdk\targets\Microsoft.NET.Sdk.DefaultItems.targets (33,5)
       C:\Program Files\dotnet\sdk\9.0.304\Sdks\Microsoft.NET.Sdk\targets\Microsoft.NET.Sdk.DefaultItems.targets(34,5): message : Reasignaci├│n de propiedad: $(DefaultItemExcludes)=";**\node_modules\**;node_modules\**;**\jspm_packages\**;jspm_packages\**;**\bower_components\**;bower_components\**;**\packages.lock.json;bin\Debug\/**;obj\Debug\/**;bin\/**;obj\/**;**/*.user;**/*.*proj;**/*.sln" (valor anterior: ";**\node_modules\**;node_modules\**;**\jspm_packages\**;jspm_packages\**;**\bower_components\**;bower_components\**;**\packages.lock.json;bin\Debug\/**;obj\Debug\/**;bin\/**;obj\/**;**/*.user;**/*.*proj") en C:\Program Files\dotnet\sdk\9.0.304\Sdks\Microsoft.NET.Sdk\targets\Microsoft.NET.Sdk.DefaultItems.targets (34,5)
       C:\Program Files\dotnet\sdk\9.0.304\Sdks\Microsoft.NET.Sdk\targets\Microsoft.NET.Sdk.DefaultItems.targets(35,5): message : Reasignaci├│n de propiedad: $(DefaultItemExcludes)=";**\node_modules\**;node_modules\**;**\jspm_packages\**;jspm_packages\**;**\bower_components\**;bower_components\**;**\packages.lock.json;bin\Debug\/**;obj\Debug\/**;bin\/**;obj\/**;**/*.user;**/*.*proj;**/*.sln;**/*.slnx" (valor anterior: ";**\node_modules\**;node_modules\**;**\jspm_packages\**;jspm_packages\**;**\bower_components\**;bower_components\**;**\packages.lock.json;bin\Debug\/**;obj\Debug\/**;bin\/**;obj\/**;**/*.user;**/*.*proj;**/*.sln") en C:\Program Files\dotnet\sdk\9.0.304\Sdks\Microsoft.NET.Sdk\targets\Microsoft.NET.Sdk.DefaultItems.targets (35,5)
       C:\Program Files\dotnet\sdk\9.0.304\Sdks\Microsoft.NET.Sdk\targets\Microsoft.NET.Sdk.DefaultItems.targets(36,5): message : Reasignaci├│n de propiedad: $(DefaultItemExcludes)=";**\node_modules\**;node_modules\**;**\jspm_packages\**;jspm_packages\**;**\bower_components\**;bower_components\**;**\packages.lock.json;bin\Debug\/**;obj\Debug\/**;bin\/**;obj\/**;**/*.user;**/*.*proj;**/*.sln;**/*.slnx;**/*.vssscc" (valor anterior: ";**\node_modules\**;node_modules\**;**\jspm_packages\**;jspm_packages\**;**\bower_components\**;bower_components\**;**\packages.lock.json;bin\Debug\/**;obj\Debug\/**;bin\/**;obj\/**;**/*.user;**/*.*proj;**/*.sln;**/*.slnx") en C:\Program Files\dotnet\sdk\9.0.304\Sdks\Microsoft.NET.Sdk\targets\Microsoft.NET.Sdk.DefaultItems.targets (36,5)
       C:\Program Files\dotnet\sdk\9.0.304\Sdks\Microsoft.NET.Sdk\targets\Microsoft.NET.Sdk.DefaultItems.targets(37,5): message : Reasignaci├│n de propiedad: $(DefaultItemExcludes)=";**\node_modules\**;node_modules\**;**\jspm_packages\**;jspm_packages\**;**\bower_components\**;bower_components\**;**\packages.lock.json;bin\Debug\/**;obj\Debug\/**;bin\/**;obj\/**;**/*.user;**/*.*proj;**/*.sln;**/*.slnx;**/*.vssscc;**/.DS_Store" (valor anterior: ";**\node_modules\**;node_modules\**;**\jspm_packages\**;jspm_packages\**;**\bower_components\**;bower_components\**;**\packages.lock.json;bin\Debug\/**;obj\Debug\/**;bin\/**;obj\/**;**/*.user;**/*.*proj;**/*.sln;**/*.slnx;**/*.vssscc") en C:\Program Files\dotnet\sdk\9.0.304\Sdks\Microsoft.NET.Sdk\targets\Microsoft.NET.Sdk.DefaultItems.targets (37,5)
       C:\Program Files\dotnet\sdk\9.0.304\Sdks\Microsoft.NET.Sdk\targets\Microsoft.NET.Sdk.FrameworkReferenceResolution.targets(14,5): message : Reasignaci├│n de propiedad: $(ResolveAssemblyReferencesDependsOn)="
       C:\Program Files\dotnet\sdk\9.0.304\Sdks\Microsoft.NET.Sdk\targets\Microsoft.NET.Sdk.FrameworkReferenceResolution.targets(14,5): message :       
       C:\Program Files\dotnet\sdk\9.0.304\Sdks\Microsoft.NET.Sdk\targets\Microsoft.NET.Sdk.FrameworkReferenceResolution.targets(14,5): message :       
       C:\Program Files\dotnet\sdk\9.0.304\Sdks\Microsoft.NET.Sdk\targets\Microsoft.NET.Sdk.FrameworkReferenceResolution.targets(14,5): message :       ResolveProjectReferences;
       C:\Program Files\dotnet\sdk\9.0.304\Sdks\Microsoft.NET.Sdk\targets\Microsoft.NET.Sdk.FrameworkReferenceResolution.targets(14,5): message :       FindInvalidProjectReferences;
       C:\Program Files\dotnet\sdk\9.0.304\Sdks\Microsoft.NET.Sdk\targets\Microsoft.NET.Sdk.FrameworkReferenceResolution.targets(14,5): message :       GetFrameworkPaths;
       C:\Program Files\dotnet\sdk\9.0.304\Sdks\Microsoft.NET.Sdk\targets\Microsoft.NET.Sdk.FrameworkReferenceResolution.targets(14,5): message :       GetReferenceAssemblyPaths;
       C:\Program Files\dotnet\sdk\9.0.304\Sdks\Microsoft.NET.Sdk\targets\Microsoft.NET.Sdk.FrameworkReferenceResolution.targets(14,5): message :       PrepareForBuild;
       C:\Program Files\dotnet\sdk\9.0.304\Sdks\Microsoft.NET.Sdk\targets\Microsoft.NET.Sdk.FrameworkReferenceResolution.targets(14,5): message :       ResolveSDKReferences;
       C:\Program Files\dotnet\sdk\9.0.304\Sdks\Microsoft.NET.Sdk\targets\Microsoft.NET.Sdk.FrameworkReferenceResolution.targets(14,5): message :       ExpandSDKReferences;
       C:\Program Files\dotnet\sdk\9.0.304\Sdks\Microsoft.NET.Sdk\targets\Microsoft.NET.Sdk.FrameworkReferenceResolution.targets(14,5): message :     ;
       C:\Program Files\dotnet\sdk\9.0.304\Sdks\Microsoft.NET.Sdk\targets\Microsoft.NET.Sdk.FrameworkReferenceResolution.targets(14,5): message :       ResolvePackageDependenciesForBuild;
       C:\Program Files\dotnet\sdk\9.0.304\Sdks\Microsoft.NET.Sdk\targets\Microsoft.NET.Sdk.FrameworkReferenceResolution.targets(14,5): message :       _HandlePackageFileConflicts;
       C:\Program Files\dotnet\sdk\9.0.304\Sdks\Microsoft.NET.Sdk\targets\Microsoft.NET.Sdk.FrameworkReferenceResolution.targets(14,5): message :     ;
       C:\Program Files\dotnet\sdk\9.0.304\Sdks\Microsoft.NET.Sdk\targets\Microsoft.NET.Sdk.FrameworkReferenceResolution.targets(14,5): message :       ResolveTargetingPackAssets;
       C:\Program Files\dotnet\sdk\9.0.304\Sdks\Microsoft.NET.Sdk\targets\Microsoft.NET.Sdk.FrameworkReferenceResolution.targets(14,5): message :     " (valor anterior: "
       C:\Program Files\dotnet\sdk\9.0.304\Sdks\Microsoft.NET.Sdk\targets\Microsoft.NET.Sdk.FrameworkReferenceResolution.targets(14,5): message :       
       C:\Program Files\dotnet\sdk\9.0.304\Sdks\Microsoft.NET.Sdk\targets\Microsoft.NET.Sdk.FrameworkReferenceResolution.targets(14,5): message :       ResolveProjectReferences;
       C:\Program Files\dotnet\sdk\9.0.304\Sdks\Microsoft.NET.Sdk\targets\Microsoft.NET.Sdk.FrameworkReferenceResolution.targets(14,5): message :       FindInvalidProjectReferences;
       C:\Program Files\dotnet\sdk\9.0.304\Sdks\Microsoft.NET.Sdk\targets\Microsoft.NET.Sdk.FrameworkReferenceResolution.targets(14,5): message :       GetFrameworkPaths;
       C:\Program Files\dotnet\sdk\9.0.304\Sdks\Microsoft.NET.Sdk\targets\Microsoft.NET.Sdk.FrameworkReferenceResolution.targets(14,5): message :       GetReferenceAssemblyPaths;
       C:\Program Files\dotnet\sdk\9.0.304\Sdks\Microsoft.NET.Sdk\targets\Microsoft.NET.Sdk.FrameworkReferenceResolution.targets(14,5): message :       PrepareForBuild;
       C:\Program Files\dotnet\sdk\9.0.304\Sdks\Microsoft.NET.Sdk\targets\Microsoft.NET.Sdk.FrameworkReferenceResolution.targets(14,5): message :       ResolveSDKReferences;
       C:\Program Files\dotnet\sdk\9.0.304\Sdks\Microsoft.NET.Sdk\targets\Microsoft.NET.Sdk.FrameworkReferenceResolution.targets(14,5): message :       ExpandSDKReferences;
       C:\Program Files\dotnet\sdk\9.0.304\Sdks\Microsoft.NET.Sdk\targets\Microsoft.NET.Sdk.FrameworkReferenceResolution.targets(14,5): message :     ;
       C:\Program Files\dotnet\sdk\9.0.304\Sdks\Microsoft.NET.Sdk\targets\Microsoft.NET.Sdk.FrameworkReferenceResolution.targets(14,5): message :       ResolvePackageDependenciesForBuild;
       C:\Program Files\dotnet\sdk\9.0.304\Sdks\Microsoft.NET.Sdk\targets\Microsoft.NET.Sdk.FrameworkReferenceResolution.targets(14,5): message :       _HandlePackageFileConflicts;
       C:\Program Files\dotnet\sdk\9.0.304\Sdks\Microsoft.NET.Sdk\targets\Microsoft.NET.Sdk.FrameworkReferenceResolution.targets(14,5): message :     ") en C:\Program Files\dotnet\sdk\9.0.304\Sdks\Microsoft.NET.Sdk\targets\Microsoft.NET.Sdk.FrameworkReferenceResolution.targets (14,5)
       C:\Program Files\dotnet\sdk\9.0.304\Sdks\Microsoft.NET.Sdk\targets\Microsoft.NET.Sdk.targets(44,5): message : Reasignaci├│n de propiedad: $(_GenerateRuntimeConfigurationPropertyInputsCache)="C:\Users\PC\Downloads\Machly\Machly.Api\obj\Debug\net8.0\Machly.Api.genruntimeconfig.cache" (valor anterior: "obj\Debug\net8.0\Machly.Api.genruntimeconfig.cache") en C:\Program Files\dotnet\sdk\9.0.304\Sdks\Microsoft.NET.Sdk\targets\Microsoft.NET.Sdk.targets (44,5)
       C:\Program Files\dotnet\sdk\9.0.304\Sdks\Microsoft.NET.Sdk\targets\Microsoft.NET.Sdk.targets(46,5): message : Reasignaci├│n de propiedad: $(_GeneratePublishDependencyFilePropertyInputsCache)="C:\Users\PC\Downloads\Machly\Machly.Api\obj\Debug\net8.0\Machly.Api.genpublishdeps.cache" (valor anterior: "obj\Debug\net8.0\Machly.Api.genpublishdeps.cache") en C:\Program Files\dotnet\sdk\9.0.304\Sdks\Microsoft.NET.Sdk\targets\Microsoft.NET.Sdk.targets (46,5)
       C:\Program Files\dotnet\sdk\9.0.304\Sdks\Microsoft.NET.Sdk\targets\Microsoft.NET.Sdk.targets(48,5): message : Reasignaci├│n de propiedad: $(_GenerateSingleFileBundlePropertyInputsCache)="C:\Users\PC\Downloads\Machly\Machly.Api\obj\Debug\net8.0\Machly.Api.genbundle.cache" (valor anterior: "obj\Debug\net8.0\Machly.Api.genbundle.cache") en C:\Program Files\dotnet\sdk\9.0.304\Sdks\Microsoft.NET.Sdk\targets\Microsoft.NET.Sdk.targets (48,5)
       C:\Program Files\dotnet\sdk\9.0.304\Sdks\Microsoft.NET.Sdk\targets\Microsoft.NET.Sdk.targets(81,5): message : Reasignaci├│n de propiedad: $(GenerateRuntimeConfigDevFile)="false" (valor anterior: "true") en C:\Program Files\dotnet\sdk\9.0.304\Sdks\Microsoft.NET.Sdk\targets\Microsoft.NET.Sdk.targets (81,5)
       C:\Program Files\dotnet\sdk\9.0.304\Sdks\Microsoft.NET.Sdk\targets\Microsoft.NET.Sdk.targets(97,5): message : Propiedad "USERPROFILE" con el valor "C:\Users\PC" expandido desde el entorno.
       C:\Program Files\dotnet\sdk\9.0.304\Sdks\Microsoft.NET.Sdk\targets\Microsoft.NET.Sdk.targets(97,5): message : Reasignaci├│n de propiedad: $(_DefaultUserProfileRuntimeStorePath)="C:\Users\PC" (valor anterior: "") en C:\Program Files\dotnet\sdk\9.0.304\Sdks\Microsoft.NET.Sdk\targets\Microsoft.NET.Sdk.targets (97,5)
       C:\Program Files\dotnet\sdk\9.0.304\Sdks\Microsoft.NET.Sdk\targets\Microsoft.NET.Sdk.targets(98,5): message : Reasignaci├│n de propiedad: $(_DefaultUserProfileRuntimeStorePath)="C:\Users\PC\.dotnet\store" (valor anterior: "C:\Users\PC") en C:\Program Files\dotnet\sdk\9.0.304\Sdks\Microsoft.NET.Sdk\targets\Microsoft.NET.Sdk.targets (98,5)
       C:\Program Files\dotnet\sdk\9.0.304\Sdks\Microsoft.NET.Sdk\targets\Microsoft.NET.Sdk.targets(140,5): message : Reasignaci├│n de propiedad: $(AvailablePlatforms)="Any CPU,x86,x64,ARM32" (valor anterior: "Any CPU,x86,x64") en C:\Program Files\dotnet\sdk\9.0.304\Sdks\Microsoft.NET.Sdk\targets\Microsoft.NET.Sdk.targets (140,5)
       C:\Program Files\dotnet\sdk\9.0.304\Sdks\Microsoft.NET.Sdk\targets\Microsoft.NET.Sdk.targets(144,5): message : Reasignaci├│n de propiedad: $(AvailablePlatforms)="Any CPU,x86,x64,ARM32,ARM64" (valor anterior: "Any CPU,x86,x64,ARM32") en C:\Program Files\dotnet\sdk\9.0.304\Sdks\Microsoft.NET.Sdk\targets\Microsoft.NET.Sdk.targets (144,5)
       C:\Program Files\dotnet\sdk\9.0.304\Sdks\Microsoft.NET.Sdk\targets\Microsoft.NET.Sdk.targets(201,5): message : Reasignaci├│n de propiedad: $(CoreBuildDependsOn)="
       C:\Program Files\dotnet\sdk\9.0.304\Sdks\Microsoft.NET.Sdk\targets\Microsoft.NET.Sdk.targets(201,5): message :       _CheckForBuildWithNoBuild;
       C:\Program Files\dotnet\sdk\9.0.304\Sdks\Microsoft.NET.Sdk\targets\Microsoft.NET.Sdk.targets(201,5): message :       
       C:\Program Files\dotnet\sdk\9.0.304\Sdks\Microsoft.NET.Sdk\targets\Microsoft.NET.Sdk.targets(201,5): message :       BuildOnlySettings;
       C:\Program Files\dotnet\sdk\9.0.304\Sdks\Microsoft.NET.Sdk\targets\Microsoft.NET.Sdk.targets(201,5): message :       PrepareForBuild;
       C:\Program Files\dotnet\sdk\9.0.304\Sdks\Microsoft.NET.Sdk\targets\Microsoft.NET.Sdk.targets(201,5): message :       PreBuildEvent;
       C:\Program Files\dotnet\sdk\9.0.304\Sdks\Microsoft.NET.Sdk\targets\Microsoft.NET.Sdk.targets(201,5): message :       ResolveReferences;
       C:\Program Files\dotnet\sdk\9.0.304\Sdks\Microsoft.NET.Sdk\targets\Microsoft.NET.Sdk.targets(201,5): message :       PrepareResources;
       C:\Program Files\dotnet\sdk\9.0.304\Sdks\Microsoft.NET.Sdk\targets\Microsoft.NET.Sdk.targets(201,5): message :       ResolveKeySource;
       C:\Program Files\dotnet\sdk\9.0.304\Sdks\Microsoft.NET.Sdk\targets\Microsoft.NET.Sdk.targets(201,5): message :       Compile;
       C:\Program Files\dotnet\sdk\9.0.304\Sdks\Microsoft.NET.Sdk\targets\Microsoft.NET.Sdk.targets(201,5): message :       ExportWindowsMDFile;
       C:\Program Files\dotnet\sdk\9.0.304\Sdks\Microsoft.NET.Sdk\targets\Microsoft.NET.Sdk.targets(201,5): message :       UnmanagedUnregistration;
       C:\Program Files\dotnet\sdk\9.0.304\Sdks\Microsoft.NET.Sdk\targets\Microsoft.NET.Sdk.targets(201,5): message :       GenerateSerializationAssemblies;
       C:\Program Files\dotnet\sdk\9.0.304\Sdks\Microsoft.NET.Sdk\targets\Microsoft.NET.Sdk.targets(201,5): message :       CreateSatelliteAssemblies;
       C:\Program Files\dotnet\sdk\9.0.304\Sdks\Microsoft.NET.Sdk\targets\Microsoft.NET.Sdk.targets(201,5): message :       GenerateManifests;
       C:\Program Files\dotnet\sdk\9.0.304\Sdks\Microsoft.NET.Sdk\targets\Microsoft.NET.Sdk.targets(201,5): message :       GetTargetPath;
       C:\Program Files\dotnet\sdk\9.0.304\Sdks\Microsoft.NET.Sdk\targets\Microsoft.NET.Sdk.targets(201,5): message :       PrepareForRun;
       C:\Program Files\dotnet\sdk\9.0.304\Sdks\Microsoft.NET.Sdk\targets\Microsoft.NET.Sdk.targets(201,5): message :       UnmanagedRegistration;
       C:\Program Files\dotnet\sdk\9.0.304\Sdks\Microsoft.NET.Sdk\targets\Microsoft.NET.Sdk.targets(201,5): message :       IncrementalClean;
       C:\Program Files\dotnet\sdk\9.0.304\Sdks\Microsoft.NET.Sdk\targets\Microsoft.NET.Sdk.targets(201,5): message :       PostBuildEvent
       C:\Program Files\dotnet\sdk\9.0.304\Sdks\Microsoft.NET.Sdk\targets\Microsoft.NET.Sdk.targets(201,5): message :     ;
       C:\Program Files\dotnet\sdk\9.0.304\Sdks\Microsoft.NET.Sdk\targets\Microsoft.NET.Sdk.targets(201,5): message :       GenerateBuildDependencyFile;
       C:\Program Files\dotnet\sdk\9.0.304\Sdks\Microsoft.NET.Sdk\targets\Microsoft.NET.Sdk.targets(201,5): message :       GenerateBuildRuntimeConfigurationFiles
       C:\Program Files\dotnet\sdk\9.0.304\Sdks\Microsoft.NET.Sdk\targets\Microsoft.NET.Sdk.targets(201,5): message :     " (valor anterior: "
       C:\Program Files\dotnet\sdk\9.0.304\Sdks\Microsoft.NET.Sdk\targets\Microsoft.NET.Sdk.targets(201,5): message :       BuildOnlySettings;
       C:\Program Files\dotnet\sdk\9.0.304\Sdks\Microsoft.NET.Sdk\targets\Microsoft.NET.Sdk.targets(201,5): message :       PrepareForBuild;
       C:\Program Files\dotnet\sdk\9.0.304\Sdks\Microsoft.NET.Sdk\targets\Microsoft.NET.Sdk.targets(201,5): message :       PreBuildEvent;
       C:\Program Files\dotnet\sdk\9.0.304\Sdks\Microsoft.NET.Sdk\targets\Microsoft.NET.Sdk.targets(201,5): message :       ResolveReferences;
       C:\Program Files\dotnet\sdk\9.0.304\Sdks\Microsoft.NET.Sdk\targets\Microsoft.NET.Sdk.targets(201,5): message :       PrepareResources;
       C:\Program Files\dotnet\sdk\9.0.304\Sdks\Microsoft.NET.Sdk\targets\Microsoft.NET.Sdk.targets(201,5): message :       ResolveKeySource;
       C:\Program Files\dotnet\sdk\9.0.304\Sdks\Microsoft.NET.Sdk\targets\Microsoft.NET.Sdk.targets(201,5): message :       Compile;
       C:\Program Files\dotnet\sdk\9.0.304\Sdks\Microsoft.NET.Sdk\targets\Microsoft.NET.Sdk.targets(201,5): message :       ExportWindowsMDFile;
       C:\Program Files\dotnet\sdk\9.0.304\Sdks\Microsoft.NET.Sdk\targets\Microsoft.NET.Sdk.targets(201,5): message :       UnmanagedUnregistration;
       C:\Program Files\dotnet\sdk\9.0.304\Sdks\Microsoft.NET.Sdk\targets\Microsoft.NET.Sdk.targets(201,5): message :       GenerateSerializationAssemblies;
       C:\Program Files\dotnet\sdk\9.0.304\Sdks\Microsoft.NET.Sdk\targets\Microsoft.NET.Sdk.targets(201,5): message :       CreateSatelliteAssemblies;
       C:\Program Files\dotnet\sdk\9.0.304\Sdks\Microsoft.NET.Sdk\targets\Microsoft.NET.Sdk.targets(201,5): message :       GenerateManifests;
       C:\Program Files\dotnet\sdk\9.0.304\Sdks\Microsoft.NET.Sdk\targets\Microsoft.NET.Sdk.targets(201,5): message :       GetTargetPath;
       C:\Program Files\dotnet\sdk\9.0.304\Sdks\Microsoft.NET.Sdk\targets\Microsoft.NET.Sdk.targets(201,5): message :       PrepareForRun;
       C:\Program Files\dotnet\sdk\9.0.304\Sdks\Microsoft.NET.Sdk\targets\Microsoft.NET.Sdk.targets(201,5): message :       UnmanagedRegistration;
       C:\Program Files\dotnet\sdk\9.0.304\Sdks\Microsoft.NET.Sdk\targets\Microsoft.NET.Sdk.targets(201,5): message :       IncrementalClean;
       C:\Program Files\dotnet\sdk\9.0.304\Sdks\Microsoft.NET.Sdk\targets\Microsoft.NET.Sdk.targets(201,5): message :       PostBuildEvent
       C:\Program Files\dotnet\sdk\9.0.304\Sdks\Microsoft.NET.Sdk\targets\Microsoft.NET.Sdk.targets(201,5): message :     ") en C:\Program Files\dotnet\sdk\9.0.304\Sdks\Microsoft.NET.Sdk\targets\Microsoft.NET.Sdk.targets (201,5)
       C:\Program Files\dotnet\sdk\9.0.304\Sdks\Microsoft.NET.Sdk\targets\Microsoft.NET.Sdk.targets(210,5): message : Reasignaci├│n de propiedad: $(CoreCleanDependsOn)="
       C:\Program Files\dotnet\sdk\9.0.304\Sdks\Microsoft.NET.Sdk\targets\Microsoft.NET.Sdk.targets(210,5): message :       _SdkBeforeClean;
       C:\Program Files\dotnet\sdk\9.0.304\Sdks\Microsoft.NET.Sdk\targets\Microsoft.NET.Sdk.targets(210,5): message :       
       C:\Program Files\dotnet\sdk\9.0.304\Sdks\Microsoft.NET.Sdk\targets\Microsoft.NET.Sdk.targets(210,5): message :     " (valor anterior: "") en C:\Program Files\dotnet\sdk\9.0.304\Sdks\Microsoft.NET.Sdk\targets\Microsoft.NET.Sdk.targets (210,5)
       C:\Program Files\dotnet\sdk\9.0.304\Sdks\Microsoft.NET.Sdk\targets\Microsoft.NET.Sdk.targets(217,5): message : Reasignaci├│n de propiedad: $(RebuildDependsOn)="
       C:\Program Files\dotnet\sdk\9.0.304\Sdks\Microsoft.NET.Sdk\targets\Microsoft.NET.Sdk.targets(217,5): message :       _SdkBeforeRebuild;
       C:\Program Files\dotnet\sdk\9.0.304\Sdks\Microsoft.NET.Sdk\targets\Microsoft.NET.Sdk.targets(217,5): message :       
       C:\Program Files\dotnet\sdk\9.0.304\Sdks\Microsoft.NET.Sdk\targets\Microsoft.NET.Sdk.targets(217,5): message :       BeforeRebuild;
       C:\Program Files\dotnet\sdk\9.0.304\Sdks\Microsoft.NET.Sdk\targets\Microsoft.NET.Sdk.targets(217,5): message :       Clean;
       C:\Program Files\dotnet\sdk\9.0.304\Sdks\Microsoft.NET.Sdk\targets\Microsoft.NET.Sdk.targets(217,5): message :       Build;
       C:\Program Files\dotnet\sdk\9.0.304\Sdks\Microsoft.NET.Sdk\targets\Microsoft.NET.Sdk.targets(217,5): message :       AfterRebuild;
       C:\Program Files\dotnet\sdk\9.0.304\Sdks\Microsoft.NET.Sdk\targets\Microsoft.NET.Sdk.targets(217,5): message :     
       C:\Program Files\dotnet\sdk\9.0.304\Sdks\Microsoft.NET.Sdk\targets\Microsoft.NET.Sdk.targets(217,5): message :     " (valor anterior: "
       C:\Program Files\dotnet\sdk\9.0.304\Sdks\Microsoft.NET.Sdk\targets\Microsoft.NET.Sdk.targets(217,5): message :       BeforeRebuild;
       C:\Program Files\dotnet\sdk\9.0.304\Sdks\Microsoft.NET.Sdk\targets\Microsoft.NET.Sdk.targets(217,5): message :       Clean;
       C:\Program Files\dotnet\sdk\9.0.304\Sdks\Microsoft.NET.Sdk\targets\Microsoft.NET.Sdk.targets(217,5): message :       Build;
       C:\Program Files\dotnet\sdk\9.0.304\Sdks\Microsoft.NET.Sdk\targets\Microsoft.NET.Sdk.targets(217,5): message :       AfterRebuild;
       C:\Program Files\dotnet\sdk\9.0.304\Sdks\Microsoft.NET.Sdk\targets\Microsoft.NET.Sdk.targets(217,5): message :     ") en C:\Program Files\dotnet\sdk\9.0.304\Sdks\Microsoft.NET.Sdk\targets\Microsoft.NET.Sdk.targets (217,5)
       C:\Program Files\dotnet\sdk\9.0.304\Sdks\Microsoft.NET.Sdk\targets\Microsoft.NET.Sdk.targets(784,5): message : Reasignaci├│n de propiedad: $(CompileDependsOn)="
       C:\Program Files\dotnet\sdk\9.0.304\Sdks\Microsoft.NET.Sdk\targets\Microsoft.NET.Sdk.targets(784,5): message :       
       C:\Program Files\dotnet\sdk\9.0.304\Sdks\Microsoft.NET.Sdk\targets\Microsoft.NET.Sdk.targets(784,5): message :       ResolveReferences;
       C:\Program Files\dotnet\sdk\9.0.304\Sdks\Microsoft.NET.Sdk\targets\Microsoft.NET.Sdk.targets(784,5): message :       ResolveKeySource;
       C:\Program Files\dotnet\sdk\9.0.304\Sdks\Microsoft.NET.Sdk\targets\Microsoft.NET.Sdk.targets(784,5): message :       SetWin32ManifestProperties;
       C:\Program Files\dotnet\sdk\9.0.304\Sdks\Microsoft.NET.Sdk\targets\Microsoft.NET.Sdk.targets(784,5): message :       _SetPreferNativeArm64Win32ManifestProperties;
       C:\Program Files\dotnet\sdk\9.0.304\Sdks\Microsoft.NET.Sdk\targets\Microsoft.NET.Sdk.targets(784,5): message :       FindReferenceAssembliesForReferences;
       C:\Program Files\dotnet\sdk\9.0.304\Sdks\Microsoft.NET.Sdk\targets\Microsoft.NET.Sdk.targets(784,5): message :       _GenerateCompileInputs;
       C:\Program Files\dotnet\sdk\9.0.304\Sdks\Microsoft.NET.Sdk\targets\Microsoft.NET.Sdk.targets(784,5): message :       BeforeCompile;
       C:\Program Files\dotnet\sdk\9.0.304\Sdks\Microsoft.NET.Sdk\targets\Microsoft.NET.Sdk.targets(784,5): message :       _TimeStampBeforeCompile;
       C:\Program Files\dotnet\sdk\9.0.304\Sdks\Microsoft.NET.Sdk\targets\Microsoft.NET.Sdk.targets(784,5): message :       _GenerateCompileDependencyCache;
       C:\Program Files\dotnet\sdk\9.0.304\Sdks\Microsoft.NET.Sdk\targets\Microsoft.NET.Sdk.targets(784,5): message :       CoreCompile;
       C:\Program Files\dotnet\sdk\9.0.304\Sdks\Microsoft.NET.Sdk\targets\Microsoft.NET.Sdk.targets(784,5): message :       _TimeStampAfterCompile;
       C:\Program Files\dotnet\sdk\9.0.304\Sdks\Microsoft.NET.Sdk\targets\Microsoft.NET.Sdk.targets(784,5): message :       AfterCompile;
       C:\Program Files\dotnet\sdk\9.0.304\Sdks\Microsoft.NET.Sdk\targets\Microsoft.NET.Sdk.targets(784,5): message :     ;
       C:\Program Files\dotnet\sdk\9.0.304\Sdks\Microsoft.NET.Sdk\targets\Microsoft.NET.Sdk.targets(784,5): message :       _CreateAppHost;
       C:\Program Files\dotnet\sdk\9.0.304\Sdks\Microsoft.NET.Sdk\targets\Microsoft.NET.Sdk.targets(784,5): message :       _CreateComHost;
       C:\Program Files\dotnet\sdk\9.0.304\Sdks\Microsoft.NET.Sdk\targets\Microsoft.NET.Sdk.targets(784,5): message :       _GetIjwHostPaths;
       C:\Program Files\dotnet\sdk\9.0.304\Sdks\Microsoft.NET.Sdk\targets\Microsoft.NET.Sdk.targets(784,5): message :     " (valor anterior: "
       C:\Program Files\dotnet\sdk\9.0.304\Sdks\Microsoft.NET.Sdk\targets\Microsoft.NET.Sdk.targets(784,5): message :       ResolveReferences;
       C:\Program Files\dotnet\sdk\9.0.304\Sdks\Microsoft.NET.Sdk\targets\Microsoft.NET.Sdk.targets(784,5): message :       ResolveKeySource;
       C:\Program Files\dotnet\sdk\9.0.304\Sdks\Microsoft.NET.Sdk\targets\Microsoft.NET.Sdk.targets(784,5): message :       SetWin32ManifestProperties;
       C:\Program Files\dotnet\sdk\9.0.304\Sdks\Microsoft.NET.Sdk\targets\Microsoft.NET.Sdk.targets(784,5): message :       _SetPreferNativeArm64Win32ManifestProperties;
       C:\Program Files\dotnet\sdk\9.0.304\Sdks\Microsoft.NET.Sdk\targets\Microsoft.NET.Sdk.targets(784,5): message :       FindReferenceAssembliesForReferences;
       C:\Program Files\dotnet\sdk\9.0.304\Sdks\Microsoft.NET.Sdk\targets\Microsoft.NET.Sdk.targets(784,5): message :       _GenerateCompileInputs;
       C:\Program Files\dotnet\sdk\9.0.304\Sdks\Microsoft.NET.Sdk\targets\Microsoft.NET.Sdk.targets(784,5): message :       BeforeCompile;
       C:\Program Files\dotnet\sdk\9.0.304\Sdks\Microsoft.NET.Sdk\targets\Microsoft.NET.Sdk.targets(784,5): message :       _TimeStampBeforeCompile;
       C:\Program Files\dotnet\sdk\9.0.304\Sdks\Microsoft.NET.Sdk\targets\Microsoft.NET.Sdk.targets(784,5): message :       _GenerateCompileDependencyCache;
       C:\Program Files\dotnet\sdk\9.0.304\Sdks\Microsoft.NET.Sdk\targets\Microsoft.NET.Sdk.targets(784,5): message :       CoreCompile;
       C:\Program Files\dotnet\sdk\9.0.304\Sdks\Microsoft.NET.Sdk\targets\Microsoft.NET.Sdk.targets(784,5): message :       _TimeStampAfterCompile;
       C:\Program Files\dotnet\sdk\9.0.304\Sdks\Microsoft.NET.Sdk\targets\Microsoft.NET.Sdk.targets(784,5): message :       AfterCompile;
       C:\Program Files\dotnet\sdk\9.0.304\Sdks\Microsoft.NET.Sdk\targets\Microsoft.NET.Sdk.targets(784,5): message :     ") en C:\Program Files\dotnet\sdk\9.0.304\Sdks\Microsoft.NET.Sdk\targets\Microsoft.NET.Sdk.targets (784,5)
       C:\Program Files\dotnet\sdk\9.0.304\Sdks\Microsoft.NET.Sdk\targets\Microsoft.NET.Sdk.targets(1184,5): message : Reasignaci├│n de propiedad: $(CreateSatelliteAssembliesDependsOn)="
       C:\Program Files\dotnet\sdk\9.0.304\Sdks\Microsoft.NET.Sdk\targets\Microsoft.NET.Sdk.targets(1184,5): message :       
       C:\Program Files\dotnet\sdk\9.0.304\Sdks\Microsoft.NET.Sdk\targets\Microsoft.NET.Sdk.targets(1184,5): message :       ;
       C:\Program Files\dotnet\sdk\9.0.304\Sdks\Microsoft.NET.Sdk\targets\Microsoft.NET.Sdk.targets(1184,5): message :       _GenerateSatelliteAssemblyInputs;
       C:\Program Files\dotnet\sdk\9.0.304\Sdks\Microsoft.NET.Sdk\targets\Microsoft.NET.Sdk.targets(1184,5): message :       ComputeIntermediateSatelliteAssemblies;
       C:\Program Files\dotnet\sdk\9.0.304\Sdks\Microsoft.NET.Sdk\targets\Microsoft.NET.Sdk.targets(1184,5): message :       GenerateSatelliteAssemblies
       C:\Program Files\dotnet\sdk\9.0.304\Sdks\Microsoft.NET.Sdk\targets\Microsoft.NET.Sdk.targets(1184,5): message :     ;
       C:\Program Files\dotnet\sdk\9.0.304\Sdks\Microsoft.NET.Sdk\targets\Microsoft.NET.Sdk.targets(1184,5): message :       CoreGenerateSatelliteAssemblies
       C:\Program Files\dotnet\sdk\9.0.304\Sdks\Microsoft.NET.Sdk\targets\Microsoft.NET.Sdk.targets(1184,5): message :     " (valor anterior: "
       C:\Program Files\dotnet\sdk\9.0.304\Sdks\Microsoft.NET.Sdk\targets\Microsoft.NET.Sdk.targets(1184,5): message :       ;
       C:\Program Files\dotnet\sdk\9.0.304\Sdks\Microsoft.NET.Sdk\targets\Microsoft.NET.Sdk.targets(1184,5): message :       _GenerateSatelliteAssemblyInputs;
       C:\Program Files\dotnet\sdk\9.0.304\Sdks\Microsoft.NET.Sdk\targets\Microsoft.NET.Sdk.targets(1184,5): message :       ComputeIntermediateSatelliteAssemblies;
       C:\Program Files\dotnet\sdk\9.0.304\Sdks\Microsoft.NET.Sdk\targets\Microsoft.NET.Sdk.targets(1184,5): message :       GenerateSatelliteAssemblies
       C:\Program Files\dotnet\sdk\9.0.304\Sdks\Microsoft.NET.Sdk\targets\Microsoft.NET.Sdk.targets(1184,5): message :     ") en C:\Program Files\dotnet\sdk\9.0.304\Sdks\Microsoft.NET.Sdk\targets\Microsoft.NET.Sdk.targets (1184,5)
       C:\Program Files\dotnet\sdk\9.0.304\Sdks\Microsoft.SourceLink.GitLab\build\Microsoft.SourceLink.GitLab.targets(12,5): message : Reasignaci├│n de propiedad: $(SourceLinkUrlInitializerTargets)=";_InitializeGitHubSourceLinkUrl;_InitializeGitLabSourceLinkUrl" (valor anterior: ";_InitializeGitHubSourceLinkUrl") en C:\Program Files\dotnet\sdk\9.0.304\Sdks\Microsoft.SourceLink.GitLab\build\Microsoft.SourceLink.GitLab.targets (12,5)
       C:\Program Files\dotnet\sdk\9.0.304\Sdks\Microsoft.SourceLink.GitLab\build\Microsoft.SourceLink.GitLab.targets(13,5): message : Reasignaci├│n de propiedad: $(SourceControlManagerUrlTranslationTargets)=";TranslateGitHubUrlsInSourceControlInformation;TranslateGitLabUrlsInSourceControlInformation" (valor anterior: ";TranslateGitHubUrlsInSourceControlInformation") en C:\Program Files\dotnet\sdk\9.0.304\Sdks\Microsoft.SourceLink.GitLab\build\Microsoft.SourceLink.GitLab.targets (13,5)
       C:\Program Files\dotnet\sdk\9.0.304\Sdks\Microsoft.SourceLink.AzureRepos.Git\build\Microsoft.SourceLink.AzureRepos.Git.targets(12,5): message : Reasignaci├│n de propiedad: $(SourceLinkUrlInitializerTargets)=";_InitializeGitHubSourceLinkUrl;_InitializeGitLabSourceLinkUrl;_InitializeAzureReposGitSourceLinkUrl" (valor anterior: ";_InitializeGitHubSourceLinkUrl;_InitializeGitLabSourceLinkUrl") en C:\Program Files\dotnet\sdk\9.0.304\Sdks\Microsoft.SourceLink.AzureRepos.Git\build\Microsoft.SourceLink.AzureRepos.Git.targets (12,5)
       C:\Program Files\dotnet\sdk\9.0.304\Sdks\Microsoft.SourceLink.AzureRepos.Git\build\Microsoft.SourceLink.AzureRepos.Git.targets(13,5): message : Reasignaci├│n de propiedad: $(SourceControlManagerUrlTranslationTargets)=";TranslateGitHubUrlsInSourceControlInformation;TranslateGitLabUrlsInSourceControlInformation;TranslateAzureReposGitUrlsInSourceControlInformation" (valor anterior: ";TranslateGitHubUrlsInSourceControlInformation;TranslateGitLabUrlsInSourceControlInformation") en C:\Program Files\dotnet\sdk\9.0.304\Sdks\Microsoft.SourceLink.AzureRepos.Git\build\Microsoft.SourceLink.AzureRepos.Git.targets (13,5)
       C:\Program Files\dotnet\sdk\9.0.304\Sdks\Microsoft.SourceLink.Bitbucket.Git\build\Microsoft.SourceLink.Bitbucket.Git.targets(12,5): message : Reasignaci├│n de propiedad: $(SourceLinkUrlInitializerTargets)=";_InitializeGitHubSourceLinkUrl;_InitializeGitLabSourceLinkUrl;_InitializeAzureReposGitSourceLinkUrl;_InitializeBitbucketGitSourceLinkUrl" (valor anterior: ";_InitializeGitHubSourceLinkUrl;_InitializeGitLabSourceLinkUrl;_InitializeAzureReposGitSourceLinkUrl") en C:\Program Files\dotnet\sdk\9.0.304\Sdks\Microsoft.SourceLink.Bitbucket.Git\build\Microsoft.SourceLink.Bitbucket.Git.targets (12,5)
       C:\Program Files\dotnet\sdk\9.0.304\Sdks\Microsoft.SourceLink.Bitbucket.Git\build\Microsoft.SourceLink.Bitbucket.Git.targets(13,5): message : Reasignaci├│n de propiedad: $(SourceControlManagerUrlTranslationTargets)=";TranslateGitHubUrlsInSourceControlInformation;TranslateGitLabUrlsInSourceControlInformation;TranslateAzureReposGitUrlsInSourceControlInformation;TranslateBitbucketGitUrlsInSourceControlInformation" (valor anterior: ";TranslateGitHubUrlsInSourceControlInformation;TranslateGitLabUrlsInSourceControlInformation;TranslateAzureReposGitUrlsInSourceControlInformation") en C:\Program Files\dotnet\sdk\9.0.304\Sdks\Microsoft.SourceLink.Bitbucket.Git\build\Microsoft.SourceLink.Bitbucket.Git.targets (13,5)
       C:\Program Files\dotnet\sdk\9.0.304\Sdks\Microsoft.NET.Sdk\targets\Microsoft.NET.DesignerSupport.targets(21,5): message : Reasignaci├│n de propiedad: $(DesignerRuntimeImplementationProjectOutputGroupDependsOn)="
       C:\Program Files\dotnet\sdk\9.0.304\Sdks\Microsoft.NET.Sdk\targets\Microsoft.NET.DesignerSupport.targets(21,5): message :       
       C:\Program Files\dotnet\sdk\9.0.304\Sdks\Microsoft.NET.Sdk\targets\Microsoft.NET.DesignerSupport.targets(21,5): message :       ;
       C:\Program Files\dotnet\sdk\9.0.304\Sdks\Microsoft.NET.Sdk\targets\Microsoft.NET.DesignerSupport.targets(21,5): message :       
       C:\Program Files\dotnet\sdk\9.0.304\Sdks\Microsoft.NET.Sdk\targets\Microsoft.NET.DesignerSupport.targets(21,5): message :       ;
       C:\Program Files\dotnet\sdk\9.0.304\Sdks\Microsoft.NET.Sdk\targets\Microsoft.NET.DesignerSupport.targets(21,5): message :       BuildOnlySettings;
       C:\Program Files\dotnet\sdk\9.0.304\Sdks\Microsoft.NET.Sdk\targets\Microsoft.NET.DesignerSupport.targets(21,5): message :       PrepareForBuild;
       C:\Program Files\dotnet\sdk\9.0.304\Sdks\Microsoft.NET.Sdk\targets\Microsoft.NET.DesignerSupport.targets(21,5): message :       AssignTargetPaths;
       C:\Program Files\dotnet\sdk\9.0.304\Sdks\Microsoft.NET.Sdk\targets\Microsoft.NET.DesignerSupport.targets(21,5): message :       ResolveReferences
       C:\Program Files\dotnet\sdk\9.0.304\Sdks\Microsoft.NET.Sdk\targets\Microsoft.NET.DesignerSupport.targets(21,5): message :     
       C:\Program Files\dotnet\sdk\9.0.304\Sdks\Microsoft.NET.Sdk\targets\Microsoft.NET.DesignerSupport.targets(21,5): message :     ;
       C:\Program Files\dotnet\sdk\9.0.304\Sdks\Microsoft.NET.Sdk\targets\Microsoft.NET.DesignerSupport.targets(21,5): message :       _GenerateDesignerDepsFile;
       C:\Program Files\dotnet\sdk\9.0.304\Sdks\Microsoft.NET.Sdk\targets\Microsoft.NET.DesignerSupport.targets(21,5): message :       _GenerateDesignerRuntimeConfigFile;
       C:\Program Files\dotnet\sdk\9.0.304\Sdks\Microsoft.NET.Sdk\targets\Microsoft.NET.DesignerSupport.targets(21,5): message :       GetCopyToOutputDirectoryItems;
       C:\Program Files\dotnet\sdk\9.0.304\Sdks\Microsoft.NET.Sdk\targets\Microsoft.NET.DesignerSupport.targets(21,5): message :       _GatherDesignerShadowCopyFiles;
       C:\Program Files\dotnet\sdk\9.0.304\Sdks\Microsoft.NET.Sdk\targets\Microsoft.NET.DesignerSupport.targets(21,5): message :     " (valor anterior: "
       C:\Program Files\dotnet\sdk\9.0.304\Sdks\Microsoft.NET.Sdk\targets\Microsoft.NET.DesignerSupport.targets(21,5): message :       ;
       C:\Program Files\dotnet\sdk\9.0.304\Sdks\Microsoft.NET.Sdk\targets\Microsoft.NET.DesignerSupport.targets(21,5): message :       
       C:\Program Files\dotnet\sdk\9.0.304\Sdks\Microsoft.NET.Sdk\targets\Microsoft.NET.DesignerSupport.targets(21,5): message :       ;
       C:\Program Files\dotnet\sdk\9.0.304\Sdks\Microsoft.NET.Sdk\targets\Microsoft.NET.DesignerSupport.targets(21,5): message :       BuildOnlySettings;
       C:\Program Files\dotnet\sdk\9.0.304\Sdks\Microsoft.NET.Sdk\targets\Microsoft.NET.DesignerSupport.targets(21,5): message :       PrepareForBuild;
       C:\Program Files\dotnet\sdk\9.0.304\Sdks\Microsoft.NET.Sdk\targets\Microsoft.NET.DesignerSupport.targets(21,5): message :       AssignTargetPaths;
       C:\Program Files\dotnet\sdk\9.0.304\Sdks\Microsoft.NET.Sdk\targets\Microsoft.NET.DesignerSupport.targets(21,5): message :       ResolveReferences
       C:\Program Files\dotnet\sdk\9.0.304\Sdks\Microsoft.NET.Sdk\targets\Microsoft.NET.DesignerSupport.targets(21,5): message :     
       C:\Program Files\dotnet\sdk\9.0.304\Sdks\Microsoft.NET.Sdk\targets\Microsoft.NET.DesignerSupport.targets(21,5): message :     ") en C:\Program Files\dotnet\sdk\9.0.304\Sdks\Microsoft.NET.Sdk\targets\Microsoft.NET.DesignerSupport.targets (21,5)
       C:\Program Files\dotnet\sdk\9.0.304\Sdks\Microsoft.NET.Sdk\targets\Microsoft.NET.PackTool.targets(68,5): message : Reasignaci├│n de propiedad: $(_GenerateToolsSettingsFileCacheFile)="C:\Users\PC\Downloads\Machly\Machly.Api\obj\Debug\net8.0\Machly.Api.toolssettingsinput.cache" (valor anterior: "obj\Debug\net8.0\Machly.Api.toolssettingsinput.cache") en C:\Program Files\dotnet\sdk\9.0.304\Sdks\Microsoft.NET.Sdk\targets\Microsoft.NET.PackTool.targets (68,5)
       C:\Program Files\dotnet\sdk\9.0.304\Sdks\Microsoft.NET.Sdk\targets\Microsoft.NET.PackTool.targets(137,5): message : Reasignaci├│n de propiedad: $(_ShimInputCacheFile)="C:\Users\PC\Downloads\Machly\Machly.Api\obj\Debug\net8.0\Machly.Api.shiminput.cache" (valor anterior: "obj\Debug\net8.0\Machly.Api.shiminput.cache") en C:\Program Files\dotnet\sdk\9.0.304\Sdks\Microsoft.NET.Sdk\targets\Microsoft.NET.PackTool.targets (137,5)
       C:\Program Files\dotnet\sdk\9.0.304\Sdks\Microsoft.NET.Sdk\targets\Microsoft.NET.PackTool.targets(139,5): message : Reasignaci├│n de propiedad: $(_ShimCreatedSentinelFile)="C:\Users\PC\Downloads\Machly\Machly.Api\obj\Debug\net8.0\Machly.Api.shimcreated.sentinel" (valor anterior: "obj\Debug\net8.0\Machly.Api.shimcreated.sentinel") en C:\Program Files\dotnet\sdk\9.0.304\Sdks\Microsoft.NET.Sdk\targets\Microsoft.NET.PackTool.targets (139,5)
       C:\Program Files\dotnet\sdk\9.0.304\Sdks\Microsoft.NET.Sdk\targets\Microsoft.NET.Sdk.CSharp.targets(31,5): message : Reasignaci├│n de propiedad: $(DefineConstants)="TRACE;DEBUG" (valor anterior: "TRACE") en C:\Program Files\dotnet\sdk\9.0.304\Sdks\Microsoft.NET.Sdk\targets\Microsoft.NET.Sdk.CSharp.targets (31,5)
       C:\Program Files\dotnet\sdk\9.0.304\Sdks\Microsoft.NET.Sdk\targets\Microsoft.NET.Sdk.CSharp.targets(34,5): message : Reasignaci├│n de propiedad: $(DefineConstants)="TRACE;DEBUG;NET;NET8_0;NETCOREAPP" (valor anterior: "TRACE;DEBUG") en C:\Program Files\dotnet\sdk\9.0.304\Sdks\Microsoft.NET.Sdk\targets\Microsoft.NET.Sdk.CSharp.targets (34,5)
       C:\Program Files\dotnet\sdk\9.0.304\Sdks\Microsoft.NET.Sdk\targets\Microsoft.NET.Sdk.CSharp.targets(48,5): message : Reasignaci├│n de propiedad: $(WarningsAsErrors)=";NU1605;SYSLIB0011" (valor anterior: ";NU1605") en C:\Program Files\dotnet\sdk\9.0.304\Sdks\Microsoft.NET.Sdk\targets\Microsoft.NET.Sdk.CSharp.targets (48,5)
       Ensamblado cargado durante Evaluation: System.Threading.ThreadPool, Version=9.0.0.0, Culture=neutral, PublicKeyToken=b03f5f7f11d50a3a(ubicaci├│n: C:\Program Files\dotnet\shared\Microsoft.NETCore.App\9.0.8\System.Threading.ThreadPool.dll, MVID: c4f95298-3b89-4a58-82e5-ab50e4ff94a8, AssemblyLoadContext: Default)
       C:\Program Files\dotnet\sdk\9.0.304\Sdks\NuGet.Build.Tasks.Pack\build\NuGet.Build.Tasks.Pack.targets(34,5): message : Reasignaci├│n de propiedad: $(PackageDescription)="Package Description" (valor anterior: "") en C:\Program Files\dotnet\sdk\9.0.304\Sdks\NuGet.Build.Tasks.Pack\build\NuGet.Build.Tasks.Pack.targets (34,5)
       C:\Program Files\dotnet\sdk\9.0.304\Sdks\NuGet.Build.Tasks.Pack\build\NuGet.Build.Tasks.Pack.targets(59,5): message : Reasignaci├│n de propiedad: $(GenerateNuspecDependsOn)="Build;_LoadPackInputItems; _GetTargetFrameworksOutput; _WalkEachTargetPerFramework; _GetPackageFiles; " (valor anterior: "_LoadPackInputItems; _GetTargetFrameworksOutput; _WalkEachTargetPerFramework; _GetPackageFiles; ") en C:\Program Files\dotnet\sdk\9.0.304\Sdks\NuGet.Build.Tasks.Pack\build\NuGet.Build.Tasks.Pack.targets (59,5)
       C:\Program Files\dotnet\sdk\9.0.304\Sdks\Microsoft.NET.Sdk\Sdk\Sdk.targets(60,5): message : Reasignaci├│n de propiedad: $(_IsNotSetContainersTargetsDir)="true" (valor anterior: "false") en C:\Program Files\dotnet\sdk\9.0.304\Sdks\Microsoft.NET.Sdk\Sdk\Sdk.targets (60,5)
       C:\Program Files\dotnet\sdk\9.0.304\Containers\build\Microsoft.NET.Build.Containers.targets(5,5): message : Reasignaci├│n de propiedad: $(_IsSDKContainerAllowedVersion)="true" (valor anterior: "false") en C:\Program Files\dotnet\sdk\9.0.304\Containers\build\Microsoft.NET.Build.Containers.targets (5,5)
       C:\Program Files\dotnet\sdk\9.0.304\Containers\build\Microsoft.NET.Build.Containers.targets(15,5): message : Reasignaci├│n de propiedad: $(_ContainerIsTargetingNet8TFM)="true" (valor anterior: "false") en C:\Program Files\dotnet\sdk\9.0.304\Containers\build\Microsoft.NET.Build.Containers.targets (15,5)
       C:\Program Files\dotnet\sdk\9.0.304\Sdks\Microsoft.NET.Sdk.StaticWebAssets\targets\Sdk.StaticWebAssets.CurrentVersion.targets(37,18): message : Propiedad "DOTNET_HOST_PATH" con el valor "C:\Program Files\dotnet\dotnet.exe" expandido desde el entorno.
       C:\Program Files\dotnet\sdk\9.0.304\Sdks\Microsoft.NET.Sdk.StaticWebAssets\targets\Microsoft.NET.Sdk.StaticWebAssets.targets(286,5): message : Reasignaci├│n de propiedad: $(PrepareForRunDependsOn)="StaticWebAssetsPrepareForRun;
       C:\Program Files\dotnet\sdk\9.0.304\Sdks\Microsoft.NET.Sdk.StaticWebAssets\targets\Microsoft.NET.Sdk.StaticWebAssets.targets(286,5): message :       CopyFilesToOutputDirectory
       C:\Program Files\dotnet\sdk\9.0.304\Sdks\Microsoft.NET.Sdk.StaticWebAssets\targets\Microsoft.NET.Sdk.StaticWebAssets.targets(286,5): message :     " (valor anterior: "
       C:\Program Files\dotnet\sdk\9.0.304\Sdks\Microsoft.NET.Sdk.StaticWebAssets\targets\Microsoft.NET.Sdk.StaticWebAssets.targets(286,5): message :       CopyFilesToOutputDirectory
       C:\Program Files\dotnet\sdk\9.0.304\Sdks\Microsoft.NET.Sdk.StaticWebAssets\targets\Microsoft.NET.Sdk.StaticWebAssets.targets(286,5): message :     ") en C:\Program Files\dotnet\sdk\9.0.304\Sdks\Microsoft.NET.Sdk.StaticWebAssets\targets\Microsoft.NET.Sdk.StaticWebAssets.targets (286,5)
       C:\Program Files\dotnet\sdk\9.0.304\Sdks\Microsoft.NET.Sdk.StaticWebAssets\targets\Microsoft.NET.Sdk.StaticWebAssets.targets(323,5): message : Reasignaci├│n de propiedad: $(GetCopyToOutputDirectoryItemsDependsOn)="
       C:\Program Files\dotnet\sdk\9.0.304\Sdks\Microsoft.NET.Sdk.StaticWebAssets\targets\Microsoft.NET.Sdk.StaticWebAssets.targets(323,5): message :       AssignTargetPaths;
       C:\Program Files\dotnet\sdk\9.0.304\Sdks\Microsoft.NET.Sdk.StaticWebAssets\targets\Microsoft.NET.Sdk.StaticWebAssets.targets(323,5): message :       
       C:\Program Files\dotnet\sdk\9.0.304\Sdks\Microsoft.NET.Sdk.StaticWebAssets\targets\Microsoft.NET.Sdk.StaticWebAssets.targets(323,5): message :       AssignProjectConfiguration;
       C:\Program Files\dotnet\sdk\9.0.304\Sdks\Microsoft.NET.Sdk.StaticWebAssets\targets\Microsoft.NET.Sdk.StaticWebAssets.targets(323,5): message :       _SplitProjectReferencesByFileExistence
       C:\Program Files\dotnet\sdk\9.0.304\Sdks\Microsoft.NET.Sdk.StaticWebAssets\targets\Microsoft.NET.Sdk.StaticWebAssets.targets(323,5): message :     ;
       C:\Program Files\dotnet\sdk\9.0.304\Sdks\Microsoft.NET.Sdk.StaticWebAssets\targets\Microsoft.NET.Sdk.StaticWebAssets.targets(323,5): message :       _GetProjectReferenceTargetFrameworkProperties;
       C:\Program Files\dotnet\sdk\9.0.304\Sdks\Microsoft.NET.Sdk.StaticWebAssets\targets\Microsoft.NET.Sdk.StaticWebAssets.targets(323,5): message :       _PopulateCommonStateForGetCopyToOutputDirectoryItems
       C:\Program Files\dotnet\sdk\9.0.304\Sdks\Microsoft.NET.Sdk.StaticWebAssets\targets\Microsoft.NET.Sdk.StaticWebAssets.targets(323,5): message :     ;AddStaticWebAssetsManifest;AddStaticWebAssetEndpointsBuildManifest" (valor anterior: "
       C:\Program Files\dotnet\sdk\9.0.304\Sdks\Microsoft.NET.Sdk.StaticWebAssets\targets\Microsoft.NET.Sdk.StaticWebAssets.targets(323,5): message :       AssignTargetPaths;
       C:\Program Files\dotnet\sdk\9.0.304\Sdks\Microsoft.NET.Sdk.StaticWebAssets\targets\Microsoft.NET.Sdk.StaticWebAssets.targets(323,5): message :       
       C:\Program Files\dotnet\sdk\9.0.304\Sdks\Microsoft.NET.Sdk.StaticWebAssets\targets\Microsoft.NET.Sdk.StaticWebAssets.targets(323,5): message :       AssignProjectConfiguration;
       C:\Program Files\dotnet\sdk\9.0.304\Sdks\Microsoft.NET.Sdk.StaticWebAssets\targets\Microsoft.NET.Sdk.StaticWebAssets.targets(323,5): message :       _SplitProjectReferencesByFileExistence
       C:\Program Files\dotnet\sdk\9.0.304\Sdks\Microsoft.NET.Sdk.StaticWebAssets\targets\Microsoft.NET.Sdk.StaticWebAssets.targets(323,5): message :     ;
       C:\Program Files\dotnet\sdk\9.0.304\Sdks\Microsoft.NET.Sdk.StaticWebAssets\targets\Microsoft.NET.Sdk.StaticWebAssets.targets(323,5): message :       _GetProjectReferenceTargetFrameworkProperties;
       C:\Program Files\dotnet\sdk\9.0.304\Sdks\Microsoft.NET.Sdk.StaticWebAssets\targets\Microsoft.NET.Sdk.StaticWebAssets.targets(323,5): message :       _PopulateCommonStateForGetCopyToOutputDirectoryItems
       C:\Program Files\dotnet\sdk\9.0.304\Sdks\Microsoft.NET.Sdk.StaticWebAssets\targets\Microsoft.NET.Sdk.StaticWebAssets.targets(323,5): message :     ") en C:\Program Files\dotnet\sdk\9.0.304\Sdks\Microsoft.NET.Sdk.StaticWebAssets\targets\Microsoft.NET.Sdk.StaticWebAssets.targets (323,5)
       C:\Program Files\dotnet\sdk\9.0.304\Sdks\Microsoft.NET.Sdk.StaticWebAssets\targets\Microsoft.NET.Sdk.StaticWebAssets.Pack.targets(46,5): message : Reasignaci├│n de propiedad: $(GenerateNuspecDependsOn)="
       C:\Program Files\dotnet\sdk\9.0.304\Sdks\Microsoft.NET.Sdk.StaticWebAssets\targets\Microsoft.NET.Sdk.StaticWebAssets.Pack.targets(46,5): message :       IncludeStaticWebAssetsPackItems;
       C:\Program Files\dotnet\sdk\9.0.304\Sdks\Microsoft.NET.Sdk.StaticWebAssets\targets\Microsoft.NET.Sdk.StaticWebAssets.Pack.targets(46,5): message :       Build;_LoadPackInputItems; _GetTargetFrameworksOutput; _WalkEachTargetPerFramework; _GetPackageFiles; ;
       C:\Program Files\dotnet\sdk\9.0.304\Sdks\Microsoft.NET.Sdk.StaticWebAssets\targets\Microsoft.NET.Sdk.StaticWebAssets.Pack.targets(46,5): message :     " (valor anterior: "Build;_LoadPackInputItems; _GetTargetFrameworksOutput; _WalkEachTargetPerFramework; _GetPackageFiles; ") en C:\Program Files\dotnet\sdk\9.0.304\Sdks\Microsoft.NET.Sdk.StaticWebAssets\targets\Microsoft.NET.Sdk.StaticWebAssets.Pack.targets (46,5)
       C:\Program Files\dotnet\sdk\9.0.304\Sdks\Microsoft.NET.Sdk.StaticWebAssets\targets\Microsoft.NET.Sdk.StaticWebAssets.Pack.targets(55,5): message : Reasignaci├│n de propiedad: $(IncludeStaticWebAssetsPackItemsDependsOn)="
       C:\Program Files\dotnet\sdk\9.0.304\Sdks\Microsoft.NET.Sdk.StaticWebAssets\targets\Microsoft.NET.Sdk.StaticWebAssets.Pack.targets(55,5): message :       Build;
       C:\Program Files\dotnet\sdk\9.0.304\Sdks\Microsoft.NET.Sdk.StaticWebAssets\targets\Microsoft.NET.Sdk.StaticWebAssets.Pack.targets(55,5): message :       ResolveStaticWebAssetsConfiguration;LoadStaticWebAssetsBuildManifest
       C:\Program Files\dotnet\sdk\9.0.304\Sdks\Microsoft.NET.Sdk.StaticWebAssets\targets\Microsoft.NET.Sdk.StaticWebAssets.Pack.targets(55,5): message :     ;
       C:\Program Files\dotnet\sdk\9.0.304\Sdks\Microsoft.NET.Sdk.StaticWebAssets\targets\Microsoft.NET.Sdk.StaticWebAssets.Pack.targets(55,5): message :     " (valor anterior: "
       C:\Program Files\dotnet\sdk\9.0.304\Sdks\Microsoft.NET.Sdk.StaticWebAssets\targets\Microsoft.NET.Sdk.StaticWebAssets.Pack.targets(55,5): message :       ResolveStaticWebAssetsConfiguration;LoadStaticWebAssetsBuildManifest
       C:\Program Files\dotnet\sdk\9.0.304\Sdks\Microsoft.NET.Sdk.StaticWebAssets\targets\Microsoft.NET.Sdk.StaticWebAssets.Pack.targets(55,5): message :     ") en C:\Program Files\dotnet\sdk\9.0.304\Sdks\Microsoft.NET.Sdk.StaticWebAssets\targets\Microsoft.NET.Sdk.StaticWebAssets.Pack.targets (55,5)
       C:\Program Files\dotnet\sdk\9.0.304\Sdks\Microsoft.NET.Sdk.StaticWebAssets\targets\Microsoft.NET.Sdk.StaticWebAssets.ScopedCss.targets(55,3): message : Reasignaci├│n de propiedad: $(ResolveStaticWebAssetsInputsDependsOn)="
       C:\Program Files\dotnet\sdk\9.0.304\Sdks\Microsoft.NET.Sdk.StaticWebAssets\targets\Microsoft.NET.Sdk.StaticWebAssets.ScopedCss.targets(55,3): message :     
       C:\Program Files\dotnet\sdk\9.0.304\Sdks\Microsoft.NET.Sdk.StaticWebAssets\targets\Microsoft.NET.Sdk.StaticWebAssets.ScopedCss.targets(55,3): message :       ResolveCoreStaticWebAssets;
       C:\Program Files\dotnet\sdk\9.0.304\Sdks\Microsoft.NET.Sdk.StaticWebAssets\targets\Microsoft.NET.Sdk.StaticWebAssets.ScopedCss.targets(55,3): message :       GenerateComputedBuildStaticWebAssets;
       C:\Program Files\dotnet\sdk\9.0.304\Sdks\Microsoft.NET.Sdk.StaticWebAssets\targets\Microsoft.NET.Sdk.StaticWebAssets.ScopedCss.targets(55,3): message :       
       C:\Program Files\dotnet\sdk\9.0.304\Sdks\Microsoft.NET.Sdk.StaticWebAssets\targets\Microsoft.NET.Sdk.StaticWebAssets.ScopedCss.targets(55,3): message :     ;
       C:\Program Files\dotnet\sdk\9.0.304\Sdks\Microsoft.NET.Sdk.StaticWebAssets\targets\Microsoft.NET.Sdk.StaticWebAssets.ScopedCss.targets(55,3): message :     ResolveScopedCssAssets;
       C:\Program Files\dotnet\sdk\9.0.304\Sdks\Microsoft.NET.Sdk.StaticWebAssets\targets\Microsoft.NET.Sdk.StaticWebAssets.ScopedCss.targets(55,3): message :   " (valor anterior: "
       C:\Program Files\dotnet\sdk\9.0.304\Sdks\Microsoft.NET.Sdk.StaticWebAssets\targets\Microsoft.NET.Sdk.StaticWebAssets.ScopedCss.targets(55,3): message :       ResolveCoreStaticWebAssets;
       C:\Program Files\dotnet\sdk\9.0.304\Sdks\Microsoft.NET.Sdk.StaticWebAssets\targets\Microsoft.NET.Sdk.StaticWebAssets.ScopedCss.targets(55,3): message :       GenerateComputedBuildStaticWebAssets;
       C:\Program Files\dotnet\sdk\9.0.304\Sdks\Microsoft.NET.Sdk.StaticWebAssets\targets\Microsoft.NET.Sdk.StaticWebAssets.ScopedCss.targets(55,3): message :       
       C:\Program Files\dotnet\sdk\9.0.304\Sdks\Microsoft.NET.Sdk.StaticWebAssets\targets\Microsoft.NET.Sdk.StaticWebAssets.ScopedCss.targets(55,3): message :     ") en C:\Program Files\dotnet\sdk\9.0.304\Sdks\Microsoft.NET.Sdk.StaticWebAssets\targets\Microsoft.NET.Sdk.StaticWebAssets.ScopedCss.targets (55,3)
       C:\Program Files\dotnet\sdk\9.0.304\Sdks\Microsoft.NET.Sdk.StaticWebAssets\targets\Microsoft.NET.Sdk.StaticWebAssets.ScopedCss.targets(88,3): message : Reasignaci├│n de propiedad: $(GenerateComputedBuildStaticWebAssetsDependsOn)="
       C:\Program Files\dotnet\sdk\9.0.304\Sdks\Microsoft.NET.Sdk.StaticWebAssets\targets\Microsoft.NET.Sdk.StaticWebAssets.ScopedCss.targets(88,3): message :     ResolveCoreStaticWebAssets;;
       C:\Program Files\dotnet\sdk\9.0.304\Sdks\Microsoft.NET.Sdk.StaticWebAssets\targets\Microsoft.NET.Sdk.StaticWebAssets.ScopedCss.targets(88,3): message :     BundleScopedCssFiles;
       C:\Program Files\dotnet\sdk\9.0.304\Sdks\Microsoft.NET.Sdk.StaticWebAssets\targets\Microsoft.NET.Sdk.StaticWebAssets.ScopedCss.targets(88,3): message :   " (valor anterior: "ResolveCoreStaticWebAssets;") en C:\Program Files\dotnet\sdk\9.0.304\Sdks\Microsoft.NET.Sdk.StaticWebAssets\targets\Microsoft.NET.Sdk.StaticWebAssets.ScopedCss.targets (88,3)
       Ensamblado cargado durante Evaluation: System.Net.Sockets, Version=9.0.0.0, Culture=neutral, PublicKeyToken=b03f5f7f11d50a3a(ubicaci├│n: C:\Program Files\dotnet\shared\Microsoft.NETCore.App\9.0.8\System.Net.Sockets.dll, MVID: 61e24c92-881c-4511-af71-0400dda403a7, AssemblyLoadContext: Default)
       C:\Program Files\dotnet\sdk\9.0.304\Sdks\Microsoft.NET.Sdk.StaticWebAssets\targets\Microsoft.NET.Sdk.StaticWebAssets.JSModules.targets(37,5): message : Reasignaci├│n de propiedad: $(ResolveCoreStaticWebAssetsDependsOn)="
       C:\Program Files\dotnet\sdk\9.0.304\Sdks\Microsoft.NET.Sdk.StaticWebAssets\targets\Microsoft.NET.Sdk.StaticWebAssets.JSModules.targets(37,5): message :       
       C:\Program Files\dotnet\sdk\9.0.304\Sdks\Microsoft.NET.Sdk.StaticWebAssets\targets\Microsoft.NET.Sdk.StaticWebAssets.JSModules.targets(37,5): message :       UpdateExistingPackageStaticWebAssets;
       C:\Program Files\dotnet\sdk\9.0.304\Sdks\Microsoft.NET.Sdk.StaticWebAssets\targets\Microsoft.NET.Sdk.StaticWebAssets.JSModules.targets(37,5): message :       ResolveProjectStaticWebAssets;
       C:\Program Files\dotnet\sdk\9.0.304\Sdks\Microsoft.NET.Sdk.StaticWebAssets\targets\Microsoft.NET.Sdk.StaticWebAssets.JSModules.targets(37,5): message :       ResolveEmbeddedProjectsStaticWebAssets;
       C:\Program Files\dotnet\sdk\9.0.304\Sdks\Microsoft.NET.Sdk.StaticWebAssets\targets\Microsoft.NET.Sdk.StaticWebAssets.JSModules.targets(37,5): message :       ResolveReferencedProjectsStaticWebAssets;
       C:\Program Files\dotnet\sdk\9.0.304\Sdks\Microsoft.NET.Sdk.StaticWebAssets\targets\Microsoft.NET.Sdk.StaticWebAssets.JSModules.targets(37,5): message :       ;
       C:\Program Files\dotnet\sdk\9.0.304\Sdks\Microsoft.NET.Sdk.StaticWebAssets\targets\Microsoft.NET.Sdk.StaticWebAssets.JSModules.targets(37,5): message :     ;
       C:\Program Files\dotnet\sdk\9.0.304\Sdks\Microsoft.NET.Sdk.StaticWebAssets\targets\Microsoft.NET.Sdk.StaticWebAssets.JSModules.targets(37,5): message :       ResolveJsInitializerModuleStaticWebAssets;
       C:\Program Files\dotnet\sdk\9.0.304\Sdks\Microsoft.NET.Sdk.StaticWebAssets\targets\Microsoft.NET.Sdk.StaticWebAssets.JSModules.targets(37,5): message :     " (valor anterior: "
       C:\Program Files\dotnet\sdk\9.0.304\Sdks\Microsoft.NET.Sdk.StaticWebAssets\targets\Microsoft.NET.Sdk.StaticWebAssets.JSModules.targets(37,5): message :       UpdateExistingPackageStaticWebAssets;
       C:\Program Files\dotnet\sdk\9.0.304\Sdks\Microsoft.NET.Sdk.StaticWebAssets\targets\Microsoft.NET.Sdk.StaticWebAssets.JSModules.targets(37,5): message :       ResolveProjectStaticWebAssets;
       C:\Program Files\dotnet\sdk\9.0.304\Sdks\Microsoft.NET.Sdk.StaticWebAssets\targets\Microsoft.NET.Sdk.StaticWebAssets.JSModules.targets(37,5): message :       ResolveEmbeddedProjectsStaticWebAssets;
       C:\Program Files\dotnet\sdk\9.0.304\Sdks\Microsoft.NET.Sdk.StaticWebAssets\targets\Microsoft.NET.Sdk.StaticWebAssets.JSModules.targets(37,5): message :       ResolveReferencedProjectsStaticWebAssets;
       C:\Program Files\dotnet\sdk\9.0.304\Sdks\Microsoft.NET.Sdk.StaticWebAssets\targets\Microsoft.NET.Sdk.StaticWebAssets.JSModules.targets(37,5): message :       ;
       C:\Program Files\dotnet\sdk\9.0.304\Sdks\Microsoft.NET.Sdk.StaticWebAssets\targets\Microsoft.NET.Sdk.StaticWebAssets.JSModules.targets(37,5): message :     ") en C:\Program Files\dotnet\sdk\9.0.304\Sdks\Microsoft.NET.Sdk.StaticWebAssets\targets\Microsoft.NET.Sdk.StaticWebAssets.JSModules.targets (37,5)
       C:\Program Files\dotnet\sdk\9.0.304\Sdks\Microsoft.NET.Sdk.StaticWebAssets\targets\Microsoft.NET.Sdk.StaticWebAssets.JSModules.targets(42,5): message : Reasignaci├│n de propiedad: $(ResolveCoreStaticWebAssetsDependsOn)="
       C:\Program Files\dotnet\sdk\9.0.304\Sdks\Microsoft.NET.Sdk.StaticWebAssets\targets\Microsoft.NET.Sdk.StaticWebAssets.JSModules.targets(42,5): message :       
       C:\Program Files\dotnet\sdk\9.0.304\Sdks\Microsoft.NET.Sdk.StaticWebAssets\targets\Microsoft.NET.Sdk.StaticWebAssets.JSModules.targets(42,5): message :       
       C:\Program Files\dotnet\sdk\9.0.304\Sdks\Microsoft.NET.Sdk.StaticWebAssets\targets\Microsoft.NET.Sdk.StaticWebAssets.JSModules.targets(42,5): message :       UpdateExistingPackageStaticWebAssets;
       C:\Program Files\dotnet\sdk\9.0.304\Sdks\Microsoft.NET.Sdk.StaticWebAssets\targets\Microsoft.NET.Sdk.StaticWebAssets.JSModules.targets(42,5): message :       ResolveProjectStaticWebAssets;
       C:\Program Files\dotnet\sdk\9.0.304\Sdks\Microsoft.NET.Sdk.StaticWebAssets\targets\Microsoft.NET.Sdk.StaticWebAssets.JSModules.targets(42,5): message :       ResolveEmbeddedProjectsStaticWebAssets;
       C:\Program Files\dotnet\sdk\9.0.304\Sdks\Microsoft.NET.Sdk.StaticWebAssets\targets\Microsoft.NET.Sdk.StaticWebAssets.JSModules.targets(42,5): message :       ResolveReferencedProjectsStaticWebAssets;
       C:\Program Files\dotnet\sdk\9.0.304\Sdks\Microsoft.NET.Sdk.StaticWebAssets\targets\Microsoft.NET.Sdk.StaticWebAssets.JSModules.targets(42,5): message :       ;
       C:\Program Files\dotnet\sdk\9.0.304\Sdks\Microsoft.NET.Sdk.StaticWebAssets\targets\Microsoft.NET.Sdk.StaticWebAssets.JSModules.targets(42,5): message :     ;
       C:\Program Files\dotnet\sdk\9.0.304\Sdks\Microsoft.NET.Sdk.StaticWebAssets\targets\Microsoft.NET.Sdk.StaticWebAssets.JSModules.targets(42,5): message :       ResolveJsInitializerModuleStaticWebAssets;
       C:\Program Files\dotnet\sdk\9.0.304\Sdks\Microsoft.NET.Sdk.StaticWebAssets\targets\Microsoft.NET.Sdk.StaticWebAssets.JSModules.targets(42,5): message :     ;
       C:\Program Files\dotnet\sdk\9.0.304\Sdks\Microsoft.NET.Sdk.StaticWebAssets\targets\Microsoft.NET.Sdk.StaticWebAssets.JSModules.targets(42,5): message :       ResolveJSModuleStaticWebAssets;
       C:\Program Files\dotnet\sdk\9.0.304\Sdks\Microsoft.NET.Sdk.StaticWebAssets\targets\Microsoft.NET.Sdk.StaticWebAssets.JSModules.targets(42,5): message :     " (valor anterior: "
       C:\Program Files\dotnet\sdk\9.0.304\Sdks\Microsoft.NET.Sdk.StaticWebAssets\targets\Microsoft.NET.Sdk.StaticWebAssets.JSModules.targets(42,5): message :       
       C:\Program Files\dotnet\sdk\9.0.304\Sdks\Microsoft.NET.Sdk.StaticWebAssets\targets\Microsoft.NET.Sdk.StaticWebAssets.JSModules.targets(42,5): message :       UpdateExistingPackageStaticWebAssets;
       C:\Program Files\dotnet\sdk\9.0.304\Sdks\Microsoft.NET.Sdk.StaticWebAssets\targets\Microsoft.NET.Sdk.StaticWebAssets.JSModules.targets(42,5): message :       ResolveProjectStaticWebAssets;
       C:\Program Files\dotnet\sdk\9.0.304\Sdks\Microsoft.NET.Sdk.StaticWebAssets\targets\Microsoft.NET.Sdk.StaticWebAssets.JSModules.targets(42,5): message :       ResolveEmbeddedProjectsStaticWebAssets;
       C:\Program Files\dotnet\sdk\9.0.304\Sdks\Microsoft.NET.Sdk.StaticWebAssets\targets\Microsoft.NET.Sdk.StaticWebAssets.JSModules.targets(42,5): message :       ResolveReferencedProjectsStaticWebAssets;
       C:\Program Files\dotnet\sdk\9.0.304\Sdks\Microsoft.NET.Sdk.StaticWebAssets\targets\Microsoft.NET.Sdk.StaticWebAssets.JSModules.targets(42,5): message :       ;
       C:\Program Files\dotnet\sdk\9.0.304\Sdks\Microsoft.NET.Sdk.StaticWebAssets\targets\Microsoft.NET.Sdk.StaticWebAssets.JSModules.targets(42,5): message :     ;
       C:\Program Files\dotnet\sdk\9.0.304\Sdks\Microsoft.NET.Sdk.StaticWebAssets\targets\Microsoft.NET.Sdk.StaticWebAssets.JSModules.targets(42,5): message :       ResolveJsInitializerModuleStaticWebAssets;
       C:\Program Files\dotnet\sdk\9.0.304\Sdks\Microsoft.NET.Sdk.StaticWebAssets\targets\Microsoft.NET.Sdk.StaticWebAssets.JSModules.targets(42,5): message :     ") en C:\Program Files\dotnet\sdk\9.0.304\Sdks\Microsoft.NET.Sdk.StaticWebAssets\targets\Microsoft.NET.Sdk.StaticWebAssets.JSModules.targets (42,5)
       C:\Program Files\dotnet\sdk\9.0.304\Sdks\Microsoft.NET.Sdk.StaticWebAssets\targets\Microsoft.NET.Sdk.StaticWebAssets.JSModules.targets(57,5): message : Reasignaci├│n de propiedad: $(ResolveStaticWebAssetsInputsDependsOn)="
       C:\Program Files\dotnet\sdk\9.0.304\Sdks\Microsoft.NET.Sdk.StaticWebAssets\targets\Microsoft.NET.Sdk.StaticWebAssets.JSModules.targets(57,5): message :       ResolveJSModuleManifestBuildStaticWebAssets;
       C:\Program Files\dotnet\sdk\9.0.304\Sdks\Microsoft.NET.Sdk.StaticWebAssets\targets\Microsoft.NET.Sdk.StaticWebAssets.JSModules.targets(57,5): message :       
       C:\Program Files\dotnet\sdk\9.0.304\Sdks\Microsoft.NET.Sdk.StaticWebAssets\targets\Microsoft.NET.Sdk.StaticWebAssets.JSModules.targets(57,5): message :     
       C:\Program Files\dotnet\sdk\9.0.304\Sdks\Microsoft.NET.Sdk.StaticWebAssets\targets\Microsoft.NET.Sdk.StaticWebAssets.JSModules.targets(57,5): message :       ResolveCoreStaticWebAssets;
       C:\Program Files\dotnet\sdk\9.0.304\Sdks\Microsoft.NET.Sdk.StaticWebAssets\targets\Microsoft.NET.Sdk.StaticWebAssets.JSModules.targets(57,5): message :       GenerateComputedBuildStaticWebAssets;
       C:\Program Files\dotnet\sdk\9.0.304\Sdks\Microsoft.NET.Sdk.StaticWebAssets\targets\Microsoft.NET.Sdk.StaticWebAssets.JSModules.targets(57,5): message :       
       C:\Program Files\dotnet\sdk\9.0.304\Sdks\Microsoft.NET.Sdk.StaticWebAssets\targets\Microsoft.NET.Sdk.StaticWebAssets.JSModules.targets(57,5): message :     ;
       C:\Program Files\dotnet\sdk\9.0.304\Sdks\Microsoft.NET.Sdk.StaticWebAssets\targets\Microsoft.NET.Sdk.StaticWebAssets.JSModules.targets(57,5): message :     ResolveScopedCssAssets;
       C:\Program Files\dotnet\sdk\9.0.304\Sdks\Microsoft.NET.Sdk.StaticWebAssets\targets\Microsoft.NET.Sdk.StaticWebAssets.JSModules.targets(57,5): message :   
       C:\Program Files\dotnet\sdk\9.0.304\Sdks\Microsoft.NET.Sdk.StaticWebAssets\targets\Microsoft.NET.Sdk.StaticWebAssets.JSModules.targets(57,5): message :     " (valor anterior: "
       C:\Program Files\dotnet\sdk\9.0.304\Sdks\Microsoft.NET.Sdk.StaticWebAssets\targets\Microsoft.NET.Sdk.StaticWebAssets.JSModules.targets(57,5): message :     
       C:\Program Files\dotnet\sdk\9.0.304\Sdks\Microsoft.NET.Sdk.StaticWebAssets\targets\Microsoft.NET.Sdk.StaticWebAssets.JSModules.targets(57,5): message :       ResolveCoreStaticWebAssets;
       C:\Program Files\dotnet\sdk\9.0.304\Sdks\Microsoft.NET.Sdk.StaticWebAssets\targets\Microsoft.NET.Sdk.StaticWebAssets.JSModules.targets(57,5): message :       GenerateComputedBuildStaticWebAssets;
       C:\Program Files\dotnet\sdk\9.0.304\Sdks\Microsoft.NET.Sdk.StaticWebAssets\targets\Microsoft.NET.Sdk.StaticWebAssets.JSModules.targets(57,5): message :       
       C:\Program Files\dotnet\sdk\9.0.304\Sdks\Microsoft.NET.Sdk.StaticWebAssets\targets\Microsoft.NET.Sdk.StaticWebAssets.JSModules.targets(57,5): message :     ;
       C:\Program Files\dotnet\sdk\9.0.304\Sdks\Microsoft.NET.Sdk.StaticWebAssets\targets\Microsoft.NET.Sdk.StaticWebAssets.JSModules.targets(57,5): message :     ResolveScopedCssAssets;
       C:\Program Files\dotnet\sdk\9.0.304\Sdks\Microsoft.NET.Sdk.StaticWebAssets\targets\Microsoft.NET.Sdk.StaticWebAssets.JSModules.targets(57,5): message :   ") en C:\Program Files\dotnet\sdk\9.0.304\Sdks\Microsoft.NET.Sdk.StaticWebAssets\targets\Microsoft.NET.Sdk.StaticWebAssets.JSModules.targets (57,5)
       C:\Program Files\dotnet\sdk\9.0.304\Sdks\Microsoft.NET.Sdk.StaticWebAssets\targets\Microsoft.NET.Sdk.StaticWebAssets.JSModules.targets(76,5): message : Reasignaci├│n de propiedad: $(ResolvePublishStaticWebAssetsDependsOn)="
       C:\Program Files\dotnet\sdk\9.0.304\Sdks\Microsoft.NET.Sdk.StaticWebAssets\targets\Microsoft.NET.Sdk.StaticWebAssets.JSModules.targets(76,5): message :       ResolveJSModuleManifestPublishStaticWebAssets;
       C:\Program Files\dotnet\sdk\9.0.304\Sdks\Microsoft.NET.Sdk.StaticWebAssets\targets\Microsoft.NET.Sdk.StaticWebAssets.JSModules.targets(76,5): message :       
       C:\Program Files\dotnet\sdk\9.0.304\Sdks\Microsoft.NET.Sdk.StaticWebAssets\targets\Microsoft.NET.Sdk.StaticWebAssets.JSModules.targets(76,5): message :       ResolveCorePublishStaticWebAssets;
       C:\Program Files\dotnet\sdk\9.0.304\Sdks\Microsoft.NET.Sdk.StaticWebAssets\targets\Microsoft.NET.Sdk.StaticWebAssets.JSModules.targets(76,5): message :       GenerateComputedPublishStaticWebAssets;
       C:\Program Files\dotnet\sdk\9.0.304\Sdks\Microsoft.NET.Sdk.StaticWebAssets\targets\Microsoft.NET.Sdk.StaticWebAssets.JSModules.targets(76,5): message :       ;
       C:\Program Files\dotnet\sdk\9.0.304\Sdks\Microsoft.NET.Sdk.StaticWebAssets\targets\Microsoft.NET.Sdk.StaticWebAssets.JSModules.targets(76,5): message :     
       C:\Program Files\dotnet\sdk\9.0.304\Sdks\Microsoft.NET.Sdk.StaticWebAssets\targets\Microsoft.NET.Sdk.StaticWebAssets.JSModules.targets(76,5): message :     " (valor anterior: "
       C:\Program Files\dotnet\sdk\9.0.304\Sdks\Microsoft.NET.Sdk.StaticWebAssets\targets\Microsoft.NET.Sdk.StaticWebAssets.JSModules.targets(76,5): message :       ResolveCorePublishStaticWebAssets;
       C:\Program Files\dotnet\sdk\9.0.304\Sdks\Microsoft.NET.Sdk.StaticWebAssets\targets\Microsoft.NET.Sdk.StaticWebAssets.JSModules.targets(76,5): message :       GenerateComputedPublishStaticWebAssets;
       C:\Program Files\dotnet\sdk\9.0.304\Sdks\Microsoft.NET.Sdk.StaticWebAssets\targets\Microsoft.NET.Sdk.StaticWebAssets.JSModules.targets(76,5): message :       ;
       C:\Program Files\dotnet\sdk\9.0.304\Sdks\Microsoft.NET.Sdk.StaticWebAssets\targets\Microsoft.NET.Sdk.StaticWebAssets.JSModules.targets(76,5): message :     ") en C:\Program Files\dotnet\sdk\9.0.304\Sdks\Microsoft.NET.Sdk.StaticWebAssets\targets\Microsoft.NET.Sdk.StaticWebAssets.JSModules.targets (76,5)
       C:\Program Files\dotnet\sdk\9.0.304\Sdks\Microsoft.NET.Sdk.StaticWebAssets\targets\Microsoft.NET.Sdk.StaticWebAssets.Compression.targets(179,5): message : Reasignaci├│n de propiedad: $(ResolveBuildRelatedStaticWebAssetsDependsOn)="
       C:\Program Files\dotnet\sdk\9.0.304\Sdks\Microsoft.NET.Sdk.StaticWebAssets\targets\Microsoft.NET.Sdk.StaticWebAssets.Compression.targets(179,5): message :       ResolveBuildCompressedStaticWebAssets;
       C:\Program Files\dotnet\sdk\9.0.304\Sdks\Microsoft.NET.Sdk.StaticWebAssets\targets\Microsoft.NET.Sdk.StaticWebAssets.Compression.targets(179,5): message :       
       C:\Program Files\dotnet\sdk\9.0.304\Sdks\Microsoft.NET.Sdk.StaticWebAssets\targets\Microsoft.NET.Sdk.StaticWebAssets.Compression.targets(179,5): message :       ResolveStaticWebAssetsInputs;
       C:\Program Files\dotnet\sdk\9.0.304\Sdks\Microsoft.NET.Sdk.StaticWebAssets\targets\Microsoft.NET.Sdk.StaticWebAssets.Compression.targets(179,5): message :       
       C:\Program Files\dotnet\sdk\9.0.304\Sdks\Microsoft.NET.Sdk.StaticWebAssets\targets\Microsoft.NET.Sdk.StaticWebAssets.Compression.targets(179,5): message :     
       C:\Program Files\dotnet\sdk\9.0.304\Sdks\Microsoft.NET.Sdk.StaticWebAssets\targets\Microsoft.NET.Sdk.StaticWebAssets.Compression.targets(179,5): message :     " (valor anterior: "
       C:\Program Files\dotnet\sdk\9.0.304\Sdks\Microsoft.NET.Sdk.StaticWebAssets\targets\Microsoft.NET.Sdk.StaticWebAssets.Compression.targets(179,5): message :       ResolveStaticWebAssetsInputs;
       C:\Program Files\dotnet\sdk\9.0.304\Sdks\Microsoft.NET.Sdk.StaticWebAssets\targets\Microsoft.NET.Sdk.StaticWebAssets.Compression.targets(179,5): message :       
       C:\Program Files\dotnet\sdk\9.0.304\Sdks\Microsoft.NET.Sdk.StaticWebAssets\targets\Microsoft.NET.Sdk.StaticWebAssets.Compression.targets(179,5): message :     ") en C:\Program Files\dotnet\sdk\9.0.304\Sdks\Microsoft.NET.Sdk.StaticWebAssets\targets\Microsoft.NET.Sdk.StaticWebAssets.Compression.targets (179,5)
       C:\Program Files\dotnet\sdk\9.0.304\Sdks\Microsoft.NET.Sdk.StaticWebAssets\targets\Microsoft.NET.Sdk.StaticWebAssets.Compression.targets(198,5): message : Reasignaci├│n de propiedad: $(ResolvePublishRelatedStaticWebAssetsDependsOn)="
       C:\Program Files\dotnet\sdk\9.0.304\Sdks\Microsoft.NET.Sdk.StaticWebAssets\targets\Microsoft.NET.Sdk.StaticWebAssets.Compression.targets(198,5): message :       ResolvePublishCompressedStaticWebAssets;
       C:\Program Files\dotnet\sdk\9.0.304\Sdks\Microsoft.NET.Sdk.StaticWebAssets\targets\Microsoft.NET.Sdk.StaticWebAssets.Compression.targets(198,5): message :       
       C:\Program Files\dotnet\sdk\9.0.304\Sdks\Microsoft.NET.Sdk.StaticWebAssets\targets\Microsoft.NET.Sdk.StaticWebAssets.Compression.targets(198,5): message :     " (valor anterior: "") en C:\Program Files\dotnet\sdk\9.0.304\Sdks\Microsoft.NET.Sdk.StaticWebAssets\targets\Microsoft.NET.Sdk.StaticWebAssets.Compression.targets (198,5)
       C:\Program Files\dotnet\sdk\9.0.304\Sdks\Microsoft.NET.Sdk.Razor\targets\Sdk.Razor.CurrentVersion.targets(205,5): message : Reasignaci├│n de propiedad: $(DebugSymbolsProjectOutputGroupDependsOn)="
       C:\Program Files\dotnet\sdk\9.0.304\Sdks\Microsoft.NET.Sdk.Razor\targets\Sdk.Razor.CurrentVersion.targets(205,5): message :       ;
       C:\Program Files\dotnet\sdk\9.0.304\Sdks\Microsoft.NET.Sdk.Razor\targets\Sdk.Razor.CurrentVersion.targets(205,5): message :       _RazorAddDebugSymbolsProjectOutputGroupOutput
       C:\Program Files\dotnet\sdk\9.0.304\Sdks\Microsoft.NET.Sdk.Razor\targets\Sdk.Razor.CurrentVersion.targets(205,5): message :     " (valor anterior: "") en C:\Program Files\dotnet\sdk\9.0.304\Sdks\Microsoft.NET.Sdk.Razor\targets\Sdk.Razor.CurrentVersion.targets (205,5)
       C:\Program Files\dotnet\sdk\9.0.304\Sdks\Microsoft.NET.Sdk.Razor\targets\Sdk.Razor.CurrentVersion.targets(210,5): message : Reasignaci├│n de propiedad: $(PrepareForBuildDependsOn)="
       C:\Program Files\dotnet\sdk\9.0.304\Sdks\Microsoft.NET.Sdk.Razor\targets\Sdk.Razor.CurrentVersion.targets(210,5): message :       ;GetFrameworkPaths;GetReferenceAssemblyPaths;AssignLinkMetadata;
       C:\Program Files\dotnet\sdk\9.0.304\Sdks\Microsoft.NET.Sdk.Razor\targets\Sdk.Razor.CurrentVersion.targets(210,5): message :       ResolveRazorGenerateInputs
       C:\Program Files\dotnet\sdk\9.0.304\Sdks\Microsoft.NET.Sdk.Razor\targets\Sdk.Razor.CurrentVersion.targets(210,5): message :     " (valor anterior: ";GetFrameworkPaths;GetReferenceAssemblyPaths;AssignLinkMetadata") en C:\Program Files\dotnet\sdk\9.0.304\Sdks\Microsoft.NET.Sdk.Razor\targets\Sdk.Razor.CurrentVersion.targets (210,5)
       C:\Program Files\dotnet\sdk\9.0.304\Sdks\Microsoft.NET.Sdk.Razor\targets\Sdk.Razor.CurrentVersion.targets(215,5): message : Reasignaci├│n de propiedad: $(GenerateNuspecDependsOn)="
       C:\Program Files\dotnet\sdk\9.0.304\Sdks\Microsoft.NET.Sdk.Razor\targets\Sdk.Razor.CurrentVersion.targets(215,5): message :       ResolveRazorGenerateInputs;
       C:\Program Files\dotnet\sdk\9.0.304\Sdks\Microsoft.NET.Sdk.Razor\targets\Sdk.Razor.CurrentVersion.targets(215,5): message :       
       C:\Program Files\dotnet\sdk\9.0.304\Sdks\Microsoft.NET.Sdk.Razor\targets\Sdk.Razor.CurrentVersion.targets(215,5): message :       IncludeStaticWebAssetsPackItems;
       C:\Program Files\dotnet\sdk\9.0.304\Sdks\Microsoft.NET.Sdk.Razor\targets\Sdk.Razor.CurrentVersion.targets(215,5): message :       Build;_LoadPackInputItems; _GetTargetFrameworksOutput; _WalkEachTargetPerFramework; _GetPackageFiles; ;
       C:\Program Files\dotnet\sdk\9.0.304\Sdks\Microsoft.NET.Sdk.Razor\targets\Sdk.Razor.CurrentVersion.targets(215,5): message :     
       C:\Program Files\dotnet\sdk\9.0.304\Sdks\Microsoft.NET.Sdk.Razor\targets\Sdk.Razor.CurrentVersion.targets(215,5): message :     " (valor anterior: "
       C:\Program Files\dotnet\sdk\9.0.304\Sdks\Microsoft.NET.Sdk.Razor\targets\Sdk.Razor.CurrentVersion.targets(215,5): message :       IncludeStaticWebAssetsPackItems;
       C:\Program Files\dotnet\sdk\9.0.304\Sdks\Microsoft.NET.Sdk.Razor\targets\Sdk.Razor.CurrentVersion.targets(215,5): message :       Build;_LoadPackInputItems; _GetTargetFrameworksOutput; _WalkEachTargetPerFramework; _GetPackageFiles; ;
       C:\Program Files\dotnet\sdk\9.0.304\Sdks\Microsoft.NET.Sdk.Razor\targets\Sdk.Razor.CurrentVersion.targets(215,5): message :     ") en C:\Program Files\dotnet\sdk\9.0.304\Sdks\Microsoft.NET.Sdk.Razor\targets\Sdk.Razor.CurrentVersion.targets (215,5)
       C:\Program Files\dotnet\sdk\9.0.304\Sdks\Microsoft.NET.Sdk.Razor\targets\Sdk.Razor.CurrentVersion.targets(220,5): message : Reasignaci├│n de propiedad: $(PrepareForRunDependsOn)="
       C:\Program Files\dotnet\sdk\9.0.304\Sdks\Microsoft.NET.Sdk.Razor\targets\Sdk.Razor.CurrentVersion.targets(220,5): message :       _RazorPrepareForRun;
       C:\Program Files\dotnet\sdk\9.0.304\Sdks\Microsoft.NET.Sdk.Razor\targets\Sdk.Razor.CurrentVersion.targets(220,5): message :       StaticWebAssetsPrepareForRun;
       C:\Program Files\dotnet\sdk\9.0.304\Sdks\Microsoft.NET.Sdk.Razor\targets\Sdk.Razor.CurrentVersion.targets(220,5): message :       CopyFilesToOutputDirectory
       C:\Program Files\dotnet\sdk\9.0.304\Sdks\Microsoft.NET.Sdk.Razor\targets\Sdk.Razor.CurrentVersion.targets(220,5): message :     
       C:\Program Files\dotnet\sdk\9.0.304\Sdks\Microsoft.NET.Sdk.Razor\targets\Sdk.Razor.CurrentVersion.targets(220,5): message :     " (valor anterior: "StaticWebAssetsPrepareForRun;
       C:\Program Files\dotnet\sdk\9.0.304\Sdks\Microsoft.NET.Sdk.Razor\targets\Sdk.Razor.CurrentVersion.targets(220,5): message :       CopyFilesToOutputDirectory
       C:\Program Files\dotnet\sdk\9.0.304\Sdks\Microsoft.NET.Sdk.Razor\targets\Sdk.Razor.CurrentVersion.targets(220,5): message :     ") en C:\Program Files\dotnet\sdk\9.0.304\Sdks\Microsoft.NET.Sdk.Razor\targets\Sdk.Razor.CurrentVersion.targets (220,5)
       C:\Program Files\dotnet\sdk\9.0.304\Sdks\Microsoft.NET.Sdk.Razor\targets\Sdk.Razor.CurrentVersion.targets(311,5): message : Reasignaci├│n de propiedad: $(UseRazorBuildServer)="true" (valor anterior: "") en C:\Program Files\dotnet\sdk\9.0.304\Sdks\Microsoft.NET.Sdk.Razor\targets\Sdk.Razor.CurrentVersion.targets (311,5)
       C:\Program Files\dotnet\sdk\9.0.304\Sdks\Microsoft.NET.Sdk.Razor\targets\Sdk.Razor.CurrentVersion.targets(317,5): message : Reasignaci├│n de propiedad: $(_RazorDebugSymbolsProduced)="true" (valor anterior: "false") en C:\Program Files\dotnet\sdk\9.0.304\Sdks\Microsoft.NET.Sdk.Razor\targets\Sdk.Razor.CurrentVersion.targets (317,5)
       Ensamblado cargado durante Evaluation: System.Threading.Overlapped, Version=9.0.0.0, Culture=neutral, PublicKeyToken=b03f5f7f11d50a3a(ubicaci├│n: C:\Program Files\dotnet\shared\Microsoft.NETCore.App\9.0.8\System.Threading.Overlapped.dll, MVID: 5c0d6938-d673-4597-8f50-bcdc6544dc47, AssemblyLoadContext: Default)
       C:\Program Files\dotnet\sdk\9.0.304\Sdks\Microsoft.NET.Sdk.Razor\targets\Microsoft.NET.Sdk.Razor.GenerateAssemblyInfo.targets(36,5): message : Reasignaci├│n de propiedad: $(GenerateRazorTargetAssemblyInfoDependsOn)="
       C:\Program Files\dotnet\sdk\9.0.304\Sdks\Microsoft.NET.Sdk.Razor\targets\Microsoft.NET.Sdk.Razor.GenerateAssemblyInfo.targets(36,5): message :       _ResolveMvcAssemblyAttributes;
       C:\Program Files\dotnet\sdk\9.0.304\Sdks\Microsoft.NET.Sdk.Razor\targets\Microsoft.NET.Sdk.Razor.GenerateAssemblyInfo.targets(36,5): message :       
       C:\Program Files\dotnet\sdk\9.0.304\Sdks\Microsoft.NET.Sdk.Razor\targets\Microsoft.NET.Sdk.Razor.GenerateAssemblyInfo.targets(36,5): message :       GetRazorTargetAssemblyAttributes;
       C:\Program Files\dotnet\sdk\9.0.304\Sdks\Microsoft.NET.Sdk.Razor\targets\Microsoft.NET.Sdk.Razor.GenerateAssemblyInfo.targets(36,5): message :       _CreateRazorTargetAssemblyInfoInputsCacheFile;
       C:\Program Files\dotnet\sdk\9.0.304\Sdks\Microsoft.NET.Sdk.Razor\targets\Microsoft.NET.Sdk.Razor.GenerateAssemblyInfo.targets(36,5): message :       CoreGenerateRazorTargetAssemblyInfo
       C:\Program Files\dotnet\sdk\9.0.304\Sdks\Microsoft.NET.Sdk.Razor\targets\Microsoft.NET.Sdk.Razor.GenerateAssemblyInfo.targets(36,5): message :     
       C:\Program Files\dotnet\sdk\9.0.304\Sdks\Microsoft.NET.Sdk.Razor\targets\Microsoft.NET.Sdk.Razor.GenerateAssemblyInfo.targets(36,5): message :     " (valor anterior: "
       C:\Program Files\dotnet\sdk\9.0.304\Sdks\Microsoft.NET.Sdk.Razor\targets\Microsoft.NET.Sdk.Razor.GenerateAssemblyInfo.targets(36,5): message :       GetRazorTargetAssemblyAttributes;
       C:\Program Files\dotnet\sdk\9.0.304\Sdks\Microsoft.NET.Sdk.Razor\targets\Microsoft.NET.Sdk.Razor.GenerateAssemblyInfo.targets(36,5): message :       _CreateRazorTargetAssemblyInfoInputsCacheFile;
       C:\Program Files\dotnet\sdk\9.0.304\Sdks\Microsoft.NET.Sdk.Razor\targets\Microsoft.NET.Sdk.Razor.GenerateAssemblyInfo.targets(36,5): message :       CoreGenerateRazorTargetAssemblyInfo
       C:\Program Files\dotnet\sdk\9.0.304\Sdks\Microsoft.NET.Sdk.Razor\targets\Microsoft.NET.Sdk.Razor.GenerateAssemblyInfo.targets(36,5): message :     ") en C:\Program Files\dotnet\sdk\9.0.304\Sdks\Microsoft.NET.Sdk.Razor\targets\Microsoft.NET.Sdk.Razor.GenerateAssemblyInfo.targets (36,5)
       C:\Program Files\dotnet\sdk\9.0.304\Sdks\Microsoft.NET.Sdk.Razor\targets\Microsoft.NET.Sdk.Razor.GenerateAssemblyInfo.targets(181,5): message : Reasignaci├│n de propiedad: $(CoreCompileDependsOn)="
       C:\Program Files\dotnet\sdk\9.0.304\Sdks\Microsoft.NET.Sdk.Razor\targets\Microsoft.NET.Sdk.Razor.GenerateAssemblyInfo.targets(181,5): message :       ;_ComputeNonExistentFileProperty;ResolveCodeAnalysisRuleSet;
       C:\Program Files\dotnet\sdk\9.0.304\Sdks\Microsoft.NET.Sdk.Razor\targets\Microsoft.NET.Sdk.Razor.GenerateAssemblyInfo.targets(181,5): message :       _GenerateRazorAssemblyInfo
       C:\Program Files\dotnet\sdk\9.0.304\Sdks\Microsoft.NET.Sdk.Razor\targets\Microsoft.NET.Sdk.Razor.GenerateAssemblyInfo.targets(181,5): message :     " (valor anterior: ";_ComputeNonExistentFileProperty;ResolveCodeAnalysisRuleSet") en C:\Program Files\dotnet\sdk\9.0.304\Sdks\Microsoft.NET.Sdk.Razor\targets\Microsoft.NET.Sdk.Razor.GenerateAssemblyInfo.targets (181,5)
       C:\Program Files\dotnet\sdk\9.0.304\Sdks\Microsoft.NET.Sdk.Razor\targets\Microsoft.NET.Sdk.Razor.GenerateAssemblyInfo.targets(189,5): message : Reasignaci├│n de propiedad: $(_GenerateRazorAssemblyInfoDependsOn)="
       C:\Program Files\dotnet\sdk\9.0.304\Sdks\Microsoft.NET.Sdk.Razor\targets\Microsoft.NET.Sdk.Razor.GenerateAssemblyInfo.targets(189,5): message :       _ResolveMvcAssemblyAttributes;
       C:\Program Files\dotnet\sdk\9.0.304\Sdks\Microsoft.NET.Sdk.Razor\targets\Microsoft.NET.Sdk.Razor.GenerateAssemblyInfo.targets(189,5): message :       RazorGetAssemblyAttributes;PrepareForBuild;_CoreGenerateRazorAssemblyInfo;
       C:\Program Files\dotnet\sdk\9.0.304\Sdks\Microsoft.NET.Sdk.Razor\targets\Microsoft.NET.Sdk.Razor.GenerateAssemblyInfo.targets(189,5): message :     " (valor anterior: "RazorGetAssemblyAttributes;PrepareForBuild;_CoreGenerateRazorAssemblyInfo") en C:\Program Files\dotnet\sdk\9.0.304\Sdks\Microsoft.NET.Sdk.Razor\targets\Microsoft.NET.Sdk.Razor.GenerateAssemblyInfo.targets (189,5)
       C:\Program Files\dotnet\sdk\9.0.304\Sdks\Microsoft.NET.Sdk.Razor\targets\Microsoft.NET.Sdk.Razor.MvcApplicationPartsDiscovery.targets(22,5): message : Reasignaci├│n de propiedad: $(CoreCompileDependsOn)="
       C:\Program Files\dotnet\sdk\9.0.304\Sdks\Microsoft.NET.Sdk.Razor\targets\Microsoft.NET.Sdk.Razor.MvcApplicationPartsDiscovery.targets(22,5): message :       _DiscoverMvcApplicationParts;
       C:\Program Files\dotnet\sdk\9.0.304\Sdks\Microsoft.NET.Sdk.Razor\targets\Microsoft.NET.Sdk.Razor.MvcApplicationPartsDiscovery.targets(22,5): message :       
       C:\Program Files\dotnet\sdk\9.0.304\Sdks\Microsoft.NET.Sdk.Razor\targets\Microsoft.NET.Sdk.Razor.MvcApplicationPartsDiscovery.targets(22,5): message :       ;_ComputeNonExistentFileProperty;ResolveCodeAnalysisRuleSet;
       C:\Program Files\dotnet\sdk\9.0.304\Sdks\Microsoft.NET.Sdk.Razor\targets\Microsoft.NET.Sdk.Razor.MvcApplicationPartsDiscovery.targets(22,5): message :       _GenerateRazorAssemblyInfo
       C:\Program Files\dotnet\sdk\9.0.304\Sdks\Microsoft.NET.Sdk.Razor\targets\Microsoft.NET.Sdk.Razor.MvcApplicationPartsDiscovery.targets(22,5): message :     ;
       C:\Program Files\dotnet\sdk\9.0.304\Sdks\Microsoft.NET.Sdk.Razor\targets\Microsoft.NET.Sdk.Razor.MvcApplicationPartsDiscovery.targets(22,5): message :     " (valor anterior: "
       C:\Program Files\dotnet\sdk\9.0.304\Sdks\Microsoft.NET.Sdk.Razor\targets\Microsoft.NET.Sdk.Razor.MvcApplicationPartsDiscovery.targets(22,5): message :       ;_ComputeNonExistentFileProperty;ResolveCodeAnalysisRuleSet;
       C:\Program Files\dotnet\sdk\9.0.304\Sdks\Microsoft.NET.Sdk.Razor\targets\Microsoft.NET.Sdk.Razor.MvcApplicationPartsDiscovery.targets(22,5): message :       _GenerateRazorAssemblyInfo
       C:\Program Files\dotnet\sdk\9.0.304\Sdks\Microsoft.NET.Sdk.Razor\targets\Microsoft.NET.Sdk.Razor.MvcApplicationPartsDiscovery.targets(22,5): message :     ") en C:\Program Files\dotnet\sdk\9.0.304\Sdks\Microsoft.NET.Sdk.Razor\targets\Microsoft.NET.Sdk.Razor.MvcApplicationPartsDiscovery.targets (22,5)
       C:\Program Files\dotnet\sdk\9.0.304\Sdks\Microsoft.NET.Sdk.Razor\targets\Sdk.Razor.CurrentVersion.targets(791,5): message : Reasignaci├│n de propiedad: $(RazorDesignTimeTargets)="C:\Program Files\dotnet\sdk\9.0.304\Sdks\Microsoft.NET.Sdk.Razor\targets\Microsoft.NET.Sdk.Razor.DesignTime.targets" (valor anterior: "C:\Program Files\dotnet\sdk\9.0.304\\Microsoft\VisualStudio\Razor\Microsoft.NET.Sdk.Razor.DesignTime.targets") en C:\Program Files\dotnet\sdk\9.0.304\Sdks\Microsoft.NET.Sdk.Razor\targets\Sdk.Razor.CurrentVersion.targets (791,5)
       C:\Program Files\dotnet\sdk\9.0.304\Sdks\Microsoft.NET.Sdk.Web.ProjectSystem\targets\Microsoft.NET.Sdk.Web.ProjectSystem.targets(21,5): message : Reasignaci├│n de propiedad: $(RunWorkingDirectory)="C:\Users\PC\Downloads\Machly\Machly.Api" (valor anterior: "") en C:\Program Files\dotnet\sdk\9.0.304\Sdks\Microsoft.NET.Sdk.Web.ProjectSystem\targets\Microsoft.NET.Sdk.Web.ProjectSystem.targets (21,5)
       C:\Program Files\dotnet\sdk\9.0.304\Sdks\Microsoft.NET.Sdk.Publish\targets\Microsoft.NET.Sdk.Publish.targets(60,5): message : Reasignaci├│n de propiedad: $(PublishProfileImported)="true" (valor anterior: "false") en C:\Program Files\dotnet\sdk\9.0.304\Sdks\Microsoft.NET.Sdk.Publish\targets\Microsoft.NET.Sdk.Publish.targets (60,5)
       C:\Program Files\dotnet\sdk\9.0.304\Sdks\Microsoft.NET.Sdk.Publish\targets\Microsoft.NET.Sdk.Publish.targets(81,5): message : Reasignaci├│n de propiedad: $(PublishConfiguration)="Debug" (valor anterior: "") en C:\Program Files\dotnet\sdk\9.0.304\Sdks\Microsoft.NET.Sdk.Publish\targets\Microsoft.NET.Sdk.Publish.targets (81,5)
       C:\Program Files\dotnet\sdk\9.0.304\Sdks\Microsoft.NET.Sdk.Publish\targets\Microsoft.NET.Sdk.Publish.targets(87,5): message : Reasignaci├│n de propiedad: $(BaseIntermediateOutputPath)="C:\Users\PC\Downloads\Machly\Machly.Api\obj\" (valor anterior: "obj\") en C:\Program Files\dotnet\sdk\9.0.304\Sdks\Microsoft.NET.Sdk.Publish\targets\Microsoft.NET.Sdk.Publish.targets (87,5)
       Invalidando el destino "ResolveFrameworkReferences" del proyecto"C:\Program Files\dotnet\sdk\9.0.304\Microsoft.Common.CurrentVersion.targets" con el destino "ResolveFrameworkReferences" del proyecto "C:\Program Files\dotnet\sdk\9.0.304\Sdks\Microsoft.NET.Sdk\targets\Microsoft.NET.Sdk.FrameworkReferenceResolution.targets".
       Invalidando el destino "Run" del proyecto"C:\Program Files\dotnet\sdk\9.0.304\Microsoft.Common.CurrentVersion.targets" con el destino "Run" del proyecto "C:\Program Files\dotnet\sdk\9.0.304\Sdks\Microsoft.NET.Sdk\targets\Microsoft.NET.Sdk.targets".
       Invalidando el destino "GenerateSupportedTargetFrameworkAlias" del proyecto"C:\Program Files\dotnet\sdk\9.0.304\Microsoft.Common.CurrentVersion.targets" con el destino "GenerateSupportedTargetFrameworkAlias" del proyecto "C:\Program Files\dotnet\sdk\9.0.304\Sdks\Microsoft.NET.Sdk\targets\Microsoft.NET.Sdk.targets".
       Invalidando el destino "GetReferenceAssemblyPaths" del proyecto"C:\Program Files\dotnet\sdk\9.0.304\Microsoft.Common.CurrentVersion.targets" con el destino "GetReferenceAssemblyPaths" del proyecto "C:\Program Files\dotnet\sdk\9.0.304\Sdks\Microsoft.NET.Sdk\targets\Microsoft.NET.DisableStandardFrameworkResolution.targets".
       Invalidando el destino "GetFrameworkPaths" del proyecto"C:\Program Files\dotnet\sdk\9.0.304\Microsoft.Common.CurrentVersion.targets" con el destino "GetFrameworkPaths" del proyecto "C:\Program Files\dotnet\sdk\9.0.304\Sdks\Microsoft.NET.Sdk\targets\Microsoft.NET.DisableStandardFrameworkResolution.targets".
       Invalidando el destino "DesignerRuntimeImplementationProjectOutputGroup" del proyecto"C:\Program Files\dotnet\sdk\9.0.304\Microsoft.Common.CurrentVersion.targets" con el destino "DesignerRuntimeImplementationProjectOutputGroup" del proyecto "C:\Program Files\dotnet\sdk\9.0.304\Sdks\Microsoft.NET.Sdk\targets\Microsoft.NET.DesignerSupport.targets".
       Invalidando el destino "Publish" del proyecto"C:\Program Files\dotnet\sdk\9.0.304\Microsoft.Common.CurrentVersion.targets" con el destino "Publish" del proyecto "C:\Program Files\dotnet\sdk\9.0.304\Sdks\Microsoft.NET.Sdk\targets\Microsoft.NET.Publish.targets".
       Invalidando el destino "ResolveReadyToRunCompilers" del proyecto"C:\Program Files\dotnet\sdk\9.0.304\Sdks\Microsoft.NET.Sdk\targets\Microsoft.NET.CrossGen.targets" con el destino "ResolveReadyToRunCompilers" del proyecto "C:\Program Files\dotnet\sdk\9.0.304\Sdks\Microsoft.NET.Sdk\targets\Microsoft.NET.Publish.targets".
       Invalidando el destino "GetCopyToPublishDirectoryItems" del proyecto"C:\Program Files\dotnet\sdk\9.0.304\Microsoft.Common.CurrentVersion.targets" con el destino "GetCopyToPublishDirectoryItems" del proyecto "C:\Program Files\dotnet\sdk\9.0.304\Sdks\Microsoft.NET.Sdk\targets\Microsoft.NET.Publish.targets".
       Invalidando el destino "BeforePublish" del proyecto"C:\Program Files\dotnet\sdk\9.0.304\Microsoft.Common.CurrentVersion.targets" con el destino "BeforePublish" del proyecto "C:\Program Files\dotnet\sdk\9.0.304\Sdks\Microsoft.NET.Sdk.Publish\targets\Microsoft.NET.Sdk.Publish.targets".
       Invalidando el destino "AfterPublish" del proyecto"C:\Program Files\dotnet\sdk\9.0.304\Microsoft.Common.CurrentVersion.targets" con el destino "AfterPublish" del proyecto "C:\Program Files\dotnet\sdk\9.0.304\Sdks\Microsoft.NET.Sdk.Publish\targets\Microsoft.NET.Sdk.Publish.targets".
       El destino "CollectUpToDateCheckInputDesignTime" que aparece en un atributo BeforeTargets en "C:\Program Files\dotnet\sdk\9.0.304\Sdks\Microsoft.NET.Sdk.StaticWebAssets\targets\Microsoft.NET.Sdk.StaticWebAssets.ScopedCss.targets (171,5)" no existe en el proyecto y se omitir├í.
       El destino "CollectUpToDateCheckBuiltDesignTime" que aparece en un atributo BeforeTargets en "C:\Program Files\dotnet\sdk\9.0.304\Sdks\Microsoft.NET.Sdk.StaticWebAssets\targets\Microsoft.NET.Sdk.StaticWebAssets.ScopedCss.targets (171,5)" no existe en el proyecto y se omitir├í.
       El destino "RazorGenerateComponentDeclaration" que aparece en un atributo AfterTargets en "C:\Program Files\dotnet\sdk\9.0.304\Sdks\Microsoft.NET.Sdk.Razor\targets\Microsoft.NET.Sdk.Razor.DesignTime.targets (55,53)" no existe en el proyecto y se omitir├í.
     1>Proyecto "C:\Users\PC\Downloads\Machly\Machly.Api\Machly.Api.csproj" en el nodo 1 (Restore destinos).
     1>Destino "_LoadRestoreGraphEntryPoints" en el archivo "C:\Program Files\dotnet\sdk\9.0.304\NuGet.targets" del proyecto "C:\Users\PC\Downloads\Machly\Machly.Api\Machly.Api.csproj" (el destino "_FilterRestoreGraphProjectInputItems" depende de ├®l):
     1>Se omiti├│ la tarea "GetRestoreSolutionProjectsTask" debido a una condici├│n falsa (False); ( $(MSBuildProjectFullPath.EndsWith('.metaproj')) == 'true' AND @(RestoreGraphProjectInputItems) == '' ) se evalu├│ como ( False == 'true' AND C:\Users\PC\Downloads\Machly\Machly.Api\Machly.Api.csproj == '' ).
     1>Compilaci├│n terminada del destino "_LoadRestoreGraphEntryPoints" en el proyecto "Machly.Api.csproj".
     1>Destino "_FilterRestoreGraphProjectInputItems" en el archivo "C:\Program Files\dotnet\sdk\9.0.304\NuGet.targets" del proyecto "C:\Users\PC\Downloads\Machly\Machly.Api\Machly.Api.csproj" (el destino "_GenerateRestoreGraph" depende de ├®l):
       Usando la tarea "RemoveDuplicates" del ensamblado "Microsoft.Build.Tasks.Core, Version=15.1.0.0, Culture=neutral, PublicKeyToken=b03f5f7f11d50a3a".
       Tarea "RemoveDuplicates"
       Ejecuci├│n de la tarea "RemoveDuplicates" terminada.
       Usando la tarea "MSBuild" del ensamblado "Microsoft.Build.Tasks.Core, Version=15.1.0.0, Culture=neutral, PublicKeyToken=b03f5f7f11d50a3a".
       Tarea "MSBuild"
         Propiedades globales:
           ExcludeRestorePackageImports=true
     0>C:\Program Files\dotnet\sdk\9.0.304\Sdks\Microsoft.NET.Sdk\Sdk\Sdk.props(49,11): message : Propiedad "MSBuildExtensionsPath" con el valor "C:\Program Files\dotnet\sdk\9.0.304\" expandido desde el entorno.
       C:\Program Files\dotnet\sdk\9.0.304\Current\Microsoft.Common.props(60,5): message : Reasignaci├│n de propiedad: $(MSBuildProjectExtensionsPath)="C:\Users\PC\Downloads\Machly\Machly.Api\obj\" (valor anterior: "obj\") en C:\Program Files\dotnet\sdk\9.0.304\Current\Microsoft.Common.props (60,5)
       C:\Program Files\dotnet\sdk\9.0.304\Current\Microsoft.Common.props(84,119): message : Propiedad "MSBuildUserExtensionsPath" con el valor "C:\Users\PC\AppData\Local\Microsoft\MSBuild" expandido desde el entorno.
       La propiedad "Configuration" es global y no se puede modificar.
       La propiedad "Configuration" es global y no se puede modificar.
       C:\Program Files\dotnet\sdk\9.0.304\Sdks\Microsoft.NET.Sdk\targets\Microsoft.NET.Sdk.props(90,5): message : Reasignaci├│n de propiedad: $(AssemblySearchPaths)="{CandidateAssemblyFiles};{HintPathFromItem}" (valor anterior: "{CandidateAssemblyFiles}") en C:\Program Files\dotnet\sdk\9.0.304\Sdks\Microsoft.NET.Sdk\targets\Microsoft.NET.Sdk.props (90,5)
       C:\Program Files\dotnet\sdk\9.0.304\Sdks\Microsoft.NET.Sdk\targets\Microsoft.NET.Sdk.props(91,5): message : Reasignaci├│n de propiedad: $(AssemblySearchPaths)="{CandidateAssemblyFiles};{HintPathFromItem};{TargetFrameworkDirectory}" (valor anterior: "{CandidateAssemblyFiles};{HintPathFromItem}") en C:\Program Files\dotnet\sdk\9.0.304\Sdks\Microsoft.NET.Sdk\targets\Microsoft.NET.Sdk.props (91,5)
       C:\Program Files\dotnet\sdk\9.0.304\Sdks\Microsoft.NET.Sdk\targets\Microsoft.NET.Sdk.props(92,5): message : Reasignaci├│n de propiedad: $(AssemblySearchPaths)="{CandidateAssemblyFiles};{HintPathFromItem};{TargetFrameworkDirectory};{RawFileName}" (valor anterior: "{CandidateAssemblyFiles};{HintPathFromItem};{TargetFrameworkDirectory}") en C:\Program Files\dotnet\sdk\9.0.304\Sdks\Microsoft.NET.Sdk\targets\Microsoft.NET.Sdk.props (92,5)
       C:\Program Files\dotnet\sdk\9.0.304\Sdks\Microsoft.NET.Sdk\targets\Microsoft.NET.PackProjectTool.props(15,5): message : Reasignaci├│n de propiedad: $(TargetsForTfmSpecificContentInPackage)=";PackTool;_PackProjectToolValidation" (valor anterior: ";PackTool") en C:\Program Files\dotnet\sdk\9.0.304\Sdks\Microsoft.NET.Sdk\targets\Microsoft.NET.PackProjectTool.props (15,5)
       C:\Program Files\dotnet\sdk\9.0.304\Sdks\Microsoft.NET.Sdk.StaticWebAssets\Sdk\Sdk.StaticWebAssets.StaticAssets.ProjectSystem.props(23,5): message : Reasignaci├│n de propiedad: $(DefaultItemExcludes)=";**\node_modules\**;node_modules\**;**\jspm_packages\**;jspm_packages\**" (valor anterior: ";**\node_modules\**;node_modules\**") en C:\Program Files\dotnet\sdk\9.0.304\Sdks\Microsoft.NET.Sdk.StaticWebAssets\Sdk\Sdk.StaticWebAssets.StaticAssets.ProjectSystem.props (23,5)
       C:\Program Files\dotnet\sdk\9.0.304\Sdks\Microsoft.NET.Sdk.StaticWebAssets\Sdk\Sdk.StaticWebAssets.StaticAssets.ProjectSystem.props(24,5): message : Reasignaci├│n de propiedad: $(DefaultItemExcludes)=";**\node_modules\**;node_modules\**;**\jspm_packages\**;jspm_packages\**;**\bower_components\**;bower_components\**" (valor anterior: ";**\node_modules\**;node_modules\**;**\jspm_packages\**;jspm_packages\**") en C:\Program Files\dotnet\sdk\9.0.304\Sdks\Microsoft.NET.Sdk.StaticWebAssets\Sdk\Sdk.StaticWebAssets.StaticAssets.ProjectSystem.props (24,5)
       C:\Program Files\dotnet\sdk\9.0.304\Sdks\Microsoft.NET.Sdk.StaticWebAssets\Sdk\Sdk.StaticWebAssets.StaticAssets.ProjectSystem.props(25,5): message : Reasignaci├│n de propiedad: $(DefaultItemExcludes)=";**\node_modules\**;node_modules\**;**\jspm_packages\**;jspm_packages\**;**\bower_components\**;bower_components\**;**\packages.lock.json" (valor anterior: ";**\node_modules\**;node_modules\**;**\jspm_packages\**;jspm_packages\**;**\bower_components\**;bower_components\**") en C:\Program Files\dotnet\sdk\9.0.304\Sdks\Microsoft.NET.Sdk.StaticWebAssets\Sdk\Sdk.StaticWebAssets.StaticAssets.ProjectSystem.props (25,5)
       C:\Program Files\dotnet\sdk\9.0.304\Sdks\Microsoft.NET.Sdk.Web.ProjectSystem\targets\Microsoft.NET.Sdk.Web.ProjectSystem.props(16,5): message : Reasignaci├│n de propiedad: $(OutputType)="Exe" (valor anterior: "Library") en C:\Program Files\dotnet\sdk\9.0.304\Sdks\Microsoft.NET.Sdk.Web.ProjectSystem\targets\Microsoft.NET.Sdk.Web.ProjectSystem.props (16,5)
       La propiedad "Configuration" es global y no se puede modificar.
       C:\Program Files\dotnet\sdk\9.0.304\Sdks\Microsoft.NET.Sdk\targets\Microsoft.NET.Sdk.ImportPublishProfile.targets(28,5): message : Reasignaci├│n de propiedad: $(PublishProfileImported)="false" (valor anterior: "true") en C:\Program Files\dotnet\sdk\9.0.304\Sdks\Microsoft.NET.Sdk\targets\Microsoft.NET.Sdk.ImportPublishProfile.targets (28,5)
       C:\Program Files\dotnet\sdk\9.0.304\Sdks\Microsoft.NET.Sdk\targets\Microsoft.NET.TargetFrameworkInference.targets(69,5): message : Reasignaci├│n de propiedad: $(TargetPlatformVersion)="" (valor anterior: "0.0") en C:\Program Files\dotnet\sdk\9.0.304\Sdks\Microsoft.NET.Sdk\targets\Microsoft.NET.TargetFrameworkInference.targets (69,5)
       C:\Program Files\dotnet\sdk\9.0.304\Sdks\Microsoft.NET.Sdk\targets\Microsoft.NET.DefaultOutputPaths.targets(121,5): message : Reasignaci├│n de propiedad: $(DefaultItemExcludes)=";**\node_modules\**;node_modules\**;**\jspm_packages\**;jspm_packages\**;**\bower_components\**;bower_components\**;**\packages.lock.json;bin\Debug\/**" (valor anterior: ";**\node_modules\**;node_modules\**;**\jspm_packages\**;jspm_packages\**;**\bower_components\**;bower_components\**;**\packages.lock.json") en C:\Program Files\dotnet\sdk\9.0.304\Sdks\Microsoft.NET.Sdk\targets\Microsoft.NET.DefaultOutputPaths.targets (121,5)
       C:\Program Files\dotnet\sdk\9.0.304\Sdks\Microsoft.NET.Sdk\targets\Microsoft.NET.DefaultOutputPaths.targets(122,5): message : Reasignaci├│n de propiedad: $(DefaultItemExcludes)=";**\node_modules\**;node_modules\**;**\jspm_packages\**;jspm_packages\**;**\bower_components\**;bower_components\**;**\packages.lock.json;bin\Debug\/**;obj\Debug\/**" (valor anterior: ";**\node_modules\**;node_modules\**;**\jspm_packages\**;jspm_packages\**;**\bower_components\**;bower_components\**;**\packages.lock.json;bin\Debug\/**") en C:\Program Files\dotnet\sdk\9.0.304\Sdks\Microsoft.NET.Sdk\targets\Microsoft.NET.DefaultOutputPaths.targets (122,5)
       C:\Program Files\dotnet\sdk\9.0.304\Sdks\Microsoft.NET.Sdk\targets\Microsoft.NET.DefaultOutputPaths.targets(137,5): message : Reasignaci├│n de propiedad: $(OutputPath)="bin\Debug\net8.0\" (valor anterior: "bin\Debug\") en C:\Program Files\dotnet\sdk\9.0.304\Sdks\Microsoft.NET.Sdk\targets\Microsoft.NET.DefaultOutputPaths.targets (137,5)
       C:\Program Files\dotnet\sdk\9.0.304\Sdks\Microsoft.NET.Sdk\targets\Microsoft.NET.DefaultOutputPaths.targets(142,5): message : Reasignaci├│n de propiedad: $(IntermediateOutputPath)="obj\Debug\net8.0\" (valor anterior: "obj\Debug\") en C:\Program Files\dotnet\sdk\9.0.304\Sdks\Microsoft.NET.Sdk\targets\Microsoft.NET.DefaultOutputPaths.targets (142,5)
       C:\Program Files\dotnet\sdk\9.0.304\Sdks\Microsoft.NET.Sdk\targets\Microsoft.NET.Sdk.BeforeCommon.targets(187,5): message : Reasignaci├│n de propiedad: $(_FrameworkIdentifierForImplicitDefine)="NET" (valor anterior: "NETCOREAPP") en C:\Program Files\dotnet\sdk\9.0.304\Sdks\Microsoft.NET.Sdk\targets\Microsoft.NET.Sdk.BeforeCommon.targets (187,5)
       C:\Program Files\dotnet\sdk\9.0.304\Sdks\Microsoft.NET.Sdk\targets\Microsoft.NET.Sdk.BeforeCommon.targets(192,5): message : Reasignaci├│n de propiedad: $(_FrameworkVersionForImplicitDefine)="8_0" (valor anterior: "8.0") en C:\Program Files\dotnet\sdk\9.0.304\Sdks\Microsoft.NET.Sdk\targets\Microsoft.NET.Sdk.BeforeCommon.targets (192,5)
       C:\Program Files\dotnet\sdk\9.0.304\Roslyn\Microsoft.CSharp.Core.targets(200,5): message : Reasignaci├│n de propiedad: $(CommandLineArgsForDesignTimeEvaluation)="-langversion:12.0 -define:TRACE" (valor anterior: "-langversion:12.0") en C:\Program Files\dotnet\sdk\9.0.304\Roslyn\Microsoft.CSharp.Core.targets (200,5)
       La propiedad "Configuration" es global y no se puede modificar.
       C:\Program Files\dotnet\sdk\9.0.304\Microsoft.Common.CurrentVersion.targets(175,5): message : Reasignaci├│n de propiedad: $(_DebugSymbolsProduced)="true" (valor anterior: "false") en C:\Program Files\dotnet\sdk\9.0.304\Microsoft.Common.CurrentVersion.targets (175,5)
       C:\Program Files\dotnet\sdk\9.0.304\Microsoft.Common.CurrentVersion.targets(185,5): message : Reasignaci├│n de propiedad: $(_DocumentationFileProduced)="false" (valor anterior: "true") en C:\Program Files\dotnet\sdk\9.0.304\Microsoft.Common.CurrentVersion.targets (185,5)
       C:\Program Files\dotnet\sdk\9.0.304\Microsoft.Common.CurrentVersion.targets(393,5): message : Reasignaci├│n de propiedad: $(MSBuildCopyMarkerName)="Machly.Api.csproj.Up2Date" (valor anterior: "Machly.Api.csproj") en C:\Program Files\dotnet\sdk\9.0.304\Microsoft.Common.CurrentVersion.targets (393,5)
       C:\Program Files\dotnet\sdk\9.0.304\Microsoft.Common.CurrentVersion.targets(541,5): message : Reasignaci├│n de propiedad: $(ProcessorArchitecture)="msil" (valor anterior: "") en C:\Program Files\dotnet\sdk\9.0.304\Microsoft.Common.CurrentVersion.targets (541,5)
       C:\Program Files\dotnet\sdk\9.0.304\Microsoft.Common.CurrentVersion.targets(580,5): message : Reasignaci├│n de propiedad: $(DelaySign)="" (valor anterior: "false") en C:\Program Files\dotnet\sdk\9.0.304\Microsoft.Common.CurrentVersion.targets (580,5)
       C:\Program Files\dotnet\sdk\9.0.304\Microsoft.Common.CurrentVersion.targets(2619,5): message : Propiedad "LOCALAPPDATA" con el valor "C:\Users\PC\AppData\Local" expandido desde el entorno.
       C:\Program Files\dotnet\sdk\9.0.304\Microsoft.Common.CurrentVersion.targets(3947,5): message : Reasignaci├│n de propiedad: $(_SGenGenerateSerializationAssembliesConfig)="Auto" (valor anterior: "") en C:\Program Files\dotnet\sdk\9.0.304\Microsoft.Common.CurrentVersion.targets (3947,5)
       C:\Program Files\dotnet\sdk\9.0.304\Microsoft.Common.CurrentVersion.targets(3948,5): message : Reasignaci├│n de propiedad: $(_SGenGenerateSerializationAssembliesConfig)="Off" (valor anterior: "Auto") en C:\Program Files\dotnet\sdk\9.0.304\Microsoft.Common.CurrentVersion.targets (3948,5)
       C:\Program Files\dotnet\sdk\9.0.304\Microsoft.Common.CurrentVersion.targets(5159,5): message : Reasignaci├│n de propiedad: $(_TargetsThatPrepareProjectReferences)="
       C:\Program Files\dotnet\sdk\9.0.304\Microsoft.Common.CurrentVersion.targets(5159,5): message :       AssignProjectConfiguration;
       C:\Program Files\dotnet\sdk\9.0.304\Microsoft.Common.CurrentVersion.targets(5159,5): message :       _SplitProjectReferencesByFileExistence
       C:\Program Files\dotnet\sdk\9.0.304\Microsoft.Common.CurrentVersion.targets(5159,5): message :     " (valor anterior: "_SplitProjectReferencesByFileExistence") en C:\Program Files\dotnet\sdk\9.0.304\Microsoft.Common.CurrentVersion.targets (5159,5)
       C:\Program Files\dotnet\sdk\9.0.304\Microsoft.Common.CurrentVersion.targets(6954,5): message : Propiedad "MSBuildExtensionsPath32" con el valor "C:\Program Files\dotnet\sdk\9.0.304" expandido desde el entorno.
       C:\Program Files\dotnet\sdk\9.0.304\Sdks\Microsoft.NET.Sdk\targets\Microsoft.PackageDependencyResolution.targets(24,5): message : Reasignaci├│n de propiedad: $(ProjectAssetsFile)="C:\Users\PC\Downloads\Machly\Machly.Api\obj\project.assets.json" (valor anterior: "C:\Users\PC\Downloads\Machly\Machly.Api\obj\/project.assets.json") en C:\Program Files\dotnet\sdk\9.0.304\Sdks\Microsoft.NET.Sdk\targets\Microsoft.PackageDependencyResolution.targets (24,5)
       C:\Program Files\dotnet\sdk\9.0.304\Sdks\Microsoft.NET.Sdk\targets\Microsoft.PackageDependencyResolution.targets(29,5): message : Reasignaci├│n de propiedad: $(ProjectAssetsCacheFile)="C:\Users\PC\Downloads\Machly\Machly.Api\obj\Debug\net8.0\Machly.Api.assets.cache" (valor anterior: "obj\Debug\net8.0\Machly.Api.assets.cache") en C:\Program Files\dotnet\sdk\9.0.304\Sdks\Microsoft.NET.Sdk\targets\Microsoft.PackageDependencyResolution.targets (29,5)
       C:\Program Files\dotnet\sdk\9.0.304\Sdks\Microsoft.NET.Sdk\targets\Microsoft.PackageDependencyResolution.targets(80,5): message : Reasignaci├│n de propiedad: $(ResolveAssemblyReferencesDependsOn)="
       C:\Program Files\dotnet\sdk\9.0.304\Sdks\Microsoft.NET.Sdk\targets\Microsoft.PackageDependencyResolution.targets(80,5): message :       
       C:\Program Files\dotnet\sdk\9.0.304\Sdks\Microsoft.NET.Sdk\targets\Microsoft.PackageDependencyResolution.targets(80,5): message :       ResolveProjectReferences;
       C:\Program Files\dotnet\sdk\9.0.304\Sdks\Microsoft.NET.Sdk\targets\Microsoft.PackageDependencyResolution.targets(80,5): message :       FindInvalidProjectReferences;
       C:\Program Files\dotnet\sdk\9.0.304\Sdks\Microsoft.NET.Sdk\targets\Microsoft.PackageDependencyResolution.targets(80,5): message :       GetFrameworkPaths;
       C:\Program Files\dotnet\sdk\9.0.304\Sdks\Microsoft.NET.Sdk\targets\Microsoft.PackageDependencyResolution.targets(80,5): message :       GetReferenceAssemblyPaths;
       C:\Program Files\dotnet\sdk\9.0.304\Sdks\Microsoft.NET.Sdk\targets\Microsoft.PackageDependencyResolution.targets(80,5): message :       PrepareForBuild;
       C:\Program Files\dotnet\sdk\9.0.304\Sdks\Microsoft.NET.Sdk\targets\Microsoft.PackageDependencyResolution.targets(80,5): message :       ResolveSDKReferences;
       C:\Program Files\dotnet\sdk\9.0.304\Sdks\Microsoft.NET.Sdk\targets\Microsoft.PackageDependencyResolution.targets(80,5): message :       ExpandSDKReferences;
       C:\Program Files\dotnet\sdk\9.0.304\Sdks\Microsoft.NET.Sdk\targets\Microsoft.PackageDependencyResolution.targets(80,5): message :     ;
       C:\Program Files\dotnet\sdk\9.0.304\Sdks\Microsoft.NET.Sdk\targets\Microsoft.PackageDependencyResolution.targets(80,5): message :       ResolvePackageDependenciesForBuild;
       C:\Program Files\dotnet\sdk\9.0.304\Sdks\Microsoft.NET.Sdk\targets\Microsoft.PackageDependencyResolution.targets(80,5): message :       _HandlePackageFileConflicts;
       C:\Program Files\dotnet\sdk\9.0.304\Sdks\Microsoft.NET.Sdk\targets\Microsoft.PackageDependencyResolution.targets(80,5): message :     " (valor anterior: "
       C:\Program Files\dotnet\sdk\9.0.304\Sdks\Microsoft.NET.Sdk\targets\Microsoft.PackageDependencyResolution.targets(80,5): message :       ResolveProjectReferences;
       C:\Program Files\dotnet\sdk\9.0.304\Sdks\Microsoft.NET.Sdk\targets\Microsoft.PackageDependencyResolution.targets(80,5): message :       FindInvalidProjectReferences;
       C:\Program Files\dotnet\sdk\9.0.304\Sdks\Microsoft.NET.Sdk\targets\Microsoft.PackageDependencyResolution.targets(80,5): message :       GetFrameworkPaths;
       C:\Program Files\dotnet\sdk\9.0.304\Sdks\Microsoft.NET.Sdk\targets\Microsoft.PackageDependencyResolution.targets(80,5): message :       GetReferenceAssemblyPaths;
       C:\Program Files\dotnet\sdk\9.0.304\Sdks\Microsoft.NET.Sdk\targets\Microsoft.PackageDependencyResolution.targets(80,5): message :       PrepareForBuild;
       C:\Program Files\dotnet\sdk\9.0.304\Sdks\Microsoft.NET.Sdk\targets\Microsoft.PackageDependencyResolution.targets(80,5): message :       ResolveSDKReferences;
       C:\Program Files\dotnet\sdk\9.0.304\Sdks\Microsoft.NET.Sdk\targets\Microsoft.PackageDependencyResolution.targets(80,5): message :       ExpandSDKReferences;
       C:\Program Files\dotnet\sdk\9.0.304\Sdks\Microsoft.NET.Sdk\targets\Microsoft.PackageDependencyResolution.targets(80,5): message :     ") en C:\Program Files\dotnet\sdk\9.0.304\Sdks\Microsoft.NET.Sdk\targets\Microsoft.PackageDependencyResolution.targets (80,5)
       C:\Program Files\dotnet\sdk\9.0.304\Sdks\Microsoft.NET.Sdk\targets\Microsoft.PackageDependencyResolution.targets(86,5): message : Reasignaci├│n de propiedad: $(PrepareResourcesDependsOn)="
       C:\Program Files\dotnet\sdk\9.0.304\Sdks\Microsoft.NET.Sdk\targets\Microsoft.PackageDependencyResolution.targets(86,5): message :       ResolvePackageDependenciesForBuild;
       C:\Program Files\dotnet\sdk\9.0.304\Sdks\Microsoft.NET.Sdk\targets\Microsoft.PackageDependencyResolution.targets(86,5): message :       _HandlePackageFileConflicts;
       C:\Program Files\dotnet\sdk\9.0.304\Sdks\Microsoft.NET.Sdk\targets\Microsoft.PackageDependencyResolution.targets(86,5): message :       
       C:\Program Files\dotnet\sdk\9.0.304\Sdks\Microsoft.NET.Sdk\targets\Microsoft.PackageDependencyResolution.targets(86,5): message :       ;
       C:\Program Files\dotnet\sdk\9.0.304\Sdks\Microsoft.NET.Sdk\targets\Microsoft.PackageDependencyResolution.targets(86,5): message :       PrepareResourceNames;
       C:\Program Files\dotnet\sdk\9.0.304\Sdks\Microsoft.NET.Sdk\targets\Microsoft.PackageDependencyResolution.targets(86,5): message :       ResGen;
       C:\Program Files\dotnet\sdk\9.0.304\Sdks\Microsoft.NET.Sdk\targets\Microsoft.PackageDependencyResolution.targets(86,5): message :       CompileLicxFiles
       C:\Program Files\dotnet\sdk\9.0.304\Sdks\Microsoft.NET.Sdk\targets\Microsoft.PackageDependencyResolution.targets(86,5): message :     
       C:\Program Files\dotnet\sdk\9.0.304\Sdks\Microsoft.NET.Sdk\targets\Microsoft.PackageDependencyResolution.targets(86,5): message :     " (valor anterior: "
       C:\Program Files\dotnet\sdk\9.0.304\Sdks\Microsoft.NET.Sdk\targets\Microsoft.PackageDependencyResolution.targets(86,5): message :       ;
       C:\Program Files\dotnet\sdk\9.0.304\Sdks\Microsoft.NET.Sdk\targets\Microsoft.PackageDependencyResolution.targets(86,5): message :       PrepareResourceNames;
       C:\Program Files\dotnet\sdk\9.0.304\Sdks\Microsoft.NET.Sdk\targets\Microsoft.PackageDependencyResolution.targets(86,5): message :       ResGen;
       C:\Program Files\dotnet\sdk\9.0.304\Sdks\Microsoft.NET.Sdk\targets\Microsoft.PackageDependencyResolution.targets(86,5): message :       CompileLicxFiles
       C:\Program Files\dotnet\sdk\9.0.304\Sdks\Microsoft.NET.Sdk\targets\Microsoft.PackageDependencyResolution.targets(86,5): message :     ") en C:\Program Files\dotnet\sdk\9.0.304\Sdks\Microsoft.NET.Sdk\targets\Microsoft.PackageDependencyResolution.targets (86,5)
       C:\Program Files\dotnet\sdk\9.0.304\Sdks\Microsoft.NET.Sdk\targets\Microsoft.NET.Sdk.DefaultItems.targets(27,5): message : Reasignaci├│n de propiedad: $(DefaultItemExcludes)=";**\node_modules\**;node_modules\**;**\jspm_packages\**;jspm_packages\**;**\bower_components\**;bower_components\**;**\packages.lock.json;bin\Debug\/**;obj\Debug\/**;bin\/**" (valor anterior: ";**\node_modules\**;node_modules\**;**\jspm_packages\**;jspm_packages\**;**\bower_components\**;bower_components\**;**\packages.lock.json;bin\Debug\/**;obj\Debug\/**") en C:\Program Files\dotnet\sdk\9.0.304\Sdks\Microsoft.NET.Sdk\targets\Microsoft.NET.Sdk.DefaultItems.targets (27,5)
       C:\Program Files\dotnet\sdk\9.0.304\Sdks\Microsoft.NET.Sdk\targets\Microsoft.NET.Sdk.DefaultItems.targets(29,5): message : Reasignaci├│n de propiedad: $(DefaultItemExcludes)=";**\node_modules\**;node_modules\**;**\jspm_packages\**;jspm_packages\**;**\bower_components\**;bower_components\**;**\packages.lock.json;bin\Debug\/**;obj\Debug\/**;bin\/**;obj\/**" (valor anterior: ";**\node_modules\**;node_modules\**;**\jspm_packages\**;jspm_packages\**;**\bower_components\**;bower_components\**;**\packages.lock.json;bin\Debug\/**;obj\Debug\/**;bin\/**") en C:\Program Files\dotnet\sdk\9.0.304\Sdks\Microsoft.NET.Sdk\targets\Microsoft.NET.Sdk.DefaultItems.targets (29,5)
       C:\Program Files\dotnet\sdk\9.0.304\Sdks\Microsoft.NET.Sdk\targets\Microsoft.NET.Sdk.DefaultItems.targets(32,5): message : Reasignaci├│n de propiedad: $(DefaultItemExcludes)=";**\node_modules\**;node_modules\**;**\jspm_packages\**;jspm_packages\**;**\bower_components\**;bower_components\**;**\packages.lock.json;bin\Debug\/**;obj\Debug\/**;bin\/**;obj\/**;**/*.user" (valor anterior: ";**\node_modules\**;node_modules\**;**\jspm_packages\**;jspm_packages\**;**\bower_components\**;bower_components\**;**\packages.lock.json;bin\Debug\/**;obj\Debug\/**;bin\/**;obj\/**") en C:\Program Files\dotnet\sdk\9.0.304\Sdks\Microsoft.NET.Sdk\targets\Microsoft.NET.Sdk.DefaultItems.targets (32,5)
       C:\Program Files\dotnet\sdk\9.0.304\Sdks\Microsoft.NET.Sdk\targets\Microsoft.NET.Sdk.DefaultItems.targets(33,5): message : Reasignaci├│n de propiedad: $(DefaultItemExcludes)=";**\node_modules\**;node_modules\**;**\jspm_packages\**;jspm_packages\**;**\bower_components\**;bower_components\**;**\packages.lock.json;bin\Debug\/**;obj\Debug\/**;bin\/**;obj\/**;**/*.user;**/*.*proj" (valor anterior: ";**\node_modules\**;node_modules\**;**\jspm_packages\**;jspm_packages\**;**\bower_components\**;bower_components\**;**\packages.lock.json;bin\Debug\/**;obj\Debug\/**;bin\/**;obj\/**;**/*.user") en C:\Program Files\dotnet\sdk\9.0.304\Sdks\Microsoft.NET.Sdk\targets\Microsoft.NET.Sdk.DefaultItems.targets (33,5)
       C:\Program Files\dotnet\sdk\9.0.304\Sdks\Microsoft.NET.Sdk\targets\Microsoft.NET.Sdk.DefaultItems.targets(34,5): message : Reasignaci├│n de propiedad: $(DefaultItemExcludes)=";**\node_modules\**;node_modules\**;**\jspm_packages\**;jspm_packages\**;**\bower_components\**;bower_components\**;**\packages.lock.json;bin\Debug\/**;obj\Debug\/**;bin\/**;obj\/**;**/*.user;**/*.*proj;**/*.sln" (valor anterior: ";**\node_modules\**;node_modules\**;**\jspm_packages\**;jspm_packages\**;**\bower_components\**;bower_components\**;**\packages.lock.json;bin\Debug\/**;obj\Debug\/**;bin\/**;obj\/**;**/*.user;**/*.*proj") en C:\Program Files\dotnet\sdk\9.0.304\Sdks\Microsoft.NET.Sdk\targets\Microsoft.NET.Sdk.DefaultItems.targets (34,5)
       C:\Program Files\dotnet\sdk\9.0.304\Sdks\Microsoft.NET.Sdk\targets\Microsoft.NET.Sdk.DefaultItems.targets(35,5): message : Reasignaci├│n de propiedad: $(DefaultItemExcludes)=";**\node_modules\**;node_modules\**;**\jspm_packages\**;jspm_packages\**;**\bower_components\**;bower_components\**;**\packages.lock.json;bin\Debug\/**;obj\Debug\/**;bin\/**;obj\/**;**/*.user;**/*.*proj;**/*.sln;**/*.slnx" (valor anterior: ";**\node_modules\**;node_modules\**;**\jspm_packages\**;jspm_packages\**;**\bower_components\**;bower_components\**;**\packages.lock.json;bin\Debug\/**;obj\Debug\/**;bin\/**;obj\/**;**/*.user;**/*.*proj;**/*.sln") en C:\Program Files\dotnet\sdk\9.0.304\Sdks\Microsoft.NET.Sdk\targets\Microsoft.NET.Sdk.DefaultItems.targets (35,5)
       C:\Program Files\dotnet\sdk\9.0.304\Sdks\Microsoft.NET.Sdk\targets\Microsoft.NET.Sdk.DefaultItems.targets(36,5): message : Reasignaci├│n de propiedad: $(DefaultItemExcludes)=";**\node_modules\**;node_modules\**;**\jspm_packages\**;jspm_packages\**;**\bower_components\**;bower_components\**;**\packages.lock.json;bin\Debug\/**;obj\Debug\/**;bin\/**;obj\/**;**/*.user;**/*.*proj;**/*.sln;**/*.slnx;**/*.vssscc" (valor anterior: ";**\node_modules\**;node_modules\**;**\jspm_packages\**;jspm_packages\**;**\bower_components\**;bower_components\**;**\packages.lock.json;bin\Debug\/**;obj\Debug\/**;bin\/**;obj\/**;**/*.user;**/*.*proj;**/*.sln;**/*.slnx") en C:\Program Files\dotnet\sdk\9.0.304\Sdks\Microsoft.NET.Sdk\targets\Microsoft.NET.Sdk.DefaultItems.targets (36,5)
       C:\Program Files\dotnet\sdk\9.0.304\Sdks\Microsoft.NET.Sdk\targets\Microsoft.NET.Sdk.DefaultItems.targets(37,5): message : Reasignaci├│n de propiedad: $(DefaultItemExcludes)=";**\node_modules\**;node_modules\**;**\jspm_packages\**;jspm_packages\**;**\bower_components\**;bower_components\**;**\packages.lock.json;bin\Debug\/**;obj\Debug\/**;bin\/**;obj\/**;**/*.user;**/*.*proj;**/*.sln;**/*.slnx;**/*.vssscc;**/.DS_Store" (valor anterior: ";**\node_modules\**;node_modules\**;**\jspm_packages\**;jspm_packages\**;**\bower_components\**;bower_components\**;**\packages.lock.json;bin\Debug\/**;obj\Debug\/**;bin\/**;obj\/**;**/*.user;**/*.*proj;**/*.sln;**/*.slnx;**/*.vssscc") en C:\Program Files\dotnet\sdk\9.0.304\Sdks\Microsoft.NET.Sdk\targets\Microsoft.NET.Sdk.DefaultItems.targets (37,5)
       C:\Program Files\dotnet\sdk\9.0.304\Sdks\Microsoft.NET.Sdk\targets\Microsoft.NET.Sdk.FrameworkReferenceResolution.targets(14,5): message : Reasignaci├│n de propiedad: $(ResolveAssemblyReferencesDependsOn)="
       C:\Program Files\dotnet\sdk\9.0.304\Sdks\Microsoft.NET.Sdk\targets\Microsoft.NET.Sdk.FrameworkReferenceResolution.targets(14,5): message :       
       C:\Program Files\dotnet\sdk\9.0.304\Sdks\Microsoft.NET.Sdk\targets\Microsoft.NET.Sdk.FrameworkReferenceResolution.targets(14,5): message :       
       C:\Program Files\dotnet\sdk\9.0.304\Sdks\Microsoft.NET.Sdk\targets\Microsoft.NET.Sdk.FrameworkReferenceResolution.targets(14,5): message :       ResolveProjectReferences;
       C:\Program Files\dotnet\sdk\9.0.304\Sdks\Microsoft.NET.Sdk\targets\Microsoft.NET.Sdk.FrameworkReferenceResolution.targets(14,5): message :       FindInvalidProjectReferences;
       C:\Program Files\dotnet\sdk\9.0.304\Sdks\Microsoft.NET.Sdk\targets\Microsoft.NET.Sdk.FrameworkReferenceResolution.targets(14,5): message :       GetFrameworkPaths;
       C:\Program Files\dotnet\sdk\9.0.304\Sdks\Microsoft.NET.Sdk\targets\Microsoft.NET.Sdk.FrameworkReferenceResolution.targets(14,5): message :       GetReferenceAssemblyPaths;
       C:\Program Files\dotnet\sdk\9.0.304\Sdks\Microsoft.NET.Sdk\targets\Microsoft.NET.Sdk.FrameworkReferenceResolution.targets(14,5): message :       PrepareForBuild;
       C:\Program Files\dotnet\sdk\9.0.304\Sdks\Microsoft.NET.Sdk\targets\Microsoft.NET.Sdk.FrameworkReferenceResolution.targets(14,5): message :       ResolveSDKReferences;
       C:\Program Files\dotnet\sdk\9.0.304\Sdks\Microsoft.NET.Sdk\targets\Microsoft.NET.Sdk.FrameworkReferenceResolution.targets(14,5): message :       ExpandSDKReferences;
       C:\Program Files\dotnet\sdk\9.0.304\Sdks\Microsoft.NET.Sdk\targets\Microsoft.NET.Sdk.FrameworkReferenceResolution.targets(14,5): message :     ;
       C:\Program Files\dotnet\sdk\9.0.304\Sdks\Microsoft.NET.Sdk\targets\Microsoft.NET.Sdk.FrameworkReferenceResolution.targets(14,5): message :       ResolvePackageDependenciesForBuild;
       C:\Program Files\dotnet\sdk\9.0.304\Sdks\Microsoft.NET.Sdk\targets\Microsoft.NET.Sdk.FrameworkReferenceResolution.targets(14,5): message :       _HandlePackageFileConflicts;
       C:\Program Files\dotnet\sdk\9.0.304\Sdks\Microsoft.NET.Sdk\targets\Microsoft.NET.Sdk.FrameworkReferenceResolution.targets(14,5): message :     ;
       C:\Program Files\dotnet\sdk\9.0.304\Sdks\Microsoft.NET.Sdk\targets\Microsoft.NET.Sdk.FrameworkReferenceResolution.targets(14,5): message :       ResolveTargetingPackAssets;
       C:\Program Files\dotnet\sdk\9.0.304\Sdks\Microsoft.NET.Sdk\targets\Microsoft.NET.Sdk.FrameworkReferenceResolution.targets(14,5): message :     " (valor anterior: "
       C:\Program Files\dotnet\sdk\9.0.304\Sdks\Microsoft.NET.Sdk\targets\Microsoft.NET.Sdk.FrameworkReferenceResolution.targets(14,5): message :       
       C:\Program Files\dotnet\sdk\9.0.304\Sdks\Microsoft.NET.Sdk\targets\Microsoft.NET.Sdk.FrameworkReferenceResolution.targets(14,5): message :       ResolveProjectReferences;
       C:\Program Files\dotnet\sdk\9.0.304\Sdks\Microsoft.NET.Sdk\targets\Microsoft.NET.Sdk.FrameworkReferenceResolution.targets(14,5): message :       FindInvalidProjectReferences;
       C:\Program Files\dotnet\sdk\9.0.304\Sdks\Microsoft.NET.Sdk\targets\Microsoft.NET.Sdk.FrameworkReferenceResolution.targets(14,5): message :       GetFrameworkPaths;
       C:\Program Files\dotnet\sdk\9.0.304\Sdks\Microsoft.NET.Sdk\targets\Microsoft.NET.Sdk.FrameworkReferenceResolution.targets(14,5): message :       GetReferenceAssemblyPaths;
       C:\Program Files\dotnet\sdk\9.0.304\Sdks\Microsoft.NET.Sdk\targets\Microsoft.NET.Sdk.FrameworkReferenceResolution.targets(14,5): message :       PrepareForBuild;
       C:\Program Files\dotnet\sdk\9.0.304\Sdks\Microsoft.NET.Sdk\targets\Microsoft.NET.Sdk.FrameworkReferenceResolution.targets(14,5): message :       ResolveSDKReferences;
       C:\Program Files\dotnet\sdk\9.0.304\Sdks\Microsoft.NET.Sdk\targets\Microsoft.NET.Sdk.FrameworkReferenceResolution.targets(14,5): message :       ExpandSDKReferences;
       C:\Program Files\dotnet\sdk\9.0.304\Sdks\Microsoft.NET.Sdk\targets\Microsoft.NET.Sdk.FrameworkReferenceResolution.targets(14,5): message :     ;
       C:\Program Files\dotnet\sdk\9.0.304\Sdks\Microsoft.NET.Sdk\targets\Microsoft.NET.Sdk.FrameworkReferenceResolution.targets(14,5): message :       ResolvePackageDependenciesForBuild;
       C:\Program Files\dotnet\sdk\9.0.304\Sdks\Microsoft.NET.Sdk\targets\Microsoft.NET.Sdk.FrameworkReferenceResolution.targets(14,5): message :       _HandlePackageFileConflicts;
       C:\Program Files\dotnet\sdk\9.0.304\Sdks\Microsoft.NET.Sdk\targets\Microsoft.NET.Sdk.FrameworkReferenceResolution.targets(14,5): message :     ") en C:\Program Files\dotnet\sdk\9.0.304\Sdks\Microsoft.NET.Sdk\targets\Microsoft.NET.Sdk.FrameworkReferenceResolution.targets (14,5)
       C:\Program Files\dotnet\sdk\9.0.304\Sdks\Microsoft.NET.Sdk\targets\Microsoft.NET.Sdk.targets(44,5): message : Reasignaci├│n de propiedad: $(_GenerateRuntimeConfigurationPropertyInputsCache)="C:\Users\PC\Downloads\Machly\Machly.Api\obj\Debug\net8.0\Machly.Api.genruntimeconfig.cache" (valor anterior: "obj\Debug\net8.0\Machly.Api.genruntimeconfig.cache") en C:\Program Files\dotnet\sdk\9.0.304\Sdks\Microsoft.NET.Sdk\targets\Microsoft.NET.Sdk.targets (44,5)
       C:\Program Files\dotnet\sdk\9.0.304\Sdks\Microsoft.NET.Sdk\targets\Microsoft.NET.Sdk.targets(46,5): message : Reasignaci├│n de propiedad: $(_GeneratePublishDependencyFilePropertyInputsCache)="C:\Users\PC\Downloads\Machly\Machly.Api\obj\Debug\net8.0\Machly.Api.genpublishdeps.cache" (valor anterior: "obj\Debug\net8.0\Machly.Api.genpublishdeps.cache") en C:\Program Files\dotnet\sdk\9.0.304\Sdks\Microsoft.NET.Sdk\targets\Microsoft.NET.Sdk.targets (46,5)
       C:\Program Files\dotnet\sdk\9.0.304\Sdks\Microsoft.NET.Sdk\targets\Microsoft.NET.Sdk.targets(48,5): message : Reasignaci├│n de propiedad: $(_GenerateSingleFileBundlePropertyInputsCache)="C:\Users\PC\Downloads\Machly\Machly.Api\obj\Debug\net8.0\Machly.Api.genbundle.cache" (valor anterior: "obj\Debug\net8.0\Machly.Api.genbundle.cache") en C:\Program Files\dotnet\sdk\9.0.304\Sdks\Microsoft.NET.Sdk\targets\Microsoft.NET.Sdk.targets (48,5)
       C:\Program Files\dotnet\sdk\9.0.304\Sdks\Microsoft.NET.Sdk\targets\Microsoft.NET.Sdk.targets(81,5): message : Reasignaci├│n de propiedad: $(GenerateRuntimeConfigDevFile)="false" (valor anterior: "true") en C:\Program Files\dotnet\sdk\9.0.304\Sdks\Microsoft.NET.Sdk\targets\Microsoft.NET.Sdk.targets (81,5)
       C:\Program Files\dotnet\sdk\9.0.304\Sdks\Microsoft.NET.Sdk\targets\Microsoft.NET.Sdk.targets(97,5): message : Propiedad "USERPROFILE" con el valor "C:\Users\PC" expandido desde el entorno.
       C:\Program Files\dotnet\sdk\9.0.304\Sdks\Microsoft.NET.Sdk\targets\Microsoft.NET.Sdk.targets(97,5): message : Reasignaci├│n de propiedad: $(_DefaultUserProfileRuntimeStorePath)="C:\Users\PC" (valor anterior: "") en C:\Program Files\dotnet\sdk\9.0.304\Sdks\Microsoft.NET.Sdk\targets\Microsoft.NET.Sdk.targets (97,5)
       C:\Program Files\dotnet\sdk\9.0.304\Sdks\Microsoft.NET.Sdk\targets\Microsoft.NET.Sdk.targets(98,5): message : Reasignaci├│n de propiedad: $(_DefaultUserProfileRuntimeStorePath)="C:\Users\PC\.dotnet\store" (valor anterior: "C:\Users\PC") en C:\Program Files\dotnet\sdk\9.0.304\Sdks\Microsoft.NET.Sdk\targets\Microsoft.NET.Sdk.targets (98,5)
       C:\Program Files\dotnet\sdk\9.0.304\Sdks\Microsoft.NET.Sdk\targets\Microsoft.NET.Sdk.targets(140,5): message : Reasignaci├│n de propiedad: $(AvailablePlatforms)="Any CPU,x86,x64,ARM32" (valor anterior: "Any CPU,x86,x64") en C:\Program Files\dotnet\sdk\9.0.304\Sdks\Microsoft.NET.Sdk\targets\Microsoft.NET.Sdk.targets (140,5)
       C:\Program Files\dotnet\sdk\9.0.304\Sdks\Microsoft.NET.Sdk\targets\Microsoft.NET.Sdk.targets(144,5): message : Reasignaci├│n de propiedad: $(AvailablePlatforms)="Any CPU,x86,x64,ARM32,ARM64" (valor anterior: "Any CPU,x86,x64,ARM32") en C:\Program Files\dotnet\sdk\9.0.304\Sdks\Microsoft.NET.Sdk\targets\Microsoft.NET.Sdk.targets (144,5)
       C:\Program Files\dotnet\sdk\9.0.304\Sdks\Microsoft.NET.Sdk\targets\Microsoft.NET.Sdk.targets(201,5): message : Reasignaci├│n de propiedad: $(CoreBuildDependsOn)="
       C:\Program Files\dotnet\sdk\9.0.304\Sdks\Microsoft.NET.Sdk\targets\Microsoft.NET.Sdk.targets(201,5): message :       _CheckForBuildWithNoBuild;
       C:\Program Files\dotnet\sdk\9.0.304\Sdks\Microsoft.NET.Sdk\targets\Microsoft.NET.Sdk.targets(201,5): message :       
       C:\Program Files\dotnet\sdk\9.0.304\Sdks\Microsoft.NET.Sdk\targets\Microsoft.NET.Sdk.targets(201,5): message :       BuildOnlySettings;
       C:\Program Files\dotnet\sdk\9.0.304\Sdks\Microsoft.NET.Sdk\targets\Microsoft.NET.Sdk.targets(201,5): message :       PrepareForBuild;
       C:\Program Files\dotnet\sdk\9.0.304\Sdks\Microsoft.NET.Sdk\targets\Microsoft.NET.Sdk.targets(201,5): message :       PreBuildEvent;
       C:\Program Files\dotnet\sdk\9.0.304\Sdks\Microsoft.NET.Sdk\targets\Microsoft.NET.Sdk.targets(201,5): message :       ResolveReferences;
       C:\Program Files\dotnet\sdk\9.0.304\Sdks\Microsoft.NET.Sdk\targets\Microsoft.NET.Sdk.targets(201,5): message :       PrepareResources;
       C:\Program Files\dotnet\sdk\9.0.304\Sdks\Microsoft.NET.Sdk\targets\Microsoft.NET.Sdk.targets(201,5): message :       ResolveKeySource;
       C:\Program Files\dotnet\sdk\9.0.304\Sdks\Microsoft.NET.Sdk\targets\Microsoft.NET.Sdk.targets(201,5): message :       Compile;
       C:\Program Files\dotnet\sdk\9.0.304\Sdks\Microsoft.NET.Sdk\targets\Microsoft.NET.Sdk.targets(201,5): message :       ExportWindowsMDFile;
       C:\Program Files\dotnet\sdk\9.0.304\Sdks\Microsoft.NET.Sdk\targets\Microsoft.NET.Sdk.targets(201,5): message :       UnmanagedUnregistration;
       C:\Program Files\dotnet\sdk\9.0.304\Sdks\Microsoft.NET.Sdk\targets\Microsoft.NET.Sdk.targets(201,5): message :       GenerateSerializationAssemblies;
       C:\Program Files\dotnet\sdk\9.0.304\Sdks\Microsoft.NET.Sdk\targets\Microsoft.NET.Sdk.targets(201,5): message :       CreateSatelliteAssemblies;
       C:\Program Files\dotnet\sdk\9.0.304\Sdks\Microsoft.NET.Sdk\targets\Microsoft.NET.Sdk.targets(201,5): message :       GenerateManifests;
       C:\Program Files\dotnet\sdk\9.0.304\Sdks\Microsoft.NET.Sdk\targets\Microsoft.NET.Sdk.targets(201,5): message :       GetTargetPath;
       C:\Program Files\dotnet\sdk\9.0.304\Sdks\Microsoft.NET.Sdk\targets\Microsoft.NET.Sdk.targets(201,5): message :       PrepareForRun;
       C:\Program Files\dotnet\sdk\9.0.304\Sdks\Microsoft.NET.Sdk\targets\Microsoft.NET.Sdk.targets(201,5): message :       UnmanagedRegistration;
       C:\Program Files\dotnet\sdk\9.0.304\Sdks\Microsoft.NET.Sdk\targets\Microsoft.NET.Sdk.targets(201,5): message :       IncrementalClean;
       C:\Program Files\dotnet\sdk\9.0.304\Sdks\Microsoft.NET.Sdk\targets\Microsoft.NET.Sdk.targets(201,5): message :       PostBuildEvent
       C:\Program Files\dotnet\sdk\9.0.304\Sdks\Microsoft.NET.Sdk\targets\Microsoft.NET.Sdk.targets(201,5): message :     ;
       C:\Program Files\dotnet\sdk\9.0.304\Sdks\Microsoft.NET.Sdk\targets\Microsoft.NET.Sdk.targets(201,5): message :       GenerateBuildDependencyFile;
       C:\Program Files\dotnet\sdk\9.0.304\Sdks\Microsoft.NET.Sdk\targets\Microsoft.NET.Sdk.targets(201,5): message :       GenerateBuildRuntimeConfigurationFiles
       C:\Program Files\dotnet\sdk\9.0.304\Sdks\Microsoft.NET.Sdk\targets\Microsoft.NET.Sdk.targets(201,5): message :     " (valor anterior: "
       C:\Program Files\dotnet\sdk\9.0.304\Sdks\Microsoft.NET.Sdk\targets\Microsoft.NET.Sdk.targets(201,5): message :       BuildOnlySettings;
       C:\Program Files\dotnet\sdk\9.0.304\Sdks\Microsoft.NET.Sdk\targets\Microsoft.NET.Sdk.targets(201,5): message :       PrepareForBuild;
       C:\Program Files\dotnet\sdk\9.0.304\Sdks\Microsoft.NET.Sdk\targets\Microsoft.NET.Sdk.targets(201,5): message :       PreBuildEvent;
       C:\Program Files\dotnet\sdk\9.0.304\Sdks\Microsoft.NET.Sdk\targets\Microsoft.NET.Sdk.targets(201,5): message :       ResolveReferences;
       C:\Program Files\dotnet\sdk\9.0.304\Sdks\Microsoft.NET.Sdk\targets\Microsoft.NET.Sdk.targets(201,5): message :       PrepareResources;
       C:\Program Files\dotnet\sdk\9.0.304\Sdks\Microsoft.NET.Sdk\targets\Microsoft.NET.Sdk.targets(201,5): message :       ResolveKeySource;
       C:\Program Files\dotnet\sdk\9.0.304\Sdks\Microsoft.NET.Sdk\targets\Microsoft.NET.Sdk.targets(201,5): message :       Compile;
       C:\Program Files\dotnet\sdk\9.0.304\Sdks\Microsoft.NET.Sdk\targets\Microsoft.NET.Sdk.targets(201,5): message :       ExportWindowsMDFile;
       C:\Program Files\dotnet\sdk\9.0.304\Sdks\Microsoft.NET.Sdk\targets\Microsoft.NET.Sdk.targets(201,5): message :       UnmanagedUnregistration;
       C:\Program Files\dotnet\sdk\9.0.304\Sdks\Microsoft.NET.Sdk\targets\Microsoft.NET.Sdk.targets(201,5): message :       GenerateSerializationAssemblies;
       C:\Program Files\dotnet\sdk\9.0.304\Sdks\Microsoft.NET.Sdk\targets\Microsoft.NET.Sdk.targets(201,5): message :       CreateSatelliteAssemblies;
       C:\Program Files\dotnet\sdk\9.0.304\Sdks\Microsoft.NET.Sdk\targets\Microsoft.NET.Sdk.targets(201,5): message :       GenerateManifests;
       C:\Program Files\dotnet\sdk\9.0.304\Sdks\Microsoft.NET.Sdk\targets\Microsoft.NET.Sdk.targets(201,5): message :       GetTargetPath;
       C:\Program Files\dotnet\sdk\9.0.304\Sdks\Microsoft.NET.Sdk\targets\Microsoft.NET.Sdk.targets(201,5): message :       PrepareForRun;
       C:\Program Files\dotnet\sdk\9.0.304\Sdks\Microsoft.NET.Sdk\targets\Microsoft.NET.Sdk.targets(201,5): message :       UnmanagedRegistration;
       C:\Program Files\dotnet\sdk\9.0.304\Sdks\Microsoft.NET.Sdk\targets\Microsoft.NET.Sdk.targets(201,5): message :       IncrementalClean;
       C:\Program Files\dotnet\sdk\9.0.304\Sdks\Microsoft.NET.Sdk\targets\Microsoft.NET.Sdk.targets(201,5): message :       PostBuildEvent
       C:\Program Files\dotnet\sdk\9.0.304\Sdks\Microsoft.NET.Sdk\targets\Microsoft.NET.Sdk.targets(201,5): message :     ") en C:\Program Files\dotnet\sdk\9.0.304\Sdks\Microsoft.NET.Sdk\targets\Microsoft.NET.Sdk.targets (201,5)
       C:\Program Files\dotnet\sdk\9.0.304\Sdks\Microsoft.NET.Sdk\targets\Microsoft.NET.Sdk.targets(210,5): message : Reasignaci├│n de propiedad: $(CoreCleanDependsOn)="
       C:\Program Files\dotnet\sdk\9.0.304\Sdks\Microsoft.NET.Sdk\targets\Microsoft.NET.Sdk.targets(210,5): message :       _SdkBeforeClean;
       C:\Program Files\dotnet\sdk\9.0.304\Sdks\Microsoft.NET.Sdk\targets\Microsoft.NET.Sdk.targets(210,5): message :       
       C:\Program Files\dotnet\sdk\9.0.304\Sdks\Microsoft.NET.Sdk\targets\Microsoft.NET.Sdk.targets(210,5): message :     " (valor anterior: "") en C:\Program Files\dotnet\sdk\9.0.304\Sdks\Microsoft.NET.Sdk\targets\Microsoft.NET.Sdk.targets (210,5)
       C:\Program Files\dotnet\sdk\9.0.304\Sdks\Microsoft.NET.Sdk\targets\Microsoft.NET.Sdk.targets(217,5): message : Reasignaci├│n de propiedad: $(RebuildDependsOn)="
       C:\Program Files\dotnet\sdk\9.0.304\Sdks\Microsoft.NET.Sdk\targets\Microsoft.NET.Sdk.targets(217,5): message :       _SdkBeforeRebuild;
       C:\Program Files\dotnet\sdk\9.0.304\Sdks\Microsoft.NET.Sdk\targets\Microsoft.NET.Sdk.targets(217,5): message :       
       C:\Program Files\dotnet\sdk\9.0.304\Sdks\Microsoft.NET.Sdk\targets\Microsoft.NET.Sdk.targets(217,5): message :       BeforeRebuild;
       C:\Program Files\dotnet\sdk\9.0.304\Sdks\Microsoft.NET.Sdk\targets\Microsoft.NET.Sdk.targets(217,5): message :       Clean;
       C:\Program Files\dotnet\sdk\9.0.304\Sdks\Microsoft.NET.Sdk\targets\Microsoft.NET.Sdk.targets(217,5): message :       Build;
       C:\Program Files\dotnet\sdk\9.0.304\Sdks\Microsoft.NET.Sdk\targets\Microsoft.NET.Sdk.targets(217,5): message :       AfterRebuild;
       C:\Program Files\dotnet\sdk\9.0.304\Sdks\Microsoft.NET.Sdk\targets\Microsoft.NET.Sdk.targets(217,5): message :     
       C:\Program Files\dotnet\sdk\9.0.304\Sdks\Microsoft.NET.Sdk\targets\Microsoft.NET.Sdk.targets(217,5): message :     " (valor anterior: "
       C:\Program Files\dotnet\sdk\9.0.304\Sdks\Microsoft.NET.Sdk\targets\Microsoft.NET.Sdk.targets(217,5): message :       BeforeRebuild;
       C:\Program Files\dotnet\sdk\9.0.304\Sdks\Microsoft.NET.Sdk\targets\Microsoft.NET.Sdk.targets(217,5): message :       Clean;
       C:\Program Files\dotnet\sdk\9.0.304\Sdks\Microsoft.NET.Sdk\targets\Microsoft.NET.Sdk.targets(217,5): message :       Build;
       C:\Program Files\dotnet\sdk\9.0.304\Sdks\Microsoft.NET.Sdk\targets\Microsoft.NET.Sdk.targets(217,5): message :       AfterRebuild;
       C:\Program Files\dotnet\sdk\9.0.304\Sdks\Microsoft.NET.Sdk\targets\Microsoft.NET.Sdk.targets(217,5): message :     ") en C:\Program Files\dotnet\sdk\9.0.304\Sdks\Microsoft.NET.Sdk\targets\Microsoft.NET.Sdk.targets (217,5)
       C:\Program Files\dotnet\sdk\9.0.304\Sdks\Microsoft.NET.Sdk\targets\Microsoft.NET.Sdk.targets(784,5): message : Reasignaci├│n de propiedad: $(CompileDependsOn)="
       C:\Program Files\dotnet\sdk\9.0.304\Sdks\Microsoft.NET.Sdk\targets\Microsoft.NET.Sdk.targets(784,5): message :       
       C:\Program Files\dotnet\sdk\9.0.304\Sdks\Microsoft.NET.Sdk\targets\Microsoft.NET.Sdk.targets(784,5): message :       ResolveReferences;
       C:\Program Files\dotnet\sdk\9.0.304\Sdks\Microsoft.NET.Sdk\targets\Microsoft.NET.Sdk.targets(784,5): message :       ResolveKeySource;
       C:\Program Files\dotnet\sdk\9.0.304\Sdks\Microsoft.NET.Sdk\targets\Microsoft.NET.Sdk.targets(784,5): message :       SetWin32ManifestProperties;
       C:\Program Files\dotnet\sdk\9.0.304\Sdks\Microsoft.NET.Sdk\targets\Microsoft.NET.Sdk.targets(784,5): message :       _SetPreferNativeArm64Win32ManifestProperties;
       C:\Program Files\dotnet\sdk\9.0.304\Sdks\Microsoft.NET.Sdk\targets\Microsoft.NET.Sdk.targets(784,5): message :       FindReferenceAssembliesForReferences;
       C:\Program Files\dotnet\sdk\9.0.304\Sdks\Microsoft.NET.Sdk\targets\Microsoft.NET.Sdk.targets(784,5): message :       _GenerateCompileInputs;
       C:\Program Files\dotnet\sdk\9.0.304\Sdks\Microsoft.NET.Sdk\targets\Microsoft.NET.Sdk.targets(784,5): message :       BeforeCompile;
       C:\Program Files\dotnet\sdk\9.0.304\Sdks\Microsoft.NET.Sdk\targets\Microsoft.NET.Sdk.targets(784,5): message :       _TimeStampBeforeCompile;
       C:\Program Files\dotnet\sdk\9.0.304\Sdks\Microsoft.NET.Sdk\targets\Microsoft.NET.Sdk.targets(784,5): message :       _GenerateCompileDependencyCache;
       C:\Program Files\dotnet\sdk\9.0.304\Sdks\Microsoft.NET.Sdk\targets\Microsoft.NET.Sdk.targets(784,5): message :       CoreCompile;
       C:\Program Files\dotnet\sdk\9.0.304\Sdks\Microsoft.NET.Sdk\targets\Microsoft.NET.Sdk.targets(784,5): message :       _TimeStampAfterCompile;
       C:\Program Files\dotnet\sdk\9.0.304\Sdks\Microsoft.NET.Sdk\targets\Microsoft.NET.Sdk.targets(784,5): message :       AfterCompile;
       C:\Program Files\dotnet\sdk\9.0.304\Sdks\Microsoft.NET.Sdk\targets\Microsoft.NET.Sdk.targets(784,5): message :     ;
       C:\Program Files\dotnet\sdk\9.0.304\Sdks\Microsoft.NET.Sdk\targets\Microsoft.NET.Sdk.targets(784,5): message :       _CreateAppHost;
       C:\Program Files\dotnet\sdk\9.0.304\Sdks\Microsoft.NET.Sdk\targets\Microsoft.NET.Sdk.targets(784,5): message :       _CreateComHost;
       C:\Program Files\dotnet\sdk\9.0.304\Sdks\Microsoft.NET.Sdk\targets\Microsoft.NET.Sdk.targets(784,5): message :       _GetIjwHostPaths;
       C:\Program Files\dotnet\sdk\9.0.304\Sdks\Microsoft.NET.Sdk\targets\Microsoft.NET.Sdk.targets(784,5): message :     " (valor anterior: "
       C:\Program Files\dotnet\sdk\9.0.304\Sdks\Microsoft.NET.Sdk\targets\Microsoft.NET.Sdk.targets(784,5): message :       ResolveReferences;
       C:\Program Files\dotnet\sdk\9.0.304\Sdks\Microsoft.NET.Sdk\targets\Microsoft.NET.Sdk.targets(784,5): message :       ResolveKeySource;
       C:\Program Files\dotnet\sdk\9.0.304\Sdks\Microsoft.NET.Sdk\targets\Microsoft.NET.Sdk.targets(784,5): message :       SetWin32ManifestProperties;
       C:\Program Files\dotnet\sdk\9.0.304\Sdks\Microsoft.NET.Sdk\targets\Microsoft.NET.Sdk.targets(784,5): message :       _SetPreferNativeArm64Win32ManifestProperties;
       C:\Program Files\dotnet\sdk\9.0.304\Sdks\Microsoft.NET.Sdk\targets\Microsoft.NET.Sdk.targets(784,5): message :       FindReferenceAssembliesForReferences;
       C:\Program Files\dotnet\sdk\9.0.304\Sdks\Microsoft.NET.Sdk\targets\Microsoft.NET.Sdk.targets(784,5): message :       _GenerateCompileInputs;
       C:\Program Files\dotnet\sdk\9.0.304\Sdks\Microsoft.NET.Sdk\targets\Microsoft.NET.Sdk.targets(784,5): message :       BeforeCompile;
       C:\Program Files\dotnet\sdk\9.0.304\Sdks\Microsoft.NET.Sdk\targets\Microsoft.NET.Sdk.targets(784,5): message :       _TimeStampBeforeCompile;
       C:\Program Files\dotnet\sdk\9.0.304\Sdks\Microsoft.NET.Sdk\targets\Microsoft.NET.Sdk.targets(784,5): message :       _GenerateCompileDependencyCache;
       C:\Program Files\dotnet\sdk\9.0.304\Sdks\Microsoft.NET.Sdk\targets\Microsoft.NET.Sdk.targets(784,5): message :       CoreCompile;
       C:\Program Files\dotnet\sdk\9.0.304\Sdks\Microsoft.NET.Sdk\targets\Microsoft.NET.Sdk.targets(784,5): message :       _TimeStampAfterCompile;
       C:\Program Files\dotnet\sdk\9.0.304\Sdks\Microsoft.NET.Sdk\targets\Microsoft.NET.Sdk.targets(784,5): message :       AfterCompile;
       C:\Program Files\dotnet\sdk\9.0.304\Sdks\Microsoft.NET.Sdk\targets\Microsoft.NET.Sdk.targets(784,5): message :     ") en C:\Program Files\dotnet\sdk\9.0.304\Sdks\Microsoft.NET.Sdk\targets\Microsoft.NET.Sdk.targets (784,5)
       C:\Program Files\dotnet\sdk\9.0.304\Sdks\Microsoft.NET.Sdk\targets\Microsoft.NET.Sdk.targets(1184,5): message : Reasignaci├│n de propiedad: $(CreateSatelliteAssembliesDependsOn)="
       C:\Program Files\dotnet\sdk\9.0.304\Sdks\Microsoft.NET.Sdk\targets\Microsoft.NET.Sdk.targets(1184,5): message :       
       C:\Program Files\dotnet\sdk\9.0.304\Sdks\Microsoft.NET.Sdk\targets\Microsoft.NET.Sdk.targets(1184,5): message :       ;
       C:\Program Files\dotnet\sdk\9.0.304\Sdks\Microsoft.NET.Sdk\targets\Microsoft.NET.Sdk.targets(1184,5): message :       _GenerateSatelliteAssemblyInputs;
       C:\Program Files\dotnet\sdk\9.0.304\Sdks\Microsoft.NET.Sdk\targets\Microsoft.NET.Sdk.targets(1184,5): message :       ComputeIntermediateSatelliteAssemblies;
       C:\Program Files\dotnet\sdk\9.0.304\Sdks\Microsoft.NET.Sdk\targets\Microsoft.NET.Sdk.targets(1184,5): message :       GenerateSatelliteAssemblies
       C:\Program Files\dotnet\sdk\9.0.304\Sdks\Microsoft.NET.Sdk\targets\Microsoft.NET.Sdk.targets(1184,5): message :     ;
       C:\Program Files\dotnet\sdk\9.0.304\Sdks\Microsoft.NET.Sdk\targets\Microsoft.NET.Sdk.targets(1184,5): message :       CoreGenerateSatelliteAssemblies
       C:\Program Files\dotnet\sdk\9.0.304\Sdks\Microsoft.NET.Sdk\targets\Microsoft.NET.Sdk.targets(1184,5): message :     " (valor anterior: "
       C:\Program Files\dotnet\sdk\9.0.304\Sdks\Microsoft.NET.Sdk\targets\Microsoft.NET.Sdk.targets(1184,5): message :       ;
       C:\Program Files\dotnet\sdk\9.0.304\Sdks\Microsoft.NET.Sdk\targets\Microsoft.NET.Sdk.targets(1184,5): message :       _GenerateSatelliteAssemblyInputs;
       C:\Program Files\dotnet\sdk\9.0.304\Sdks\Microsoft.NET.Sdk\targets\Microsoft.NET.Sdk.targets(1184,5): message :       ComputeIntermediateSatelliteAssemblies;
       C:\Program Files\dotnet\sdk\9.0.304\Sdks\Microsoft.NET.Sdk\targets\Microsoft.NET.Sdk.targets(1184,5): message :       GenerateSatelliteAssemblies
       C:\Program Files\dotnet\sdk\9.0.304\Sdks\Microsoft.NET.Sdk\targets\Microsoft.NET.Sdk.targets(1184,5): message :     ") en C:\Program Files\dotnet\sdk\9.0.304\Sdks\Microsoft.NET.Sdk\targets\Microsoft.NET.Sdk.targets (1184,5)
       C:\Program Files\dotnet\sdk\9.0.304\Sdks\Microsoft.SourceLink.GitLab\build\Microsoft.SourceLink.GitLab.targets(12,5): message : Reasignaci├│n de propiedad: $(SourceLinkUrlInitializerTargets)=";_InitializeGitHubSourceLinkUrl;_InitializeGitLabSourceLinkUrl" (valor anterior: ";_InitializeGitHubSourceLinkUrl") en C:\Program Files\dotnet\sdk\9.0.304\Sdks\Microsoft.SourceLink.GitLab\build\Microsoft.SourceLink.GitLab.targets (12,5)
       C:\Program Files\dotnet\sdk\9.0.304\Sdks\Microsoft.SourceLink.GitLab\build\Microsoft.SourceLink.GitLab.targets(13,5): message : Reasignaci├│n de propiedad: $(SourceControlManagerUrlTranslationTargets)=";TranslateGitHubUrlsInSourceControlInformation;TranslateGitLabUrlsInSourceControlInformation" (valor anterior: ";TranslateGitHubUrlsInSourceControlInformation") en C:\Program Files\dotnet\sdk\9.0.304\Sdks\Microsoft.SourceLink.GitLab\build\Microsoft.SourceLink.GitLab.targets (13,5)
       C:\Program Files\dotnet\sdk\9.0.304\Sdks\Microsoft.SourceLink.AzureRepos.Git\build\Microsoft.SourceLink.AzureRepos.Git.targets(12,5): message : Reasignaci├│n de propiedad: $(SourceLinkUrlInitializerTargets)=";_InitializeGitHubSourceLinkUrl;_InitializeGitLabSourceLinkUrl;_InitializeAzureReposGitSourceLinkUrl" (valor anterior: ";_InitializeGitHubSourceLinkUrl;_InitializeGitLabSourceLinkUrl") en C:\Program Files\dotnet\sdk\9.0.304\Sdks\Microsoft.SourceLink.AzureRepos.Git\build\Microsoft.SourceLink.AzureRepos.Git.targets (12,5)
       C:\Program Files\dotnet\sdk\9.0.304\Sdks\Microsoft.SourceLink.AzureRepos.Git\build\Microsoft.SourceLink.AzureRepos.Git.targets(13,5): message : Reasignaci├│n de propiedad: $(SourceControlManagerUrlTranslationTargets)=";TranslateGitHubUrlsInSourceControlInformation;TranslateGitLabUrlsInSourceControlInformation;TranslateAzureReposGitUrlsInSourceControlInformation" (valor anterior: ";TranslateGitHubUrlsInSourceControlInformation;TranslateGitLabUrlsInSourceControlInformation") en C:\Program Files\dotnet\sdk\9.0.304\Sdks\Microsoft.SourceLink.AzureRepos.Git\build\Microsoft.SourceLink.AzureRepos.Git.targets (13,5)
       C:\Program Files\dotnet\sdk\9.0.304\Sdks\Microsoft.SourceLink.Bitbucket.Git\build\Microsoft.SourceLink.Bitbucket.Git.targets(12,5): message : Reasignaci├│n de propiedad: $(SourceLinkUrlInitializerTargets)=";_InitializeGitHubSourceLinkUrl;_InitializeGitLabSourceLinkUrl;_InitializeAzureReposGitSourceLinkUrl;_InitializeBitbucketGitSourceLinkUrl" (valor anterior: ";_InitializeGitHubSourceLinkUrl;_InitializeGitLabSourceLinkUrl;_InitializeAzureReposGitSourceLinkUrl") en C:\Program Files\dotnet\sdk\9.0.304\Sdks\Microsoft.SourceLink.Bitbucket.Git\build\Microsoft.SourceLink.Bitbucket.Git.targets (12,5)
       C:\Program Files\dotnet\sdk\9.0.304\Sdks\Microsoft.SourceLink.Bitbucket.Git\build\Microsoft.SourceLink.Bitbucket.Git.targets(13,5): message : Reasignaci├│n de propiedad: $(SourceControlManagerUrlTranslationTargets)=";TranslateGitHubUrlsInSourceControlInformation;TranslateGitLabUrlsInSourceControlInformation;TranslateAzureReposGitUrlsInSourceControlInformation;TranslateBitbucketGitUrlsInSourceControlInformation" (valor anterior: ";TranslateGitHubUrlsInSourceControlInformation;TranslateGitLabUrlsInSourceControlInformation;TranslateAzureReposGitUrlsInSourceControlInformation") en C:\Program Files\dotnet\sdk\9.0.304\Sdks\Microsoft.SourceLink.Bitbucket.Git\build\Microsoft.SourceLink.Bitbucket.Git.targets (13,5)
       C:\Program Files\dotnet\sdk\9.0.304\Sdks\Microsoft.NET.Sdk\targets\Microsoft.NET.DesignerSupport.targets(21,5): message : Reasignaci├│n de propiedad: $(DesignerRuntimeImplementationProjectOutputGroupDependsOn)="
       C:\Program Files\dotnet\sdk\9.0.304\Sdks\Microsoft.NET.Sdk\targets\Microsoft.NET.DesignerSupport.targets(21,5): message :       
       C:\Program Files\dotnet\sdk\9.0.304\Sdks\Microsoft.NET.Sdk\targets\Microsoft.NET.DesignerSupport.targets(21,5): message :       ;
       C:\Program Files\dotnet\sdk\9.0.304\Sdks\Microsoft.NET.Sdk\targets\Microsoft.NET.DesignerSupport.targets(21,5): message :       
       C:\Program Files\dotnet\sdk\9.0.304\Sdks\Microsoft.NET.Sdk\targets\Microsoft.NET.DesignerSupport.targets(21,5): message :       ;
       C:\Program Files\dotnet\sdk\9.0.304\Sdks\Microsoft.NET.Sdk\targets\Microsoft.NET.DesignerSupport.targets(21,5): message :       BuildOnlySettings;
       C:\Program Files\dotnet\sdk\9.0.304\Sdks\Microsoft.NET.Sdk\targets\Microsoft.NET.DesignerSupport.targets(21,5): message :       PrepareForBuild;
       C:\Program Files\dotnet\sdk\9.0.304\Sdks\Microsoft.NET.Sdk\targets\Microsoft.NET.DesignerSupport.targets(21,5): message :       AssignTargetPaths;
       C:\Program Files\dotnet\sdk\9.0.304\Sdks\Microsoft.NET.Sdk\targets\Microsoft.NET.DesignerSupport.targets(21,5): message :       ResolveReferences
       C:\Program Files\dotnet\sdk\9.0.304\Sdks\Microsoft.NET.Sdk\targets\Microsoft.NET.DesignerSupport.targets(21,5): message :     
       C:\Program Files\dotnet\sdk\9.0.304\Sdks\Microsoft.NET.Sdk\targets\Microsoft.NET.DesignerSupport.targets(21,5): message :     ;
       C:\Program Files\dotnet\sdk\9.0.304\Sdks\Microsoft.NET.Sdk\targets\Microsoft.NET.DesignerSupport.targets(21,5): message :       _GenerateDesignerDepsFile;
       C:\Program Files\dotnet\sdk\9.0.304\Sdks\Microsoft.NET.Sdk\targets\Microsoft.NET.DesignerSupport.targets(21,5): message :       _GenerateDesignerRuntimeConfigFile;
       C:\Program Files\dotnet\sdk\9.0.304\Sdks\Microsoft.NET.Sdk\targets\Microsoft.NET.DesignerSupport.targets(21,5): message :       GetCopyToOutputDirectoryItems;
       C:\Program Files\dotnet\sdk\9.0.304\Sdks\Microsoft.NET.Sdk\targets\Microsoft.NET.DesignerSupport.targets(21,5): message :       _GatherDesignerShadowCopyFiles;
       C:\Program Files\dotnet\sdk\9.0.304\Sdks\Microsoft.NET.Sdk\targets\Microsoft.NET.DesignerSupport.targets(21,5): message :     " (valor anterior: "
       C:\Program Files\dotnet\sdk\9.0.304\Sdks\Microsoft.NET.Sdk\targets\Microsoft.NET.DesignerSupport.targets(21,5): message :       ;
       C:\Program Files\dotnet\sdk\9.0.304\Sdks\Microsoft.NET.Sdk\targets\Microsoft.NET.DesignerSupport.targets(21,5): message :       
       C:\Program Files\dotnet\sdk\9.0.304\Sdks\Microsoft.NET.Sdk\targets\Microsoft.NET.DesignerSupport.targets(21,5): message :       ;
       C:\Program Files\dotnet\sdk\9.0.304\Sdks\Microsoft.NET.Sdk\targets\Microsoft.NET.DesignerSupport.targets(21,5): message :       BuildOnlySettings;
       C:\Program Files\dotnet\sdk\9.0.304\Sdks\Microsoft.NET.Sdk\targets\Microsoft.NET.DesignerSupport.targets(21,5): message :       PrepareForBuild;
       C:\Program Files\dotnet\sdk\9.0.304\Sdks\Microsoft.NET.Sdk\targets\Microsoft.NET.DesignerSupport.targets(21,5): message :       AssignTargetPaths;
       C:\Program Files\dotnet\sdk\9.0.304\Sdks\Microsoft.NET.Sdk\targets\Microsoft.NET.DesignerSupport.targets(21,5): message :       ResolveReferences
       C:\Program Files\dotnet\sdk\9.0.304\Sdks\Microsoft.NET.Sdk\targets\Microsoft.NET.DesignerSupport.targets(21,5): message :     
       C:\Program Files\dotnet\sdk\9.0.304\Sdks\Microsoft.NET.Sdk\targets\Microsoft.NET.DesignerSupport.targets(21,5): message :     ") en C:\Program Files\dotnet\sdk\9.0.304\Sdks\Microsoft.NET.Sdk\targets\Microsoft.NET.DesignerSupport.targets (21,5)
       C:\Program Files\dotnet\sdk\9.0.304\Sdks\Microsoft.NET.Sdk\targets\Microsoft.NET.PackTool.targets(68,5): message : Reasignaci├│n de propiedad: $(_GenerateToolsSettingsFileCacheFile)="C:\Users\PC\Downloads\Machly\Machly.Api\obj\Debug\net8.0\Machly.Api.toolssettingsinput.cache" (valor anterior: "obj\Debug\net8.0\Machly.Api.toolssettingsinput.cache") en C:\Program Files\dotnet\sdk\9.0.304\Sdks\Microsoft.NET.Sdk\targets\Microsoft.NET.PackTool.targets (68,5)
       C:\Program Files\dotnet\sdk\9.0.304\Sdks\Microsoft.NET.Sdk\targets\Microsoft.NET.PackTool.targets(137,5): message : Reasignaci├│n de propiedad: $(_ShimInputCacheFile)="C:\Users\PC\Downloads\Machly\Machly.Api\obj\Debug\net8.0\Machly.Api.shiminput.cache" (valor anterior: "obj\Debug\net8.0\Machly.Api.shiminput.cache") en C:\Program Files\dotnet\sdk\9.0.304\Sdks\Microsoft.NET.Sdk\targets\Microsoft.NET.PackTool.targets (137,5)
       C:\Program Files\dotnet\sdk\9.0.304\Sdks\Microsoft.NET.Sdk\targets\Microsoft.NET.PackTool.targets(139,5): message : Reasignaci├│n de propiedad: $(_ShimCreatedSentinelFile)="C:\Users\PC\Downloads\Machly\Machly.Api\obj\Debug\net8.0\Machly.Api.shimcreated.sentinel" (valor anterior: "obj\Debug\net8.0\Machly.Api.shimcreated.sentinel") en C:\Program Files\dotnet\sdk\9.0.304\Sdks\Microsoft.NET.Sdk\targets\Microsoft.NET.PackTool.targets (139,5)
       C:\Program Files\dotnet\sdk\9.0.304\Sdks\Microsoft.NET.Sdk\targets\Microsoft.NET.Sdk.CSharp.targets(31,5): message : Reasignaci├│n de propiedad: $(DefineConstants)="TRACE;DEBUG" (valor anterior: "TRACE") en C:\Program Files\dotnet\sdk\9.0.304\Sdks\Microsoft.NET.Sdk\targets\Microsoft.NET.Sdk.CSharp.targets (31,5)
       C:\Program Files\dotnet\sdk\9.0.304\Sdks\Microsoft.NET.Sdk\targets\Microsoft.NET.Sdk.CSharp.targets(34,5): message : Reasignaci├│n de propiedad: $(DefineConstants)="TRACE;DEBUG;NET;NET8_0;NETCOREAPP" (valor anterior: "TRACE;DEBUG") en C:\Program Files\dotnet\sdk\9.0.304\Sdks\Microsoft.NET.Sdk\targets\Microsoft.NET.Sdk.CSharp.targets (34,5)
       C:\Program Files\dotnet\sdk\9.0.304\Sdks\Microsoft.NET.Sdk\targets\Microsoft.NET.Sdk.CSharp.targets(48,5): message : Reasignaci├│n de propiedad: $(WarningsAsErrors)=";NU1605;SYSLIB0011" (valor anterior: ";NU1605") en C:\Program Files\dotnet\sdk\9.0.304\Sdks\Microsoft.NET.Sdk\targets\Microsoft.NET.Sdk.CSharp.targets (48,5)
       C:\Program Files\dotnet\sdk\9.0.304\Sdks\NuGet.Build.Tasks.Pack\build\NuGet.Build.Tasks.Pack.targets(34,5): message : Reasignaci├│n de propiedad: $(PackageDescription)="Package Description" (valor anterior: "") en C:\Program Files\dotnet\sdk\9.0.304\Sdks\NuGet.Build.Tasks.Pack\build\NuGet.Build.Tasks.Pack.targets (34,5)
       C:\Program Files\dotnet\sdk\9.0.304\Sdks\NuGet.Build.Tasks.Pack\build\NuGet.Build.Tasks.Pack.targets(59,5): message : Reasignaci├│n de propiedad: $(GenerateNuspecDependsOn)="Build;_LoadPackInputItems; _GetTargetFrameworksOutput; _WalkEachTargetPerFramework; _GetPackageFiles; " (valor anterior: "_LoadPackInputItems; _GetTargetFrameworksOutput; _WalkEachTargetPerFramework; _GetPackageFiles; ") en C:\Program Files\dotnet\sdk\9.0.304\Sdks\NuGet.Build.Tasks.Pack\build\NuGet.Build.Tasks.Pack.targets (59,5)
       C:\Program Files\dotnet\sdk\9.0.304\Sdks\Microsoft.NET.Sdk\Sdk\Sdk.targets(60,5): message : Reasignaci├│n de propiedad: $(_IsNotSetContainersTargetsDir)="true" (valor anterior: "false") en C:\Program Files\dotnet\sdk\9.0.304\Sdks\Microsoft.NET.Sdk\Sdk\Sdk.targets (60,5)
       C:\Program Files\dotnet\sdk\9.0.304\Containers\build\Microsoft.NET.Build.Containers.targets(5,5): message : Reasignaci├│n de propiedad: $(_IsSDKContainerAllowedVersion)="true" (valor anterior: "false") en C:\Program Files\dotnet\sdk\9.0.304\Containers\build\Microsoft.NET.Build.Containers.targets (5,5)
       C:\Program Files\dotnet\sdk\9.0.304\Containers\build\Microsoft.NET.Build.Containers.targets(15,5): message : Reasignaci├│n de propiedad: $(_ContainerIsTargetingNet8TFM)="true" (valor anterior: "false") en C:\Program Files\dotnet\sdk\9.0.304\Containers\build\Microsoft.NET.Build.Containers.targets (15,5)
       C:\Program Files\dotnet\sdk\9.0.304\Sdks\Microsoft.NET.Sdk.StaticWebAssets\targets\Sdk.StaticWebAssets.CurrentVersion.targets(37,18): message : Propiedad "DOTNET_HOST_PATH" con el valor "C:\Program Files\dotnet\dotnet.exe" expandido desde el entorno.
       C:\Program Files\dotnet\sdk\9.0.304\Sdks\Microsoft.NET.Sdk.StaticWebAssets\targets\Microsoft.NET.Sdk.StaticWebAssets.targets(286,5): message : Reasignaci├│n de propiedad: $(PrepareForRunDependsOn)="StaticWebAssetsPrepareForRun;
       C:\Program Files\dotnet\sdk\9.0.304\Sdks\Microsoft.NET.Sdk.StaticWebAssets\targets\Microsoft.NET.Sdk.StaticWebAssets.targets(286,5): message :       CopyFilesToOutputDirectory
       C:\Program Files\dotnet\sdk\9.0.304\Sdks\Microsoft.NET.Sdk.StaticWebAssets\targets\Microsoft.NET.Sdk.StaticWebAssets.targets(286,5): message :     " (valor anterior: "
       C:\Program Files\dotnet\sdk\9.0.304\Sdks\Microsoft.NET.Sdk.StaticWebAssets\targets\Microsoft.NET.Sdk.StaticWebAssets.targets(286,5): message :       CopyFilesToOutputDirectory
       C:\Program Files\dotnet\sdk\9.0.304\Sdks\Microsoft.NET.Sdk.StaticWebAssets\targets\Microsoft.NET.Sdk.StaticWebAssets.targets(286,5): message :     ") en C:\Program Files\dotnet\sdk\9.0.304\Sdks\Microsoft.NET.Sdk.StaticWebAssets\targets\Microsoft.NET.Sdk.StaticWebAssets.targets (286,5)
       C:\Program Files\dotnet\sdk\9.0.304\Sdks\Microsoft.NET.Sdk.StaticWebAssets\targets\Microsoft.NET.Sdk.StaticWebAssets.targets(323,5): message : Reasignaci├│n de propiedad: $(GetCopyToOutputDirectoryItemsDependsOn)="
       C:\Program Files\dotnet\sdk\9.0.304\Sdks\Microsoft.NET.Sdk.StaticWebAssets\targets\Microsoft.NET.Sdk.StaticWebAssets.targets(323,5): message :       AssignTargetPaths;
       C:\Program Files\dotnet\sdk\9.0.304\Sdks\Microsoft.NET.Sdk.StaticWebAssets\targets\Microsoft.NET.Sdk.StaticWebAssets.targets(323,5): message :       
       C:\Program Files\dotnet\sdk\9.0.304\Sdks\Microsoft.NET.Sdk.StaticWebAssets\targets\Microsoft.NET.Sdk.StaticWebAssets.targets(323,5): message :       AssignProjectConfiguration;
       C:\Program Files\dotnet\sdk\9.0.304\Sdks\Microsoft.NET.Sdk.StaticWebAssets\targets\Microsoft.NET.Sdk.StaticWebAssets.targets(323,5): message :       _SplitProjectReferencesByFileExistence
       C:\Program Files\dotnet\sdk\9.0.304\Sdks\Microsoft.NET.Sdk.StaticWebAssets\targets\Microsoft.NET.Sdk.StaticWebAssets.targets(323,5): message :     ;
       C:\Program Files\dotnet\sdk\9.0.304\Sdks\Microsoft.NET.Sdk.StaticWebAssets\targets\Microsoft.NET.Sdk.StaticWebAssets.targets(323,5): message :       _GetProjectReferenceTargetFrameworkProperties;
       C:\Program Files\dotnet\sdk\9.0.304\Sdks\Microsoft.NET.Sdk.StaticWebAssets\targets\Microsoft.NET.Sdk.StaticWebAssets.targets(323,5): message :       _PopulateCommonStateForGetCopyToOutputDirectoryItems
       C:\Program Files\dotnet\sdk\9.0.304\Sdks\Microsoft.NET.Sdk.StaticWebAssets\targets\Microsoft.NET.Sdk.StaticWebAssets.targets(323,5): message :     ;AddStaticWebAssetsManifest;AddStaticWebAssetEndpointsBuildManifest" (valor anterior: "
       C:\Program Files\dotnet\sdk\9.0.304\Sdks\Microsoft.NET.Sdk.StaticWebAssets\targets\Microsoft.NET.Sdk.StaticWebAssets.targets(323,5): message :       AssignTargetPaths;
       C:\Program Files\dotnet\sdk\9.0.304\Sdks\Microsoft.NET.Sdk.StaticWebAssets\targets\Microsoft.NET.Sdk.StaticWebAssets.targets(323,5): message :       
       C:\Program Files\dotnet\sdk\9.0.304\Sdks\Microsoft.NET.Sdk.StaticWebAssets\targets\Microsoft.NET.Sdk.StaticWebAssets.targets(323,5): message :       AssignProjectConfiguration;
       C:\Program Files\dotnet\sdk\9.0.304\Sdks\Microsoft.NET.Sdk.StaticWebAssets\targets\Microsoft.NET.Sdk.StaticWebAssets.targets(323,5): message :       _SplitProjectReferencesByFileExistence
       C:\Program Files\dotnet\sdk\9.0.304\Sdks\Microsoft.NET.Sdk.StaticWebAssets\targets\Microsoft.NET.Sdk.StaticWebAssets.targets(323,5): message :     ;
       C:\Program Files\dotnet\sdk\9.0.304\Sdks\Microsoft.NET.Sdk.StaticWebAssets\targets\Microsoft.NET.Sdk.StaticWebAssets.targets(323,5): message :       _GetProjectReferenceTargetFrameworkProperties;
       C:\Program Files\dotnet\sdk\9.0.304\Sdks\Microsoft.NET.Sdk.StaticWebAssets\targets\Microsoft.NET.Sdk.StaticWebAssets.targets(323,5): message :       _PopulateCommonStateForGetCopyToOutputDirectoryItems
       C:\Program Files\dotnet\sdk\9.0.304\Sdks\Microsoft.NET.Sdk.StaticWebAssets\targets\Microsoft.NET.Sdk.StaticWebAssets.targets(323,5): message :     ") en C:\Program Files\dotnet\sdk\9.0.304\Sdks\Microsoft.NET.Sdk.StaticWebAssets\targets\Microsoft.NET.Sdk.StaticWebAssets.targets (323,5)
       C:\Program Files\dotnet\sdk\9.0.304\Sdks\Microsoft.NET.Sdk.StaticWebAssets\targets\Microsoft.NET.Sdk.StaticWebAssets.Pack.targets(46,5): message : Reasignaci├│n de propiedad: $(GenerateNuspecDependsOn)="
       C:\Program Files\dotnet\sdk\9.0.304\Sdks\Microsoft.NET.Sdk.StaticWebAssets\targets\Microsoft.NET.Sdk.StaticWebAssets.Pack.targets(46,5): message :       IncludeStaticWebAssetsPackItems;
       C:\Program Files\dotnet\sdk\9.0.304\Sdks\Microsoft.NET.Sdk.StaticWebAssets\targets\Microsoft.NET.Sdk.StaticWebAssets.Pack.targets(46,5): message :       Build;_LoadPackInputItems; _GetTargetFrameworksOutput; _WalkEachTargetPerFramework; _GetPackageFiles; ;
       C:\Program Files\dotnet\sdk\9.0.304\Sdks\Microsoft.NET.Sdk.StaticWebAssets\targets\Microsoft.NET.Sdk.StaticWebAssets.Pack.targets(46,5): message :     " (valor anterior: "Build;_LoadPackInputItems; _GetTargetFrameworksOutput; _WalkEachTargetPerFramework; _GetPackageFiles; ") en C:\Program Files\dotnet\sdk\9.0.304\Sdks\Microsoft.NET.Sdk.StaticWebAssets\targets\Microsoft.NET.Sdk.StaticWebAssets.Pack.targets (46,5)
       C:\Program Files\dotnet\sdk\9.0.304\Sdks\Microsoft.NET.Sdk.StaticWebAssets\targets\Microsoft.NET.Sdk.StaticWebAssets.Pack.targets(55,5): message : Reasignaci├│n de propiedad: $(IncludeStaticWebAssetsPackItemsDependsOn)="
       C:\Program Files\dotnet\sdk\9.0.304\Sdks\Microsoft.NET.Sdk.StaticWebAssets\targets\Microsoft.NET.Sdk.StaticWebAssets.Pack.targets(55,5): message :       Build;
       C:\Program Files\dotnet\sdk\9.0.304\Sdks\Microsoft.NET.Sdk.StaticWebAssets\targets\Microsoft.NET.Sdk.StaticWebAssets.Pack.targets(55,5): message :       ResolveStaticWebAssetsConfiguration;LoadStaticWebAssetsBuildManifest
       C:\Program Files\dotnet\sdk\9.0.304\Sdks\Microsoft.NET.Sdk.StaticWebAssets\targets\Microsoft.NET.Sdk.StaticWebAssets.Pack.targets(55,5): message :     ;
       C:\Program Files\dotnet\sdk\9.0.304\Sdks\Microsoft.NET.Sdk.StaticWebAssets\targets\Microsoft.NET.Sdk.StaticWebAssets.Pack.targets(55,5): message :     " (valor anterior: "
       C:\Program Files\dotnet\sdk\9.0.304\Sdks\Microsoft.NET.Sdk.StaticWebAssets\targets\Microsoft.NET.Sdk.StaticWebAssets.Pack.targets(55,5): message :       ResolveStaticWebAssetsConfiguration;LoadStaticWebAssetsBuildManifest
       C:\Program Files\dotnet\sdk\9.0.304\Sdks\Microsoft.NET.Sdk.StaticWebAssets\targets\Microsoft.NET.Sdk.StaticWebAssets.Pack.targets(55,5): message :     ") en C:\Program Files\dotnet\sdk\9.0.304\Sdks\Microsoft.NET.Sdk.StaticWebAssets\targets\Microsoft.NET.Sdk.StaticWebAssets.Pack.targets (55,5)
       C:\Program Files\dotnet\sdk\9.0.304\Sdks\Microsoft.NET.Sdk.StaticWebAssets\targets\Microsoft.NET.Sdk.StaticWebAssets.ScopedCss.targets(55,3): message : Reasignaci├│n de propiedad: $(ResolveStaticWebAssetsInputsDependsOn)="
       C:\Program Files\dotnet\sdk\9.0.304\Sdks\Microsoft.NET.Sdk.StaticWebAssets\targets\Microsoft.NET.Sdk.StaticWebAssets.ScopedCss.targets(55,3): message :     
       C:\Program Files\dotnet\sdk\9.0.304\Sdks\Microsoft.NET.Sdk.StaticWebAssets\targets\Microsoft.NET.Sdk.StaticWebAssets.ScopedCss.targets(55,3): message :       ResolveCoreStaticWebAssets;
       C:\Program Files\dotnet\sdk\9.0.304\Sdks\Microsoft.NET.Sdk.StaticWebAssets\targets\Microsoft.NET.Sdk.StaticWebAssets.ScopedCss.targets(55,3): message :       GenerateComputedBuildStaticWebAssets;
       C:\Program Files\dotnet\sdk\9.0.304\Sdks\Microsoft.NET.Sdk.StaticWebAssets\targets\Microsoft.NET.Sdk.StaticWebAssets.ScopedCss.targets(55,3): message :       
       C:\Program Files\dotnet\sdk\9.0.304\Sdks\Microsoft.NET.Sdk.StaticWebAssets\targets\Microsoft.NET.Sdk.StaticWebAssets.ScopedCss.targets(55,3): message :     ;
       C:\Program Files\dotnet\sdk\9.0.304\Sdks\Microsoft.NET.Sdk.StaticWebAssets\targets\Microsoft.NET.Sdk.StaticWebAssets.ScopedCss.targets(55,3): message :     ResolveScopedCssAssets;
       C:\Program Files\dotnet\sdk\9.0.304\Sdks\Microsoft.NET.Sdk.StaticWebAssets\targets\Microsoft.NET.Sdk.StaticWebAssets.ScopedCss.targets(55,3): message :   " (valor anterior: "
       C:\Program Files\dotnet\sdk\9.0.304\Sdks\Microsoft.NET.Sdk.StaticWebAssets\targets\Microsoft.NET.Sdk.StaticWebAssets.ScopedCss.targets(55,3): message :       ResolveCoreStaticWebAssets;
       C:\Program Files\dotnet\sdk\9.0.304\Sdks\Microsoft.NET.Sdk.StaticWebAssets\targets\Microsoft.NET.Sdk.StaticWebAssets.ScopedCss.targets(55,3): message :       GenerateComputedBuildStaticWebAssets;
       C:\Program Files\dotnet\sdk\9.0.304\Sdks\Microsoft.NET.Sdk.StaticWebAssets\targets\Microsoft.NET.Sdk.StaticWebAssets.ScopedCss.targets(55,3): message :       
       C:\Program Files\dotnet\sdk\9.0.304\Sdks\Microsoft.NET.Sdk.StaticWebAssets\targets\Microsoft.NET.Sdk.StaticWebAssets.ScopedCss.targets(55,3): message :     ") en C:\Program Files\dotnet\sdk\9.0.304\Sdks\Microsoft.NET.Sdk.StaticWebAssets\targets\Microsoft.NET.Sdk.StaticWebAssets.ScopedCss.targets (55,3)
       C:\Program Files\dotnet\sdk\9.0.304\Sdks\Microsoft.NET.Sdk.StaticWebAssets\targets\Microsoft.NET.Sdk.StaticWebAssets.ScopedCss.targets(88,3): message : Reasignaci├│n de propiedad: $(GenerateComputedBuildStaticWebAssetsDependsOn)="
       C:\Program Files\dotnet\sdk\9.0.304\Sdks\Microsoft.NET.Sdk.StaticWebAssets\targets\Microsoft.NET.Sdk.StaticWebAssets.ScopedCss.targets(88,3): message :     ResolveCoreStaticWebAssets;;
       C:\Program Files\dotnet\sdk\9.0.304\Sdks\Microsoft.NET.Sdk.StaticWebAssets\targets\Microsoft.NET.Sdk.StaticWebAssets.ScopedCss.targets(88,3): message :     BundleScopedCssFiles;
       C:\Program Files\dotnet\sdk\9.0.304\Sdks\Microsoft.NET.Sdk.StaticWebAssets\targets\Microsoft.NET.Sdk.StaticWebAssets.ScopedCss.targets(88,3): message :   " (valor anterior: "ResolveCoreStaticWebAssets;") en C:\Program Files\dotnet\sdk\9.0.304\Sdks\Microsoft.NET.Sdk.StaticWebAssets\targets\Microsoft.NET.Sdk.StaticWebAssets.ScopedCss.targets (88,3)
       C:\Program Files\dotnet\sdk\9.0.304\Sdks\Microsoft.NET.Sdk.StaticWebAssets\targets\Microsoft.NET.Sdk.StaticWebAssets.JSModules.targets(37,5): message : Reasignaci├│n de propiedad: $(ResolveCoreStaticWebAssetsDependsOn)="
       C:\Program Files\dotnet\sdk\9.0.304\Sdks\Microsoft.NET.Sdk.StaticWebAssets\targets\Microsoft.NET.Sdk.StaticWebAssets.JSModules.targets(37,5): message :       
       C:\Program Files\dotnet\sdk\9.0.304\Sdks\Microsoft.NET.Sdk.StaticWebAssets\targets\Microsoft.NET.Sdk.StaticWebAssets.JSModules.targets(37,5): message :       UpdateExistingPackageStaticWebAssets;
       C:\Program Files\dotnet\sdk\9.0.304\Sdks\Microsoft.NET.Sdk.StaticWebAssets\targets\Microsoft.NET.Sdk.StaticWebAssets.JSModules.targets(37,5): message :       ResolveProjectStaticWebAssets;
       C:\Program Files\dotnet\sdk\9.0.304\Sdks\Microsoft.NET.Sdk.StaticWebAssets\targets\Microsoft.NET.Sdk.StaticWebAssets.JSModules.targets(37,5): message :       ResolveEmbeddedProjectsStaticWebAssets;
       C:\Program Files\dotnet\sdk\9.0.304\Sdks\Microsoft.NET.Sdk.StaticWebAssets\targets\Microsoft.NET.Sdk.StaticWebAssets.JSModules.targets(37,5): message :       ResolveReferencedProjectsStaticWebAssets;
       C:\Program Files\dotnet\sdk\9.0.304\Sdks\Microsoft.NET.Sdk.StaticWebAssets\targets\Microsoft.NET.Sdk.StaticWebAssets.JSModules.targets(37,5): message :       ;
       C:\Program Files\dotnet\sdk\9.0.304\Sdks\Microsoft.NET.Sdk.StaticWebAssets\targets\Microsoft.NET.Sdk.StaticWebAssets.JSModules.targets(37,5): message :     ;
       C:\Program Files\dotnet\sdk\9.0.304\Sdks\Microsoft.NET.Sdk.StaticWebAssets\targets\Microsoft.NET.Sdk.StaticWebAssets.JSModules.targets(37,5): message :       ResolveJsInitializerModuleStaticWebAssets;
       C:\Program Files\dotnet\sdk\9.0.304\Sdks\Microsoft.NET.Sdk.StaticWebAssets\targets\Microsoft.NET.Sdk.StaticWebAssets.JSModules.targets(37,5): message :     " (valor anterior: "
       C:\Program Files\dotnet\sdk\9.0.304\Sdks\Microsoft.NET.Sdk.StaticWebAssets\targets\Microsoft.NET.Sdk.StaticWebAssets.JSModules.targets(37,5): message :       UpdateExistingPackageStaticWebAssets;
       C:\Program Files\dotnet\sdk\9.0.304\Sdks\Microsoft.NET.Sdk.StaticWebAssets\targets\Microsoft.NET.Sdk.StaticWebAssets.JSModules.targets(37,5): message :       ResolveProjectStaticWebAssets;
       C:\Program Files\dotnet\sdk\9.0.304\Sdks\Microsoft.NET.Sdk.StaticWebAssets\targets\Microsoft.NET.Sdk.StaticWebAssets.JSModules.targets(37,5): message :       ResolveEmbeddedProjectsStaticWebAssets;
       C:\Program Files\dotnet\sdk\9.0.304\Sdks\Microsoft.NET.Sdk.StaticWebAssets\targets\Microsoft.NET.Sdk.StaticWebAssets.JSModules.targets(37,5): message :       ResolveReferencedProjectsStaticWebAssets;
       C:\Program Files\dotnet\sdk\9.0.304\Sdks\Microsoft.NET.Sdk.StaticWebAssets\targets\Microsoft.NET.Sdk.StaticWebAssets.JSModules.targets(37,5): message :       ;
       C:\Program Files\dotnet\sdk\9.0.304\Sdks\Microsoft.NET.Sdk.StaticWebAssets\targets\Microsoft.NET.Sdk.StaticWebAssets.JSModules.targets(37,5): message :     ") en C:\Program Files\dotnet\sdk\9.0.304\Sdks\Microsoft.NET.Sdk.StaticWebAssets\targets\Microsoft.NET.Sdk.StaticWebAssets.JSModules.targets (37,5)
       C:\Program Files\dotnet\sdk\9.0.304\Sdks\Microsoft.NET.Sdk.StaticWebAssets\targets\Microsoft.NET.Sdk.StaticWebAssets.JSModules.targets(42,5): message : Reasignaci├│n de propiedad: $(ResolveCoreStaticWebAssetsDependsOn)="
       C:\Program Files\dotnet\sdk\9.0.304\Sdks\Microsoft.NET.Sdk.StaticWebAssets\targets\Microsoft.NET.Sdk.StaticWebAssets.JSModules.targets(42,5): message :       
       C:\Program Files\dotnet\sdk\9.0.304\Sdks\Microsoft.NET.Sdk.StaticWebAssets\targets\Microsoft.NET.Sdk.StaticWebAssets.JSModules.targets(42,5): message :       
       C:\Program Files\dotnet\sdk\9.0.304\Sdks\Microsoft.NET.Sdk.StaticWebAssets\targets\Microsoft.NET.Sdk.StaticWebAssets.JSModules.targets(42,5): message :       UpdateExistingPackageStaticWebAssets;
       C:\Program Files\dotnet\sdk\9.0.304\Sdks\Microsoft.NET.Sdk.StaticWebAssets\targets\Microsoft.NET.Sdk.StaticWebAssets.JSModules.targets(42,5): message :       ResolveProjectStaticWebAssets;
       C:\Program Files\dotnet\sdk\9.0.304\Sdks\Microsoft.NET.Sdk.StaticWebAssets\targets\Microsoft.NET.Sdk.StaticWebAssets.JSModules.targets(42,5): message :       ResolveEmbeddedProjectsStaticWebAssets;
       C:\Program Files\dotnet\sdk\9.0.304\Sdks\Microsoft.NET.Sdk.StaticWebAssets\targets\Microsoft.NET.Sdk.StaticWebAssets.JSModules.targets(42,5): message :       ResolveReferencedProjectsStaticWebAssets;
       C:\Program Files\dotnet\sdk\9.0.304\Sdks\Microsoft.NET.Sdk.StaticWebAssets\targets\Microsoft.NET.Sdk.StaticWebAssets.JSModules.targets(42,5): message :       ;
       C:\Program Files\dotnet\sdk\9.0.304\Sdks\Microsoft.NET.Sdk.StaticWebAssets\targets\Microsoft.NET.Sdk.StaticWebAssets.JSModules.targets(42,5): message :     ;
       C:\Program Files\dotnet\sdk\9.0.304\Sdks\Microsoft.NET.Sdk.StaticWebAssets\targets\Microsoft.NET.Sdk.StaticWebAssets.JSModules.targets(42,5): message :       ResolveJsInitializerModuleStaticWebAssets;
       C:\Program Files\dotnet\sdk\9.0.304\Sdks\Microsoft.NET.Sdk.StaticWebAssets\targets\Microsoft.NET.Sdk.StaticWebAssets.JSModules.targets(42,5): message :     ;
       C:\Program Files\dotnet\sdk\9.0.304\Sdks\Microsoft.NET.Sdk.StaticWebAssets\targets\Microsoft.NET.Sdk.StaticWebAssets.JSModules.targets(42,5): message :       ResolveJSModuleStaticWebAssets;
       C:\Program Files\dotnet\sdk\9.0.304\Sdks\Microsoft.NET.Sdk.StaticWebAssets\targets\Microsoft.NET.Sdk.StaticWebAssets.JSModules.targets(42,5): message :     " (valor anterior: "
       C:\Program Files\dotnet\sdk\9.0.304\Sdks\Microsoft.NET.Sdk.StaticWebAssets\targets\Microsoft.NET.Sdk.StaticWebAssets.JSModules.targets(42,5): message :       
       C:\Program Files\dotnet\sdk\9.0.304\Sdks\Microsoft.NET.Sdk.StaticWebAssets\targets\Microsoft.NET.Sdk.StaticWebAssets.JSModules.targets(42,5): message :       UpdateExistingPackageStaticWebAssets;
       C:\Program Files\dotnet\sdk\9.0.304\Sdks\Microsoft.NET.Sdk.StaticWebAssets\targets\Microsoft.NET.Sdk.StaticWebAssets.JSModules.targets(42,5): message :       ResolveProjectStaticWebAssets;
       C:\Program Files\dotnet\sdk\9.0.304\Sdks\Microsoft.NET.Sdk.StaticWebAssets\targets\Microsoft.NET.Sdk.StaticWebAssets.JSModules.targets(42,5): message :       ResolveEmbeddedProjectsStaticWebAssets;
       C:\Program Files\dotnet\sdk\9.0.304\Sdks\Microsoft.NET.Sdk.StaticWebAssets\targets\Microsoft.NET.Sdk.StaticWebAssets.JSModules.targets(42,5): message :       ResolveReferencedProjectsStaticWebAssets;
       C:\Program Files\dotnet\sdk\9.0.304\Sdks\Microsoft.NET.Sdk.StaticWebAssets\targets\Microsoft.NET.Sdk.StaticWebAssets.JSModules.targets(42,5): message :       ;
       C:\Program Files\dotnet\sdk\9.0.304\Sdks\Microsoft.NET.Sdk.StaticWebAssets\targets\Microsoft.NET.Sdk.StaticWebAssets.JSModules.targets(42,5): message :     ;
       C:\Program Files\dotnet\sdk\9.0.304\Sdks\Microsoft.NET.Sdk.StaticWebAssets\targets\Microsoft.NET.Sdk.StaticWebAssets.JSModules.targets(42,5): message :       ResolveJsInitializerModuleStaticWebAssets;
       C:\Program Files\dotnet\sdk\9.0.304\Sdks\Microsoft.NET.Sdk.StaticWebAssets\targets\Microsoft.NET.Sdk.StaticWebAssets.JSModules.targets(42,5): message :     ") en C:\Program Files\dotnet\sdk\9.0.304\Sdks\Microsoft.NET.Sdk.StaticWebAssets\targets\Microsoft.NET.Sdk.StaticWebAssets.JSModules.targets (42,5)
       C:\Program Files\dotnet\sdk\9.0.304\Sdks\Microsoft.NET.Sdk.StaticWebAssets\targets\Microsoft.NET.Sdk.StaticWebAssets.JSModules.targets(57,5): message : Reasignaci├│n de propiedad: $(ResolveStaticWebAssetsInputsDependsOn)="
       C:\Program Files\dotnet\sdk\9.0.304\Sdks\Microsoft.NET.Sdk.StaticWebAssets\targets\Microsoft.NET.Sdk.StaticWebAssets.JSModules.targets(57,5): message :       ResolveJSModuleManifestBuildStaticWebAssets;
       C:\Program Files\dotnet\sdk\9.0.304\Sdks\Microsoft.NET.Sdk.StaticWebAssets\targets\Microsoft.NET.Sdk.StaticWebAssets.JSModules.targets(57,5): message :       
       C:\Program Files\dotnet\sdk\9.0.304\Sdks\Microsoft.NET.Sdk.StaticWebAssets\targets\Microsoft.NET.Sdk.StaticWebAssets.JSModules.targets(57,5): message :     
       C:\Program Files\dotnet\sdk\9.0.304\Sdks\Microsoft.NET.Sdk.StaticWebAssets\targets\Microsoft.NET.Sdk.StaticWebAssets.JSModules.targets(57,5): message :       ResolveCoreStaticWebAssets;
       C:\Program Files\dotnet\sdk\9.0.304\Sdks\Microsoft.NET.Sdk.StaticWebAssets\targets\Microsoft.NET.Sdk.StaticWebAssets.JSModules.targets(57,5): message :       GenerateComputedBuildStaticWebAssets;
       C:\Program Files\dotnet\sdk\9.0.304\Sdks\Microsoft.NET.Sdk.StaticWebAssets\targets\Microsoft.NET.Sdk.StaticWebAssets.JSModules.targets(57,5): message :       
       C:\Program Files\dotnet\sdk\9.0.304\Sdks\Microsoft.NET.Sdk.StaticWebAssets\targets\Microsoft.NET.Sdk.StaticWebAssets.JSModules.targets(57,5): message :     ;
       C:\Program Files\dotnet\sdk\9.0.304\Sdks\Microsoft.NET.Sdk.StaticWebAssets\targets\Microsoft.NET.Sdk.StaticWebAssets.JSModules.targets(57,5): message :     ResolveScopedCssAssets;
       C:\Program Files\dotnet\sdk\9.0.304\Sdks\Microsoft.NET.Sdk.StaticWebAssets\targets\Microsoft.NET.Sdk.StaticWebAssets.JSModules.targets(57,5): message :   
       C:\Program Files\dotnet\sdk\9.0.304\Sdks\Microsoft.NET.Sdk.StaticWebAssets\targets\Microsoft.NET.Sdk.StaticWebAssets.JSModules.targets(57,5): message :     " (valor anterior: "
       C:\Program Files\dotnet\sdk\9.0.304\Sdks\Microsoft.NET.Sdk.StaticWebAssets\targets\Microsoft.NET.Sdk.StaticWebAssets.JSModules.targets(57,5): message :     
       C:\Program Files\dotnet\sdk\9.0.304\Sdks\Microsoft.NET.Sdk.StaticWebAssets\targets\Microsoft.NET.Sdk.StaticWebAssets.JSModules.targets(57,5): message :       ResolveCoreStaticWebAssets;
       C:\Program Files\dotnet\sdk\9.0.304\Sdks\Microsoft.NET.Sdk.StaticWebAssets\targets\Microsoft.NET.Sdk.StaticWebAssets.JSModules.targets(57,5): message :       GenerateComputedBuildStaticWebAssets;
       C:\Program Files\dotnet\sdk\9.0.304\Sdks\Microsoft.NET.Sdk.StaticWebAssets\targets\Microsoft.NET.Sdk.StaticWebAssets.JSModules.targets(57,5): message :       
       C:\Program Files\dotnet\sdk\9.0.304\Sdks\Microsoft.NET.Sdk.StaticWebAssets\targets\Microsoft.NET.Sdk.StaticWebAssets.JSModules.targets(57,5): message :     ;
       C:\Program Files\dotnet\sdk\9.0.304\Sdks\Microsoft.NET.Sdk.StaticWebAssets\targets\Microsoft.NET.Sdk.StaticWebAssets.JSModules.targets(57,5): message :     ResolveScopedCssAssets;
       C:\Program Files\dotnet\sdk\9.0.304\Sdks\Microsoft.NET.Sdk.StaticWebAssets\targets\Microsoft.NET.Sdk.StaticWebAssets.JSModules.targets(57,5): message :   ") en C:\Program Files\dotnet\sdk\9.0.304\Sdks\Microsoft.NET.Sdk.StaticWebAssets\targets\Microsoft.NET.Sdk.StaticWebAssets.JSModules.targets (57,5)
       C:\Program Files\dotnet\sdk\9.0.304\Sdks\Microsoft.NET.Sdk.StaticWebAssets\targets\Microsoft.NET.Sdk.StaticWebAssets.JSModules.targets(76,5): message : Reasignaci├│n de propiedad: $(ResolvePublishStaticWebAssetsDependsOn)="
       C:\Program Files\dotnet\sdk\9.0.304\Sdks\Microsoft.NET.Sdk.StaticWebAssets\targets\Microsoft.NET.Sdk.StaticWebAssets.JSModules.targets(76,5): message :       ResolveJSModuleManifestPublishStaticWebAssets;
       C:\Program Files\dotnet\sdk\9.0.304\Sdks\Microsoft.NET.Sdk.StaticWebAssets\targets\Microsoft.NET.Sdk.StaticWebAssets.JSModules.targets(76,5): message :       
       C:\Program Files\dotnet\sdk\9.0.304\Sdks\Microsoft.NET.Sdk.StaticWebAssets\targets\Microsoft.NET.Sdk.StaticWebAssets.JSModules.targets(76,5): message :       ResolveCorePublishStaticWebAssets;
       C:\Program Files\dotnet\sdk\9.0.304\Sdks\Microsoft.NET.Sdk.StaticWebAssets\targets\Microsoft.NET.Sdk.StaticWebAssets.JSModules.targets(76,5): message :       GenerateComputedPublishStaticWebAssets;
       C:\Program Files\dotnet\sdk\9.0.304\Sdks\Microsoft.NET.Sdk.StaticWebAssets\targets\Microsoft.NET.Sdk.StaticWebAssets.JSModules.targets(76,5): message :       ;
       C:\Program Files\dotnet\sdk\9.0.304\Sdks\Microsoft.NET.Sdk.StaticWebAssets\targets\Microsoft.NET.Sdk.StaticWebAssets.JSModules.targets(76,5): message :     
       C:\Program Files\dotnet\sdk\9.0.304\Sdks\Microsoft.NET.Sdk.StaticWebAssets\targets\Microsoft.NET.Sdk.StaticWebAssets.JSModules.targets(76,5): message :     " (valor anterior: "
       C:\Program Files\dotnet\sdk\9.0.304\Sdks\Microsoft.NET.Sdk.StaticWebAssets\targets\Microsoft.NET.Sdk.StaticWebAssets.JSModules.targets(76,5): message :       ResolveCorePublishStaticWebAssets;
       C:\Program Files\dotnet\sdk\9.0.304\Sdks\Microsoft.NET.Sdk.StaticWebAssets\targets\Microsoft.NET.Sdk.StaticWebAssets.JSModules.targets(76,5): message :       GenerateComputedPublishStaticWebAssets;
       C:\Program Files\dotnet\sdk\9.0.304\Sdks\Microsoft.NET.Sdk.StaticWebAssets\targets\Microsoft.NET.Sdk.StaticWebAssets.JSModules.targets(76,5): message :       ;
       C:\Program Files\dotnet\sdk\9.0.304\Sdks\Microsoft.NET.Sdk.StaticWebAssets\targets\Microsoft.NET.Sdk.StaticWebAssets.JSModules.targets(76,5): message :     ") en C:\Program Files\dotnet\sdk\9.0.304\Sdks\Microsoft.NET.Sdk.StaticWebAssets\targets\Microsoft.NET.Sdk.StaticWebAssets.JSModules.targets (76,5)
       C:\Program Files\dotnet\sdk\9.0.304\Sdks\Microsoft.NET.Sdk.StaticWebAssets\targets\Microsoft.NET.Sdk.StaticWebAssets.Compression.targets(179,5): message : Reasignaci├│n de propiedad: $(ResolveBuildRelatedStaticWebAssetsDependsOn)="
       C:\Program Files\dotnet\sdk\9.0.304\Sdks\Microsoft.NET.Sdk.StaticWebAssets\targets\Microsoft.NET.Sdk.StaticWebAssets.Compression.targets(179,5): message :       ResolveBuildCompressedStaticWebAssets;
       C:\Program Files\dotnet\sdk\9.0.304\Sdks\Microsoft.NET.Sdk.StaticWebAssets\targets\Microsoft.NET.Sdk.StaticWebAssets.Compression.targets(179,5): message :       
       C:\Program Files\dotnet\sdk\9.0.304\Sdks\Microsoft.NET.Sdk.StaticWebAssets\targets\Microsoft.NET.Sdk.StaticWebAssets.Compression.targets(179,5): message :       ResolveStaticWebAssetsInputs;
       C:\Program Files\dotnet\sdk\9.0.304\Sdks\Microsoft.NET.Sdk.StaticWebAssets\targets\Microsoft.NET.Sdk.StaticWebAssets.Compression.targets(179,5): message :       
       C:\Program Files\dotnet\sdk\9.0.304\Sdks\Microsoft.NET.Sdk.StaticWebAssets\targets\Microsoft.NET.Sdk.StaticWebAssets.Compression.targets(179,5): message :     
       C:\Program Files\dotnet\sdk\9.0.304\Sdks\Microsoft.NET.Sdk.StaticWebAssets\targets\Microsoft.NET.Sdk.StaticWebAssets.Compression.targets(179,5): message :     " (valor anterior: "
       C:\Program Files\dotnet\sdk\9.0.304\Sdks\Microsoft.NET.Sdk.StaticWebAssets\targets\Microsoft.NET.Sdk.StaticWebAssets.Compression.targets(179,5): message :       ResolveStaticWebAssetsInputs;
       C:\Program Files\dotnet\sdk\9.0.304\Sdks\Microsoft.NET.Sdk.StaticWebAssets\targets\Microsoft.NET.Sdk.StaticWebAssets.Compression.targets(179,5): message :       
       C:\Program Files\dotnet\sdk\9.0.304\Sdks\Microsoft.NET.Sdk.StaticWebAssets\targets\Microsoft.NET.Sdk.StaticWebAssets.Compression.targets(179,5): message :     ") en C:\Program Files\dotnet\sdk\9.0.304\Sdks\Microsoft.NET.Sdk.StaticWebAssets\targets\Microsoft.NET.Sdk.StaticWebAssets.Compression.targets (179,5)
       C:\Program Files\dotnet\sdk\9.0.304\Sdks\Microsoft.NET.Sdk.StaticWebAssets\targets\Microsoft.NET.Sdk.StaticWebAssets.Compression.targets(198,5): message : Reasignaci├│n de propiedad: $(ResolvePublishRelatedStaticWebAssetsDependsOn)="
       C:\Program Files\dotnet\sdk\9.0.304\Sdks\Microsoft.NET.Sdk.StaticWebAssets\targets\Microsoft.NET.Sdk.StaticWebAssets.Compression.targets(198,5): message :       ResolvePublishCompressedStaticWebAssets;
       C:\Program Files\dotnet\sdk\9.0.304\Sdks\Microsoft.NET.Sdk.StaticWebAssets\targets\Microsoft.NET.Sdk.StaticWebAssets.Compression.targets(198,5): message :       
       C:\Program Files\dotnet\sdk\9.0.304\Sdks\Microsoft.NET.Sdk.StaticWebAssets\targets\Microsoft.NET.Sdk.StaticWebAssets.Compression.targets(198,5): message :     " (valor anterior: "") en C:\Program Files\dotnet\sdk\9.0.304\Sdks\Microsoft.NET.Sdk.StaticWebAssets\targets\Microsoft.NET.Sdk.StaticWebAssets.Compression.targets (198,5)
       C:\Program Files\dotnet\sdk\9.0.304\Sdks\Microsoft.NET.Sdk.Razor\targets\Sdk.Razor.CurrentVersion.targets(205,5): message : Reasignaci├│n de propiedad: $(DebugSymbolsProjectOutputGroupDependsOn)="
       C:\Program Files\dotnet\sdk\9.0.304\Sdks\Microsoft.NET.Sdk.Razor\targets\Sdk.Razor.CurrentVersion.targets(205,5): message :       ;
       C:\Program Files\dotnet\sdk\9.0.304\Sdks\Microsoft.NET.Sdk.Razor\targets\Sdk.Razor.CurrentVersion.targets(205,5): message :       _RazorAddDebugSymbolsProjectOutputGroupOutput
       C:\Program Files\dotnet\sdk\9.0.304\Sdks\Microsoft.NET.Sdk.Razor\targets\Sdk.Razor.CurrentVersion.targets(205,5): message :     " (valor anterior: "") en C:\Program Files\dotnet\sdk\9.0.304\Sdks\Microsoft.NET.Sdk.Razor\targets\Sdk.Razor.CurrentVersion.targets (205,5)
       C:\Program Files\dotnet\sdk\9.0.304\Sdks\Microsoft.NET.Sdk.Razor\targets\Sdk.Razor.CurrentVersion.targets(210,5): message : Reasignaci├│n de propiedad: $(PrepareForBuildDependsOn)="
       C:\Program Files\dotnet\sdk\9.0.304\Sdks\Microsoft.NET.Sdk.Razor\targets\Sdk.Razor.CurrentVersion.targets(210,5): message :       ;GetFrameworkPaths;GetReferenceAssemblyPaths;AssignLinkMetadata;
       C:\Program Files\dotnet\sdk\9.0.304\Sdks\Microsoft.NET.Sdk.Razor\targets\Sdk.Razor.CurrentVersion.targets(210,5): message :       ResolveRazorGenerateInputs
       C:\Program Files\dotnet\sdk\9.0.304\Sdks\Microsoft.NET.Sdk.Razor\targets\Sdk.Razor.CurrentVersion.targets(210,5): message :     " (valor anterior: ";GetFrameworkPaths;GetReferenceAssemblyPaths;AssignLinkMetadata") en C:\Program Files\dotnet\sdk\9.0.304\Sdks\Microsoft.NET.Sdk.Razor\targets\Sdk.Razor.CurrentVersion.targets (210,5)
       C:\Program Files\dotnet\sdk\9.0.304\Sdks\Microsoft.NET.Sdk.Razor\targets\Sdk.Razor.CurrentVersion.targets(215,5): message : Reasignaci├│n de propiedad: $(GenerateNuspecDependsOn)="
       C:\Program Files\dotnet\sdk\9.0.304\Sdks\Microsoft.NET.Sdk.Razor\targets\Sdk.Razor.CurrentVersion.targets(215,5): message :       ResolveRazorGenerateInputs;
       C:\Program Files\dotnet\sdk\9.0.304\Sdks\Microsoft.NET.Sdk.Razor\targets\Sdk.Razor.CurrentVersion.targets(215,5): message :       
       C:\Program Files\dotnet\sdk\9.0.304\Sdks\Microsoft.NET.Sdk.Razor\targets\Sdk.Razor.CurrentVersion.targets(215,5): message :       IncludeStaticWebAssetsPackItems;
       C:\Program Files\dotnet\sdk\9.0.304\Sdks\Microsoft.NET.Sdk.Razor\targets\Sdk.Razor.CurrentVersion.targets(215,5): message :       Build;_LoadPackInputItems; _GetTargetFrameworksOutput; _WalkEachTargetPerFramework; _GetPackageFiles; ;
       C:\Program Files\dotnet\sdk\9.0.304\Sdks\Microsoft.NET.Sdk.Razor\targets\Sdk.Razor.CurrentVersion.targets(215,5): message :     
       C:\Program Files\dotnet\sdk\9.0.304\Sdks\Microsoft.NET.Sdk.Razor\targets\Sdk.Razor.CurrentVersion.targets(215,5): message :     " (valor anterior: "
       C:\Program Files\dotnet\sdk\9.0.304\Sdks\Microsoft.NET.Sdk.Razor\targets\Sdk.Razor.CurrentVersion.targets(215,5): message :       IncludeStaticWebAssetsPackItems;
       C:\Program Files\dotnet\sdk\9.0.304\Sdks\Microsoft.NET.Sdk.Razor\targets\Sdk.Razor.CurrentVersion.targets(215,5): message :       Build;_LoadPackInputItems; _GetTargetFrameworksOutput; _WalkEachTargetPerFramework; _GetPackageFiles; ;
       C:\Program Files\dotnet\sdk\9.0.304\Sdks\Microsoft.NET.Sdk.Razor\targets\Sdk.Razor.CurrentVersion.targets(215,5): message :     ") en C:\Program Files\dotnet\sdk\9.0.304\Sdks\Microsoft.NET.Sdk.Razor\targets\Sdk.Razor.CurrentVersion.targets (215,5)
       C:\Program Files\dotnet\sdk\9.0.304\Sdks\Microsoft.NET.Sdk.Razor\targets\Sdk.Razor.CurrentVersion.targets(220,5): message : Reasignaci├│n de propiedad: $(PrepareForRunDependsOn)="
       C:\Program Files\dotnet\sdk\9.0.304\Sdks\Microsoft.NET.Sdk.Razor\targets\Sdk.Razor.CurrentVersion.targets(220,5): message :       _RazorPrepareForRun;
       C:\Program Files\dotnet\sdk\9.0.304\Sdks\Microsoft.NET.Sdk.Razor\targets\Sdk.Razor.CurrentVersion.targets(220,5): message :       StaticWebAssetsPrepareForRun;
       C:\Program Files\dotnet\sdk\9.0.304\Sdks\Microsoft.NET.Sdk.Razor\targets\Sdk.Razor.CurrentVersion.targets(220,5): message :       CopyFilesToOutputDirectory
       C:\Program Files\dotnet\sdk\9.0.304\Sdks\Microsoft.NET.Sdk.Razor\targets\Sdk.Razor.CurrentVersion.targets(220,5): message :     
       C:\Program Files\dotnet\sdk\9.0.304\Sdks\Microsoft.NET.Sdk.Razor\targets\Sdk.Razor.CurrentVersion.targets(220,5): message :     " (valor anterior: "StaticWebAssetsPrepareForRun;
       C:\Program Files\dotnet\sdk\9.0.304\Sdks\Microsoft.NET.Sdk.Razor\targets\Sdk.Razor.CurrentVersion.targets(220,5): message :       CopyFilesToOutputDirectory
       C:\Program Files\dotnet\sdk\9.0.304\Sdks\Microsoft.NET.Sdk.Razor\targets\Sdk.Razor.CurrentVersion.targets(220,5): message :     ") en C:\Program Files\dotnet\sdk\9.0.304\Sdks\Microsoft.NET.Sdk.Razor\targets\Sdk.Razor.CurrentVersion.targets (220,5)
       C:\Program Files\dotnet\sdk\9.0.304\Sdks\Microsoft.NET.Sdk.Razor\targets\Sdk.Razor.CurrentVersion.targets(311,5): message : Reasignaci├│n de propiedad: $(UseRazorBuildServer)="true" (valor anterior: "") en C:\Program Files\dotnet\sdk\9.0.304\Sdks\Microsoft.NET.Sdk.Razor\targets\Sdk.Razor.CurrentVersion.targets (311,5)
       C:\Program Files\dotnet\sdk\9.0.304\Sdks\Microsoft.NET.Sdk.Razor\targets\Sdk.Razor.CurrentVersion.targets(317,5): message : Reasignaci├│n de propiedad: $(_RazorDebugSymbolsProduced)="true" (valor anterior: "false") en C:\Program Files\dotnet\sdk\9.0.304\Sdks\Microsoft.NET.Sdk.Razor\targets\Sdk.Razor.CurrentVersion.targets (317,5)
       C:\Program Files\dotnet\sdk\9.0.304\Sdks\Microsoft.NET.Sdk.Razor\targets\Microsoft.NET.Sdk.Razor.GenerateAssemblyInfo.targets(36,5): message : Reasignaci├│n de propiedad: $(GenerateRazorTargetAssemblyInfoDependsOn)="
       C:\Program Files\dotnet\sdk\9.0.304\Sdks\Microsoft.NET.Sdk.Razor\targets\Microsoft.NET.Sdk.Razor.GenerateAssemblyInfo.targets(36,5): message :       _ResolveMvcAssemblyAttributes;
       C:\Program Files\dotnet\sdk\9.0.304\Sdks\Microsoft.NET.Sdk.Razor\targets\Microsoft.NET.Sdk.Razor.GenerateAssemblyInfo.targets(36,5): message :       
       C:\Program Files\dotnet\sdk\9.0.304\Sdks\Microsoft.NET.Sdk.Razor\targets\Microsoft.NET.Sdk.Razor.GenerateAssemblyInfo.targets(36,5): message :       GetRazorTargetAssemblyAttributes;
       C:\Program Files\dotnet\sdk\9.0.304\Sdks\Microsoft.NET.Sdk.Razor\targets\Microsoft.NET.Sdk.Razor.GenerateAssemblyInfo.targets(36,5): message :       _CreateRazorTargetAssemblyInfoInputsCacheFile;
       C:\Program Files\dotnet\sdk\9.0.304\Sdks\Microsoft.NET.Sdk.Razor\targets\Microsoft.NET.Sdk.Razor.GenerateAssemblyInfo.targets(36,5): message :       CoreGenerateRazorTargetAssemblyInfo
       C:\Program Files\dotnet\sdk\9.0.304\Sdks\Microsoft.NET.Sdk.Razor\targets\Microsoft.NET.Sdk.Razor.GenerateAssemblyInfo.targets(36,5): message :     
       C:\Program Files\dotnet\sdk\9.0.304\Sdks\Microsoft.NET.Sdk.Razor\targets\Microsoft.NET.Sdk.Razor.GenerateAssemblyInfo.targets(36,5): message :     " (valor anterior: "
       C:\Program Files\dotnet\sdk\9.0.304\Sdks\Microsoft.NET.Sdk.Razor\targets\Microsoft.NET.Sdk.Razor.GenerateAssemblyInfo.targets(36,5): message :       GetRazorTargetAssemblyAttributes;
       C:\Program Files\dotnet\sdk\9.0.304\Sdks\Microsoft.NET.Sdk.Razor\targets\Microsoft.NET.Sdk.Razor.GenerateAssemblyInfo.targets(36,5): message :       _CreateRazorTargetAssemblyInfoInputsCacheFile;
       C:\Program Files\dotnet\sdk\9.0.304\Sdks\Microsoft.NET.Sdk.Razor\targets\Microsoft.NET.Sdk.Razor.GenerateAssemblyInfo.targets(36,5): message :       CoreGenerateRazorTargetAssemblyInfo
       C:\Program Files\dotnet\sdk\9.0.304\Sdks\Microsoft.NET.Sdk.Razor\targets\Microsoft.NET.Sdk.Razor.GenerateAssemblyInfo.targets(36,5): message :     ") en C:\Program Files\dotnet\sdk\9.0.304\Sdks\Microsoft.NET.Sdk.Razor\targets\Microsoft.NET.Sdk.Razor.GenerateAssemblyInfo.targets (36,5)
       C:\Program Files\dotnet\sdk\9.0.304\Sdks\Microsoft.NET.Sdk.Razor\targets\Microsoft.NET.Sdk.Razor.GenerateAssemblyInfo.targets(181,5): message : Reasignaci├│n de propiedad: $(CoreCompileDependsOn)="
       C:\Program Files\dotnet\sdk\9.0.304\Sdks\Microsoft.NET.Sdk.Razor\targets\Microsoft.NET.Sdk.Razor.GenerateAssemblyInfo.targets(181,5): message :       ;_ComputeNonExistentFileProperty;ResolveCodeAnalysisRuleSet;
       C:\Program Files\dotnet\sdk\9.0.304\Sdks\Microsoft.NET.Sdk.Razor\targets\Microsoft.NET.Sdk.Razor.GenerateAssemblyInfo.targets(181,5): message :       _GenerateRazorAssemblyInfo
       C:\Program Files\dotnet\sdk\9.0.304\Sdks\Microsoft.NET.Sdk.Razor\targets\Microsoft.NET.Sdk.Razor.GenerateAssemblyInfo.targets(181,5): message :     " (valor anterior: ";_ComputeNonExistentFileProperty;ResolveCodeAnalysisRuleSet") en C:\Program Files\dotnet\sdk\9.0.304\Sdks\Microsoft.NET.Sdk.Razor\targets\Microsoft.NET.Sdk.Razor.GenerateAssemblyInfo.targets (181,5)
       C:\Program Files\dotnet\sdk\9.0.304\Sdks\Microsoft.NET.Sdk.Razor\targets\Microsoft.NET.Sdk.Razor.GenerateAssemblyInfo.targets(189,5): message : Reasignaci├│n de propiedad: $(_GenerateRazorAssemblyInfoDependsOn)="
       C:\Program Files\dotnet\sdk\9.0.304\Sdks\Microsoft.NET.Sdk.Razor\targets\Microsoft.NET.Sdk.Razor.GenerateAssemblyInfo.targets(189,5): message :       _ResolveMvcAssemblyAttributes;
       C:\Program Files\dotnet\sdk\9.0.304\Sdks\Microsoft.NET.Sdk.Razor\targets\Microsoft.NET.Sdk.Razor.GenerateAssemblyInfo.targets(189,5): message :       RazorGetAssemblyAttributes;PrepareForBuild;_CoreGenerateRazorAssemblyInfo;
       C:\Program Files\dotnet\sdk\9.0.304\Sdks\Microsoft.NET.Sdk.Razor\targets\Microsoft.NET.Sdk.Razor.GenerateAssemblyInfo.targets(189,5): message :     " (valor anterior: "RazorGetAssemblyAttributes;PrepareForBuild;_CoreGenerateRazorAssemblyInfo") en C:\Program Files\dotnet\sdk\9.0.304\Sdks\Microsoft.NET.Sdk.Razor\targets\Microsoft.NET.Sdk.Razor.GenerateAssemblyInfo.targets (189,5)
       C:\Program Files\dotnet\sdk\9.0.304\Sdks\Microsoft.NET.Sdk.Razor\targets\Microsoft.NET.Sdk.Razor.MvcApplicationPartsDiscovery.targets(22,5): message : Reasignaci├│n de propiedad: $(CoreCompileDependsOn)="
       C:\Program Files\dotnet\sdk\9.0.304\Sdks\Microsoft.NET.Sdk.Razor\targets\Microsoft.NET.Sdk.Razor.MvcApplicationPartsDiscovery.targets(22,5): message :       _DiscoverMvcApplicationParts;
       C:\Program Files\dotnet\sdk\9.0.304\Sdks\Microsoft.NET.Sdk.Razor\targets\Microsoft.NET.Sdk.Razor.MvcApplicationPartsDiscovery.targets(22,5): message :       
       C:\Program Files\dotnet\sdk\9.0.304\Sdks\Microsoft.NET.Sdk.Razor\targets\Microsoft.NET.Sdk.Razor.MvcApplicationPartsDiscovery.targets(22,5): message :       ;_ComputeNonExistentFileProperty;ResolveCodeAnalysisRuleSet;
       C:\Program Files\dotnet\sdk\9.0.304\Sdks\Microsoft.NET.Sdk.Razor\targets\Microsoft.NET.Sdk.Razor.MvcApplicationPartsDiscovery.targets(22,5): message :       _GenerateRazorAssemblyInfo
       C:\Program Files\dotnet\sdk\9.0.304\Sdks\Microsoft.NET.Sdk.Razor\targets\Microsoft.NET.Sdk.Razor.MvcApplicationPartsDiscovery.targets(22,5): message :     ;
       C:\Program Files\dotnet\sdk\9.0.304\Sdks\Microsoft.NET.Sdk.Razor\targets\Microsoft.NET.Sdk.Razor.MvcApplicationPartsDiscovery.targets(22,5): message :     " (valor anterior: "
       C:\Program Files\dotnet\sdk\9.0.304\Sdks\Microsoft.NET.Sdk.Razor\targets\Microsoft.NET.Sdk.Razor.MvcApplicationPartsDiscovery.targets(22,5): message :       ;_ComputeNonExistentFileProperty;ResolveCodeAnalysisRuleSet;
       C:\Program Files\dotnet\sdk\9.0.304\Sdks\Microsoft.NET.Sdk.Razor\targets\Microsoft.NET.Sdk.Razor.MvcApplicationPartsDiscovery.targets(22,5): message :       _GenerateRazorAssemblyInfo
       C:\Program Files\dotnet\sdk\9.0.304\Sdks\Microsoft.NET.Sdk.Razor\targets\Microsoft.NET.Sdk.Razor.MvcApplicationPartsDiscovery.targets(22,5): message :     ") en C:\Program Files\dotnet\sdk\9.0.304\Sdks\Microsoft.NET.Sdk.Razor\targets\Microsoft.NET.Sdk.Razor.MvcApplicationPartsDiscovery.targets (22,5)
       C:\Program Files\dotnet\sdk\9.0.304\Sdks\Microsoft.NET.Sdk.Razor\targets\Sdk.Razor.CurrentVersion.targets(791,5): message : Reasignaci├│n de propiedad: $(RazorDesignTimeTargets)="C:\Program Files\dotnet\sdk\9.0.304\Sdks\Microsoft.NET.Sdk.Razor\targets\Microsoft.NET.Sdk.Razor.DesignTime.targets" (valor anterior: "C:\Program Files\dotnet\sdk\9.0.304\\Microsoft\VisualStudio\Razor\Microsoft.NET.Sdk.Razor.DesignTime.targets") en C:\Program Files\dotnet\sdk\9.0.304\Sdks\Microsoft.NET.Sdk.Razor\targets\Sdk.Razor.CurrentVersion.targets (791,5)
       C:\Program Files\dotnet\sdk\9.0.304\Sdks\Microsoft.NET.Sdk.Web.ProjectSystem\targets\Microsoft.NET.Sdk.Web.ProjectSystem.targets(21,5): message : Reasignaci├│n de propiedad: $(RunWorkingDirectory)="C:\Users\PC\Downloads\Machly\Machly.Api" (valor anterior: "") en C:\Program Files\dotnet\sdk\9.0.304\Sdks\Microsoft.NET.Sdk.Web.ProjectSystem\targets\Microsoft.NET.Sdk.Web.ProjectSystem.targets (21,5)
       C:\Program Files\dotnet\sdk\9.0.304\Sdks\Microsoft.NET.Sdk.Publish\targets\Microsoft.NET.Sdk.Publish.targets(60,5): message : Reasignaci├│n de propiedad: $(PublishProfileImported)="true" (valor anterior: "false") en C:\Program Files\dotnet\sdk\9.0.304\Sdks\Microsoft.NET.Sdk.Publish\targets\Microsoft.NET.Sdk.Publish.targets (60,5)
       C:\Program Files\dotnet\sdk\9.0.304\Sdks\Microsoft.NET.Sdk.Publish\targets\Microsoft.NET.Sdk.Publish.targets(81,5): message : Reasignaci├│n de propiedad: $(PublishConfiguration)="Debug" (valor anterior: "") en C:\Program Files\dotnet\sdk\9.0.304\Sdks\Microsoft.NET.Sdk.Publish\targets\Microsoft.NET.Sdk.Publish.targets (81,5)
       C:\Program Files\dotnet\sdk\9.0.304\Sdks\Microsoft.NET.Sdk.Publish\targets\Microsoft.NET.Sdk.Publish.targets(87,5): message : Reasignaci├│n de propiedad: $(BaseIntermediateOutputPath)="C:\Users\PC\Downloads\Machly\Machly.Api\obj\" (valor anterior: "obj\") en C:\Program Files\dotnet\sdk\9.0.304\Sdks\Microsoft.NET.Sdk.Publish\targets\Microsoft.NET.Sdk.Publish.targets (87,5)
       Invalidando el destino "ResolveFrameworkReferences" del proyecto"C:\Program Files\dotnet\sdk\9.0.304\Microsoft.Common.CurrentVersion.targets" con el destino "ResolveFrameworkReferences" del proyecto "C:\Program Files\dotnet\sdk\9.0.304\Sdks\Microsoft.NET.Sdk\targets\Microsoft.NET.Sdk.FrameworkReferenceResolution.targets".
       Invalidando el destino "Run" del proyecto"C:\Program Files\dotnet\sdk\9.0.304\Microsoft.Common.CurrentVersion.targets" con el destino "Run" del proyecto "C:\Program Files\dotnet\sdk\9.0.304\Sdks\Microsoft.NET.Sdk\targets\Microsoft.NET.Sdk.targets".
       Invalidando el destino "GenerateSupportedTargetFrameworkAlias" del proyecto"C:\Program Files\dotnet\sdk\9.0.304\Microsoft.Common.CurrentVersion.targets" con el destino "GenerateSupportedTargetFrameworkAlias" del proyecto "C:\Program Files\dotnet\sdk\9.0.304\Sdks\Microsoft.NET.Sdk\targets\Microsoft.NET.Sdk.targets".
       Invalidando el destino "GetReferenceAssemblyPaths" del proyecto"C:\Program Files\dotnet\sdk\9.0.304\Microsoft.Common.CurrentVersion.targets" con el destino "GetReferenceAssemblyPaths" del proyecto "C:\Program Files\dotnet\sdk\9.0.304\Sdks\Microsoft.NET.Sdk\targets\Microsoft.NET.DisableStandardFrameworkResolution.targets".
       Invalidando el destino "GetFrameworkPaths" del proyecto"C:\Program Files\dotnet\sdk\9.0.304\Microsoft.Common.CurrentVersion.targets" con el destino "GetFrameworkPaths" del proyecto "C:\Program Files\dotnet\sdk\9.0.304\Sdks\Microsoft.NET.Sdk\targets\Microsoft.NET.DisableStandardFrameworkResolution.targets".
       Invalidando el destino "DesignerRuntimeImplementationProjectOutputGroup" del proyecto"C:\Program Files\dotnet\sdk\9.0.304\Microsoft.Common.CurrentVersion.targets" con el destino "DesignerRuntimeImplementationProjectOutputGroup" del proyecto "C:\Program Files\dotnet\sdk\9.0.304\Sdks\Microsoft.NET.Sdk\targets\Microsoft.NET.DesignerSupport.targets".
       Invalidando el destino "Publish" del proyecto"C:\Program Files\dotnet\sdk\9.0.304\Microsoft.Common.CurrentVersion.targets" con el destino "Publish" del proyecto "C:\Program Files\dotnet\sdk\9.0.304\Sdks\Microsoft.NET.Sdk\targets\Microsoft.NET.Publish.targets".
       Invalidando el destino "ResolveReadyToRunCompilers" del proyecto"C:\Program Files\dotnet\sdk\9.0.304\Sdks\Microsoft.NET.Sdk\targets\Microsoft.NET.CrossGen.targets" con el destino "ResolveReadyToRunCompilers" del proyecto "C:\Program Files\dotnet\sdk\9.0.304\Sdks\Microsoft.NET.Sdk\targets\Microsoft.NET.Publish.targets".
       Invalidando el destino "GetCopyToPublishDirectoryItems" del proyecto"C:\Program Files\dotnet\sdk\9.0.304\Microsoft.Common.CurrentVersion.targets" con el destino "GetCopyToPublishDirectoryItems" del proyecto "C:\Program Files\dotnet\sdk\9.0.304\Sdks\Microsoft.NET.Sdk\targets\Microsoft.NET.Publish.targets".
       Invalidando el destino "BeforePublish" del proyecto"C:\Program Files\dotnet\sdk\9.0.304\Microsoft.Common.CurrentVersion.targets" con el destino "BeforePublish" del proyecto "C:\Program Files\dotnet\sdk\9.0.304\Sdks\Microsoft.NET.Sdk.Publish\targets\Microsoft.NET.Sdk.Publish.targets".
       Invalidando el destino "AfterPublish" del proyecto"C:\Program Files\dotnet\sdk\9.0.304\Microsoft.Common.CurrentVersion.targets" con el destino "AfterPublish" del proyecto "C:\Program Files\dotnet\sdk\9.0.304\Sdks\Microsoft.NET.Sdk.Publish\targets\Microsoft.NET.Sdk.Publish.targets".
       El destino "CollectUpToDateCheckInputDesignTime" que aparece en un atributo BeforeTargets en "C:\Program Files\dotnet\sdk\9.0.304\Sdks\Microsoft.NET.Sdk.StaticWebAssets\targets\Microsoft.NET.Sdk.StaticWebAssets.ScopedCss.targets (171,5)" no existe en el proyecto y se omitir├í.
       El destino "CollectUpToDateCheckBuiltDesignTime" que aparece en un atributo BeforeTargets en "C:\Program Files\dotnet\sdk\9.0.304\Sdks\Microsoft.NET.Sdk.StaticWebAssets\targets\Microsoft.NET.Sdk.StaticWebAssets.ScopedCss.targets (171,5)" no existe en el proyecto y se omitir├í.
       El destino "RazorGenerateComponentDeclaration" que aparece en un atributo AfterTargets en "C:\Program Files\dotnet\sdk\9.0.304\Sdks\Microsoft.NET.Sdk.Razor\targets\Microsoft.NET.Sdk.Razor.DesignTime.targets (55,53)" no existe en el proyecto y se omitir├í.
     1>El proyecto "C:\Users\PC\Downloads\Machly\Machly.Api\Machly.Api.csproj" (1) est├í compilando "C:\Users\PC\Downloads\Machly\Machly.Api\Machly.Api.csproj" (1:2) en el nodo 1 (_IsProjectRestoreSupported destinos).
   1:2>Destino "_IsProjectRestoreSupported" en el archivo "C:\Program Files\dotnet\sdk\9.0.304\NuGet.targets" del proyecto "C:\Users\PC\Downloads\Machly\Machly.Api\Machly.Api.csproj" (punto de entrada):
   1:2>Compilaci├│n terminada del destino "_IsProjectRestoreSupported" en el proyecto "Machly.Api.csproj".
   1:2>Compilaci├│n del proyecto terminada "C:\Users\PC\Downloads\Machly\Machly.Api\Machly.Api.csproj" (_IsProjectRestoreSupported destinos).
     1>Ejecuci├│n de la tarea "MSBuild" terminada.
       Se omiti├│ la tarea "MSBuild" debido a una condici├│n falsa (False); ( '$(RestoreUseSkipNonexistentTargets)' != 'true' ) se evalu├│ como ( 'true' != 'true' ).
       Ensamblado cargado durante TaskRun: NuGet.Build.Tasks, Version=6.14.0.116, Culture=neutral, PublicKeyToken=31bf3856ad364e35(ubicaci├│n: C:\Program Files\dotnet\sdk\9.0.304\NuGet.Build.Tasks.dll, MVID: c545d64d-0cbb-4fc0-971c-b5c1c1e75cf3, AssemblyLoadContext: MSBuild plugin C:\Program Files\dotnet\sdk\9.0.304\NuGet.Build.Tasks.dll)
       Ensamblado cargado durante TaskRun: NuGet.Common, Version=6.14.0.116, Culture=neutral, PublicKeyToken=31bf3856ad364e35(ubicaci├│n: C:\Program Files\dotnet\sdk\9.0.304\NuGet.Common.dll, MVID: 0fbb79ae-e358-4591-bc91-e34371a3d05b, AssemblyLoadContext: MSBuild plugin C:\Program Files\dotnet\sdk\9.0.304\NuGet.Build.Tasks.dll)
       Ensamblado cargado durante TaskRun: NuGet.Commands, Version=6.14.0.116, Culture=neutral, PublicKeyToken=31bf3856ad364e35(ubicaci├│n: C:\Program Files\dotnet\sdk\9.0.304\NuGet.Commands.dll, MVID: e743f127-1013-45a0-a669-058903e72acf, AssemblyLoadContext: MSBuild plugin C:\Program Files\dotnet\sdk\9.0.304\NuGet.Build.Tasks.dll)
       Ensamblado cargado durante TaskRun: NuGet.ProjectModel, Version=6.14.0.116, Culture=neutral, PublicKeyToken=31bf3856ad364e35(ubicaci├│n: C:\Program Files\dotnet\sdk\9.0.304\NuGet.ProjectModel.dll, MVID: 08d0df58-191b-4580-9b46-c281ab5b9b36, AssemblyLoadContext: MSBuild plugin C:\Program Files\dotnet\sdk\9.0.304\NuGet.Build.Tasks.dll)
       Usando la tarea "WarnForInvalidProjectsTask" del ensamblado "C:\Program Files\dotnet\sdk\9.0.304\NuGet.Build.Tasks.dll".
       Tarea "WarnForInvalidProjectsTask"
       Ejecuci├│n de la tarea "WarnForInvalidProjectsTask" terminada.
     1>Compilaci├│n terminada del destino "_FilterRestoreGraphProjectInputItems" en el proyecto "Machly.Api.csproj".
       Se omiti├│ el destino "_FilterRestoreGraphProjectInputItems". Compilado previamente de forma correcta.
     1>Destino "_GetAllRestoreProjectPathItems" en el archivo "C:\Program Files\dotnet\sdk\9.0.304\NuGet.targets" del proyecto "C:\Users\PC\Downloads\Machly\Machly.Api\Machly.Api.csproj" (el destino "_GenerateRestoreGraph" depende de ├®l):
       Usando la tarea "NuGetMessageTask" del ensamblado "C:\Program Files\dotnet\sdk\9.0.304\NuGet.Build.Tasks.dll".
       Tarea "NuGetMessageTask"
         Ensamblado cargado durante TaskRun (NuGet.Build.Tasks.NuGetMessageTask): NuGet.Build.Tasks.resources, Version=6.14.0.116, Culture=es, PublicKeyToken=31bf3856ad364e35, processorArchitecture=MSIL(ubicaci├│n: C:\Program Files\dotnet\sdk\9.0.304\es\NuGet.Build.Tasks.resources.dll, MVID: 2fa4bae3-48c0-47c4-83c5-bb9246cef632, AssemblyLoadContext: MSBuild plugin C:\Program Files\dotnet\sdk\9.0.304\NuGet.Build.Tasks.dll)
         Determinando los proyectos que se van a restaurar...
       Ejecuci├│n de la tarea "NuGetMessageTask" terminada.
       Tarea "MSBuild"
         Propiedades globales:
           ExcludeRestorePackageImports=true
     1>El proyecto "C:\Users\PC\Downloads\Machly\Machly.Api\Machly.Api.csproj" (1) est├í compilando "C:\Users\PC\Downloads\Machly\Machly.Api\Machly.Api.csproj" (1:3) en el nodo 1 (_GenerateRestoreProjectPathWalk destinos).
   1:3>Se omiti├│ el destino "_GenerateRestoreProjectPathItemsAllFrameworks" debido a una condici├│n falsa (False); ( '$(TargetFrameworks)' != '' ) se evalu├│ como ( '' != '' ).
   1:3>Destino "_GenerateRestoreProjectPathItemsPerFramework" en el archivo "C:\Program Files\dotnet\sdk\9.0.304\NuGet.targets" del proyecto "C:\Users\PC\Downloads\Machly\Machly.Api\Machly.Api.csproj" (el destino "_GenerateRestoreProjectPathItemsCurrentProject" depende de ├®l):
       Usando la tarea "ConvertToAbsolutePath" del ensamblado "Microsoft.Build.Tasks.Core, Version=15.1.0.0, Culture=neutral, PublicKeyToken=b03f5f7f11d50a3a".
       Tarea "ConvertToAbsolutePath"
       Ejecuci├│n de la tarea "ConvertToAbsolutePath" terminada.
   1:3>Compilaci├│n terminada del destino "_GenerateRestoreProjectPathItemsPerFramework" en el proyecto "Machly.Api.csproj".
   1:3>Destino "_GenerateRestoreProjectPathItemsCurrentProject" en el archivo "C:\Program Files\dotnet\sdk\9.0.304\NuGet.targets" del proyecto "C:\Users\PC\Downloads\Machly\Machly.Api\Machly.Api.csproj" (el destino "_GenerateRestoreProjectPathItems" depende de ├®l):
   1:3>Compilaci├│n terminada del destino "_GenerateRestoreProjectPathItemsCurrentProject" en el proyecto "Machly.Api.csproj".
   1:3>Destino "_GenerateRestoreProjectPathItems" en el archivo "C:\Program Files\dotnet\sdk\9.0.304\NuGet.targets" del proyecto "C:\Users\PC\Downloads\Machly\Machly.Api\Machly.Api.csproj" (el destino "_GenerateRestoreProjectPathWalk" depende de ├®l):
       Tarea "RemoveDuplicates"
       Ejecuci├│n de la tarea "RemoveDuplicates" terminada.
   1:3>Compilaci├│n terminada del destino "_GenerateRestoreProjectPathItems" en el proyecto "Machly.Api.csproj".
   1:3>Destino "_GenerateRestoreProjectPathWalk" en el archivo "C:\Program Files\dotnet\sdk\9.0.304\NuGet.targets" del proyecto "C:\Users\PC\Downloads\Machly\Machly.Api\Machly.Api.csproj" (punto de entrada):
       Tarea "MSBuild"
       Ejecuci├│n de la tarea "MSBuild" terminada.
       Se omiti├│ la tarea "MSBuild" debido a una condici├│n falsa (False); ( '$(RestoreUseSkipNonexistentTargets)' != 'true' ) se evalu├│ como ( 'true' != 'true' ).
       Tarea "RemoveDuplicates"
       Ejecuci├│n de la tarea "RemoveDuplicates" terminada.
   1:3>Compilaci├│n terminada del destino "_GenerateRestoreProjectPathWalk" en el proyecto "Machly.Api.csproj".
   1:3>Compilaci├│n del proyecto terminada "C:\Users\PC\Downloads\Machly\Machly.Api\Machly.Api.csproj" (_GenerateRestoreProjectPathWalk destinos).
     1>Ejecuci├│n de la tarea "MSBuild" terminada.
       Se omiti├│ la tarea "MSBuild" debido a una condici├│n falsa (False); ( '$(RestoreUseSkipNonexistentTargets)' != 'true' ) se evalu├│ como ( 'true' != 'true' ).
       Tarea "RemoveDuplicates"
       Ejecuci├│n de la tarea "RemoveDuplicates" terminada.
       Tarea "MSBuild"
         Propiedades globales:
           ExcludeRestorePackageImports=true
     1>El proyecto "C:\Users\PC\Downloads\Machly\Machly.Api\Machly.Api.csproj" (1) est├í compilando "C:\Users\PC\Downloads\Machly\Machly.Api\Machly.Api.csproj" (1:4) en el nodo 1 (_IsProjectRestoreSupported destinos).
   1:4>Se omiti├│ el destino "_IsProjectRestoreSupported". Compilado previamente de forma correcta.
   1:4>Compilaci├│n del proyecto terminada "C:\Users\PC\Downloads\Machly\Machly.Api\Machly.Api.csproj" (_IsProjectRestoreSupported destinos).
     1>Ejecuci├│n de la tarea "MSBuild" terminada.
       Se omiti├│ la tarea "MSBuild" debido a una condici├│n falsa (False); ( '$(RestoreUseSkipNonexistentTargets)' != 'true' ) se evalu├│ como ( 'true' != 'true' ).
     1>Compilaci├│n terminada del destino "_GetAllRestoreProjectPathItems" en el proyecto "Machly.Api.csproj".
     1>Destino "_GenerateRestoreGraph" en el archivo "C:\Program Files\dotnet\sdk\9.0.304\NuGet.targets" del proyecto "C:\Users\PC\Downloads\Machly\Machly.Api\Machly.Api.csproj" (el destino "Restore" depende de ├®l):
       Usando la tarea "Message" del ensamblado "Microsoft.Build.Tasks.Core, Version=15.1.0.0, Culture=neutral, PublicKeyToken=b03f5f7f11d50a3a".
       Tarea "Message"
         Generating dg file
       Ejecuci├│n de la tarea "Message" terminada.
       Tarea "Message"
         C:\Users\PC\Downloads\Machly\Machly.Api\Machly.Api.csproj
       Ejecuci├│n de la tarea "Message" terminada.
       Tarea "MSBuild"
         Propiedades globales:
           ExcludeRestorePackageImports=true
     1>El proyecto "C:\Users\PC\Downloads\Machly\Machly.Api\Machly.Api.csproj" (1) est├í compilando "C:\Users\PC\Downloads\Machly\Machly.Api\Machly.Api.csproj" (1:5) en el nodo 1 (_GenerateRestoreGraphProjectEntry destinos).
   1:5>Destino "_GetProjectJsonPath" en el archivo "C:\Program Files\dotnet\sdk\9.0.304\NuGet.targets" del proyecto "C:\Users\PC\Downloads\Machly\Machly.Api\Machly.Api.csproj" (el destino "_GetRestoreProjectStyle" depende de ├®l):
   1:5>Se omiti├│ la tarea "GetRestoreProjectJsonPathTask" debido a una condici├│n falsa (False); ( '$(RestoreProjectStyle)' == 'ProjectJson' OR '$(RestoreProjectStyle)' == '' ) se evalu├│ como ( 'PackageReference' == 'ProjectJson' OR 'PackageReference' == '' ).
   1:5>Compilaci├│n terminada del destino "_GetProjectJsonPath" en el proyecto "Machly.Api.csproj".
       Se omiti├│ el destino "_CheckForUnsupportedTargetPlatformIdentifier" debido a una condici├│n falsa (False); ('$(TargetPlatformIdentifier)' != '' and '$(TargetFrameworkIdentifier)' == '.NETCoreApp' and $([MSBuild]::VersionGreaterThanOrEquals($(TargetFrameworkVersion), 5.0)) And ('$(DesignTimeBuild)' != 'true' Or '@(MissingWorkloadPack)' == '')) se evalu├│ como ('' != '' and '.NETCoreApp' == '.NETCoreApp' and True And ('' != 'true' Or '' == '')).
       Se omiti├│ el destino "_CheckForMissingWorkload" debido a una condici├│n falsa (False); ('@(MissingWorkloadPack)' != '' And '$(DesignTimeBuild)' != 'true') se evalu├│ como ('' != '' And '' != 'true').
   1:5>Destino "_CheckForUnsupportedNETCoreVersion" en el archivo "C:\Program Files\dotnet\sdk\9.0.304\Sdks\Microsoft.NET.Sdk\targets\Microsoft.NET.TargetFrameworkInference.targets" del proyecto "C:\Users\PC\Downloads\Machly\Machly.Api\Machly.Api.csproj" (el destino "CollectPackageReferences" depende de ├®l):
       Se omiti├│ la tarea "NETSdkError" debido a una condici├│n falsa (False); ('$(_TargetFrameworkVersionWithoutV)' > '$(NETCoreAppMaximumVersion)' and '$(DisplayVSMessage)' != 'true') se evalu├│ como ('8.0' > '9.0' and '' != 'true').
       Se omiti├│ la tarea "NETSdkError" debido a una condici├│n falsa (False); ('$(DisplayVSMessage)' == 'true') se evalu├│ como ('' == 'true').
   1:5>Compilaci├│n terminada del destino "_CheckForUnsupportedNETCoreVersion" en el proyecto "Machly.Api.csproj".
       Se omiti├│ el destino "_CheckForEolTargetFrameworks" debido a una condici├│n falsa (False); ('@(_EolNetCoreTargetFrameworkVersions->AnyHaveMetadataValue('Identity', '$(_TargetFrameworkVersionWithoutV)'))' and '$(TargetFrameworkIdentifier)' == '.NETCoreApp' and '$(CheckEolTargetFramework)' == 'true') se evalu├│ como ('false' and '.NETCoreApp' == '.NETCoreApp' and 'true' == 'true').
       Se omiti├│ el destino "_CheckForEolWorkloads" debido a una condici├│n falsa (False); ('@(EolWorkload)' != '' and '$(CheckEolWorkloads)' == 'true') se evalu├│ como ('' != '' and 'true' == 'true').
       Se omiti├│ el destino "_CheckForNotRecommendedNETStandardVersion" debido a una condici├│n falsa (False); ('$(TargetFrameworkIdentifier)' == '.NETStandard' and $([MSBuild]::VersionLessThan($(TargetFrameworkVersion), '2.0'))) se evalu├│ como ('.NETCoreApp' == '.NETStandard' and False).
   1:5>Destino "_CheckForUnsupportedCppNETCoreVersion" en el archivo "C:\Program Files\dotnet\sdk\9.0.304\Sdks\Microsoft.NET.Sdk\targets\Microsoft.NET.TargetFrameworkInference.targets" del proyecto "C:\Users\PC\Downloads\Machly\Machly.Api\Machly.Api.csproj" (el destino "CollectPackageReferences" depende de ├®l):
       Se omiti├│ la tarea "NETSdkError" debido a una condici├│n falsa (False); ('$(TargetFrameworkIdentifier)' == '.NETCoreApp' and '$(_TargetFrameworkVersionWithoutV)' < '3.1' and ('$(Language)' == 'C++' and '$(_EnablePackageReferencesInVCProjects)' != 'true')) se evalu├│ como ('.NETCoreApp' == '.NETCoreApp' and '8.0' < '3.1' and ('C#' == 'C++' and '' != 'true')).
   1:5>Compilaci├│n terminada del destino "_CheckForUnsupportedCppNETCoreVersion" en el proyecto "Machly.Api.csproj".
       Se omiti├│ el destino "_CheckForUnsupportedNETStandardVersion" debido a una condici├│n falsa (False); ('$(TargetFrameworkIdentifier)' == '.NETStandard' And '$(NETStandardMaximumVersion)' != '') se evalu├│ como ('.NETCoreApp' == '.NETStandard' And '' != '').
       Se omiti├│ el destino "_CheckForUnsupportedTargetFrameworkAndFeatureCombination" debido a una condici├│n falsa (False); ('$(TargetFrameworkIdentifier)' == '.NETFramework') se evalu├│ como ('.NETCoreApp' == '.NETFramework').
   1:5>Destino "UpdateAspNetToFrameworkReference" en el archivo "C:\Program Files\dotnet\sdk\9.0.304\Sdks\Microsoft.NET.Sdk\targets\Microsoft.NET.Sdk.DefaultItems.Shared.targets" del proyecto "C:\Users\PC\Downloads\Machly\Machly.Api\Machly.Api.csproj" (el destino "ApplyImplicitVersions" depende de ├®l):
       Usando la tarea "CheckIfPackageReferenceShouldBeFrameworkReference" del ensamblado "C:\Program Files\dotnet\sdk\9.0.304\Sdks\Microsoft.NET.Sdk\targets\..\tools\net9.0\Microsoft.NET.Build.Tasks.dll".
       Tarea "CheckIfPackageReferenceShouldBeFrameworkReference"
       Ejecuci├│n de la tarea "CheckIfPackageReferenceShouldBeFrameworkReference" terminada.
       Se omiti├│ la tarea "NETSdkError" debido a una condici├│n falsa (False); ('$(_ShouldRemoveAspNetCoreAll)' == 'true') se evalu├│ como ('False' == 'true').
       Tarea "CheckIfPackageReferenceShouldBeFrameworkReference"
       Ejecuci├│n de la tarea "CheckIfPackageReferenceShouldBeFrameworkReference" terminada.
       Se omiti├│ la tarea "NETSdkWarning" debido a una condici├│n falsa (False); ('$(_ShouldRemoveAspNetCoreApp)' == 'true') se evalu├│ como ('False' == 'true').
   1:5>Compilaci├│n terminada del destino "UpdateAspNetToFrameworkReference" en el proyecto "Machly.Api.csproj".
       Se omiti├│ el destino "IncludeTargetingPackReference" debido a una condici├│n falsa (False); ('$(TargetFrameworkMoniker)' != '' and '$(TargetFrameworkIdentifier)' == '.NETFramework' and '$(AutomaticallyUseReferenceAssemblyPackages)' == 'true') se evalu├│ como ('.NETCoreApp,Version=v8.0' != '' and '.NETCoreApp' == '.NETFramework' and 'true' == 'true').
   1:5>Destino "CheckForImplicitPackageReferenceOverrides" en el archivo "C:\Program Files\dotnet\sdk\9.0.304\Sdks\Microsoft.NET.Sdk\targets\Microsoft.NET.Sdk.DefaultItems.Shared.targets" del proyecto "C:\Users\PC\Downloads\Machly\Machly.Api\Machly.Api.csproj" (el destino "ApplyImplicitVersions" depende de ├®l):
       Usando la tarea "CheckForImplicitPackageReferenceOverrides" del ensamblado "C:\Program Files\dotnet\sdk\9.0.304\Sdks\Microsoft.NET.Sdk\targets\..\tools\net9.0\Microsoft.NET.Build.Tasks.dll".
       Tarea "CheckForImplicitPackageReferenceOverrides"
       Ejecuci├│n de la tarea "CheckForImplicitPackageReferenceOverrides" terminada.
   1:5>Compilaci├│n terminada del destino "CheckForImplicitPackageReferenceOverrides" en el proyecto "Machly.Api.csproj".
   1:5>Destino "ApplyImplicitVersions" en el archivo "C:\Program Files\dotnet\sdk\9.0.304\Sdks\Microsoft.NET.Sdk\targets\Microsoft.NET.Sdk.DefaultItems.Shared.targets" del proyecto "C:\Users\PC\Downloads\Machly\Machly.Api\Machly.Api.csproj" (el destino "CollectPackageReferences" depende de ├®l):
       Usando la tarea "ApplyImplicitVersions" del ensamblado "C:\Program Files\dotnet\sdk\9.0.304\Sdks\Microsoft.NET.Sdk\targets\..\tools\net9.0\Microsoft.NET.Build.Tasks.dll".
       Tarea "ApplyImplicitVersions"
       Ejecuci├│n de la tarea "ApplyImplicitVersions" terminada.
   1:5>Compilaci├│n terminada del destino "ApplyImplicitVersions" en el proyecto "Machly.Api.csproj".
       Se omiti├│ el destino "CheckForImplicitPackageReferenceOverrides". Compilado previamente de forma correcta.
       Se omiti├│ el destino "AddWindowsSdkKnownFrameworkReferences" debido a una condici├│n falsa (False); ('$(TargetFrameworkIdentifier)' == '.NETCoreApp' And '$(TargetPlatformIdentifier)' == 'Windows'
                            And ('$(Language)' != 'C++' Or '$(IncludeWindowsSDKRefFrameworkReferences)' == 'true')) se evalu├│ como ('.NETCoreApp' == '.NETCoreApp' And '' == 'Windows'
                            And ('C#' != 'C++' Or '' == 'true')).
       Se omiti├│ el destino "_NormalizeTargetPlatformVersion" debido a una condici├│n falsa (False); ('$(TargetPlatformVersion)' != '' and '$(TargetFrameworkIdentifier)' == '.NETCoreApp' and $([MSBuild]::VersionGreaterThanOrEquals($(TargetFrameworkVersion), 5.0)) and ('$(Language)' != 'C++' or '$(_EnablePackageReferencesInVCProjects)' == 'true')) se evalu├│ como ('' != '' and '.NETCoreApp' == '.NETCoreApp' and True and ('C#' != 'C++' or '' == 'true')).
   1:5>Destino "_CheckForLanguageAndFeatureCombinationSupport" en el archivo "C:\Program Files\dotnet\sdk\9.0.304\Sdks\Microsoft.NET.Sdk\targets\Microsoft.NET.RuntimeIdentifierInference.targets" del proyecto "C:\Users\PC\Downloads\Machly\Machly.Api\Machly.Api.csproj" (el destino "ProcessFrameworkReferences" depende de ├®l):
       Se omiti├│ la tarea "NETSdkError" debido a una condici├│n falsa (False); (('$(Language)' == 'C++' and '$(_EnablePackageReferencesInVCProjects)' != 'true') and $(OutputType) != 'library' and '$(TargetFrameworkIdentifier)' == '.NETCoreApp') se evalu├│ como (('C#' == 'C++' and '' != 'true') and Exe != 'library' and '.NETCoreApp' == '.NETCoreApp').
       Se omiti├│ la tarea "NETSdkError" debido a una condici├│n falsa (False); (('$(Language)' == 'C++' and '$(_EnablePackageReferencesInVCProjects)' != 'true') and $(EnableComHosting) == 'true') se evalu├│ como (('C#' == 'C++' and '' != 'true') and  == 'true').
       Se omiti├│ la tarea "NETSdkError" debido a una condici├│n falsa (False); (('$(Language)' == 'C++' and '$(_EnablePackageReferencesInVCProjects)' != 'true') and $(SelfContained) == 'true') se evalu├│ como (('C#' == 'C++' and '' != 'true') and false == 'true').
   1:5>Compilaci├│n terminada del destino "_CheckForLanguageAndFeatureCombinationSupport" en el proyecto "Machly.Api.csproj".
   1:5>Destino "_ComputeToolPackInputsToProcessFrameworkReferences" en el archivo "C:\Program Files\dotnet\sdk\9.0.304\Sdks\Microsoft.NET.Sdk\targets\Microsoft.NET.Publish.targets" del proyecto "C:\Users\PC\Downloads\Machly\Machly.Api\Machly.Api.csproj" (el destino "ProcessFrameworkReferences" depende de ├®l):
   1:5>Compilaci├│n terminada del destino "_ComputeToolPackInputsToProcessFrameworkReferences" en el proyecto "Machly.Api.csproj".
   1:5>Destino "ProcessFrameworkReferences" en el archivo "C:\Program Files\dotnet\sdk\9.0.304\Sdks\Microsoft.NET.Sdk\targets\Microsoft.NET.Sdk.FrameworkReferenceResolution.targets" del proyecto "C:\Users\PC\Downloads\Machly\Machly.Api\Machly.Api.csproj" (el destino "CollectPackageReferences" depende de ├®l):
       Usando la tarea "CheckForDuplicateFrameworkReferences" del ensamblado "C:\Program Files\dotnet\sdk\9.0.304\Sdks\Microsoft.NET.Sdk\targets\..\tools\net9.0\Microsoft.NET.Build.Tasks.dll".
       Tarea "CheckForDuplicateFrameworkReferences"
       Ejecuci├│n de la tarea "CheckForDuplicateFrameworkReferences" terminada.
       Usando la tarea "ProcessFrameworkReferences" del ensamblado "C:\Program Files\dotnet\sdk\9.0.304\Sdks\Microsoft.NET.Sdk\targets\..\tools\net9.0\Microsoft.NET.Build.Tasks.dll".
       Tarea "ProcessFrameworkReferences"
       Ejecuci├│n de la tarea "ProcessFrameworkReferences" terminada.
       Usando la tarea "ResolveAppHosts" del ensamblado "C:\Program Files\dotnet\sdk\9.0.304\Sdks\Microsoft.NET.Sdk\targets\..\tools\net9.0\Microsoft.NET.Build.Tasks.dll".
       Tarea "ResolveAppHosts"
       Ejecuci├│n de la tarea "ResolveAppHosts" terminada.
   1:5>Compilaci├│n terminada del destino "ProcessFrameworkReferences" en el proyecto "Machly.Api.csproj".
       Se omiti├│ el destino "IncludeTargetingPackReference" debido a una condici├│n falsa (False); ('$(TargetFrameworkMoniker)' != '' and '$(TargetFrameworkIdentifier)' == '.NETFramework' and '$(AutomaticallyUseReferenceAssemblyPackages)' == 'true') se evalu├│ como ('.NETCoreApp,Version=v8.0' != '' and '.NETCoreApp' == '.NETFramework' and 'true' == 'true').
       Se omiti├│ el destino "_CheckMicrosoftNetCompilersToolsetFrameworkPackageReference" debido a una condici├│n falsa (False); ('$(MSBuildRuntimeType)' == 'Full') se evalu├│ como ('Core' == 'Full').
   1:5>Destino "_CheckForObsoleteDotNetCliToolReferences" en el archivo "C:\Program Files\dotnet\sdk\9.0.304\Sdks\Microsoft.NET.Sdk\targets\Microsoft.NET.ObsoleteReferences.targets" del proyecto "C:\Users\PC\Downloads\Machly\Machly.Api\Machly.Api.csproj" (el destino "CollectPackageReferences" depende de ├®l):
       Se omiti├│ la tarea "NETSdkWarning" debido a una condici├│n falsa (False); ( '%(_ReferenceToObsoleteDotNetCliTool.Identity)' != '' ) se evalu├│ como ( '' != '' ).
   1:5>Compilaci├│n terminada del destino "_CheckForObsoleteDotNetCliToolReferences" en el proyecto "Machly.Api.csproj".
   1:5>Destino "CollectPackageReferences" en el archivo "C:\Program Files\dotnet\sdk\9.0.304\NuGet.targets" del proyecto "C:\Users\PC\Downloads\Machly\Machly.Api\Machly.Api.csproj" (el destino "_GetRestoreProjectStyle" depende de ├®l):
       Usando la tarea "CheckForDuplicateNuGetItemsTask" del ensamblado "C:\Program Files\dotnet\sdk\9.0.304\NuGet.Build.Tasks.dll".
       Tarea "CheckForDuplicateNuGetItemsTask"
       Ejecuci├│n de la tarea "CheckForDuplicateNuGetItemsTask" terminada.
   1:5>Compilaci├│n terminada del destino "CollectPackageReferences" en el proyecto "Machly.Api.csproj".
   1:5>Destino "_GetRestoreProjectStyle" en el archivo "C:\Program Files\dotnet\sdk\9.0.304\NuGet.targets" del proyecto "C:\Users\PC\Downloads\Machly\Machly.Api\Machly.Api.csproj" (el destino "_GenerateRestoreSpecs" depende de ├®l):
       Usando la tarea "GetRestoreProjectStyleTask" del ensamblado "C:\Program Files\dotnet\sdk\9.0.304\NuGet.Build.Tasks.dll".
       Tarea "GetRestoreProjectStyleTask"
       Ejecuci├│n de la tarea "GetRestoreProjectStyleTask" terminada.
   1:5>Compilaci├│n terminada del destino "_GetRestoreProjectStyle" en el proyecto "Machly.Api.csproj".
   1:5>Destino "_GenerateRestoreSpecs" en el archivo "C:\Program Files\dotnet\sdk\9.0.304\NuGet.targets" del proyecto "C:\Users\PC\Downloads\Machly\Machly.Api\Machly.Api.csproj" (el destino "_GenerateRestoreGraphProjectEntry" depende de ├®l):
       Tarea "Message"
         Restore entry point C:\Users\PC\Downloads\Machly\Machly.Api\Machly.Api.csproj
       Ejecuci├│n de la tarea "Message" terminada.
   1:5>Compilaci├│n terminada del destino "_GenerateRestoreSpecs" en el proyecto "Machly.Api.csproj".
   1:5>Destino "_GetRestoreSettingsOverrides" en el archivo "C:\Program Files\dotnet\sdk\9.0.304\NuGet.targets" del proyecto "C:\Users\PC\Downloads\Machly\Machly.Api\Machly.Api.csproj" (el destino "_GetRestoreSettings" depende de ├®l):
       Se omiti├│ la tarea "MSBuild" debido a una condici├│n falsa (False); ( '$(RestorePackagesPath)' != '' ) se evalu├│ como ( '' != '' ).
       Se omiti├│ la tarea "MSBuild" debido a una condici├│n falsa (False); ( '$(RestoreRepositoryPathOverride)' != '' ) se evalu├│ como ( '' != '' ).
       Se omiti├│ la tarea "MSBuild" debido a una condici├│n falsa (False); ( '$(RestoreSources)' != '' ) se evalu├│ como ( '' != '' ).
       Se omiti├│ la tarea "MSBuild" debido a una condici├│n falsa (False); ( '$(RestoreFallbackFolders)' != '' ) se evalu├│ como ( '' != '' ).
   1:5>Compilaci├│n terminada del destino "_GetRestoreSettingsOverrides" en el proyecto "Machly.Api.csproj".
   1:5>Destino "_GetRestoreSettingsPerFramework" en el archivo "C:\Program Files\dotnet\sdk\9.0.304\NuGet.targets" del proyecto "C:\Users\PC\Downloads\Machly\Machly.Api\Machly.Api.csproj" (el destino "_GetRestoreSettingsCurrentProject" depende de ├®l):
   1:5>Compilaci├│n terminada del destino "_GetRestoreSettingsPerFramework" en el proyecto "Machly.Api.csproj".
   1:5>Destino "_GetRestoreSettingsCurrentProject" en el archivo "C:\Program Files\dotnet\sdk\9.0.304\NuGet.targets" del proyecto "C:\Users\PC\Downloads\Machly\Machly.Api\Machly.Api.csproj" (el destino "_GetRestoreSettings" depende de ├®l):
   1:5>Compilaci├│n terminada del destino "_GetRestoreSettingsCurrentProject" en el proyecto "Machly.Api.csproj".
       Se omiti├│ el destino "_GetRestoreSettingsAllFrameworks" debido a una condici├│n falsa (False); ( '$(TargetFrameworks)' != '' AND '$(PackageReferenceCompatibleProjectStyle)' == 'true' ) se evalu├│ como ( '' != '' AND 'True' == 'true' ).
   1:5>Destino "_GetRestoreSettings" en el archivo "C:\Program Files\dotnet\sdk\9.0.304\NuGet.targets" del proyecto "C:\Users\PC\Downloads\Machly\Machly.Api\Machly.Api.csproj" (el destino "_GenerateDotnetCliToolReferenceSpecs" depende de ├®l):
       Usando la tarea "GetRestoreSettingsTask" del ensamblado "C:\Program Files\dotnet\sdk\9.0.304\NuGet.Build.Tasks.dll".
       Tarea "GetRestoreSettingsTask"
         Ensamblado cargado durante TaskRun (NuGet.Build.Tasks.GetRestoreSettingsTask): NuGet.Configuration, Version=6.14.0.116, Culture=neutral, PublicKeyToken=31bf3856ad364e35(ubicaci├│n: C:\Program Files\dotnet\sdk\9.0.304\NuGet.Configuration.dll, MVID: b0f2e3cc-b478-45a0-a863-e83c6e00406f, AssemblyLoadContext: MSBuild plugin C:\Program Files\dotnet\sdk\9.0.304\NuGet.Build.Tasks.dll)
       Ejecuci├│n de la tarea "GetRestoreSettingsTask" terminada.
   1:5>Compilaci├│n terminada del destino "_GetRestoreSettings" en el proyecto "Machly.Api.csproj".
   1:5>Destino "_GenerateDotnetCliToolReferenceSpecs" en el archivo "C:\Program Files\dotnet\sdk\9.0.304\NuGet.targets" del proyecto "C:\Users\PC\Downloads\Machly\Machly.Api\Machly.Api.csproj" (el destino "_GenerateRestoreGraphProjectEntry" depende de ├®l):
       Usando la tarea "GetRestoreDotnetCliToolsTask" del ensamblado "C:\Program Files\dotnet\sdk\9.0.304\NuGet.Build.Tasks.dll".
       Tarea "GetRestoreDotnetCliToolsTask"
       Ejecuci├│n de la tarea "GetRestoreDotnetCliToolsTask" terminada.
   1:5>Compilaci├│n terminada del destino "_GenerateDotnetCliToolReferenceSpecs" en el proyecto "Machly.Api.csproj".
   1:5>Destino "_GenerateRestoreGraphProjectEntry" en el archivo "C:\Program Files\dotnet\sdk\9.0.304\NuGet.targets" del proyecto "C:\Users\PC\Downloads\Machly\Machly.Api\Machly.Api.csproj" (punto de entrada):
   1:5>Compilaci├│n terminada del destino "_GenerateRestoreGraphProjectEntry" en el proyecto "Machly.Api.csproj".
   1:5>Compilaci├│n del proyecto terminada "C:\Users\PC\Downloads\Machly\Machly.Api\Machly.Api.csproj" (_GenerateRestoreGraphProjectEntry destinos).
     1>Ejecuci├│n de la tarea "MSBuild" terminada.
       Tarea "MSBuild"
         Propiedades globales:
           ExcludeRestorePackageImports=true
     1>El proyecto "C:\Users\PC\Downloads\Machly\Machly.Api\Machly.Api.csproj" (1) est├í compilando "C:\Users\PC\Downloads\Machly\Machly.Api\Machly.Api.csproj" (1:6) en el nodo 1 (_GenerateProjectRestoreGraph destinos).
   1:6>Se omiti├│ el destino "_GetRestoreProjectStyle". Compilado previamente de forma correcta.
       Se omiti├│ el destino "_GetRestoreProjectStyle". Compilado previamente de forma correcta.
       Se omiti├│ el destino "_GetRestoreProjectStyle". Compilado previamente de forma correcta.
   1:6>Destino "_GetRestoreTargetFrameworkOverride" en el archivo "C:\Program Files\dotnet\sdk\9.0.304\NuGet.targets" del proyecto "C:\Users\PC\Downloads\Machly\Machly.Api\Machly.Api.csproj" (el destino "_GetRestoreTargetFrameworksOutput" depende de ├®l):
       Se omiti├│ la tarea "GetGlobalPropertyValueTask" debido a una condici├│n falsa (False); ( '$(TargetFrameworks)' != '' ) se evalu├│ como ( '' != '' ).
   1:6>Compilaci├│n terminada del destino "_GetRestoreTargetFrameworkOverride" en el proyecto "Machly.Api.csproj".
   1:6>Destino "_GetRestoreTargetFrameworksOutput" en el archivo "C:\Program Files\dotnet\sdk\9.0.304\NuGet.targets" del proyecto "C:\Users\PC\Downloads\Machly\Machly.Api\Machly.Api.csproj" (el destino "_GenerateRestoreProjectSpec" depende de ├®l):
       Usando la tarea "GetProjectTargetFrameworksTask" del ensamblado "C:\Program Files\dotnet\sdk\9.0.304\NuGet.Build.Tasks.dll".
       Tarea "GetProjectTargetFrameworksTask"
       Ejecuci├│n de la tarea "GetProjectTargetFrameworksTask" terminada.
   1:6>Compilaci├│n terminada del destino "_GetRestoreTargetFrameworksOutput" en el proyecto "Machly.Api.csproj".
       Se omiti├│ el destino "_GetRestoreSettings". Compilado previamente de forma correcta.
   1:6>Destino "_GenerateRestoreProjectSpec" en el archivo "C:\Program Files\dotnet\sdk\9.0.304\NuGet.targets" del proyecto "C:\Users\PC\Downloads\Machly\Machly.Api\Machly.Api.csproj" (el destino "_GenerateProjectRestoreGraph" depende de ├®l):
       Tarea "ConvertToAbsolutePath"
       Ejecuci├│n de la tarea "ConvertToAbsolutePath" terminada.
   1:6>Compilaci├│n terminada del destino "_GenerateRestoreProjectSpec" en el proyecto "Machly.Api.csproj".
       Se omiti├│ el destino "_GenerateProjectRestoreGraphAllFrameworks" debido a una condici├│n falsa (False); ( '$(TargetFrameworks)' != '' ) se evalu├│ como ( '' != '' ).
       Se omiti├│ el destino "_GetRestoreProjectStyle". Compilado previamente de forma correcta.
       Se omiti├│ el destino "CollectPackageReferences". Compilado previamente de forma correcta.
   1:6>Destino "CollectPackageDownloads" en el archivo "C:\Program Files\dotnet\sdk\9.0.304\NuGet.targets" del proyecto "C:\Users\PC\Downloads\Machly\Machly.Api\Machly.Api.csproj" (el destino "_CollectRestoreInputs" depende de ├®l):
       Tarea "CheckForDuplicateNuGetItemsTask"
       Ejecuci├│n de la tarea "CheckForDuplicateNuGetItemsTask" terminada.
   1:6>Compilaci├│n terminada del destino "CollectPackageDownloads" en el proyecto "Machly.Api.csproj".
   1:6>Destino "CollectFrameworkReferences" en el archivo "C:\Program Files\dotnet\sdk\9.0.304\NuGet.targets" del proyecto "C:\Users\PC\Downloads\Machly\Machly.Api\Machly.Api.csproj" (el destino "_CollectRestoreInputs" depende de ├®l):
   1:6>Compilaci├│n terminada del destino "CollectFrameworkReferences" en el proyecto "Machly.Api.csproj".
   1:6>Destino "CollectCentralPackageVersions" en el archivo "C:\Program Files\dotnet\sdk\9.0.304\NuGet.targets" del proyecto "C:\Users\PC\Downloads\Machly\Machly.Api\Machly.Api.csproj" (el destino "_CollectRestoreInputs" depende de ├®l):
       Tarea "CheckForDuplicateNuGetItemsTask"
       Ejecuci├│n de la tarea "CheckForDuplicateNuGetItemsTask" terminada.
   1:6>Compilaci├│n terminada del destino "CollectCentralPackageVersions" en el proyecto "Machly.Api.csproj".
   1:6>Destino "CollectNuGetAuditSuppressions" en el archivo "C:\Program Files\dotnet\sdk\9.0.304\NuGet.targets" del proyecto "C:\Users\PC\Downloads\Machly\Machly.Api\Machly.Api.csproj" (el destino "_CollectRestoreInputs" depende de ├®l):
       Tarea "CheckForDuplicateNuGetItemsTask"
       Ejecuci├│n de la tarea "CheckForDuplicateNuGetItemsTask" terminada.
   1:6>Compilaci├│n terminada del destino "CollectNuGetAuditSuppressions" en el proyecto "Machly.Api.csproj".
       Se omiti├│ el destino "AddPrunePackageReferences" debido a una condici├│n falsa (False); ('$(RestoreEnablePackagePruning)' == 'true') se evalu├│ como ('false' == 'true').
   1:6>Destino "CollectPrunePackageReferences" en el archivo "C:\Program Files\dotnet\sdk\9.0.304\NuGet.targets" del proyecto "C:\Users\PC\Downloads\Machly\Machly.Api\Machly.Api.csproj" (el destino "_CollectRestoreInputs" depende de ├®l):
       Tarea "CheckForDuplicateNuGetItemsTask"
       Ejecuci├│n de la tarea "CheckForDuplicateNuGetItemsTask" terminada.
   1:6>Compilaci├│n terminada del destino "CollectPrunePackageReferences" en el proyecto "Machly.Api.csproj".
   1:6>Destino "_CollectRestoreInputs" en el archivo "C:\Program Files\dotnet\sdk\9.0.304\NuGet.targets" del proyecto "C:\Users\PC\Downloads\Machly\Machly.Api\Machly.Api.csproj" (el destino "_GenerateProjectRestoreGraphPerFramework" depende de ├®l):
   1:6>Compilaci├│n terminada del destino "_CollectRestoreInputs" en el proyecto "Machly.Api.csproj".
       Se omiti├│ el destino "PrepRestoreForStoreProjects" debido a una condici├│n falsa (False); ('$(StorePackageName)' != '') se evalu├│ como ('' != '').
   1:6>Destino "_GenerateProjectRestoreGraphPerFramework" en el archivo "C:\Program Files\dotnet\sdk\9.0.304\NuGet.targets" del proyecto "C:\Users\PC\Downloads\Machly\Machly.Api\Machly.Api.csproj" (el destino "_GenerateProjectRestoreGraphCurrentProject" depende de ├®l):
       Usando la tarea "GetRestoreProjectReferencesTask" del ensamblado "C:\Program Files\dotnet\sdk\9.0.304\NuGet.Build.Tasks.dll".
       Tarea "GetRestoreProjectReferencesTask"
       Ejecuci├│n de la tarea "GetRestoreProjectReferencesTask" terminada.
       Usando la tarea "GetRestorePackageReferencesTask" del ensamblado "C:\Program Files\dotnet\sdk\9.0.304\NuGet.Build.Tasks.dll".
       Tarea "GetRestorePackageReferencesTask"
       Ejecuci├│n de la tarea "GetRestorePackageReferencesTask" terminada.
       Se omiti├│ la tarea "GetCentralPackageVersionsTask" debido a una condici├│n falsa (False); ( '$(PackageReferenceCompatibleProjectStyle)' == 'true' AND '$(_CentralPackageVersionsEnabled)' == 'true' ) se evalu├│ como ( 'True' == 'true' AND '' == 'true' ).
       Usando la tarea "GetRestorePackageDownloadsTask" del ensamblado "C:\Program Files\dotnet\sdk\9.0.304\NuGet.Build.Tasks.dll".
       Tarea "GetRestorePackageDownloadsTask"
       Ejecuci├│n de la tarea "GetRestorePackageDownloadsTask" terminada.
       Usando la tarea "GetRestoreFrameworkReferencesTask" del ensamblado "C:\Program Files\dotnet\sdk\9.0.304\NuGet.Build.Tasks.dll".
       Tarea "GetRestoreFrameworkReferencesTask"
       Ejecuci├│n de la tarea "GetRestoreFrameworkReferencesTask" terminada.
       Usando la tarea "GetRestoreNuGetAuditSuppressionsTask" del ensamblado "C:\Program Files\dotnet\sdk\9.0.304\NuGet.Build.Tasks.dll".
       Tarea "GetRestoreNuGetAuditSuppressionsTask"
       Ejecuci├│n de la tarea "GetRestoreNuGetAuditSuppressionsTask" terminada.
       Usando la tarea "GetRestorePrunePackageReferencesTask" del ensamblado "C:\Program Files\dotnet\sdk\9.0.304\NuGet.Build.Tasks.dll".
       Tarea "GetRestorePrunePackageReferencesTask"
       Ejecuci├│n de la tarea "GetRestorePrunePackageReferencesTask" terminada.
   1:6>Compilaci├│n terminada del destino "_GenerateProjectRestoreGraphPerFramework" en el proyecto "Machly.Api.csproj".
   1:6>Destino "_GenerateProjectRestoreGraphCurrentProject" en el archivo "C:\Program Files\dotnet\sdk\9.0.304\NuGet.targets" del proyecto "C:\Users\PC\Downloads\Machly\Machly.Api\Machly.Api.csproj" (el destino "_GenerateRestoreDependencies" depende de ├®l):
   1:6>Compilaci├│n terminada del destino "_GenerateProjectRestoreGraphCurrentProject" en el proyecto "Machly.Api.csproj".
   1:6>Destino "_GenerateRestoreDependencies" en el archivo "C:\Program Files\dotnet\sdk\9.0.304\NuGet.targets" del proyecto "C:\Users\PC\Downloads\Machly\Machly.Api\Machly.Api.csproj" (el destino "_GenerateProjectRestoreGraph" depende de ├®l):
   1:6>Compilaci├│n terminada del destino "_GenerateRestoreDependencies" en el proyecto "Machly.Api.csproj".
   1:6>Destino "_GenerateProjectRestoreGraph" en el archivo "C:\Program Files\dotnet\sdk\9.0.304\NuGet.targets" del proyecto "C:\Users\PC\Downloads\Machly\Machly.Api\Machly.Api.csproj" (punto de entrada):
   1:6>Compilaci├│n terminada del destino "_GenerateProjectRestoreGraph" en el proyecto "Machly.Api.csproj".
   1:6>Compilaci├│n del proyecto terminada "C:\Users\PC\Downloads\Machly\Machly.Api\Machly.Api.csproj" (_GenerateProjectRestoreGraph destinos).
     1>Ejecuci├│n de la tarea "MSBuild" terminada.
     1>Compilaci├│n terminada del destino "_GenerateRestoreGraph" en el proyecto "Machly.Api.csproj".
       Se omiti├│ el destino "_CheckForUnsupportedTargetFramework" debido a una condici├│n falsa (False); ('$(_UnsupportedTargetFrameworkError)' == 'true') se evalu├│ como ('' == 'true').
     1>Destino "_CollectTargetFrameworkForTelemetry" en el archivo "C:\Program Files\dotnet\sdk\9.0.304\Sdks\Microsoft.NET.Sdk\targets\Microsoft.NET.TargetFrameworkInference.targets" del proyecto "C:\Users\PC\Downloads\Machly\Machly.Api\Machly.Api.csproj" (el destino "Restore" depende de ├®l):
       Usando la tarea "AllowEmptyTelemetry" del ensamblado "C:\Program Files\dotnet\sdk\9.0.304\Sdks\Microsoft.NET.Sdk\targets\..\tools\net9.0\Microsoft.NET.Build.Tasks.dll".
       Tarea "AllowEmptyTelemetry"
       Ejecuci├│n de la tarea "AllowEmptyTelemetry" terminada.
     1>Compilaci├│n terminada del destino "_CollectTargetFrameworkForTelemetry" en el proyecto "Machly.Api.csproj".
     1>Destino "_CheckForUnsupportedNETCoreVersion" en el archivo "C:\Program Files\dotnet\sdk\9.0.304\Sdks\Microsoft.NET.Sdk\targets\Microsoft.NET.TargetFrameworkInference.targets" del proyecto "C:\Users\PC\Downloads\Machly\Machly.Api\Machly.Api.csproj" (el destino "Restore" depende de ├®l):
       Se omiti├│ la tarea "NETSdkError" debido a una condici├│n falsa (False); ('$(_TargetFrameworkVersionWithoutV)' > '$(NETCoreAppMaximumVersion)' and '$(DisplayVSMessage)' != 'true') se evalu├│ como ('8.0' > '9.0' and '' != 'true').
       Se omiti├│ la tarea "NETSdkError" debido a una condici├│n falsa (False); ('$(DisplayVSMessage)' == 'true') se evalu├│ como ('' == 'true').
     1>Compilaci├│n terminada del destino "_CheckForUnsupportedNETCoreVersion" en el proyecto "Machly.Api.csproj".
       Se omiti├│ el destino "_CheckForEolTargetFrameworks" debido a una condici├│n falsa (False); ('@(_EolNetCoreTargetFrameworkVersions->AnyHaveMetadataValue('Identity', '$(_TargetFrameworkVersionWithoutV)'))' and '$(TargetFrameworkIdentifier)' == '.NETCoreApp' and '$(CheckEolTargetFramework)' == 'true') se evalu├│ como ('false' and '.NETCoreApp' == '.NETCoreApp' and 'true' == 'true').
       Se omiti├│ el destino "_CheckForEolWorkloads" debido a una condici├│n falsa (False); ('@(EolWorkload)' != '' and '$(CheckEolWorkloads)' == 'true') se evalu├│ como ('' != '' and 'true' == 'true').
       Se omiti├│ el destino "_CheckForNotRecommendedNETStandardVersion" debido a una condici├│n falsa (False); ('$(TargetFrameworkIdentifier)' == '.NETStandard' and $([MSBuild]::VersionLessThan($(TargetFrameworkVersion), '2.0'))) se evalu├│ como ('.NETCoreApp' == '.NETStandard' and False).
     1>Destino "_CheckForUnsupportedCppNETCoreVersion" en el archivo "C:\Program Files\dotnet\sdk\9.0.304\Sdks\Microsoft.NET.Sdk\targets\Microsoft.NET.TargetFrameworkInference.targets" del proyecto "C:\Users\PC\Downloads\Machly\Machly.Api\Machly.Api.csproj" (el destino "Restore" depende de ├®l):
       Se omiti├│ la tarea "NETSdkError" debido a una condici├│n falsa (False); ('$(TargetFrameworkIdentifier)' == '.NETCoreApp' and '$(_TargetFrameworkVersionWithoutV)' < '3.1' and ('$(Language)' == 'C++' and '$(_EnablePackageReferencesInVCProjects)' != 'true')) se evalu├│ como ('.NETCoreApp' == '.NETCoreApp' and '8.0' < '3.1' and ('C#' == 'C++' and '' != 'true')).
     1>Compilaci├│n terminada del destino "_CheckForUnsupportedCppNETCoreVersion" en el proyecto "Machly.Api.csproj".
       Se omiti├│ el destino "_CheckForUnsupportedNETStandardVersion" debido a una condici├│n falsa (False); ('$(TargetFrameworkIdentifier)' == '.NETStandard' And '$(NETStandardMaximumVersion)' != '') se evalu├│ como ('.NETCoreApp' == '.NETStandard' And '' != '').
       Se omiti├│ el destino "_CheckForUnsupportedTargetFrameworkAndFeatureCombination" debido a una condici├│n falsa (False); ('$(TargetFrameworkIdentifier)' == '.NETFramework') se evalu├│ como ('.NETCoreApp' == '.NETFramework').
     1>Destino "Restore" en el archivo "C:\Program Files\dotnet\sdk\9.0.304\NuGet.targets" del proyecto "C:\Users\PC\Downloads\Machly\Machly.Api\Machly.Api.csproj" (punto de entrada):
       Tarea "RemoveDuplicates"
       Ejecuci├│n de la tarea "RemoveDuplicates" terminada.
       Usando la tarea "RestoreTask" del ensamblado "C:\Program Files\dotnet\sdk\9.0.304\NuGet.Build.Tasks.dll".
       Tarea "RestoreTask"
         Ensamblado cargado durante TaskRun (NuGet.Build.Tasks.RestoreTask): NuGet.Packaging, Version=6.14.0.116, Culture=neutral, PublicKeyToken=31bf3856ad364e35(ubicaci├│n: C:\Program Files\dotnet\sdk\9.0.304\NuGet.Packaging.dll, MVID: cdc50a13-9777-4bbf-997e-763beae18a61, AssemblyLoadContext: MSBuild plugin C:\Program Files\dotnet\sdk\9.0.304\NuGet.Build.Tasks.dll)
         Ensamblado cargado durante TaskRun (NuGet.Build.Tasks.RestoreTask): NuGet.LibraryModel, Version=6.14.0.116, Culture=neutral, PublicKeyToken=31bf3856ad364e35(ubicaci├│n: C:\Program Files\dotnet\sdk\9.0.304\NuGet.LibraryModel.dll, MVID: e00b38b3-9e45-44a2-8023-8c8ae09208b7, AssemblyLoadContext: MSBuild plugin C:\Program Files\dotnet\sdk\9.0.304\NuGet.Build.Tasks.dll)
         Ensamblado cargado durante TaskRun (NuGet.Build.Tasks.RestoreTask): NuGet.Versioning, Version=6.14.0.116, Culture=neutral, PublicKeyToken=31bf3856ad364e35(ubicaci├│n: C:\Program Files\dotnet\sdk\9.0.304\NuGet.Versioning.dll, MVID: ecae64d3-0ef8-4164-9110-1e65ba08bca4, AssemblyLoadContext: MSBuild plugin C:\Program Files\dotnet\sdk\9.0.304\NuGet.Build.Tasks.dll)
         Ensamblado cargado durante TaskRun (NuGet.Build.Tasks.RestoreTask): NuGet.Frameworks, Version=6.14.0.116, Culture=neutral, PublicKeyToken=31bf3856ad364e35(ubicaci├│n: C:\Program Files\dotnet\sdk\9.0.304\NuGet.Frameworks.dll, MVID: 6b5909cd-5145-46c4-9595-25461e82c126, AssemblyLoadContext: MSBuild plugin C:\Program Files\dotnet\sdk\9.0.304\NuGet.Build.Tasks.dll)
         Ensamblado cargado durante TaskRun (NuGet.Build.Tasks.RestoreTask): System.Buffers, Version=9.0.0.0, Culture=neutral, PublicKeyToken=cc7b13ffcd2ddd51(ubicaci├│n: C:\Program Files\dotnet\shared\Microsoft.NETCore.App\9.0.8\System.Buffers.dll, MVID: 374275ae-bd0e-4f76-b7be-58c6fcf1ca95, AssemblyLoadContext: Default)
         Ensamblado cargado durante TaskRun (NuGet.Build.Tasks.RestoreTask): NuGet.Protocol, Version=6.14.0.116, Culture=neutral, PublicKeyToken=31bf3856ad364e35(ubicaci├│n: C:\Program Files\dotnet\sdk\9.0.304\NuGet.Protocol.dll, MVID: f8777b05-1686-441b-9cec-a9710c5aa900, AssemblyLoadContext: MSBuild plugin C:\Program Files\dotnet\sdk\9.0.304\NuGet.Build.Tasks.dll)
         Ensamblado cargado durante TaskRun (NuGet.Build.Tasks.RestoreTask): NuGet.Credentials, Version=6.14.0.116, Culture=neutral, PublicKeyToken=31bf3856ad364e35(ubicaci├│n: C:\Program Files\dotnet\sdk\9.0.304\NuGet.Credentials.dll, MVID: bd6612c0-8432-48ef-9aa9-96a29d2c500a, AssemblyLoadContext: MSBuild plugin C:\Program Files\dotnet\sdk\9.0.304\NuGet.Build.Tasks.dll)
         Ensamblado cargado durante TaskRun (NuGet.Build.Tasks.RestoreTask): NuGet.Packaging.resources, Version=6.14.0.116, Culture=es, PublicKeyToken=31bf3856ad364e35, processorArchitecture=MSIL(ubicaci├│n: C:\Program Files\dotnet\sdk\9.0.304\es\NuGet.Packaging.resources.dll, MVID: 606cf9e9-1080-481e-a071-c7678407b92a, AssemblyLoadContext: MSBuild plugin C:\Program Files\dotnet\sdk\9.0.304\NuGet.Build.Tasks.dll)
         La validaci├│n de la cadena de certificados X.509 utilizar├í el almac├®n de confianza predeterminado seleccionado por .NET para la firma de c├│digo.
         La validaci├│n de la cadena de certificados X.509 utilizar├í el almac├®n de confianza predeterminado seleccionado por .NET para la marca de tiempo.
         Ensamblado cargado durante TaskRun (NuGet.Build.Tasks.RestoreTask): NuGet.DependencyResolver.Core, Version=6.14.0.116, Culture=neutral, PublicKeyToken=31bf3856ad364e35(ubicaci├│n: C:\Program Files\dotnet\sdk\9.0.304\NuGet.DependencyResolver.Core.dll, MVID: 6b197cc7-1c4a-4e48-895c-328987fdea28, AssemblyLoadContext: MSBuild plugin C:\Program Files\dotnet\sdk\9.0.304\NuGet.Build.Tasks.dll)
         Ensamblado cargado durante TaskRun (NuGet.Build.Tasks.RestoreTask): NuGet.Commands.resources, Version=6.14.0.116, Culture=es, PublicKeyToken=31bf3856ad364e35, processorArchitecture=MSIL(ubicaci├│n: C:\Program Files\dotnet\sdk\9.0.304\es\NuGet.Commands.resources.dll, MVID: 4d94b5fe-c13a-4fb3-bbb6-9cac69286b03, AssemblyLoadContext: MSBuild plugin C:\Program Files\dotnet\sdk\9.0.304\NuGet.Build.Tasks.dll)
         Ejecutando restauraci├│n con 16 trabajos simult├íneos.
         Leyendo el archivo del proyecto C:\Users\PC\Downloads\Machly\Machly.Api\Machly.Api.csproj.
         Ensamblado cargado durante TaskRun (NuGet.Build.Tasks.RestoreTask): Newtonsoft.Json, Version=13.0.0.0, Culture=neutral, PublicKeyToken=30ad4fe6b2a6aeed(ubicaci├│n: C:\Program Files\dotnet\sdk\9.0.304\Newtonsoft.Json.dll, MVID: 7e62198b-eab2-4380-bbac-29171862d1d8, AssemblyLoadContext: MSBuild plugin C:\Program Files\dotnet\sdk\9.0.304\NuGet.Build.Tasks.dll)
         Ensamblado cargado durante TaskRun (NuGet.Build.Tasks.RestoreTask): System.Runtime.Serialization.Primitives, Version=9.0.0.0, Culture=neutral, PublicKeyToken=b03f5f7f11d50a3a(ubicaci├│n: C:\Program Files\dotnet\shared\Microsoft.NETCore.App\9.0.8\System.Runtime.Serialization.Primitives.dll, MVID: f7616326-1368-46f9-8973-75ed361321da, AssemblyLoadContext: Default)
         Ensamblado cargado durante TaskRun (NuGet.Build.Tasks.RestoreTask): System.Runtime.Numerics, Version=9.0.0.0, Culture=neutral, PublicKeyToken=b03f5f7f11d50a3a(ubicaci├│n: C:\Program Files\dotnet\shared\Microsoft.NETCore.App\9.0.8\System.Runtime.Numerics.dll, MVID: 024567f8-e685-442d-80f3-d0e370342259, AssemblyLoadContext: Default)
         Ensamblado cargado durante TaskRun (NuGet.Build.Tasks.RestoreTask): System.Text.Encodings.Web, Version=9.0.0.0, Culture=neutral, PublicKeyToken=cc7b13ffcd2ddd51(ubicaci├│n: C:\Program Files\dotnet\shared\Microsoft.NETCore.App\9.0.8\System.Text.Encodings.Web.dll, MVID: 0c40d411-7e35-4c57-95e2-3fb1018ddf8e, AssemblyLoadContext: Default)
         Ensamblado cargado durante TaskRun (NuGet.Build.Tasks.RestoreTask): System.Reflection.Emit.Lightweight, Version=9.0.0.0, Culture=neutral, PublicKeyToken=b03f5f7f11d50a3a(ubicaci├│n: C:\Program Files\dotnet\shared\Microsoft.NETCore.App\9.0.8\System.Reflection.Emit.Lightweight.dll, MVID: 221fc0d9-f6e4-435b-b4ff-432165173d50, AssemblyLoadContext: Default)
         Ensamblado cargado durante TaskRun (NuGet.Build.Tasks.RestoreTask): System.Reflection.Primitives, Version=9.0.0.0, Culture=neutral, PublicKeyToken=b03f5f7f11d50a3a(ubicaci├│n: C:\Program Files\dotnet\shared\Microsoft.NETCore.App\9.0.8\System.Reflection.Primitives.dll, MVID: 9eecd72a-aa3b-4397-b193-2dd129ac7612, AssemblyLoadContext: Default)
         Ensamblado cargado durante TaskRun (NuGet.Build.Tasks.RestoreTask): System.Reflection.Emit.ILGeneration, Version=9.0.0.0, Culture=neutral, PublicKeyToken=b03f5f7f11d50a3a(ubicaci├│n: C:\Program Files\dotnet\shared\Microsoft.NETCore.App\9.0.8\System.Reflection.Emit.ILGeneration.dll, MVID: ae5500ba-7105-4684-8251-80efcb6e1043, AssemblyLoadContext: Default)
         Las entradas de restauraci├│n de "Machly.Api" no han cambiado. No se necesitan m├ís acciones para finalizar la restauraci├│n.
         Ejecutando restauraci├│n...
         El archivo de recursos no ha cambiado, as├¡ que se omitir├í su escritura. Ruta de acceso: C:\Users\PC\Downloads\Machly\Machly.Api\obj\project.assets.json
         No hay ninguna operaci├│n de restauraci├│n. La cach├® no se actualizar├í. Ruta de acceso: C:\Users\PC\Downloads\Machly\Machly.Api\obj\project.nuget.cache
         Ensamblado cargado durante TaskRun (NuGet.Build.Tasks.RestoreTask): NuGet.Common.resources, Version=6.14.0.116, Culture=es, PublicKeyToken=31bf3856ad364e35, processorArchitecture=MSIL(ubicaci├│n: C:\Program Files\dotnet\sdk\9.0.304\es\NuGet.Common.resources.dll, MVID: 0784842e-bb9b-41ff-b4c2-399971a8e8f9, AssemblyLoadContext: MSBuild plugin C:\Program Files\dotnet\sdk\9.0.304\NuGet.Build.Tasks.dll)
         Se ha restaurado C:\Users\PC\Downloads\Machly\Machly.Api\Machly.Api.csproj (en 48 ms).
         
         Archivos de NuGet Config usados:
             C:\Users\PC\AppData\Roaming\NuGet\NuGet.Config
             C:\Program Files (x86)\NuGet\Config\Microsoft.VisualStudio.FallbackLocation.config
             C:\Program Files (x86)\NuGet\Config\Microsoft.VisualStudio.Offline.config
         
         Fuentes usadas:
             https://api.nuget.org/v3/index.json
             C:\Program Files (x86)\Microsoft SDKs\NuGetPackages\
             C:\Program Files\dotnet\library-packs
         Todos los proyectos est├ín actualizados para la restauraci├│n.
       Ejecuci├│n de la tarea "RestoreTask" terminada.
     1>Compilaci├│n terminada del destino "Restore" en el proyecto "Machly.Api.csproj".
     1>Compilaci├│n del proyecto terminada "C:\Users\PC\Downloads\Machly\Machly.Api\Machly.Api.csproj" (Restore destinos).
     0>El SDK "Microsoft.NET.Sdk.Web" se resolvi├│ correctamente mediante el resolvedor "DefaultSdkResolver" a la ubicaci├│n "C:\Program Files\dotnet\sdk\9.0.304\Sdks\Microsoft.NET.Sdk.Web\Sdk" y la versi├│n "".
       El SDK "Microsoft.NET.Sdk" se resolvi├│ correctamente mediante el resolvedor "DefaultSdkResolver" a la ubicaci├│n "C:\Program Files\dotnet\sdk\9.0.304\Sdks\Microsoft.NET.Sdk\Sdk" y la versi├│n "".
       C:\Program Files\dotnet\sdk\9.0.304\Sdks\Microsoft.NET.Sdk\Sdk\Sdk.props(49,11): message : Propiedad "MSBuildExtensionsPath" con el valor "C:\Program Files\dotnet\sdk\9.0.304\" expandido desde el entorno.
       C:\Program Files\dotnet\sdk\9.0.304\Current\Microsoft.Common.props(60,5): message : Reasignaci├│n de propiedad: $(MSBuildProjectExtensionsPath)="C:\Users\PC\Downloads\Machly\Machly.Api\obj\" (valor anterior: "obj\") en C:\Program Files\dotnet\sdk\9.0.304\Current\Microsoft.Common.props (60,5)
       C:\Users\PC\Downloads\Machly\Machly.Api\obj\Machly.Api.csproj.nuget.g.props(7,5): message : Propiedad "USERPROFILE" con el valor "C:\Users\PC" expandido desde el entorno.
       C:\Users\PC\.nuget\packages\swashbuckle.aspnetcore\6.6.2\build\Swashbuckle.AspNetCore.props(3,5): message : Reasignaci├│n de propiedad: $(OpenApiGenerateDocumentsOnBuild)="false" (valor anterior: "") en C:\Users\PC\.nuget\packages\swashbuckle.aspnetcore\6.6.2\build\Swashbuckle.AspNetCore.props (3,5)
       C:\Program Files\dotnet\sdk\9.0.304\Current\Microsoft.Common.props(84,119): message : Propiedad "MSBuildUserExtensionsPath" con el valor "C:\Users\PC\AppData\Local\Microsoft\MSBuild" expandido desde el entorno.
       La propiedad "Configuration" es global y no se puede modificar.
       La propiedad "Configuration" es global y no se puede modificar.
       C:\Program Files\dotnet\sdk\9.0.304\Sdks\Microsoft.NET.Sdk\targets\Microsoft.NET.Sdk.props(90,5): message : Reasignaci├│n de propiedad: $(AssemblySearchPaths)="{CandidateAssemblyFiles};{HintPathFromItem}" (valor anterior: "{CandidateAssemblyFiles}") en C:\Program Files\dotnet\sdk\9.0.304\Sdks\Microsoft.NET.Sdk\targets\Microsoft.NET.Sdk.props (90,5)
       C:\Program Files\dotnet\sdk\9.0.304\Sdks\Microsoft.NET.Sdk\targets\Microsoft.NET.Sdk.props(91,5): message : Reasignaci├│n de propiedad: $(AssemblySearchPaths)="{CandidateAssemblyFiles};{HintPathFromItem};{TargetFrameworkDirectory}" (valor anterior: "{CandidateAssemblyFiles};{HintPathFromItem}") en C:\Program Files\dotnet\sdk\9.0.304\Sdks\Microsoft.NET.Sdk\targets\Microsoft.NET.Sdk.props (91,5)
       C:\Program Files\dotnet\sdk\9.0.304\Sdks\Microsoft.NET.Sdk\targets\Microsoft.NET.Sdk.props(92,5): message : Reasignaci├│n de propiedad: $(AssemblySearchPaths)="{CandidateAssemblyFiles};{HintPathFromItem};{TargetFrameworkDirectory};{RawFileName}" (valor anterior: "{CandidateAssemblyFiles};{HintPathFromItem};{TargetFrameworkDirectory}") en C:\Program Files\dotnet\sdk\9.0.304\Sdks\Microsoft.NET.Sdk\targets\Microsoft.NET.Sdk.props (92,5)
       El solucionador "DefaultSdkResolver" intent├│ resolver el SDK "Microsoft.NET.SDK.WorkloadAutoImportPropsLocator".
       Advertencias: null
       Errores: MSB4276: La resoluci├│n predeterminada del SDK no pudo resolver el SDK "Microsoft.NET.SDK.WorkloadAutoImportPropsLocator" porque el directorio "C:\Program Files\dotnet\sdk\9.0.304\Sdks\Microsoft.NET.SDK.WorkloadAutoImportPropsLocator\Sdk" no exist├¡a.
       El SDK "Microsoft.NET.SDK.WorkloadAutoImportPropsLocator" se resolvi├│ correctamente mediante el resolvedor "Microsoft.DotNet.MSBuildWorkloadSdkResolver" a la ubicaci├│n "C:\Program Files\dotnet\packs\Microsoft.Android.Sdk.Windows\35.0.78\Sdk" y la versi├│n "null".
       C:\Program Files\dotnet\sdk\9.0.304\Sdks\Microsoft.NET.Sdk\targets\Microsoft.NET.PackProjectTool.props(15,5): message : Reasignaci├│n de propiedad: $(TargetsForTfmSpecificContentInPackage)=";PackTool;_PackProjectToolValidation" (valor anterior: ";PackTool") en C:\Program Files\dotnet\sdk\9.0.304\Sdks\Microsoft.NET.Sdk\targets\Microsoft.NET.PackProjectTool.props (15,5)
       El SDK "Microsoft.NET.Sdk.Razor" se resolvi├│ correctamente mediante el resolvedor "DefaultSdkResolver" a la ubicaci├│n "C:\Program Files\dotnet\sdk\9.0.304\Sdks\Microsoft.NET.Sdk.Razor\Sdk" y la versi├│n "".
       El SDK "Microsoft.NET.Sdk.StaticWebAssets" se resolvi├│ correctamente mediante el resolvedor "DefaultSdkResolver" a la ubicaci├│n "C:\Program Files\dotnet\sdk\9.0.304\Sdks\Microsoft.NET.Sdk.StaticWebAssets\Sdk" y la versi├│n "".
       C:\Program Files\dotnet\sdk\9.0.304\Sdks\Microsoft.NET.Sdk.StaticWebAssets\Sdk\Sdk.StaticWebAssets.StaticAssets.ProjectSystem.props(23,5): message : Reasignaci├│n de propiedad: $(DefaultItemExcludes)=";**\node_modules\**;node_modules\**;**\jspm_packages\**;jspm_packages\**" (valor anterior: ";**\node_modules\**;node_modules\**") en C:\Program Files\dotnet\sdk\9.0.304\Sdks\Microsoft.NET.Sdk.StaticWebAssets\Sdk\Sdk.StaticWebAssets.StaticAssets.ProjectSystem.props (23,5)
       C:\Program Files\dotnet\sdk\9.0.304\Sdks\Microsoft.NET.Sdk.StaticWebAssets\Sdk\Sdk.StaticWebAssets.StaticAssets.ProjectSystem.props(24,5): message : Reasignaci├│n de propiedad: $(DefaultItemExcludes)=";**\node_modules\**;node_modules\**;**\jspm_packages\**;jspm_packages\**;**\bower_components\**;bower_components\**" (valor anterior: ";**\node_modules\**;node_modules\**;**\jspm_packages\**;jspm_packages\**") en C:\Program Files\dotnet\sdk\9.0.304\Sdks\Microsoft.NET.Sdk.StaticWebAssets\Sdk\Sdk.StaticWebAssets.StaticAssets.ProjectSystem.props (24,5)
       C:\Program Files\dotnet\sdk\9.0.304\Sdks\Microsoft.NET.Sdk.StaticWebAssets\Sdk\Sdk.StaticWebAssets.StaticAssets.ProjectSystem.props(25,5): message : Reasignaci├│n de propiedad: $(DefaultItemExcludes)=";**\node_modules\**;node_modules\**;**\jspm_packages\**;jspm_packages\**;**\bower_components\**;bower_components\**;**\packages.lock.json" (valor anterior: ";**\node_modules\**;node_modules\**;**\jspm_packages\**;jspm_packages\**;**\bower_components\**;bower_components\**") en C:\Program Files\dotnet\sdk\9.0.304\Sdks\Microsoft.NET.Sdk.StaticWebAssets\Sdk\Sdk.StaticWebAssets.StaticAssets.ProjectSystem.props (25,5)
       El SDK "Microsoft.NET.Sdk.Web.ProjectSystem" se resolvi├│ correctamente mediante el resolvedor "DefaultSdkResolver" a la ubicaci├│n "C:\Program Files\dotnet\sdk\9.0.304\Sdks\Microsoft.NET.Sdk.Web.ProjectSystem\Sdk" y la versi├│n "".
       C:\Program Files\dotnet\sdk\9.0.304\Sdks\Microsoft.NET.Sdk.Web.ProjectSystem\targets\Microsoft.NET.Sdk.Web.ProjectSystem.props(16,5): message : Reasignaci├│n de propiedad: $(OutputType)="Exe" (valor anterior: "Library") en C:\Program Files\dotnet\sdk\9.0.304\Sdks\Microsoft.NET.Sdk.Web.ProjectSystem\targets\Microsoft.NET.Sdk.Web.ProjectSystem.props (16,5)
       El SDK "Microsoft.NET.Sdk.Publish" se resolvi├│ correctamente mediante el resolvedor "DefaultSdkResolver" a la ubicaci├│n "C:\Program Files\dotnet\sdk\9.0.304\Sdks\Microsoft.NET.Sdk.Publish\Sdk" y la versi├│n "".
       La propiedad "Configuration" es global y no se puede modificar.
       C:\Program Files\dotnet\sdk\9.0.304\Sdks\Microsoft.NET.Sdk\targets\Microsoft.NET.Sdk.ImportPublishProfile.targets(28,5): message : Reasignaci├│n de propiedad: $(PublishProfileImported)="false" (valor anterior: "true") en C:\Program Files\dotnet\sdk\9.0.304\Sdks\Microsoft.NET.Sdk\targets\Microsoft.NET.Sdk.ImportPublishProfile.targets (28,5)
       C:\Program Files\dotnet\sdk\9.0.304\Sdks\Microsoft.NET.Sdk\targets\Microsoft.NET.TargetFrameworkInference.targets(69,5): message : Reasignaci├│n de propiedad: $(TargetPlatformVersion)="" (valor anterior: "0.0") en C:\Program Files\dotnet\sdk\9.0.304\Sdks\Microsoft.NET.Sdk\targets\Microsoft.NET.TargetFrameworkInference.targets (69,5)
       C:\Program Files\dotnet\sdk\9.0.304\Sdks\Microsoft.NET.Sdk\targets\Microsoft.NET.DefaultOutputPaths.targets(121,5): message : Reasignaci├│n de propiedad: $(DefaultItemExcludes)=";**\node_modules\**;node_modules\**;**\jspm_packages\**;jspm_packages\**;**\bower_components\**;bower_components\**;**\packages.lock.json;bin\Debug\/**" (valor anterior: ";**\node_modules\**;node_modules\**;**\jspm_packages\**;jspm_packages\**;**\bower_components\**;bower_components\**;**\packages.lock.json") en C:\Program Files\dotnet\sdk\9.0.304\Sdks\Microsoft.NET.Sdk\targets\Microsoft.NET.DefaultOutputPaths.targets (121,5)
       C:\Program Files\dotnet\sdk\9.0.304\Sdks\Microsoft.NET.Sdk\targets\Microsoft.NET.DefaultOutputPaths.targets(122,5): message : Reasignaci├│n de propiedad: $(DefaultItemExcludes)=";**\node_modules\**;node_modules\**;**\jspm_packages\**;jspm_packages\**;**\bower_components\**;bower_components\**;**\packages.lock.json;bin\Debug\/**;obj\Debug\/**" (valor anterior: ";**\node_modules\**;node_modules\**;**\jspm_packages\**;jspm_packages\**;**\bower_components\**;bower_components\**;**\packages.lock.json;bin\Debug\/**") en C:\Program Files\dotnet\sdk\9.0.304\Sdks\Microsoft.NET.Sdk\targets\Microsoft.NET.DefaultOutputPaths.targets (122,5)
       C:\Program Files\dotnet\sdk\9.0.304\Sdks\Microsoft.NET.Sdk\targets\Microsoft.NET.DefaultOutputPaths.targets(137,5): message : Reasignaci├│n de propiedad: $(OutputPath)="bin\Debug\net8.0\" (valor anterior: "bin\Debug\") en C:\Program Files\dotnet\sdk\9.0.304\Sdks\Microsoft.NET.Sdk\targets\Microsoft.NET.DefaultOutputPaths.targets (137,5)
       C:\Program Files\dotnet\sdk\9.0.304\Sdks\Microsoft.NET.Sdk\targets\Microsoft.NET.DefaultOutputPaths.targets(142,5): message : Reasignaci├│n de propiedad: $(IntermediateOutputPath)="obj\Debug\net8.0\" (valor anterior: "obj\Debug\") en C:\Program Files\dotnet\sdk\9.0.304\Sdks\Microsoft.NET.Sdk\targets\Microsoft.NET.DefaultOutputPaths.targets (142,5)
       El solucionador "DefaultSdkResolver" intent├│ resolver el SDK "Microsoft.NET.SDK.WorkloadManifestTargetsLocator".
       Advertencias: null
       Errores: MSB4276: La resoluci├│n predeterminada del SDK no pudo resolver el SDK "Microsoft.NET.SDK.WorkloadManifestTargetsLocator" porque el directorio "C:\Program Files\dotnet\sdk\9.0.304\Sdks\Microsoft.NET.SDK.WorkloadManifestTargetsLocator\Sdk" no exist├¡a.
       El SDK "Microsoft.NET.SDK.WorkloadManifestTargetsLocator" se resolvi├│ correctamente mediante el resolvedor "Microsoft.DotNet.MSBuildWorkloadSdkResolver" a la ubicaci├│n "C:\Program Files\dotnet\sdk-manifests\9.0.100\microsoft.net.sdk.android\35.0.78" y la versi├│n "null".
       C:\Program Files\dotnet\sdk\9.0.304\Sdks\Microsoft.NET.Sdk\targets\Microsoft.NET.Sdk.BeforeCommon.targets(187,5): message : Reasignaci├│n de propiedad: $(_FrameworkIdentifierForImplicitDefine)="NET" (valor anterior: "NETCOREAPP") en C:\Program Files\dotnet\sdk\9.0.304\Sdks\Microsoft.NET.Sdk\targets\Microsoft.NET.Sdk.BeforeCommon.targets (187,5)
       C:\Program Files\dotnet\sdk\9.0.304\Sdks\Microsoft.NET.Sdk\targets\Microsoft.NET.Sdk.BeforeCommon.targets(192,5): message : Reasignaci├│n de propiedad: $(_FrameworkVersionForImplicitDefine)="8_0" (valor anterior: "8.0") en C:\Program Files\dotnet\sdk\9.0.304\Sdks\Microsoft.NET.Sdk\targets\Microsoft.NET.Sdk.BeforeCommon.targets (192,5)
       C:\Program Files\dotnet\sdk\9.0.304\Roslyn\Microsoft.CSharp.Core.targets(200,5): message : Reasignaci├│n de propiedad: $(CommandLineArgsForDesignTimeEvaluation)="-langversion:12.0 -define:TRACE" (valor anterior: "-langversion:12.0") en C:\Program Files\dotnet\sdk\9.0.304\Roslyn\Microsoft.CSharp.Core.targets (200,5)
       La propiedad "Configuration" es global y no se puede modificar.
       C:\Program Files\dotnet\sdk\9.0.304\Microsoft.Common.CurrentVersion.targets(175,5): message : Reasignaci├│n de propiedad: $(_DebugSymbolsProduced)="true" (valor anterior: "false") en C:\Program Files\dotnet\sdk\9.0.304\Microsoft.Common.CurrentVersion.targets (175,5)
       C:\Program Files\dotnet\sdk\9.0.304\Microsoft.Common.CurrentVersion.targets(185,5): message : Reasignaci├│n de propiedad: $(_DocumentationFileProduced)="false" (valor anterior: "true") en C:\Program Files\dotnet\sdk\9.0.304\Microsoft.Common.CurrentVersion.targets (185,5)
       C:\Program Files\dotnet\sdk\9.0.304\Microsoft.Common.CurrentVersion.targets(393,5): message : Reasignaci├│n de propiedad: $(MSBuildCopyMarkerName)="Machly.Api.csproj.Up2Date" (valor anterior: "Machly.Api.csproj") en C:\Program Files\dotnet\sdk\9.0.304\Microsoft.Common.CurrentVersion.targets (393,5)
       C:\Program Files\dotnet\sdk\9.0.304\Microsoft.Common.CurrentVersion.targets(541,5): message : Reasignaci├│n de propiedad: $(ProcessorArchitecture)="msil" (valor anterior: "") en C:\Program Files\dotnet\sdk\9.0.304\Microsoft.Common.CurrentVersion.targets (541,5)
       C:\Program Files\dotnet\sdk\9.0.304\Microsoft.Common.CurrentVersion.targets(580,5): message : Reasignaci├│n de propiedad: $(DelaySign)="" (valor anterior: "false") en C:\Program Files\dotnet\sdk\9.0.304\Microsoft.Common.CurrentVersion.targets (580,5)
       C:\Program Files\dotnet\sdk\9.0.304\Microsoft.Common.CurrentVersion.targets(2619,5): message : Propiedad "LOCALAPPDATA" con el valor "C:\Users\PC\AppData\Local" expandido desde el entorno.
       C:\Program Files\dotnet\sdk\9.0.304\Microsoft.Common.CurrentVersion.targets(3947,5): message : Reasignaci├│n de propiedad: $(_SGenGenerateSerializationAssembliesConfig)="Auto" (valor anterior: "") en C:\Program Files\dotnet\sdk\9.0.304\Microsoft.Common.CurrentVersion.targets (3947,5)
       C:\Program Files\dotnet\sdk\9.0.304\Microsoft.Common.CurrentVersion.targets(3948,5): message : Reasignaci├│n de propiedad: $(_SGenGenerateSerializationAssembliesConfig)="Off" (valor anterior: "Auto") en C:\Program Files\dotnet\sdk\9.0.304\Microsoft.Common.CurrentVersion.targets (3948,5)
       C:\Program Files\dotnet\sdk\9.0.304\Microsoft.Common.CurrentVersion.targets(5159,5): message : Reasignaci├│n de propiedad: $(_TargetsThatPrepareProjectReferences)="
       C:\Program Files\dotnet\sdk\9.0.304\Microsoft.Common.CurrentVersion.targets(5159,5): message :       AssignProjectConfiguration;
       C:\Program Files\dotnet\sdk\9.0.304\Microsoft.Common.CurrentVersion.targets(5159,5): message :       _SplitProjectReferencesByFileExistence
       C:\Program Files\dotnet\sdk\9.0.304\Microsoft.Common.CurrentVersion.targets(5159,5): message :     " (valor anterior: "_SplitProjectReferencesByFileExistence") en C:\Program Files\dotnet\sdk\9.0.304\Microsoft.Common.CurrentVersion.targets (5159,5)
       C:\Program Files\dotnet\sdk\9.0.304\Microsoft.Common.CurrentVersion.targets(6954,5): message : Propiedad "MSBuildExtensionsPath32" con el valor "C:\Program Files\dotnet\sdk\9.0.304" expandido desde el entorno.
       C:\Users\PC\.nuget\packages\microsoft.extensions.apidescription.server\6.0.5\build\Microsoft.Extensions.ApiDescription.Server.targets(9,5): message : Reasignaci├│n de propiedad: $(OpenApiGenerateDocuments)="true" (valor anterior: "") en C:\Users\PC\.nuget\packages\microsoft.extensions.apidescription.server\6.0.5\build\Microsoft.Extensions.ApiDescription.Server.targets (9,5)
       C:\Users\PC\.nuget\packages\hotchocolate.data\15.1.11\build\HotChocolate.Data.targets(3,5): message : Reasignaci├│n de propiedad: $(HotChocolateImplicitUsings)="enable" (valor anterior: "default") en C:\Users\PC\.nuget\packages\hotchocolate.data\15.1.11\build\HotChocolate.Data.targets (3,5)
       C:\Program Files\dotnet\sdk\9.0.304\Sdks\Microsoft.NET.Sdk\targets\Microsoft.PackageDependencyResolution.targets(29,5): message : Reasignaci├│n de propiedad: $(ProjectAssetsCacheFile)="C:\Users\PC\Downloads\Machly\Machly.Api\obj\Debug\net8.0\Machly.Api.assets.cache" (valor anterior: "obj\Debug\net8.0\Machly.Api.assets.cache") en C:\Program Files\dotnet\sdk\9.0.304\Sdks\Microsoft.NET.Sdk\targets\Microsoft.PackageDependencyResolution.targets (29,5)
       C:\Program Files\dotnet\sdk\9.0.304\Sdks\Microsoft.NET.Sdk\targets\Microsoft.PackageDependencyResolution.targets(80,5): message : Reasignaci├│n de propiedad: $(ResolveAssemblyReferencesDependsOn)="
       C:\Program Files\dotnet\sdk\9.0.304\Sdks\Microsoft.NET.Sdk\targets\Microsoft.PackageDependencyResolution.targets(80,5): message :       
       C:\Program Files\dotnet\sdk\9.0.304\Sdks\Microsoft.NET.Sdk\targets\Microsoft.PackageDependencyResolution.targets(80,5): message :       ResolveProjectReferences;
       C:\Program Files\dotnet\sdk\9.0.304\Sdks\Microsoft.NET.Sdk\targets\Microsoft.PackageDependencyResolution.targets(80,5): message :       FindInvalidProjectReferences;
       C:\Program Files\dotnet\sdk\9.0.304\Sdks\Microsoft.NET.Sdk\targets\Microsoft.PackageDependencyResolution.targets(80,5): message :       GetFrameworkPaths;
       C:\Program Files\dotnet\sdk\9.0.304\Sdks\Microsoft.NET.Sdk\targets\Microsoft.PackageDependencyResolution.targets(80,5): message :       GetReferenceAssemblyPaths;
       C:\Program Files\dotnet\sdk\9.0.304\Sdks\Microsoft.NET.Sdk\targets\Microsoft.PackageDependencyResolution.targets(80,5): message :       PrepareForBuild;
       C:\Program Files\dotnet\sdk\9.0.304\Sdks\Microsoft.NET.Sdk\targets\Microsoft.PackageDependencyResolution.targets(80,5): message :       ResolveSDKReferences;
       C:\Program Files\dotnet\sdk\9.0.304\Sdks\Microsoft.NET.Sdk\targets\Microsoft.PackageDependencyResolution.targets(80,5): message :       ExpandSDKReferences;
       C:\Program Files\dotnet\sdk\9.0.304\Sdks\Microsoft.NET.Sdk\targets\Microsoft.PackageDependencyResolution.targets(80,5): message :     ;
       C:\Program Files\dotnet\sdk\9.0.304\Sdks\Microsoft.NET.Sdk\targets\Microsoft.PackageDependencyResolution.targets(80,5): message :       ResolvePackageDependenciesForBuild;
       C:\Program Files\dotnet\sdk\9.0.304\Sdks\Microsoft.NET.Sdk\targets\Microsoft.PackageDependencyResolution.targets(80,5): message :       _HandlePackageFileConflicts;
       C:\Program Files\dotnet\sdk\9.0.304\Sdks\Microsoft.NET.Sdk\targets\Microsoft.PackageDependencyResolution.targets(80,5): message :     " (valor anterior: "
       C:\Program Files\dotnet\sdk\9.0.304\Sdks\Microsoft.NET.Sdk\targets\Microsoft.PackageDependencyResolution.targets(80,5): message :       ResolveProjectReferences;
       C:\Program Files\dotnet\sdk\9.0.304\Sdks\Microsoft.NET.Sdk\targets\Microsoft.PackageDependencyResolution.targets(80,5): message :       FindInvalidProjectReferences;
       C:\Program Files\dotnet\sdk\9.0.304\Sdks\Microsoft.NET.Sdk\targets\Microsoft.PackageDependencyResolution.targets(80,5): message :       GetFrameworkPaths;
       C:\Program Files\dotnet\sdk\9.0.304\Sdks\Microsoft.NET.Sdk\targets\Microsoft.PackageDependencyResolution.targets(80,5): message :       GetReferenceAssemblyPaths;
       C:\Program Files\dotnet\sdk\9.0.304\Sdks\Microsoft.NET.Sdk\targets\Microsoft.PackageDependencyResolution.targets(80,5): message :       PrepareForBuild;
       C:\Program Files\dotnet\sdk\9.0.304\Sdks\Microsoft.NET.Sdk\targets\Microsoft.PackageDependencyResolution.targets(80,5): message :       ResolveSDKReferences;
       C:\Program Files\dotnet\sdk\9.0.304\Sdks\Microsoft.NET.Sdk\targets\Microsoft.PackageDependencyResolution.targets(80,5): message :       ExpandSDKReferences;
       C:\Program Files\dotnet\sdk\9.0.304\Sdks\Microsoft.NET.Sdk\targets\Microsoft.PackageDependencyResolution.targets(80,5): message :     ") en C:\Program Files\dotnet\sdk\9.0.304\Sdks\Microsoft.NET.Sdk\targets\Microsoft.PackageDependencyResolution.targets (80,5)
       C:\Program Files\dotnet\sdk\9.0.304\Sdks\Microsoft.NET.Sdk\targets\Microsoft.PackageDependencyResolution.targets(86,5): message : Reasignaci├│n de propiedad: $(PrepareResourcesDependsOn)="
       C:\Program Files\dotnet\sdk\9.0.304\Sdks\Microsoft.NET.Sdk\targets\Microsoft.PackageDependencyResolution.targets(86,5): message :       ResolvePackageDependenciesForBuild;
       C:\Program Files\dotnet\sdk\9.0.304\Sdks\Microsoft.NET.Sdk\targets\Microsoft.PackageDependencyResolution.targets(86,5): message :       _HandlePackageFileConflicts;
       C:\Program Files\dotnet\sdk\9.0.304\Sdks\Microsoft.NET.Sdk\targets\Microsoft.PackageDependencyResolution.targets(86,5): message :       
       C:\Program Files\dotnet\sdk\9.0.304\Sdks\Microsoft.NET.Sdk\targets\Microsoft.PackageDependencyResolution.targets(86,5): message :       ;
       C:\Program Files\dotnet\sdk\9.0.304\Sdks\Microsoft.NET.Sdk\targets\Microsoft.PackageDependencyResolution.targets(86,5): message :       PrepareResourceNames;
       C:\Program Files\dotnet\sdk\9.0.304\Sdks\Microsoft.NET.Sdk\targets\Microsoft.PackageDependencyResolution.targets(86,5): message :       ResGen;
       C:\Program Files\dotnet\sdk\9.0.304\Sdks\Microsoft.NET.Sdk\targets\Microsoft.PackageDependencyResolution.targets(86,5): message :       CompileLicxFiles
       C:\Program Files\dotnet\sdk\9.0.304\Sdks\Microsoft.NET.Sdk\targets\Microsoft.PackageDependencyResolution.targets(86,5): message :     
       C:\Program Files\dotnet\sdk\9.0.304\Sdks\Microsoft.NET.Sdk\targets\Microsoft.PackageDependencyResolution.targets(86,5): message :     " (valor anterior: "
       C:\Program Files\dotnet\sdk\9.0.304\Sdks\Microsoft.NET.Sdk\targets\Microsoft.PackageDependencyResolution.targets(86,5): message :       ;
       C:\Program Files\dotnet\sdk\9.0.304\Sdks\Microsoft.NET.Sdk\targets\Microsoft.PackageDependencyResolution.targets(86,5): message :       PrepareResourceNames;
       C:\Program Files\dotnet\sdk\9.0.304\Sdks\Microsoft.NET.Sdk\targets\Microsoft.PackageDependencyResolution.targets(86,5): message :       ResGen;
       C:\Program Files\dotnet\sdk\9.0.304\Sdks\Microsoft.NET.Sdk\targets\Microsoft.PackageDependencyResolution.targets(86,5): message :       CompileLicxFiles
       C:\Program Files\dotnet\sdk\9.0.304\Sdks\Microsoft.NET.Sdk\targets\Microsoft.PackageDependencyResolution.targets(86,5): message :     ") en C:\Program Files\dotnet\sdk\9.0.304\Sdks\Microsoft.NET.Sdk\targets\Microsoft.PackageDependencyResolution.targets (86,5)
       C:\Program Files\dotnet\sdk\9.0.304\Sdks\Microsoft.NET.Sdk\targets\Microsoft.NET.Sdk.DefaultItems.targets(27,5): message : Reasignaci├│n de propiedad: $(DefaultItemExcludes)=";**\node_modules\**;node_modules\**;**\jspm_packages\**;jspm_packages\**;**\bower_components\**;bower_components\**;**\packages.lock.json;bin\Debug\/**;obj\Debug\/**;bin\/**" (valor anterior: ";**\node_modules\**;node_modules\**;**\jspm_packages\**;jspm_packages\**;**\bower_components\**;bower_components\**;**\packages.lock.json;bin\Debug\/**;obj\Debug\/**") en C:\Program Files\dotnet\sdk\9.0.304\Sdks\Microsoft.NET.Sdk\targets\Microsoft.NET.Sdk.DefaultItems.targets (27,5)
       C:\Program Files\dotnet\sdk\9.0.304\Sdks\Microsoft.NET.Sdk\targets\Microsoft.NET.Sdk.DefaultItems.targets(29,5): message : Reasignaci├│n de propiedad: $(DefaultItemExcludes)=";**\node_modules\**;node_modules\**;**\jspm_packages\**;jspm_packages\**;**\bower_components\**;bower_components\**;**\packages.lock.json;bin\Debug\/**;obj\Debug\/**;bin\/**;obj\/**" (valor anterior: ";**\node_modules\**;node_modules\**;**\jspm_packages\**;jspm_packages\**;**\bower_components\**;bower_components\**;**\packages.lock.json;bin\Debug\/**;obj\Debug\/**;bin\/**") en C:\Program Files\dotnet\sdk\9.0.304\Sdks\Microsoft.NET.Sdk\targets\Microsoft.NET.Sdk.DefaultItems.targets (29,5)
       C:\Program Files\dotnet\sdk\9.0.304\Sdks\Microsoft.NET.Sdk\targets\Microsoft.NET.Sdk.DefaultItems.targets(32,5): message : Reasignaci├│n de propiedad: $(DefaultItemExcludes)=";**\node_modules\**;node_modules\**;**\jspm_packages\**;jspm_packages\**;**\bower_components\**;bower_components\**;**\packages.lock.json;bin\Debug\/**;obj\Debug\/**;bin\/**;obj\/**;**/*.user" (valor anterior: ";**\node_modules\**;node_modules\**;**\jspm_packages\**;jspm_packages\**;**\bower_components\**;bower_components\**;**\packages.lock.json;bin\Debug\/**;obj\Debug\/**;bin\/**;obj\/**") en C:\Program Files\dotnet\sdk\9.0.304\Sdks\Microsoft.NET.Sdk\targets\Microsoft.NET.Sdk.DefaultItems.targets (32,5)
       C:\Program Files\dotnet\sdk\9.0.304\Sdks\Microsoft.NET.Sdk\targets\Microsoft.NET.Sdk.DefaultItems.targets(33,5): message : Reasignaci├│n de propiedad: $(DefaultItemExcludes)=";**\node_modules\**;node_modules\**;**\jspm_packages\**;jspm_packages\**;**\bower_components\**;bower_components\**;**\packages.lock.json;bin\Debug\/**;obj\Debug\/**;bin\/**;obj\/**;**/*.user;**/*.*proj" (valor anterior: ";**\node_modules\**;node_modules\**;**\jspm_packages\**;jspm_packages\**;**\bower_components\**;bower_components\**;**\packages.lock.json;bin\Debug\/**;obj\Debug\/**;bin\/**;obj\/**;**/*.user") en C:\Program Files\dotnet\sdk\9.0.304\Sdks\Microsoft.NET.Sdk\targets\Microsoft.NET.Sdk.DefaultItems.targets (33,5)
       C:\Program Files\dotnet\sdk\9.0.304\Sdks\Microsoft.NET.Sdk\targets\Microsoft.NET.Sdk.DefaultItems.targets(34,5): message : Reasignaci├│n de propiedad: $(DefaultItemExcludes)=";**\node_modules\**;node_modules\**;**\jspm_packages\**;jspm_packages\**;**\bower_components\**;bower_components\**;**\packages.lock.json;bin\Debug\/**;obj\Debug\/**;bin\/**;obj\/**;**/*.user;**/*.*proj;**/*.sln" (valor anterior: ";**\node_modules\**;node_modules\**;**\jspm_packages\**;jspm_packages\**;**\bower_components\**;bower_components\**;**\packages.lock.json;bin\Debug\/**;obj\Debug\/**;bin\/**;obj\/**;**/*.user;**/*.*proj") en C:\Program Files\dotnet\sdk\9.0.304\Sdks\Microsoft.NET.Sdk\targets\Microsoft.NET.Sdk.DefaultItems.targets (34,5)
       C:\Program Files\dotnet\sdk\9.0.304\Sdks\Microsoft.NET.Sdk\targets\Microsoft.NET.Sdk.DefaultItems.targets(35,5): message : Reasignaci├│n de propiedad: $(DefaultItemExcludes)=";**\node_modules\**;node_modules\**;**\jspm_packages\**;jspm_packages\**;**\bower_components\**;bower_components\**;**\packages.lock.json;bin\Debug\/**;obj\Debug\/**;bin\/**;obj\/**;**/*.user;**/*.*proj;**/*.sln;**/*.slnx" (valor anterior: ";**\node_modules\**;node_modules\**;**\jspm_packages\**;jspm_packages\**;**\bower_components\**;bower_components\**;**\packages.lock.json;bin\Debug\/**;obj\Debug\/**;bin\/**;obj\/**;**/*.user;**/*.*proj;**/*.sln") en C:\Program Files\dotnet\sdk\9.0.304\Sdks\Microsoft.NET.Sdk\targets\Microsoft.NET.Sdk.DefaultItems.targets (35,5)
       C:\Program Files\dotnet\sdk\9.0.304\Sdks\Microsoft.NET.Sdk\targets\Microsoft.NET.Sdk.DefaultItems.targets(36,5): message : Reasignaci├│n de propiedad: $(DefaultItemExcludes)=";**\node_modules\**;node_modules\**;**\jspm_packages\**;jspm_packages\**;**\bower_components\**;bower_components\**;**\packages.lock.json;bin\Debug\/**;obj\Debug\/**;bin\/**;obj\/**;**/*.user;**/*.*proj;**/*.sln;**/*.slnx;**/*.vssscc" (valor anterior: ";**\node_modules\**;node_modules\**;**\jspm_packages\**;jspm_packages\**;**\bower_components\**;bower_components\**;**\packages.lock.json;bin\Debug\/**;obj\Debug\/**;bin\/**;obj\/**;**/*.user;**/*.*proj;**/*.sln;**/*.slnx") en C:\Program Files\dotnet\sdk\9.0.304\Sdks\Microsoft.NET.Sdk\targets\Microsoft.NET.Sdk.DefaultItems.targets (36,5)
       C:\Program Files\dotnet\sdk\9.0.304\Sdks\Microsoft.NET.Sdk\targets\Microsoft.NET.Sdk.DefaultItems.targets(37,5): message : Reasignaci├│n de propiedad: $(DefaultItemExcludes)=";**\node_modules\**;node_modules\**;**\jspm_packages\**;jspm_packages\**;**\bower_components\**;bower_components\**;**\packages.lock.json;bin\Debug\/**;obj\Debug\/**;bin\/**;obj\/**;**/*.user;**/*.*proj;**/*.sln;**/*.slnx;**/*.vssscc;**/.DS_Store" (valor anterior: ";**\node_modules\**;node_modules\**;**\jspm_packages\**;jspm_packages\**;**\bower_components\**;bower_components\**;**\packages.lock.json;bin\Debug\/**;obj\Debug\/**;bin\/**;obj\/**;**/*.user;**/*.*proj;**/*.sln;**/*.slnx;**/*.vssscc") en C:\Program Files\dotnet\sdk\9.0.304\Sdks\Microsoft.NET.Sdk\targets\Microsoft.NET.Sdk.DefaultItems.targets (37,5)
       C:\Program Files\dotnet\sdk\9.0.304\Sdks\Microsoft.NET.Sdk\targets\Microsoft.NET.Sdk.FrameworkReferenceResolution.targets(14,5): message : Reasignaci├│n de propiedad: $(ResolveAssemblyReferencesDependsOn)="
       C:\Program Files\dotnet\sdk\9.0.304\Sdks\Microsoft.NET.Sdk\targets\Microsoft.NET.Sdk.FrameworkReferenceResolution.targets(14,5): message :       
       C:\Program Files\dotnet\sdk\9.0.304\Sdks\Microsoft.NET.Sdk\targets\Microsoft.NET.Sdk.FrameworkReferenceResolution.targets(14,5): message :       
       C:\Program Files\dotnet\sdk\9.0.304\Sdks\Microsoft.NET.Sdk\targets\Microsoft.NET.Sdk.FrameworkReferenceResolution.targets(14,5): message :       ResolveProjectReferences;
       C:\Program Files\dotnet\sdk\9.0.304\Sdks\Microsoft.NET.Sdk\targets\Microsoft.NET.Sdk.FrameworkReferenceResolution.targets(14,5): message :       FindInvalidProjectReferences;
       C:\Program Files\dotnet\sdk\9.0.304\Sdks\Microsoft.NET.Sdk\targets\Microsoft.NET.Sdk.FrameworkReferenceResolution.targets(14,5): message :       GetFrameworkPaths;
       C:\Program Files\dotnet\sdk\9.0.304\Sdks\Microsoft.NET.Sdk\targets\Microsoft.NET.Sdk.FrameworkReferenceResolution.targets(14,5): message :       GetReferenceAssemblyPaths;
       C:\Program Files\dotnet\sdk\9.0.304\Sdks\Microsoft.NET.Sdk\targets\Microsoft.NET.Sdk.FrameworkReferenceResolution.targets(14,5): message :       PrepareForBuild;
       C:\Program Files\dotnet\sdk\9.0.304\Sdks\Microsoft.NET.Sdk\targets\Microsoft.NET.Sdk.FrameworkReferenceResolution.targets(14,5): message :       ResolveSDKReferences;
       C:\Program Files\dotnet\sdk\9.0.304\Sdks\Microsoft.NET.Sdk\targets\Microsoft.NET.Sdk.FrameworkReferenceResolution.targets(14,5): message :       ExpandSDKReferences;
       C:\Program Files\dotnet\sdk\9.0.304\Sdks\Microsoft.NET.Sdk\targets\Microsoft.NET.Sdk.FrameworkReferenceResolution.targets(14,5): message :     ;
       C:\Program Files\dotnet\sdk\9.0.304\Sdks\Microsoft.NET.Sdk\targets\Microsoft.NET.Sdk.FrameworkReferenceResolution.targets(14,5): message :       ResolvePackageDependenciesForBuild;
       C:\Program Files\dotnet\sdk\9.0.304\Sdks\Microsoft.NET.Sdk\targets\Microsoft.NET.Sdk.FrameworkReferenceResolution.targets(14,5): message :       _HandlePackageFileConflicts;
       C:\Program Files\dotnet\sdk\9.0.304\Sdks\Microsoft.NET.Sdk\targets\Microsoft.NET.Sdk.FrameworkReferenceResolution.targets(14,5): message :     ;
       C:\Program Files\dotnet\sdk\9.0.304\Sdks\Microsoft.NET.Sdk\targets\Microsoft.NET.Sdk.FrameworkReferenceResolution.targets(14,5): message :       ResolveTargetingPackAssets;
       C:\Program Files\dotnet\sdk\9.0.304\Sdks\Microsoft.NET.Sdk\targets\Microsoft.NET.Sdk.FrameworkReferenceResolution.targets(14,5): message :     " (valor anterior: "
       C:\Program Files\dotnet\sdk\9.0.304\Sdks\Microsoft.NET.Sdk\targets\Microsoft.NET.Sdk.FrameworkReferenceResolution.targets(14,5): message :       
       C:\Program Files\dotnet\sdk\9.0.304\Sdks\Microsoft.NET.Sdk\targets\Microsoft.NET.Sdk.FrameworkReferenceResolution.targets(14,5): message :       ResolveProjectReferences;
       C:\Program Files\dotnet\sdk\9.0.304\Sdks\Microsoft.NET.Sdk\targets\Microsoft.NET.Sdk.FrameworkReferenceResolution.targets(14,5): message :       FindInvalidProjectReferences;
       C:\Program Files\dotnet\sdk\9.0.304\Sdks\Microsoft.NET.Sdk\targets\Microsoft.NET.Sdk.FrameworkReferenceResolution.targets(14,5): message :       GetFrameworkPaths;
       C:\Program Files\dotnet\sdk\9.0.304\Sdks\Microsoft.NET.Sdk\targets\Microsoft.NET.Sdk.FrameworkReferenceResolution.targets(14,5): message :       GetReferenceAssemblyPaths;
       C:\Program Files\dotnet\sdk\9.0.304\Sdks\Microsoft.NET.Sdk\targets\Microsoft.NET.Sdk.FrameworkReferenceResolution.targets(14,5): message :       PrepareForBuild;
       C:\Program Files\dotnet\sdk\9.0.304\Sdks\Microsoft.NET.Sdk\targets\Microsoft.NET.Sdk.FrameworkReferenceResolution.targets(14,5): message :       ResolveSDKReferences;
       C:\Program Files\dotnet\sdk\9.0.304\Sdks\Microsoft.NET.Sdk\targets\Microsoft.NET.Sdk.FrameworkReferenceResolution.targets(14,5): message :       ExpandSDKReferences;
       C:\Program Files\dotnet\sdk\9.0.304\Sdks\Microsoft.NET.Sdk\targets\Microsoft.NET.Sdk.FrameworkReferenceResolution.targets(14,5): message :     ;
       C:\Program Files\dotnet\sdk\9.0.304\Sdks\Microsoft.NET.Sdk\targets\Microsoft.NET.Sdk.FrameworkReferenceResolution.targets(14,5): message :       ResolvePackageDependenciesForBuild;
       C:\Program Files\dotnet\sdk\9.0.304\Sdks\Microsoft.NET.Sdk\targets\Microsoft.NET.Sdk.FrameworkReferenceResolution.targets(14,5): message :       _HandlePackageFileConflicts;
       C:\Program Files\dotnet\sdk\9.0.304\Sdks\Microsoft.NET.Sdk\targets\Microsoft.NET.Sdk.FrameworkReferenceResolution.targets(14,5): message :     ") en C:\Program Files\dotnet\sdk\9.0.304\Sdks\Microsoft.NET.Sdk\targets\Microsoft.NET.Sdk.FrameworkReferenceResolution.targets (14,5)
       C:\Program Files\dotnet\sdk\9.0.304\Sdks\Microsoft.NET.Sdk\targets\Microsoft.NET.Sdk.targets(44,5): message : Reasignaci├│n de propiedad: $(_GenerateRuntimeConfigurationPropertyInputsCache)="C:\Users\PC\Downloads\Machly\Machly.Api\obj\Debug\net8.0\Machly.Api.genruntimeconfig.cache" (valor anterior: "obj\Debug\net8.0\Machly.Api.genruntimeconfig.cache") en C:\Program Files\dotnet\sdk\9.0.304\Sdks\Microsoft.NET.Sdk\targets\Microsoft.NET.Sdk.targets (44,5)
       C:\Program Files\dotnet\sdk\9.0.304\Sdks\Microsoft.NET.Sdk\targets\Microsoft.NET.Sdk.targets(46,5): message : Reasignaci├│n de propiedad: $(_GeneratePublishDependencyFilePropertyInputsCache)="C:\Users\PC\Downloads\Machly\Machly.Api\obj\Debug\net8.0\Machly.Api.genpublishdeps.cache" (valor anterior: "obj\Debug\net8.0\Machly.Api.genpublishdeps.cache") en C:\Program Files\dotnet\sdk\9.0.304\Sdks\Microsoft.NET.Sdk\targets\Microsoft.NET.Sdk.targets (46,5)
       C:\Program Files\dotnet\sdk\9.0.304\Sdks\Microsoft.NET.Sdk\targets\Microsoft.NET.Sdk.targets(48,5): message : Reasignaci├│n de propiedad: $(_GenerateSingleFileBundlePropertyInputsCache)="C:\Users\PC\Downloads\Machly\Machly.Api\obj\Debug\net8.0\Machly.Api.genbundle.cache" (valor anterior: "obj\Debug\net8.0\Machly.Api.genbundle.cache") en C:\Program Files\dotnet\sdk\9.0.304\Sdks\Microsoft.NET.Sdk\targets\Microsoft.NET.Sdk.targets (48,5)
       C:\Program Files\dotnet\sdk\9.0.304\Sdks\Microsoft.NET.Sdk\targets\Microsoft.NET.Sdk.targets(81,5): message : Reasignaci├│n de propiedad: $(GenerateRuntimeConfigDevFile)="false" (valor anterior: "true") en C:\Program Files\dotnet\sdk\9.0.304\Sdks\Microsoft.NET.Sdk\targets\Microsoft.NET.Sdk.targets (81,5)
       C:\Program Files\dotnet\sdk\9.0.304\Sdks\Microsoft.NET.Sdk\targets\Microsoft.NET.Sdk.targets(97,5): message : Reasignaci├│n de propiedad: $(_DefaultUserProfileRuntimeStorePath)="C:\Users\PC" (valor anterior: "") en C:\Program Files\dotnet\sdk\9.0.304\Sdks\Microsoft.NET.Sdk\targets\Microsoft.NET.Sdk.targets (97,5)
       C:\Program Files\dotnet\sdk\9.0.304\Sdks\Microsoft.NET.Sdk\targets\Microsoft.NET.Sdk.targets(98,5): message : Reasignaci├│n de propiedad: $(_DefaultUserProfileRuntimeStorePath)="C:\Users\PC\.dotnet\store" (valor anterior: "C:\Users\PC") en C:\Program Files\dotnet\sdk\9.0.304\Sdks\Microsoft.NET.Sdk\targets\Microsoft.NET.Sdk.targets (98,5)
       C:\Program Files\dotnet\sdk\9.0.304\Sdks\Microsoft.NET.Sdk\targets\Microsoft.NET.Sdk.targets(140,5): message : Reasignaci├│n de propiedad: $(AvailablePlatforms)="Any CPU,x86,x64,ARM32" (valor anterior: "Any CPU,x86,x64") en C:\Program Files\dotnet\sdk\9.0.304\Sdks\Microsoft.NET.Sdk\targets\Microsoft.NET.Sdk.targets (140,5)
       C:\Program Files\dotnet\sdk\9.0.304\Sdks\Microsoft.NET.Sdk\targets\Microsoft.NET.Sdk.targets(144,5): message : Reasignaci├│n de propiedad: $(AvailablePlatforms)="Any CPU,x86,x64,ARM32,ARM64" (valor anterior: "Any CPU,x86,x64,ARM32") en C:\Program Files\dotnet\sdk\9.0.304\Sdks\Microsoft.NET.Sdk\targets\Microsoft.NET.Sdk.targets (144,5)
       C:\Program Files\dotnet\sdk\9.0.304\Sdks\Microsoft.NET.Sdk\targets\Microsoft.NET.Sdk.targets(201,5): message : Reasignaci├│n de propiedad: $(CoreBuildDependsOn)="
       C:\Program Files\dotnet\sdk\9.0.304\Sdks\Microsoft.NET.Sdk\targets\Microsoft.NET.Sdk.targets(201,5): message :       _CheckForBuildWithNoBuild;
       C:\Program Files\dotnet\sdk\9.0.304\Sdks\Microsoft.NET.Sdk\targets\Microsoft.NET.Sdk.targets(201,5): message :       
       C:\Program Files\dotnet\sdk\9.0.304\Sdks\Microsoft.NET.Sdk\targets\Microsoft.NET.Sdk.targets(201,5): message :       BuildOnlySettings;
       C:\Program Files\dotnet\sdk\9.0.304\Sdks\Microsoft.NET.Sdk\targets\Microsoft.NET.Sdk.targets(201,5): message :       PrepareForBuild;
       C:\Program Files\dotnet\sdk\9.0.304\Sdks\Microsoft.NET.Sdk\targets\Microsoft.NET.Sdk.targets(201,5): message :       PreBuildEvent;
       C:\Program Files\dotnet\sdk\9.0.304\Sdks\Microsoft.NET.Sdk\targets\Microsoft.NET.Sdk.targets(201,5): message :       ResolveReferences;
       C:\Program Files\dotnet\sdk\9.0.304\Sdks\Microsoft.NET.Sdk\targets\Microsoft.NET.Sdk.targets(201,5): message :       PrepareResources;
       C:\Program Files\dotnet\sdk\9.0.304\Sdks\Microsoft.NET.Sdk\targets\Microsoft.NET.Sdk.targets(201,5): message :       ResolveKeySource;
       C:\Program Files\dotnet\sdk\9.0.304\Sdks\Microsoft.NET.Sdk\targets\Microsoft.NET.Sdk.targets(201,5): message :       Compile;
       C:\Program Files\dotnet\sdk\9.0.304\Sdks\Microsoft.NET.Sdk\targets\Microsoft.NET.Sdk.targets(201,5): message :       ExportWindowsMDFile;
       C:\Program Files\dotnet\sdk\9.0.304\Sdks\Microsoft.NET.Sdk\targets\Microsoft.NET.Sdk.targets(201,5): message :       UnmanagedUnregistration;
       C:\Program Files\dotnet\sdk\9.0.304\Sdks\Microsoft.NET.Sdk\targets\Microsoft.NET.Sdk.targets(201,5): message :       GenerateSerializationAssemblies;
       C:\Program Files\dotnet\sdk\9.0.304\Sdks\Microsoft.NET.Sdk\targets\Microsoft.NET.Sdk.targets(201,5): message :       CreateSatelliteAssemblies;
       C:\Program Files\dotnet\sdk\9.0.304\Sdks\Microsoft.NET.Sdk\targets\Microsoft.NET.Sdk.targets(201,5): message :       GenerateManifests;
       C:\Program Files\dotnet\sdk\9.0.304\Sdks\Microsoft.NET.Sdk\targets\Microsoft.NET.Sdk.targets(201,5): message :       GetTargetPath;
       C:\Program Files\dotnet\sdk\9.0.304\Sdks\Microsoft.NET.Sdk\targets\Microsoft.NET.Sdk.targets(201,5): message :       PrepareForRun;
       C:\Program Files\dotnet\sdk\9.0.304\Sdks\Microsoft.NET.Sdk\targets\Microsoft.NET.Sdk.targets(201,5): message :       UnmanagedRegistration;
       C:\Program Files\dotnet\sdk\9.0.304\Sdks\Microsoft.NET.Sdk\targets\Microsoft.NET.Sdk.targets(201,5): message :       IncrementalClean;
       C:\Program Files\dotnet\sdk\9.0.304\Sdks\Microsoft.NET.Sdk\targets\Microsoft.NET.Sdk.targets(201,5): message :       PostBuildEvent
       C:\Program Files\dotnet\sdk\9.0.304\Sdks\Microsoft.NET.Sdk\targets\Microsoft.NET.Sdk.targets(201,5): message :     ;
       C:\Program Files\dotnet\sdk\9.0.304\Sdks\Microsoft.NET.Sdk\targets\Microsoft.NET.Sdk.targets(201,5): message :       GenerateBuildDependencyFile;
       C:\Program Files\dotnet\sdk\9.0.304\Sdks\Microsoft.NET.Sdk\targets\Microsoft.NET.Sdk.targets(201,5): message :       GenerateBuildRuntimeConfigurationFiles
       C:\Program Files\dotnet\sdk\9.0.304\Sdks\Microsoft.NET.Sdk\targets\Microsoft.NET.Sdk.targets(201,5): message :     " (valor anterior: "
       C:\Program Files\dotnet\sdk\9.0.304\Sdks\Microsoft.NET.Sdk\targets\Microsoft.NET.Sdk.targets(201,5): message :       BuildOnlySettings;
       C:\Program Files\dotnet\sdk\9.0.304\Sdks\Microsoft.NET.Sdk\targets\Microsoft.NET.Sdk.targets(201,5): message :       PrepareForBuild;
       C:\Program Files\dotnet\sdk\9.0.304\Sdks\Microsoft.NET.Sdk\targets\Microsoft.NET.Sdk.targets(201,5): message :       PreBuildEvent;
       C:\Program Files\dotnet\sdk\9.0.304\Sdks\Microsoft.NET.Sdk\targets\Microsoft.NET.Sdk.targets(201,5): message :       ResolveReferences;
       C:\Program Files\dotnet\sdk\9.0.304\Sdks\Microsoft.NET.Sdk\targets\Microsoft.NET.Sdk.targets(201,5): message :       PrepareResources;
       C:\Program Files\dotnet\sdk\9.0.304\Sdks\Microsoft.NET.Sdk\targets\Microsoft.NET.Sdk.targets(201,5): message :       ResolveKeySource;
       C:\Program Files\dotnet\sdk\9.0.304\Sdks\Microsoft.NET.Sdk\targets\Microsoft.NET.Sdk.targets(201,5): message :       Compile;
       C:\Program Files\dotnet\sdk\9.0.304\Sdks\Microsoft.NET.Sdk\targets\Microsoft.NET.Sdk.targets(201,5): message :       ExportWindowsMDFile;
       C:\Program Files\dotnet\sdk\9.0.304\Sdks\Microsoft.NET.Sdk\targets\Microsoft.NET.Sdk.targets(201,5): message :       UnmanagedUnregistration;
       C:\Program Files\dotnet\sdk\9.0.304\Sdks\Microsoft.NET.Sdk\targets\Microsoft.NET.Sdk.targets(201,5): message :       GenerateSerializationAssemblies;
       C:\Program Files\dotnet\sdk\9.0.304\Sdks\Microsoft.NET.Sdk\targets\Microsoft.NET.Sdk.targets(201,5): message :       CreateSatelliteAssemblies;
       C:\Program Files\dotnet\sdk\9.0.304\Sdks\Microsoft.NET.Sdk\targets\Microsoft.NET.Sdk.targets(201,5): message :       GenerateManifests;
       C:\Program Files\dotnet\sdk\9.0.304\Sdks\Microsoft.NET.Sdk\targets\Microsoft.NET.Sdk.targets(201,5): message :       GetTargetPath;
       C:\Program Files\dotnet\sdk\9.0.304\Sdks\Microsoft.NET.Sdk\targets\Microsoft.NET.Sdk.targets(201,5): message :       PrepareForRun;
       C:\Program Files\dotnet\sdk\9.0.304\Sdks\Microsoft.NET.Sdk\targets\Microsoft.NET.Sdk.targets(201,5): message :       UnmanagedRegistration;
       C:\Program Files\dotnet\sdk\9.0.304\Sdks\Microsoft.NET.Sdk\targets\Microsoft.NET.Sdk.targets(201,5): message :       IncrementalClean;
       C:\Program Files\dotnet\sdk\9.0.304\Sdks\Microsoft.NET.Sdk\targets\Microsoft.NET.Sdk.targets(201,5): message :       PostBuildEvent
       C:\Program Files\dotnet\sdk\9.0.304\Sdks\Microsoft.NET.Sdk\targets\Microsoft.NET.Sdk.targets(201,5): message :     ") en C:\Program Files\dotnet\sdk\9.0.304\Sdks\Microsoft.NET.Sdk\targets\Microsoft.NET.Sdk.targets (201,5)
       C:\Program Files\dotnet\sdk\9.0.304\Sdks\Microsoft.NET.Sdk\targets\Microsoft.NET.Sdk.targets(210,5): message : Reasignaci├│n de propiedad: $(CoreCleanDependsOn)="
       C:\Program Files\dotnet\sdk\9.0.304\Sdks\Microsoft.NET.Sdk\targets\Microsoft.NET.Sdk.targets(210,5): message :       _SdkBeforeClean;
       C:\Program Files\dotnet\sdk\9.0.304\Sdks\Microsoft.NET.Sdk\targets\Microsoft.NET.Sdk.targets(210,5): message :       
       C:\Program Files\dotnet\sdk\9.0.304\Sdks\Microsoft.NET.Sdk\targets\Microsoft.NET.Sdk.targets(210,5): message :     " (valor anterior: "") en C:\Program Files\dotnet\sdk\9.0.304\Sdks\Microsoft.NET.Sdk\targets\Microsoft.NET.Sdk.targets (210,5)
       C:\Program Files\dotnet\sdk\9.0.304\Sdks\Microsoft.NET.Sdk\targets\Microsoft.NET.Sdk.targets(217,5): message : Reasignaci├│n de propiedad: $(RebuildDependsOn)="
       C:\Program Files\dotnet\sdk\9.0.304\Sdks\Microsoft.NET.Sdk\targets\Microsoft.NET.Sdk.targets(217,5): message :       _SdkBeforeRebuild;
       C:\Program Files\dotnet\sdk\9.0.304\Sdks\Microsoft.NET.Sdk\targets\Microsoft.NET.Sdk.targets(217,5): message :       
       C:\Program Files\dotnet\sdk\9.0.304\Sdks\Microsoft.NET.Sdk\targets\Microsoft.NET.Sdk.targets(217,5): message :       BeforeRebuild;
       C:\Program Files\dotnet\sdk\9.0.304\Sdks\Microsoft.NET.Sdk\targets\Microsoft.NET.Sdk.targets(217,5): message :       Clean;
       C:\Program Files\dotnet\sdk\9.0.304\Sdks\Microsoft.NET.Sdk\targets\Microsoft.NET.Sdk.targets(217,5): message :       Build;
       C:\Program Files\dotnet\sdk\9.0.304\Sdks\Microsoft.NET.Sdk\targets\Microsoft.NET.Sdk.targets(217,5): message :       AfterRebuild;
       C:\Program Files\dotnet\sdk\9.0.304\Sdks\Microsoft.NET.Sdk\targets\Microsoft.NET.Sdk.targets(217,5): message :     
       C:\Program Files\dotnet\sdk\9.0.304\Sdks\Microsoft.NET.Sdk\targets\Microsoft.NET.Sdk.targets(217,5): message :     " (valor anterior: "
       C:\Program Files\dotnet\sdk\9.0.304\Sdks\Microsoft.NET.Sdk\targets\Microsoft.NET.Sdk.targets(217,5): message :       BeforeRebuild;
       C:\Program Files\dotnet\sdk\9.0.304\Sdks\Microsoft.NET.Sdk\targets\Microsoft.NET.Sdk.targets(217,5): message :       Clean;
       C:\Program Files\dotnet\sdk\9.0.304\Sdks\Microsoft.NET.Sdk\targets\Microsoft.NET.Sdk.targets(217,5): message :       Build;
       C:\Program Files\dotnet\sdk\9.0.304\Sdks\Microsoft.NET.Sdk\targets\Microsoft.NET.Sdk.targets(217,5): message :       AfterRebuild;
       C:\Program Files\dotnet\sdk\9.0.304\Sdks\Microsoft.NET.Sdk\targets\Microsoft.NET.Sdk.targets(217,5): message :     ") en C:\Program Files\dotnet\sdk\9.0.304\Sdks\Microsoft.NET.Sdk\targets\Microsoft.NET.Sdk.targets (217,5)
       C:\Program Files\dotnet\sdk\9.0.304\Sdks\Microsoft.NET.Sdk\targets\Microsoft.NET.Sdk.targets(784,5): message : Reasignaci├│n de propiedad: $(CompileDependsOn)="
       C:\Program Files\dotnet\sdk\9.0.304\Sdks\Microsoft.NET.Sdk\targets\Microsoft.NET.Sdk.targets(784,5): message :       
       C:\Program Files\dotnet\sdk\9.0.304\Sdks\Microsoft.NET.Sdk\targets\Microsoft.NET.Sdk.targets(784,5): message :       ResolveReferences;
       C:\Program Files\dotnet\sdk\9.0.304\Sdks\Microsoft.NET.Sdk\targets\Microsoft.NET.Sdk.targets(784,5): message :       ResolveKeySource;
       C:\Program Files\dotnet\sdk\9.0.304\Sdks\Microsoft.NET.Sdk\targets\Microsoft.NET.Sdk.targets(784,5): message :       SetWin32ManifestProperties;
       C:\Program Files\dotnet\sdk\9.0.304\Sdks\Microsoft.NET.Sdk\targets\Microsoft.NET.Sdk.targets(784,5): message :       _SetPreferNativeArm64Win32ManifestProperties;
       C:\Program Files\dotnet\sdk\9.0.304\Sdks\Microsoft.NET.Sdk\targets\Microsoft.NET.Sdk.targets(784,5): message :       FindReferenceAssembliesForReferences;
       C:\Program Files\dotnet\sdk\9.0.304\Sdks\Microsoft.NET.Sdk\targets\Microsoft.NET.Sdk.targets(784,5): message :       _GenerateCompileInputs;
       C:\Program Files\dotnet\sdk\9.0.304\Sdks\Microsoft.NET.Sdk\targets\Microsoft.NET.Sdk.targets(784,5): message :       BeforeCompile;
       C:\Program Files\dotnet\sdk\9.0.304\Sdks\Microsoft.NET.Sdk\targets\Microsoft.NET.Sdk.targets(784,5): message :       _TimeStampBeforeCompile;
       C:\Program Files\dotnet\sdk\9.0.304\Sdks\Microsoft.NET.Sdk\targets\Microsoft.NET.Sdk.targets(784,5): message :       _GenerateCompileDependencyCache;
       C:\Program Files\dotnet\sdk\9.0.304\Sdks\Microsoft.NET.Sdk\targets\Microsoft.NET.Sdk.targets(784,5): message :       CoreCompile;
       C:\Program Files\dotnet\sdk\9.0.304\Sdks\Microsoft.NET.Sdk\targets\Microsoft.NET.Sdk.targets(784,5): message :       _TimeStampAfterCompile;
       C:\Program Files\dotnet\sdk\9.0.304\Sdks\Microsoft.NET.Sdk\targets\Microsoft.NET.Sdk.targets(784,5): message :       AfterCompile;
       C:\Program Files\dotnet\sdk\9.0.304\Sdks\Microsoft.NET.Sdk\targets\Microsoft.NET.Sdk.targets(784,5): message :     ;
       C:\Program Files\dotnet\sdk\9.0.304\Sdks\Microsoft.NET.Sdk\targets\Microsoft.NET.Sdk.targets(784,5): message :       _CreateAppHost;
       C:\Program Files\dotnet\sdk\9.0.304\Sdks\Microsoft.NET.Sdk\targets\Microsoft.NET.Sdk.targets(784,5): message :       _CreateComHost;
       C:\Program Files\dotnet\sdk\9.0.304\Sdks\Microsoft.NET.Sdk\targets\Microsoft.NET.Sdk.targets(784,5): message :       _GetIjwHostPaths;
       C:\Program Files\dotnet\sdk\9.0.304\Sdks\Microsoft.NET.Sdk\targets\Microsoft.NET.Sdk.targets(784,5): message :     " (valor anterior: "
       C:\Program Files\dotnet\sdk\9.0.304\Sdks\Microsoft.NET.Sdk\targets\Microsoft.NET.Sdk.targets(784,5): message :       ResolveReferences;
       C:\Program Files\dotnet\sdk\9.0.304\Sdks\Microsoft.NET.Sdk\targets\Microsoft.NET.Sdk.targets(784,5): message :       ResolveKeySource;
       C:\Program Files\dotnet\sdk\9.0.304\Sdks\Microsoft.NET.Sdk\targets\Microsoft.NET.Sdk.targets(784,5): message :       SetWin32ManifestProperties;
       C:\Program Files\dotnet\sdk\9.0.304\Sdks\Microsoft.NET.Sdk\targets\Microsoft.NET.Sdk.targets(784,5): message :       _SetPreferNativeArm64Win32ManifestProperties;
       C:\Program Files\dotnet\sdk\9.0.304\Sdks\Microsoft.NET.Sdk\targets\Microsoft.NET.Sdk.targets(784,5): message :       FindReferenceAssembliesForReferences;
       C:\Program Files\dotnet\sdk\9.0.304\Sdks\Microsoft.NET.Sdk\targets\Microsoft.NET.Sdk.targets(784,5): message :       _GenerateCompileInputs;
       C:\Program Files\dotnet\sdk\9.0.304\Sdks\Microsoft.NET.Sdk\targets\Microsoft.NET.Sdk.targets(784,5): message :       BeforeCompile;
       C:\Program Files\dotnet\sdk\9.0.304\Sdks\Microsoft.NET.Sdk\targets\Microsoft.NET.Sdk.targets(784,5): message :       _TimeStampBeforeCompile;
       C:\Program Files\dotnet\sdk\9.0.304\Sdks\Microsoft.NET.Sdk\targets\Microsoft.NET.Sdk.targets(784,5): message :       _GenerateCompileDependencyCache;
       C:\Program Files\dotnet\sdk\9.0.304\Sdks\Microsoft.NET.Sdk\targets\Microsoft.NET.Sdk.targets(784,5): message :       CoreCompile;
       C:\Program Files\dotnet\sdk\9.0.304\Sdks\Microsoft.NET.Sdk\targets\Microsoft.NET.Sdk.targets(784,5): message :       _TimeStampAfterCompile;
       C:\Program Files\dotnet\sdk\9.0.304\Sdks\Microsoft.NET.Sdk\targets\Microsoft.NET.Sdk.targets(784,5): message :       AfterCompile;
       C:\Program Files\dotnet\sdk\9.0.304\Sdks\Microsoft.NET.Sdk\targets\Microsoft.NET.Sdk.targets(784,5): message :     ") en C:\Program Files\dotnet\sdk\9.0.304\Sdks\Microsoft.NET.Sdk\targets\Microsoft.NET.Sdk.targets (784,5)
       C:\Program Files\dotnet\sdk\9.0.304\Sdks\Microsoft.NET.Sdk\targets\Microsoft.NET.Sdk.targets(1184,5): message : Reasignaci├│n de propiedad: $(CreateSatelliteAssembliesDependsOn)="
       C:\Program Files\dotnet\sdk\9.0.304\Sdks\Microsoft.NET.Sdk\targets\Microsoft.NET.Sdk.targets(1184,5): message :       
       C:\Program Files\dotnet\sdk\9.0.304\Sdks\Microsoft.NET.Sdk\targets\Microsoft.NET.Sdk.targets(1184,5): message :       ;
       C:\Program Files\dotnet\sdk\9.0.304\Sdks\Microsoft.NET.Sdk\targets\Microsoft.NET.Sdk.targets(1184,5): message :       _GenerateSatelliteAssemblyInputs;
       C:\Program Files\dotnet\sdk\9.0.304\Sdks\Microsoft.NET.Sdk\targets\Microsoft.NET.Sdk.targets(1184,5): message :       ComputeIntermediateSatelliteAssemblies;
       C:\Program Files\dotnet\sdk\9.0.304\Sdks\Microsoft.NET.Sdk\targets\Microsoft.NET.Sdk.targets(1184,5): message :       GenerateSatelliteAssemblies
       C:\Program Files\dotnet\sdk\9.0.304\Sdks\Microsoft.NET.Sdk\targets\Microsoft.NET.Sdk.targets(1184,5): message :     ;
       C:\Program Files\dotnet\sdk\9.0.304\Sdks\Microsoft.NET.Sdk\targets\Microsoft.NET.Sdk.targets(1184,5): message :       CoreGenerateSatelliteAssemblies
       C:\Program Files\dotnet\sdk\9.0.304\Sdks\Microsoft.NET.Sdk\targets\Microsoft.NET.Sdk.targets(1184,5): message :     " (valor anterior: "
       C:\Program Files\dotnet\sdk\9.0.304\Sdks\Microsoft.NET.Sdk\targets\Microsoft.NET.Sdk.targets(1184,5): message :       ;
       C:\Program Files\dotnet\sdk\9.0.304\Sdks\Microsoft.NET.Sdk\targets\Microsoft.NET.Sdk.targets(1184,5): message :       _GenerateSatelliteAssemblyInputs;
       C:\Program Files\dotnet\sdk\9.0.304\Sdks\Microsoft.NET.Sdk\targets\Microsoft.NET.Sdk.targets(1184,5): message :       ComputeIntermediateSatelliteAssemblies;
       C:\Program Files\dotnet\sdk\9.0.304\Sdks\Microsoft.NET.Sdk\targets\Microsoft.NET.Sdk.targets(1184,5): message :       GenerateSatelliteAssemblies
       C:\Program Files\dotnet\sdk\9.0.304\Sdks\Microsoft.NET.Sdk\targets\Microsoft.NET.Sdk.targets(1184,5): message :     ") en C:\Program Files\dotnet\sdk\9.0.304\Sdks\Microsoft.NET.Sdk\targets\Microsoft.NET.Sdk.targets (1184,5)
       C:\Program Files\dotnet\sdk\9.0.304\Sdks\Microsoft.SourceLink.GitLab\build\Microsoft.SourceLink.GitLab.targets(12,5): message : Reasignaci├│n de propiedad: $(SourceLinkUrlInitializerTargets)=";_InitializeGitHubSourceLinkUrl;_InitializeGitLabSourceLinkUrl" (valor anterior: ";_InitializeGitHubSourceLinkUrl") en C:\Program Files\dotnet\sdk\9.0.304\Sdks\Microsoft.SourceLink.GitLab\build\Microsoft.SourceLink.GitLab.targets (12,5)
       C:\Program Files\dotnet\sdk\9.0.304\Sdks\Microsoft.SourceLink.GitLab\build\Microsoft.SourceLink.GitLab.targets(13,5): message : Reasignaci├│n de propiedad: $(SourceControlManagerUrlTranslationTargets)=";TranslateGitHubUrlsInSourceControlInformation;TranslateGitLabUrlsInSourceControlInformation" (valor anterior: ";TranslateGitHubUrlsInSourceControlInformation") en C:\Program Files\dotnet\sdk\9.0.304\Sdks\Microsoft.SourceLink.GitLab\build\Microsoft.SourceLink.GitLab.targets (13,5)
       C:\Program Files\dotnet\sdk\9.0.304\Sdks\Microsoft.SourceLink.AzureRepos.Git\build\Microsoft.SourceLink.AzureRepos.Git.targets(12,5): message : Reasignaci├│n de propiedad: $(SourceLinkUrlInitializerTargets)=";_InitializeGitHubSourceLinkUrl;_InitializeGitLabSourceLinkUrl;_InitializeAzureReposGitSourceLinkUrl" (valor anterior: ";_InitializeGitHubSourceLinkUrl;_InitializeGitLabSourceLinkUrl") en C:\Program Files\dotnet\sdk\9.0.304\Sdks\Microsoft.SourceLink.AzureRepos.Git\build\Microsoft.SourceLink.AzureRepos.Git.targets (12,5)
       C:\Program Files\dotnet\sdk\9.0.304\Sdks\Microsoft.SourceLink.AzureRepos.Git\build\Microsoft.SourceLink.AzureRepos.Git.targets(13,5): message : Reasignaci├│n de propiedad: $(SourceControlManagerUrlTranslationTargets)=";TranslateGitHubUrlsInSourceControlInformation;TranslateGitLabUrlsInSourceControlInformation;TranslateAzureReposGitUrlsInSourceControlInformation" (valor anterior: ";TranslateGitHubUrlsInSourceControlInformation;TranslateGitLabUrlsInSourceControlInformation") en C:\Program Files\dotnet\sdk\9.0.304\Sdks\Microsoft.SourceLink.AzureRepos.Git\build\Microsoft.SourceLink.AzureRepos.Git.targets (13,5)
       C:\Program Files\dotnet\sdk\9.0.304\Sdks\Microsoft.SourceLink.Bitbucket.Git\build\Microsoft.SourceLink.Bitbucket.Git.targets(12,5): message : Reasignaci├│n de propiedad: $(SourceLinkUrlInitializerTargets)=";_InitializeGitHubSourceLinkUrl;_InitializeGitLabSourceLinkUrl;_InitializeAzureReposGitSourceLinkUrl;_InitializeBitbucketGitSourceLinkUrl" (valor anterior: ";_InitializeGitHubSourceLinkUrl;_InitializeGitLabSourceLinkUrl;_InitializeAzureReposGitSourceLinkUrl") en C:\Program Files\dotnet\sdk\9.0.304\Sdks\Microsoft.SourceLink.Bitbucket.Git\build\Microsoft.SourceLink.Bitbucket.Git.targets (12,5)
       C:\Program Files\dotnet\sdk\9.0.304\Sdks\Microsoft.SourceLink.Bitbucket.Git\build\Microsoft.SourceLink.Bitbucket.Git.targets(13,5): message : Reasignaci├│n de propiedad: $(SourceControlManagerUrlTranslationTargets)=";TranslateGitHubUrlsInSourceControlInformation;TranslateGitLabUrlsInSourceControlInformation;TranslateAzureReposGitUrlsInSourceControlInformation;TranslateBitbucketGitUrlsInSourceControlInformation" (valor anterior: ";TranslateGitHubUrlsInSourceControlInformation;TranslateGitLabUrlsInSourceControlInformation;TranslateAzureReposGitUrlsInSourceControlInformation") en C:\Program Files\dotnet\sdk\9.0.304\Sdks\Microsoft.SourceLink.Bitbucket.Git\build\Microsoft.SourceLink.Bitbucket.Git.targets (13,5)
       C:\Program Files\dotnet\sdk\9.0.304\Sdks\Microsoft.NET.Sdk\targets\Microsoft.NET.DesignerSupport.targets(21,5): message : Reasignaci├│n de propiedad: $(DesignerRuntimeImplementationProjectOutputGroupDependsOn)="
       C:\Program Files\dotnet\sdk\9.0.304\Sdks\Microsoft.NET.Sdk\targets\Microsoft.NET.DesignerSupport.targets(21,5): message :       
       C:\Program Files\dotnet\sdk\9.0.304\Sdks\Microsoft.NET.Sdk\targets\Microsoft.NET.DesignerSupport.targets(21,5): message :       ;
       C:\Program Files\dotnet\sdk\9.0.304\Sdks\Microsoft.NET.Sdk\targets\Microsoft.NET.DesignerSupport.targets(21,5): message :       
       C:\Program Files\dotnet\sdk\9.0.304\Sdks\Microsoft.NET.Sdk\targets\Microsoft.NET.DesignerSupport.targets(21,5): message :       ;
       C:\Program Files\dotnet\sdk\9.0.304\Sdks\Microsoft.NET.Sdk\targets\Microsoft.NET.DesignerSupport.targets(21,5): message :       BuildOnlySettings;
       C:\Program Files\dotnet\sdk\9.0.304\Sdks\Microsoft.NET.Sdk\targets\Microsoft.NET.DesignerSupport.targets(21,5): message :       PrepareForBuild;
       C:\Program Files\dotnet\sdk\9.0.304\Sdks\Microsoft.NET.Sdk\targets\Microsoft.NET.DesignerSupport.targets(21,5): message :       AssignTargetPaths;
       C:\Program Files\dotnet\sdk\9.0.304\Sdks\Microsoft.NET.Sdk\targets\Microsoft.NET.DesignerSupport.targets(21,5): message :       ResolveReferences
       C:\Program Files\dotnet\sdk\9.0.304\Sdks\Microsoft.NET.Sdk\targets\Microsoft.NET.DesignerSupport.targets(21,5): message :     
       C:\Program Files\dotnet\sdk\9.0.304\Sdks\Microsoft.NET.Sdk\targets\Microsoft.NET.DesignerSupport.targets(21,5): message :     ;
       C:\Program Files\dotnet\sdk\9.0.304\Sdks\Microsoft.NET.Sdk\targets\Microsoft.NET.DesignerSupport.targets(21,5): message :       _GenerateDesignerDepsFile;
       C:\Program Files\dotnet\sdk\9.0.304\Sdks\Microsoft.NET.Sdk\targets\Microsoft.NET.DesignerSupport.targets(21,5): message :       _GenerateDesignerRuntimeConfigFile;
       C:\Program Files\dotnet\sdk\9.0.304\Sdks\Microsoft.NET.Sdk\targets\Microsoft.NET.DesignerSupport.targets(21,5): message :       GetCopyToOutputDirectoryItems;
       C:\Program Files\dotnet\sdk\9.0.304\Sdks\Microsoft.NET.Sdk\targets\Microsoft.NET.DesignerSupport.targets(21,5): message :       _GatherDesignerShadowCopyFiles;
       C:\Program Files\dotnet\sdk\9.0.304\Sdks\Microsoft.NET.Sdk\targets\Microsoft.NET.DesignerSupport.targets(21,5): message :     " (valor anterior: "
       C:\Program Files\dotnet\sdk\9.0.304\Sdks\Microsoft.NET.Sdk\targets\Microsoft.NET.DesignerSupport.targets(21,5): message :       ;
       C:\Program Files\dotnet\sdk\9.0.304\Sdks\Microsoft.NET.Sdk\targets\Microsoft.NET.DesignerSupport.targets(21,5): message :       
       C:\Program Files\dotnet\sdk\9.0.304\Sdks\Microsoft.NET.Sdk\targets\Microsoft.NET.DesignerSupport.targets(21,5): message :       ;
       C:\Program Files\dotnet\sdk\9.0.304\Sdks\Microsoft.NET.Sdk\targets\Microsoft.NET.DesignerSupport.targets(21,5): message :       BuildOnlySettings;
       C:\Program Files\dotnet\sdk\9.0.304\Sdks\Microsoft.NET.Sdk\targets\Microsoft.NET.DesignerSupport.targets(21,5): message :       PrepareForBuild;
       C:\Program Files\dotnet\sdk\9.0.304\Sdks\Microsoft.NET.Sdk\targets\Microsoft.NET.DesignerSupport.targets(21,5): message :       AssignTargetPaths;
       C:\Program Files\dotnet\sdk\9.0.304\Sdks\Microsoft.NET.Sdk\targets\Microsoft.NET.DesignerSupport.targets(21,5): message :       ResolveReferences
       C:\Program Files\dotnet\sdk\9.0.304\Sdks\Microsoft.NET.Sdk\targets\Microsoft.NET.DesignerSupport.targets(21,5): message :     
       C:\Program Files\dotnet\sdk\9.0.304\Sdks\Microsoft.NET.Sdk\targets\Microsoft.NET.DesignerSupport.targets(21,5): message :     ") en C:\Program Files\dotnet\sdk\9.0.304\Sdks\Microsoft.NET.Sdk\targets\Microsoft.NET.DesignerSupport.targets (21,5)
       C:\Program Files\dotnet\sdk\9.0.304\Sdks\Microsoft.NET.Sdk\targets\Microsoft.NET.PackTool.targets(68,5): message : Reasignaci├│n de propiedad: $(_GenerateToolsSettingsFileCacheFile)="C:\Users\PC\Downloads\Machly\Machly.Api\obj\Debug\net8.0\Machly.Api.toolssettingsinput.cache" (valor anterior: "obj\Debug\net8.0\Machly.Api.toolssettingsinput.cache") en C:\Program Files\dotnet\sdk\9.0.304\Sdks\Microsoft.NET.Sdk\targets\Microsoft.NET.PackTool.targets (68,5)
       C:\Program Files\dotnet\sdk\9.0.304\Sdks\Microsoft.NET.Sdk\targets\Microsoft.NET.PackTool.targets(137,5): message : Reasignaci├│n de propiedad: $(_ShimInputCacheFile)="C:\Users\PC\Downloads\Machly\Machly.Api\obj\Debug\net8.0\Machly.Api.shiminput.cache" (valor anterior: "obj\Debug\net8.0\Machly.Api.shiminput.cache") en C:\Program Files\dotnet\sdk\9.0.304\Sdks\Microsoft.NET.Sdk\targets\Microsoft.NET.PackTool.targets (137,5)
       C:\Program Files\dotnet\sdk\9.0.304\Sdks\Microsoft.NET.Sdk\targets\Microsoft.NET.PackTool.targets(139,5): message : Reasignaci├│n de propiedad: $(_ShimCreatedSentinelFile)="C:\Users\PC\Downloads\Machly\Machly.Api\obj\Debug\net8.0\Machly.Api.shimcreated.sentinel" (valor anterior: "obj\Debug\net8.0\Machly.Api.shimcreated.sentinel") en C:\Program Files\dotnet\sdk\9.0.304\Sdks\Microsoft.NET.Sdk\targets\Microsoft.NET.PackTool.targets (139,5)
       C:\Program Files\dotnet\sdk\9.0.304\Sdks\Microsoft.NET.Sdk\targets\Microsoft.NET.Sdk.CSharp.targets(31,5): message : Reasignaci├│n de propiedad: $(DefineConstants)="TRACE;DEBUG" (valor anterior: "TRACE") en C:\Program Files\dotnet\sdk\9.0.304\Sdks\Microsoft.NET.Sdk\targets\Microsoft.NET.Sdk.CSharp.targets (31,5)
       C:\Program Files\dotnet\sdk\9.0.304\Sdks\Microsoft.NET.Sdk\targets\Microsoft.NET.Sdk.CSharp.targets(34,5): message : Reasignaci├│n de propiedad: $(DefineConstants)="TRACE;DEBUG;NET;NET8_0;NETCOREAPP" (valor anterior: "TRACE;DEBUG") en C:\Program Files\dotnet\sdk\9.0.304\Sdks\Microsoft.NET.Sdk\targets\Microsoft.NET.Sdk.CSharp.targets (34,5)
       C:\Program Files\dotnet\sdk\9.0.304\Sdks\Microsoft.NET.Sdk\targets\Microsoft.NET.Sdk.CSharp.targets(48,5): message : Reasignaci├│n de propiedad: $(WarningsAsErrors)=";NU1605;SYSLIB0011" (valor anterior: ";NU1605") en C:\Program Files\dotnet\sdk\9.0.304\Sdks\Microsoft.NET.Sdk\targets\Microsoft.NET.Sdk.CSharp.targets (48,5)
       C:\Program Files\dotnet\sdk\9.0.304\Sdks\NuGet.Build.Tasks.Pack\build\NuGet.Build.Tasks.Pack.targets(34,5): message : Reasignaci├│n de propiedad: $(PackageDescription)="Package Description" (valor anterior: "") en C:\Program Files\dotnet\sdk\9.0.304\Sdks\NuGet.Build.Tasks.Pack\build\NuGet.Build.Tasks.Pack.targets (34,5)
       C:\Program Files\dotnet\sdk\9.0.304\Sdks\NuGet.Build.Tasks.Pack\build\NuGet.Build.Tasks.Pack.targets(59,5): message : Reasignaci├│n de propiedad: $(GenerateNuspecDependsOn)="Build;_LoadPackInputItems; _GetTargetFrameworksOutput; _WalkEachTargetPerFramework; _GetPackageFiles; " (valor anterior: "_LoadPackInputItems; _GetTargetFrameworksOutput; _WalkEachTargetPerFramework; _GetPackageFiles; ") en C:\Program Files\dotnet\sdk\9.0.304\Sdks\NuGet.Build.Tasks.Pack\build\NuGet.Build.Tasks.Pack.targets (59,5)
       C:\Program Files\dotnet\sdk\9.0.304\Sdks\Microsoft.NET.Sdk\Sdk\Sdk.targets(60,5): message : Reasignaci├│n de propiedad: $(_IsNotSetContainersTargetsDir)="true" (valor anterior: "false") en C:\Program Files\dotnet\sdk\9.0.304\Sdks\Microsoft.NET.Sdk\Sdk\Sdk.targets (60,5)
       C:\Program Files\dotnet\sdk\9.0.304\Containers\build\Microsoft.NET.Build.Containers.targets(5,5): message : Reasignaci├│n de propiedad: $(_IsSDKContainerAllowedVersion)="true" (valor anterior: "false") en C:\Program Files\dotnet\sdk\9.0.304\Containers\build\Microsoft.NET.Build.Containers.targets (5,5)
       C:\Program Files\dotnet\sdk\9.0.304\Containers\build\Microsoft.NET.Build.Containers.targets(15,5): message : Reasignaci├│n de propiedad: $(_ContainerIsTargetingNet8TFM)="true" (valor anterior: "false") en C:\Program Files\dotnet\sdk\9.0.304\Containers\build\Microsoft.NET.Build.Containers.targets (15,5)
       C:\Program Files\dotnet\sdk\9.0.304\Sdks\Microsoft.NET.Sdk.StaticWebAssets\targets\Sdk.StaticWebAssets.CurrentVersion.targets(37,18): message : Propiedad "DOTNET_HOST_PATH" con el valor "C:\Program Files\dotnet\dotnet.exe" expandido desde el entorno.
       C:\Program Files\dotnet\sdk\9.0.304\Sdks\Microsoft.NET.Sdk.StaticWebAssets\targets\Microsoft.NET.Sdk.StaticWebAssets.targets(286,5): message : Reasignaci├│n de propiedad: $(PrepareForRunDependsOn)="StaticWebAssetsPrepareForRun;
       C:\Program Files\dotnet\sdk\9.0.304\Sdks\Microsoft.NET.Sdk.StaticWebAssets\targets\Microsoft.NET.Sdk.StaticWebAssets.targets(286,5): message :       CopyFilesToOutputDirectory
       C:\Program Files\dotnet\sdk\9.0.304\Sdks\Microsoft.NET.Sdk.StaticWebAssets\targets\Microsoft.NET.Sdk.StaticWebAssets.targets(286,5): message :     " (valor anterior: "
       C:\Program Files\dotnet\sdk\9.0.304\Sdks\Microsoft.NET.Sdk.StaticWebAssets\targets\Microsoft.NET.Sdk.StaticWebAssets.targets(286,5): message :       CopyFilesToOutputDirectory
       C:\Program Files\dotnet\sdk\9.0.304\Sdks\Microsoft.NET.Sdk.StaticWebAssets\targets\Microsoft.NET.Sdk.StaticWebAssets.targets(286,5): message :     ") en C:\Program Files\dotnet\sdk\9.0.304\Sdks\Microsoft.NET.Sdk.StaticWebAssets\targets\Microsoft.NET.Sdk.StaticWebAssets.targets (286,5)
       C:\Program Files\dotnet\sdk\9.0.304\Sdks\Microsoft.NET.Sdk.StaticWebAssets\targets\Microsoft.NET.Sdk.StaticWebAssets.targets(323,5): message : Reasignaci├│n de propiedad: $(GetCopyToOutputDirectoryItemsDependsOn)="
       C:\Program Files\dotnet\sdk\9.0.304\Sdks\Microsoft.NET.Sdk.StaticWebAssets\targets\Microsoft.NET.Sdk.StaticWebAssets.targets(323,5): message :       AssignTargetPaths;
       C:\Program Files\dotnet\sdk\9.0.304\Sdks\Microsoft.NET.Sdk.StaticWebAssets\targets\Microsoft.NET.Sdk.StaticWebAssets.targets(323,5): message :       
       C:\Program Files\dotnet\sdk\9.0.304\Sdks\Microsoft.NET.Sdk.StaticWebAssets\targets\Microsoft.NET.Sdk.StaticWebAssets.targets(323,5): message :       AssignProjectConfiguration;
       C:\Program Files\dotnet\sdk\9.0.304\Sdks\Microsoft.NET.Sdk.StaticWebAssets\targets\Microsoft.NET.Sdk.StaticWebAssets.targets(323,5): message :       _SplitProjectReferencesByFileExistence
       C:\Program Files\dotnet\sdk\9.0.304\Sdks\Microsoft.NET.Sdk.StaticWebAssets\targets\Microsoft.NET.Sdk.StaticWebAssets.targets(323,5): message :     ;
       C:\Program Files\dotnet\sdk\9.0.304\Sdks\Microsoft.NET.Sdk.StaticWebAssets\targets\Microsoft.NET.Sdk.StaticWebAssets.targets(323,5): message :       _GetProjectReferenceTargetFrameworkProperties;
       C:\Program Files\dotnet\sdk\9.0.304\Sdks\Microsoft.NET.Sdk.StaticWebAssets\targets\Microsoft.NET.Sdk.StaticWebAssets.targets(323,5): message :       _PopulateCommonStateForGetCopyToOutputDirectoryItems
       C:\Program Files\dotnet\sdk\9.0.304\Sdks\Microsoft.NET.Sdk.StaticWebAssets\targets\Microsoft.NET.Sdk.StaticWebAssets.targets(323,5): message :     ;AddStaticWebAssetsManifest;AddStaticWebAssetEndpointsBuildManifest" (valor anterior: "
       C:\Program Files\dotnet\sdk\9.0.304\Sdks\Microsoft.NET.Sdk.StaticWebAssets\targets\Microsoft.NET.Sdk.StaticWebAssets.targets(323,5): message :       AssignTargetPaths;
       C:\Program Files\dotnet\sdk\9.0.304\Sdks\Microsoft.NET.Sdk.StaticWebAssets\targets\Microsoft.NET.Sdk.StaticWebAssets.targets(323,5): message :       
       C:\Program Files\dotnet\sdk\9.0.304\Sdks\Microsoft.NET.Sdk.StaticWebAssets\targets\Microsoft.NET.Sdk.StaticWebAssets.targets(323,5): message :       AssignProjectConfiguration;
       C:\Program Files\dotnet\sdk\9.0.304\Sdks\Microsoft.NET.Sdk.StaticWebAssets\targets\Microsoft.NET.Sdk.StaticWebAssets.targets(323,5): message :       _SplitProjectReferencesByFileExistence
       C:\Program Files\dotnet\sdk\9.0.304\Sdks\Microsoft.NET.Sdk.StaticWebAssets\targets\Microsoft.NET.Sdk.StaticWebAssets.targets(323,5): message :     ;
       C:\Program Files\dotnet\sdk\9.0.304\Sdks\Microsoft.NET.Sdk.StaticWebAssets\targets\Microsoft.NET.Sdk.StaticWebAssets.targets(323,5): message :       _GetProjectReferenceTargetFrameworkProperties;
       C:\Program Files\dotnet\sdk\9.0.304\Sdks\Microsoft.NET.Sdk.StaticWebAssets\targets\Microsoft.NET.Sdk.StaticWebAssets.targets(323,5): message :       _PopulateCommonStateForGetCopyToOutputDirectoryItems
       C:\Program Files\dotnet\sdk\9.0.304\Sdks\Microsoft.NET.Sdk.StaticWebAssets\targets\Microsoft.NET.Sdk.StaticWebAssets.targets(323,5): message :     ") en C:\Program Files\dotnet\sdk\9.0.304\Sdks\Microsoft.NET.Sdk.StaticWebAssets\targets\Microsoft.NET.Sdk.StaticWebAssets.targets (323,5)
       C:\Program Files\dotnet\sdk\9.0.304\Sdks\Microsoft.NET.Sdk.StaticWebAssets\targets\Microsoft.NET.Sdk.StaticWebAssets.Pack.targets(46,5): message : Reasignaci├│n de propiedad: $(GenerateNuspecDependsOn)="
       C:\Program Files\dotnet\sdk\9.0.304\Sdks\Microsoft.NET.Sdk.StaticWebAssets\targets\Microsoft.NET.Sdk.StaticWebAssets.Pack.targets(46,5): message :       IncludeStaticWebAssetsPackItems;
       C:\Program Files\dotnet\sdk\9.0.304\Sdks\Microsoft.NET.Sdk.StaticWebAssets\targets\Microsoft.NET.Sdk.StaticWebAssets.Pack.targets(46,5): message :       Build;_LoadPackInputItems; _GetTargetFrameworksOutput; _WalkEachTargetPerFramework; _GetPackageFiles; ;
       C:\Program Files\dotnet\sdk\9.0.304\Sdks\Microsoft.NET.Sdk.StaticWebAssets\targets\Microsoft.NET.Sdk.StaticWebAssets.Pack.targets(46,5): message :     " (valor anterior: "Build;_LoadPackInputItems; _GetTargetFrameworksOutput; _WalkEachTargetPerFramework; _GetPackageFiles; ") en C:\Program Files\dotnet\sdk\9.0.304\Sdks\Microsoft.NET.Sdk.StaticWebAssets\targets\Microsoft.NET.Sdk.StaticWebAssets.Pack.targets (46,5)
       C:\Program Files\dotnet\sdk\9.0.304\Sdks\Microsoft.NET.Sdk.StaticWebAssets\targets\Microsoft.NET.Sdk.StaticWebAssets.Pack.targets(55,5): message : Reasignaci├│n de propiedad: $(IncludeStaticWebAssetsPackItemsDependsOn)="
       C:\Program Files\dotnet\sdk\9.0.304\Sdks\Microsoft.NET.Sdk.StaticWebAssets\targets\Microsoft.NET.Sdk.StaticWebAssets.Pack.targets(55,5): message :       Build;
       C:\Program Files\dotnet\sdk\9.0.304\Sdks\Microsoft.NET.Sdk.StaticWebAssets\targets\Microsoft.NET.Sdk.StaticWebAssets.Pack.targets(55,5): message :       ResolveStaticWebAssetsConfiguration;LoadStaticWebAssetsBuildManifest
       C:\Program Files\dotnet\sdk\9.0.304\Sdks\Microsoft.NET.Sdk.StaticWebAssets\targets\Microsoft.NET.Sdk.StaticWebAssets.Pack.targets(55,5): message :     ;
       C:\Program Files\dotnet\sdk\9.0.304\Sdks\Microsoft.NET.Sdk.StaticWebAssets\targets\Microsoft.NET.Sdk.StaticWebAssets.Pack.targets(55,5): message :     " (valor anterior: "
       C:\Program Files\dotnet\sdk\9.0.304\Sdks\Microsoft.NET.Sdk.StaticWebAssets\targets\Microsoft.NET.Sdk.StaticWebAssets.Pack.targets(55,5): message :       ResolveStaticWebAssetsConfiguration;LoadStaticWebAssetsBuildManifest
       C:\Program Files\dotnet\sdk\9.0.304\Sdks\Microsoft.NET.Sdk.StaticWebAssets\targets\Microsoft.NET.Sdk.StaticWebAssets.Pack.targets(55,5): message :     ") en C:\Program Files\dotnet\sdk\9.0.304\Sdks\Microsoft.NET.Sdk.StaticWebAssets\targets\Microsoft.NET.Sdk.StaticWebAssets.Pack.targets (55,5)
       C:\Program Files\dotnet\sdk\9.0.304\Sdks\Microsoft.NET.Sdk.StaticWebAssets\targets\Microsoft.NET.Sdk.StaticWebAssets.ScopedCss.targets(55,3): message : Reasignaci├│n de propiedad: $(ResolveStaticWebAssetsInputsDependsOn)="
       C:\Program Files\dotnet\sdk\9.0.304\Sdks\Microsoft.NET.Sdk.StaticWebAssets\targets\Microsoft.NET.Sdk.StaticWebAssets.ScopedCss.targets(55,3): message :     
       C:\Program Files\dotnet\sdk\9.0.304\Sdks\Microsoft.NET.Sdk.StaticWebAssets\targets\Microsoft.NET.Sdk.StaticWebAssets.ScopedCss.targets(55,3): message :       ResolveCoreStaticWebAssets;
       C:\Program Files\dotnet\sdk\9.0.304\Sdks\Microsoft.NET.Sdk.StaticWebAssets\targets\Microsoft.NET.Sdk.StaticWebAssets.ScopedCss.targets(55,3): message :       GenerateComputedBuildStaticWebAssets;
       C:\Program Files\dotnet\sdk\9.0.304\Sdks\Microsoft.NET.Sdk.StaticWebAssets\targets\Microsoft.NET.Sdk.StaticWebAssets.ScopedCss.targets(55,3): message :       
       C:\Program Files\dotnet\sdk\9.0.304\Sdks\Microsoft.NET.Sdk.StaticWebAssets\targets\Microsoft.NET.Sdk.StaticWebAssets.ScopedCss.targets(55,3): message :     ;
       C:\Program Files\dotnet\sdk\9.0.304\Sdks\Microsoft.NET.Sdk.StaticWebAssets\targets\Microsoft.NET.Sdk.StaticWebAssets.ScopedCss.targets(55,3): message :     ResolveScopedCssAssets;
       C:\Program Files\dotnet\sdk\9.0.304\Sdks\Microsoft.NET.Sdk.StaticWebAssets\targets\Microsoft.NET.Sdk.StaticWebAssets.ScopedCss.targets(55,3): message :   " (valor anterior: "
       C:\Program Files\dotnet\sdk\9.0.304\Sdks\Microsoft.NET.Sdk.StaticWebAssets\targets\Microsoft.NET.Sdk.StaticWebAssets.ScopedCss.targets(55,3): message :       ResolveCoreStaticWebAssets;
       C:\Program Files\dotnet\sdk\9.0.304\Sdks\Microsoft.NET.Sdk.StaticWebAssets\targets\Microsoft.NET.Sdk.StaticWebAssets.ScopedCss.targets(55,3): message :       GenerateComputedBuildStaticWebAssets;
       C:\Program Files\dotnet\sdk\9.0.304\Sdks\Microsoft.NET.Sdk.StaticWebAssets\targets\Microsoft.NET.Sdk.StaticWebAssets.ScopedCss.targets(55,3): message :       
       C:\Program Files\dotnet\sdk\9.0.304\Sdks\Microsoft.NET.Sdk.StaticWebAssets\targets\Microsoft.NET.Sdk.StaticWebAssets.ScopedCss.targets(55,3): message :     ") en C:\Program Files\dotnet\sdk\9.0.304\Sdks\Microsoft.NET.Sdk.StaticWebAssets\targets\Microsoft.NET.Sdk.StaticWebAssets.ScopedCss.targets (55,3)
       C:\Program Files\dotnet\sdk\9.0.304\Sdks\Microsoft.NET.Sdk.StaticWebAssets\targets\Microsoft.NET.Sdk.StaticWebAssets.ScopedCss.targets(88,3): message : Reasignaci├│n de propiedad: $(GenerateComputedBuildStaticWebAssetsDependsOn)="
       C:\Program Files\dotnet\sdk\9.0.304\Sdks\Microsoft.NET.Sdk.StaticWebAssets\targets\Microsoft.NET.Sdk.StaticWebAssets.ScopedCss.targets(88,3): message :     ResolveCoreStaticWebAssets;;
       C:\Program Files\dotnet\sdk\9.0.304\Sdks\Microsoft.NET.Sdk.StaticWebAssets\targets\Microsoft.NET.Sdk.StaticWebAssets.ScopedCss.targets(88,3): message :     BundleScopedCssFiles;
       C:\Program Files\dotnet\sdk\9.0.304\Sdks\Microsoft.NET.Sdk.StaticWebAssets\targets\Microsoft.NET.Sdk.StaticWebAssets.ScopedCss.targets(88,3): message :   " (valor anterior: "ResolveCoreStaticWebAssets;") en C:\Program Files\dotnet\sdk\9.0.304\Sdks\Microsoft.NET.Sdk.StaticWebAssets\targets\Microsoft.NET.Sdk.StaticWebAssets.ScopedCss.targets (88,3)
       C:\Program Files\dotnet\sdk\9.0.304\Sdks\Microsoft.NET.Sdk.StaticWebAssets\targets\Microsoft.NET.Sdk.StaticWebAssets.JSModules.targets(37,5): message : Reasignaci├│n de propiedad: $(ResolveCoreStaticWebAssetsDependsOn)="
       C:\Program Files\dotnet\sdk\9.0.304\Sdks\Microsoft.NET.Sdk.StaticWebAssets\targets\Microsoft.NET.Sdk.StaticWebAssets.JSModules.targets(37,5): message :       
       C:\Program Files\dotnet\sdk\9.0.304\Sdks\Microsoft.NET.Sdk.StaticWebAssets\targets\Microsoft.NET.Sdk.StaticWebAssets.JSModules.targets(37,5): message :       UpdateExistingPackageStaticWebAssets;
       C:\Program Files\dotnet\sdk\9.0.304\Sdks\Microsoft.NET.Sdk.StaticWebAssets\targets\Microsoft.NET.Sdk.StaticWebAssets.JSModules.targets(37,5): message :       ResolveProjectStaticWebAssets;
       C:\Program Files\dotnet\sdk\9.0.304\Sdks\Microsoft.NET.Sdk.StaticWebAssets\targets\Microsoft.NET.Sdk.StaticWebAssets.JSModules.targets(37,5): message :       ResolveEmbeddedProjectsStaticWebAssets;
       C:\Program Files\dotnet\sdk\9.0.304\Sdks\Microsoft.NET.Sdk.StaticWebAssets\targets\Microsoft.NET.Sdk.StaticWebAssets.JSModules.targets(37,5): message :       ResolveReferencedProjectsStaticWebAssets;
       C:\Program Files\dotnet\sdk\9.0.304\Sdks\Microsoft.NET.Sdk.StaticWebAssets\targets\Microsoft.NET.Sdk.StaticWebAssets.JSModules.targets(37,5): message :       ;
       C:\Program Files\dotnet\sdk\9.0.304\Sdks\Microsoft.NET.Sdk.StaticWebAssets\targets\Microsoft.NET.Sdk.StaticWebAssets.JSModules.targets(37,5): message :     ;
       C:\Program Files\dotnet\sdk\9.0.304\Sdks\Microsoft.NET.Sdk.StaticWebAssets\targets\Microsoft.NET.Sdk.StaticWebAssets.JSModules.targets(37,5): message :       ResolveJsInitializerModuleStaticWebAssets;
       C:\Program Files\dotnet\sdk\9.0.304\Sdks\Microsoft.NET.Sdk.StaticWebAssets\targets\Microsoft.NET.Sdk.StaticWebAssets.JSModules.targets(37,5): message :     " (valor anterior: "
       C:\Program Files\dotnet\sdk\9.0.304\Sdks\Microsoft.NET.Sdk.StaticWebAssets\targets\Microsoft.NET.Sdk.StaticWebAssets.JSModules.targets(37,5): message :       UpdateExistingPackageStaticWebAssets;
       C:\Program Files\dotnet\sdk\9.0.304\Sdks\Microsoft.NET.Sdk.StaticWebAssets\targets\Microsoft.NET.Sdk.StaticWebAssets.JSModules.targets(37,5): message :       ResolveProjectStaticWebAssets;
       C:\Program Files\dotnet\sdk\9.0.304\Sdks\Microsoft.NET.Sdk.StaticWebAssets\targets\Microsoft.NET.Sdk.StaticWebAssets.JSModules.targets(37,5): message :       ResolveEmbeddedProjectsStaticWebAssets;
       C:\Program Files\dotnet\sdk\9.0.304\Sdks\Microsoft.NET.Sdk.StaticWebAssets\targets\Microsoft.NET.Sdk.StaticWebAssets.JSModules.targets(37,5): message :       ResolveReferencedProjectsStaticWebAssets;
       C:\Program Files\dotnet\sdk\9.0.304\Sdks\Microsoft.NET.Sdk.StaticWebAssets\targets\Microsoft.NET.Sdk.StaticWebAssets.JSModules.targets(37,5): message :       ;
       C:\Program Files\dotnet\sdk\9.0.304\Sdks\Microsoft.NET.Sdk.StaticWebAssets\targets\Microsoft.NET.Sdk.StaticWebAssets.JSModules.targets(37,5): message :     ") en C:\Program Files\dotnet\sdk\9.0.304\Sdks\Microsoft.NET.Sdk.StaticWebAssets\targets\Microsoft.NET.Sdk.StaticWebAssets.JSModules.targets (37,5)
       C:\Program Files\dotnet\sdk\9.0.304\Sdks\Microsoft.NET.Sdk.StaticWebAssets\targets\Microsoft.NET.Sdk.StaticWebAssets.JSModules.targets(42,5): message : Reasignaci├│n de propiedad: $(ResolveCoreStaticWebAssetsDependsOn)="
       C:\Program Files\dotnet\sdk\9.0.304\Sdks\Microsoft.NET.Sdk.StaticWebAssets\targets\Microsoft.NET.Sdk.StaticWebAssets.JSModules.targets(42,5): message :       
       C:\Program Files\dotnet\sdk\9.0.304\Sdks\Microsoft.NET.Sdk.StaticWebAssets\targets\Microsoft.NET.Sdk.StaticWebAssets.JSModules.targets(42,5): message :       
       C:\Program Files\dotnet\sdk\9.0.304\Sdks\Microsoft.NET.Sdk.StaticWebAssets\targets\Microsoft.NET.Sdk.StaticWebAssets.JSModules.targets(42,5): message :       UpdateExistingPackageStaticWebAssets;
       C:\Program Files\dotnet\sdk\9.0.304\Sdks\Microsoft.NET.Sdk.StaticWebAssets\targets\Microsoft.NET.Sdk.StaticWebAssets.JSModules.targets(42,5): message :       ResolveProjectStaticWebAssets;
       C:\Program Files\dotnet\sdk\9.0.304\Sdks\Microsoft.NET.Sdk.StaticWebAssets\targets\Microsoft.NET.Sdk.StaticWebAssets.JSModules.targets(42,5): message :       ResolveEmbeddedProjectsStaticWebAssets;
       C:\Program Files\dotnet\sdk\9.0.304\Sdks\Microsoft.NET.Sdk.StaticWebAssets\targets\Microsoft.NET.Sdk.StaticWebAssets.JSModules.targets(42,5): message :       ResolveReferencedProjectsStaticWebAssets;
       C:\Program Files\dotnet\sdk\9.0.304\Sdks\Microsoft.NET.Sdk.StaticWebAssets\targets\Microsoft.NET.Sdk.StaticWebAssets.JSModules.targets(42,5): message :       ;
       C:\Program Files\dotnet\sdk\9.0.304\Sdks\Microsoft.NET.Sdk.StaticWebAssets\targets\Microsoft.NET.Sdk.StaticWebAssets.JSModules.targets(42,5): message :     ;
       C:\Program Files\dotnet\sdk\9.0.304\Sdks\Microsoft.NET.Sdk.StaticWebAssets\targets\Microsoft.NET.Sdk.StaticWebAssets.JSModules.targets(42,5): message :       ResolveJsInitializerModuleStaticWebAssets;
       C:\Program Files\dotnet\sdk\9.0.304\Sdks\Microsoft.NET.Sdk.StaticWebAssets\targets\Microsoft.NET.Sdk.StaticWebAssets.JSModules.targets(42,5): message :     ;
       C:\Program Files\dotnet\sdk\9.0.304\Sdks\Microsoft.NET.Sdk.StaticWebAssets\targets\Microsoft.NET.Sdk.StaticWebAssets.JSModules.targets(42,5): message :       ResolveJSModuleStaticWebAssets;
       C:\Program Files\dotnet\sdk\9.0.304\Sdks\Microsoft.NET.Sdk.StaticWebAssets\targets\Microsoft.NET.Sdk.StaticWebAssets.JSModules.targets(42,5): message :     " (valor anterior: "
       C:\Program Files\dotnet\sdk\9.0.304\Sdks\Microsoft.NET.Sdk.StaticWebAssets\targets\Microsoft.NET.Sdk.StaticWebAssets.JSModules.targets(42,5): message :       
       C:\Program Files\dotnet\sdk\9.0.304\Sdks\Microsoft.NET.Sdk.StaticWebAssets\targets\Microsoft.NET.Sdk.StaticWebAssets.JSModules.targets(42,5): message :       UpdateExistingPackageStaticWebAssets;
       C:\Program Files\dotnet\sdk\9.0.304\Sdks\Microsoft.NET.Sdk.StaticWebAssets\targets\Microsoft.NET.Sdk.StaticWebAssets.JSModules.targets(42,5): message :       ResolveProjectStaticWebAssets;
       C:\Program Files\dotnet\sdk\9.0.304\Sdks\Microsoft.NET.Sdk.StaticWebAssets\targets\Microsoft.NET.Sdk.StaticWebAssets.JSModules.targets(42,5): message :       ResolveEmbeddedProjectsStaticWebAssets;
       C:\Program Files\dotnet\sdk\9.0.304\Sdks\Microsoft.NET.Sdk.StaticWebAssets\targets\Microsoft.NET.Sdk.StaticWebAssets.JSModules.targets(42,5): message :       ResolveReferencedProjectsStaticWebAssets;
       C:\Program Files\dotnet\sdk\9.0.304\Sdks\Microsoft.NET.Sdk.StaticWebAssets\targets\Microsoft.NET.Sdk.StaticWebAssets.JSModules.targets(42,5): message :       ;
       C:\Program Files\dotnet\sdk\9.0.304\Sdks\Microsoft.NET.Sdk.StaticWebAssets\targets\Microsoft.NET.Sdk.StaticWebAssets.JSModules.targets(42,5): message :     ;
       C:\Program Files\dotnet\sdk\9.0.304\Sdks\Microsoft.NET.Sdk.StaticWebAssets\targets\Microsoft.NET.Sdk.StaticWebAssets.JSModules.targets(42,5): message :       ResolveJsInitializerModuleStaticWebAssets;
       C:\Program Files\dotnet\sdk\9.0.304\Sdks\Microsoft.NET.Sdk.StaticWebAssets\targets\Microsoft.NET.Sdk.StaticWebAssets.JSModules.targets(42,5): message :     ") en C:\Program Files\dotnet\sdk\9.0.304\Sdks\Microsoft.NET.Sdk.StaticWebAssets\targets\Microsoft.NET.Sdk.StaticWebAssets.JSModules.targets (42,5)
       C:\Program Files\dotnet\sdk\9.0.304\Sdks\Microsoft.NET.Sdk.StaticWebAssets\targets\Microsoft.NET.Sdk.StaticWebAssets.JSModules.targets(57,5): message : Reasignaci├│n de propiedad: $(ResolveStaticWebAssetsInputsDependsOn)="
       C:\Program Files\dotnet\sdk\9.0.304\Sdks\Microsoft.NET.Sdk.StaticWebAssets\targets\Microsoft.NET.Sdk.StaticWebAssets.JSModules.targets(57,5): message :       ResolveJSModuleManifestBuildStaticWebAssets;
       C:\Program Files\dotnet\sdk\9.0.304\Sdks\Microsoft.NET.Sdk.StaticWebAssets\targets\Microsoft.NET.Sdk.StaticWebAssets.JSModules.targets(57,5): message :       
       C:\Program Files\dotnet\sdk\9.0.304\Sdks\Microsoft.NET.Sdk.StaticWebAssets\targets\Microsoft.NET.Sdk.StaticWebAssets.JSModules.targets(57,5): message :     
       C:\Program Files\dotnet\sdk\9.0.304\Sdks\Microsoft.NET.Sdk.StaticWebAssets\targets\Microsoft.NET.Sdk.StaticWebAssets.JSModules.targets(57,5): message :       ResolveCoreStaticWebAssets;
       C:\Program Files\dotnet\sdk\9.0.304\Sdks\Microsoft.NET.Sdk.StaticWebAssets\targets\Microsoft.NET.Sdk.StaticWebAssets.JSModules.targets(57,5): message :       GenerateComputedBuildStaticWebAssets;
       C:\Program Files\dotnet\sdk\9.0.304\Sdks\Microsoft.NET.Sdk.StaticWebAssets\targets\Microsoft.NET.Sdk.StaticWebAssets.JSModules.targets(57,5): message :       
       C:\Program Files\dotnet\sdk\9.0.304\Sdks\Microsoft.NET.Sdk.StaticWebAssets\targets\Microsoft.NET.Sdk.StaticWebAssets.JSModules.targets(57,5): message :     ;
       C:\Program Files\dotnet\sdk\9.0.304\Sdks\Microsoft.NET.Sdk.StaticWebAssets\targets\Microsoft.NET.Sdk.StaticWebAssets.JSModules.targets(57,5): message :     ResolveScopedCssAssets;
       C:\Program Files\dotnet\sdk\9.0.304\Sdks\Microsoft.NET.Sdk.StaticWebAssets\targets\Microsoft.NET.Sdk.StaticWebAssets.JSModules.targets(57,5): message :   
       C:\Program Files\dotnet\sdk\9.0.304\Sdks\Microsoft.NET.Sdk.StaticWebAssets\targets\Microsoft.NET.Sdk.StaticWebAssets.JSModules.targets(57,5): message :     " (valor anterior: "
       C:\Program Files\dotnet\sdk\9.0.304\Sdks\Microsoft.NET.Sdk.StaticWebAssets\targets\Microsoft.NET.Sdk.StaticWebAssets.JSModules.targets(57,5): message :     
       C:\Program Files\dotnet\sdk\9.0.304\Sdks\Microsoft.NET.Sdk.StaticWebAssets\targets\Microsoft.NET.Sdk.StaticWebAssets.JSModules.targets(57,5): message :       ResolveCoreStaticWebAssets;
       C:\Program Files\dotnet\sdk\9.0.304\Sdks\Microsoft.NET.Sdk.StaticWebAssets\targets\Microsoft.NET.Sdk.StaticWebAssets.JSModules.targets(57,5): message :       GenerateComputedBuildStaticWebAssets;
       C:\Program Files\dotnet\sdk\9.0.304\Sdks\Microsoft.NET.Sdk.StaticWebAssets\targets\Microsoft.NET.Sdk.StaticWebAssets.JSModules.targets(57,5): message :       
       C:\Program Files\dotnet\sdk\9.0.304\Sdks\Microsoft.NET.Sdk.StaticWebAssets\targets\Microsoft.NET.Sdk.StaticWebAssets.JSModules.targets(57,5): message :     ;
       C:\Program Files\dotnet\sdk\9.0.304\Sdks\Microsoft.NET.Sdk.StaticWebAssets\targets\Microsoft.NET.Sdk.StaticWebAssets.JSModules.targets(57,5): message :     ResolveScopedCssAssets;
       C:\Program Files\dotnet\sdk\9.0.304\Sdks\Microsoft.NET.Sdk.StaticWebAssets\targets\Microsoft.NET.Sdk.StaticWebAssets.JSModules.targets(57,5): message :   ") en C:\Program Files\dotnet\sdk\9.0.304\Sdks\Microsoft.NET.Sdk.StaticWebAssets\targets\Microsoft.NET.Sdk.StaticWebAssets.JSModules.targets (57,5)
       C:\Program Files\dotnet\sdk\9.0.304\Sdks\Microsoft.NET.Sdk.StaticWebAssets\targets\Microsoft.NET.Sdk.StaticWebAssets.JSModules.targets(76,5): message : Reasignaci├│n de propiedad: $(ResolvePublishStaticWebAssetsDependsOn)="
       C:\Program Files\dotnet\sdk\9.0.304\Sdks\Microsoft.NET.Sdk.StaticWebAssets\targets\Microsoft.NET.Sdk.StaticWebAssets.JSModules.targets(76,5): message :       ResolveJSModuleManifestPublishStaticWebAssets;
       C:\Program Files\dotnet\sdk\9.0.304\Sdks\Microsoft.NET.Sdk.StaticWebAssets\targets\Microsoft.NET.Sdk.StaticWebAssets.JSModules.targets(76,5): message :       
       C:\Program Files\dotnet\sdk\9.0.304\Sdks\Microsoft.NET.Sdk.StaticWebAssets\targets\Microsoft.NET.Sdk.StaticWebAssets.JSModules.targets(76,5): message :       ResolveCorePublishStaticWebAssets;
       C:\Program Files\dotnet\sdk\9.0.304\Sdks\Microsoft.NET.Sdk.StaticWebAssets\targets\Microsoft.NET.Sdk.StaticWebAssets.JSModules.targets(76,5): message :       GenerateComputedPublishStaticWebAssets;
       C:\Program Files\dotnet\sdk\9.0.304\Sdks\Microsoft.NET.Sdk.StaticWebAssets\targets\Microsoft.NET.Sdk.StaticWebAssets.JSModules.targets(76,5): message :       ;
       C:\Program Files\dotnet\sdk\9.0.304\Sdks\Microsoft.NET.Sdk.StaticWebAssets\targets\Microsoft.NET.Sdk.StaticWebAssets.JSModules.targets(76,5): message :     
       C:\Program Files\dotnet\sdk\9.0.304\Sdks\Microsoft.NET.Sdk.StaticWebAssets\targets\Microsoft.NET.Sdk.StaticWebAssets.JSModules.targets(76,5): message :     " (valor anterior: "
       C:\Program Files\dotnet\sdk\9.0.304\Sdks\Microsoft.NET.Sdk.StaticWebAssets\targets\Microsoft.NET.Sdk.StaticWebAssets.JSModules.targets(76,5): message :       ResolveCorePublishStaticWebAssets;
       C:\Program Files\dotnet\sdk\9.0.304\Sdks\Microsoft.NET.Sdk.StaticWebAssets\targets\Microsoft.NET.Sdk.StaticWebAssets.JSModules.targets(76,5): message :       GenerateComputedPublishStaticWebAssets;
       C:\Program Files\dotnet\sdk\9.0.304\Sdks\Microsoft.NET.Sdk.StaticWebAssets\targets\Microsoft.NET.Sdk.StaticWebAssets.JSModules.targets(76,5): message :       ;
       C:\Program Files\dotnet\sdk\9.0.304\Sdks\Microsoft.NET.Sdk.StaticWebAssets\targets\Microsoft.NET.Sdk.StaticWebAssets.JSModules.targets(76,5): message :     ") en C:\Program Files\dotnet\sdk\9.0.304\Sdks\Microsoft.NET.Sdk.StaticWebAssets\targets\Microsoft.NET.Sdk.StaticWebAssets.JSModules.targets (76,5)
       C:\Program Files\dotnet\sdk\9.0.304\Sdks\Microsoft.NET.Sdk.StaticWebAssets\targets\Microsoft.NET.Sdk.StaticWebAssets.Compression.targets(179,5): message : Reasignaci├│n de propiedad: $(ResolveBuildRelatedStaticWebAssetsDependsOn)="
       C:\Program Files\dotnet\sdk\9.0.304\Sdks\Microsoft.NET.Sdk.StaticWebAssets\targets\Microsoft.NET.Sdk.StaticWebAssets.Compression.targets(179,5): message :       ResolveBuildCompressedStaticWebAssets;
       C:\Program Files\dotnet\sdk\9.0.304\Sdks\Microsoft.NET.Sdk.StaticWebAssets\targets\Microsoft.NET.Sdk.StaticWebAssets.Compression.targets(179,5): message :       
       C:\Program Files\dotnet\sdk\9.0.304\Sdks\Microsoft.NET.Sdk.StaticWebAssets\targets\Microsoft.NET.Sdk.StaticWebAssets.Compression.targets(179,5): message :       ResolveStaticWebAssetsInputs;
       C:\Program Files\dotnet\sdk\9.0.304\Sdks\Microsoft.NET.Sdk.StaticWebAssets\targets\Microsoft.NET.Sdk.StaticWebAssets.Compression.targets(179,5): message :       
       C:\Program Files\dotnet\sdk\9.0.304\Sdks\Microsoft.NET.Sdk.StaticWebAssets\targets\Microsoft.NET.Sdk.StaticWebAssets.Compression.targets(179,5): message :     
       C:\Program Files\dotnet\sdk\9.0.304\Sdks\Microsoft.NET.Sdk.StaticWebAssets\targets\Microsoft.NET.Sdk.StaticWebAssets.Compression.targets(179,5): message :     " (valor anterior: "
       C:\Program Files\dotnet\sdk\9.0.304\Sdks\Microsoft.NET.Sdk.StaticWebAssets\targets\Microsoft.NET.Sdk.StaticWebAssets.Compression.targets(179,5): message :       ResolveStaticWebAssetsInputs;
       C:\Program Files\dotnet\sdk\9.0.304\Sdks\Microsoft.NET.Sdk.StaticWebAssets\targets\Microsoft.NET.Sdk.StaticWebAssets.Compression.targets(179,5): message :       
       C:\Program Files\dotnet\sdk\9.0.304\Sdks\Microsoft.NET.Sdk.StaticWebAssets\targets\Microsoft.NET.Sdk.StaticWebAssets.Compression.targets(179,5): message :     ") en C:\Program Files\dotnet\sdk\9.0.304\Sdks\Microsoft.NET.Sdk.StaticWebAssets\targets\Microsoft.NET.Sdk.StaticWebAssets.Compression.targets (179,5)
       C:\Program Files\dotnet\sdk\9.0.304\Sdks\Microsoft.NET.Sdk.StaticWebAssets\targets\Microsoft.NET.Sdk.StaticWebAssets.Compression.targets(198,5): message : Reasignaci├│n de propiedad: $(ResolvePublishRelatedStaticWebAssetsDependsOn)="
       C:\Program Files\dotnet\sdk\9.0.304\Sdks\Microsoft.NET.Sdk.StaticWebAssets\targets\Microsoft.NET.Sdk.StaticWebAssets.Compression.targets(198,5): message :       ResolvePublishCompressedStaticWebAssets;
       C:\Program Files\dotnet\sdk\9.0.304\Sdks\Microsoft.NET.Sdk.StaticWebAssets\targets\Microsoft.NET.Sdk.StaticWebAssets.Compression.targets(198,5): message :       
       C:\Program Files\dotnet\sdk\9.0.304\Sdks\Microsoft.NET.Sdk.StaticWebAssets\targets\Microsoft.NET.Sdk.StaticWebAssets.Compression.targets(198,5): message :     " (valor anterior: "") en C:\Program Files\dotnet\sdk\9.0.304\Sdks\Microsoft.NET.Sdk.StaticWebAssets\targets\Microsoft.NET.Sdk.StaticWebAssets.Compression.targets (198,5)
       C:\Program Files\dotnet\sdk\9.0.304\Sdks\Microsoft.NET.Sdk.Razor\targets\Sdk.Razor.CurrentVersion.targets(205,5): message : Reasignaci├│n de propiedad: $(DebugSymbolsProjectOutputGroupDependsOn)="
       C:\Program Files\dotnet\sdk\9.0.304\Sdks\Microsoft.NET.Sdk.Razor\targets\Sdk.Razor.CurrentVersion.targets(205,5): message :       ;
       C:\Program Files\dotnet\sdk\9.0.304\Sdks\Microsoft.NET.Sdk.Razor\targets\Sdk.Razor.CurrentVersion.targets(205,5): message :       _RazorAddDebugSymbolsProjectOutputGroupOutput
       C:\Program Files\dotnet\sdk\9.0.304\Sdks\Microsoft.NET.Sdk.Razor\targets\Sdk.Razor.CurrentVersion.targets(205,5): message :     " (valor anterior: "") en C:\Program Files\dotnet\sdk\9.0.304\Sdks\Microsoft.NET.Sdk.Razor\targets\Sdk.Razor.CurrentVersion.targets (205,5)
       C:\Program Files\dotnet\sdk\9.0.304\Sdks\Microsoft.NET.Sdk.Razor\targets\Sdk.Razor.CurrentVersion.targets(210,5): message : Reasignaci├│n de propiedad: $(PrepareForBuildDependsOn)="
       C:\Program Files\dotnet\sdk\9.0.304\Sdks\Microsoft.NET.Sdk.Razor\targets\Sdk.Razor.CurrentVersion.targets(210,5): message :       ;GetFrameworkPaths;GetReferenceAssemblyPaths;AssignLinkMetadata;
       C:\Program Files\dotnet\sdk\9.0.304\Sdks\Microsoft.NET.Sdk.Razor\targets\Sdk.Razor.CurrentVersion.targets(210,5): message :       ResolveRazorGenerateInputs
       C:\Program Files\dotnet\sdk\9.0.304\Sdks\Microsoft.NET.Sdk.Razor\targets\Sdk.Razor.CurrentVersion.targets(210,5): message :     " (valor anterior: ";GetFrameworkPaths;GetReferenceAssemblyPaths;AssignLinkMetadata") en C:\Program Files\dotnet\sdk\9.0.304\Sdks\Microsoft.NET.Sdk.Razor\targets\Sdk.Razor.CurrentVersion.targets (210,5)
       C:\Program Files\dotnet\sdk\9.0.304\Sdks\Microsoft.NET.Sdk.Razor\targets\Sdk.Razor.CurrentVersion.targets(215,5): message : Reasignaci├│n de propiedad: $(GenerateNuspecDependsOn)="
       C:\Program Files\dotnet\sdk\9.0.304\Sdks\Microsoft.NET.Sdk.Razor\targets\Sdk.Razor.CurrentVersion.targets(215,5): message :       ResolveRazorGenerateInputs;
       C:\Program Files\dotnet\sdk\9.0.304\Sdks\Microsoft.NET.Sdk.Razor\targets\Sdk.Razor.CurrentVersion.targets(215,5): message :       
       C:\Program Files\dotnet\sdk\9.0.304\Sdks\Microsoft.NET.Sdk.Razor\targets\Sdk.Razor.CurrentVersion.targets(215,5): message :       IncludeStaticWebAssetsPackItems;
       C:\Program Files\dotnet\sdk\9.0.304\Sdks\Microsoft.NET.Sdk.Razor\targets\Sdk.Razor.CurrentVersion.targets(215,5): message :       Build;_LoadPackInputItems; _GetTargetFrameworksOutput; _WalkEachTargetPerFramework; _GetPackageFiles; ;
       C:\Program Files\dotnet\sdk\9.0.304\Sdks\Microsoft.NET.Sdk.Razor\targets\Sdk.Razor.CurrentVersion.targets(215,5): message :     
       C:\Program Files\dotnet\sdk\9.0.304\Sdks\Microsoft.NET.Sdk.Razor\targets\Sdk.Razor.CurrentVersion.targets(215,5): message :     " (valor anterior: "
       C:\Program Files\dotnet\sdk\9.0.304\Sdks\Microsoft.NET.Sdk.Razor\targets\Sdk.Razor.CurrentVersion.targets(215,5): message :       IncludeStaticWebAssetsPackItems;
       C:\Program Files\dotnet\sdk\9.0.304\Sdks\Microsoft.NET.Sdk.Razor\targets\Sdk.Razor.CurrentVersion.targets(215,5): message :       Build;_LoadPackInputItems; _GetTargetFrameworksOutput; _WalkEachTargetPerFramework; _GetPackageFiles; ;
       C:\Program Files\dotnet\sdk\9.0.304\Sdks\Microsoft.NET.Sdk.Razor\targets\Sdk.Razor.CurrentVersion.targets(215,5): message :     ") en C:\Program Files\dotnet\sdk\9.0.304\Sdks\Microsoft.NET.Sdk.Razor\targets\Sdk.Razor.CurrentVersion.targets (215,5)
       C:\Program Files\dotnet\sdk\9.0.304\Sdks\Microsoft.NET.Sdk.Razor\targets\Sdk.Razor.CurrentVersion.targets(220,5): message : Reasignaci├│n de propiedad: $(PrepareForRunDependsOn)="
       C:\Program Files\dotnet\sdk\9.0.304\Sdks\Microsoft.NET.Sdk.Razor\targets\Sdk.Razor.CurrentVersion.targets(220,5): message :       _RazorPrepareForRun;
       C:\Program Files\dotnet\sdk\9.0.304\Sdks\Microsoft.NET.Sdk.Razor\targets\Sdk.Razor.CurrentVersion.targets(220,5): message :       StaticWebAssetsPrepareForRun;
       C:\Program Files\dotnet\sdk\9.0.304\Sdks\Microsoft.NET.Sdk.Razor\targets\Sdk.Razor.CurrentVersion.targets(220,5): message :       CopyFilesToOutputDirectory
       C:\Program Files\dotnet\sdk\9.0.304\Sdks\Microsoft.NET.Sdk.Razor\targets\Sdk.Razor.CurrentVersion.targets(220,5): message :     
       C:\Program Files\dotnet\sdk\9.0.304\Sdks\Microsoft.NET.Sdk.Razor\targets\Sdk.Razor.CurrentVersion.targets(220,5): message :     " (valor anterior: "StaticWebAssetsPrepareForRun;
       C:\Program Files\dotnet\sdk\9.0.304\Sdks\Microsoft.NET.Sdk.Razor\targets\Sdk.Razor.CurrentVersion.targets(220,5): message :       CopyFilesToOutputDirectory
       C:\Program Files\dotnet\sdk\9.0.304\Sdks\Microsoft.NET.Sdk.Razor\targets\Sdk.Razor.CurrentVersion.targets(220,5): message :     ") en C:\Program Files\dotnet\sdk\9.0.304\Sdks\Microsoft.NET.Sdk.Razor\targets\Sdk.Razor.CurrentVersion.targets (220,5)
       C:\Program Files\dotnet\sdk\9.0.304\Sdks\Microsoft.NET.Sdk.Razor\targets\Sdk.Razor.CurrentVersion.targets(311,5): message : Reasignaci├│n de propiedad: $(UseRazorBuildServer)="true" (valor anterior: "") en C:\Program Files\dotnet\sdk\9.0.304\Sdks\Microsoft.NET.Sdk.Razor\targets\Sdk.Razor.CurrentVersion.targets (311,5)
       C:\Program Files\dotnet\sdk\9.0.304\Sdks\Microsoft.NET.Sdk.Razor\targets\Sdk.Razor.CurrentVersion.targets(317,5): message : Reasignaci├│n de propiedad: $(_RazorDebugSymbolsProduced)="true" (valor anterior: "false") en C:\Program Files\dotnet\sdk\9.0.304\Sdks\Microsoft.NET.Sdk.Razor\targets\Sdk.Razor.CurrentVersion.targets (317,5)
       C:\Program Files\dotnet\sdk\9.0.304\Sdks\Microsoft.NET.Sdk.Razor\targets\Microsoft.NET.Sdk.Razor.GenerateAssemblyInfo.targets(36,5): message : Reasignaci├│n de propiedad: $(GenerateRazorTargetAssemblyInfoDependsOn)="
       C:\Program Files\dotnet\sdk\9.0.304\Sdks\Microsoft.NET.Sdk.Razor\targets\Microsoft.NET.Sdk.Razor.GenerateAssemblyInfo.targets(36,5): message :       _ResolveMvcAssemblyAttributes;
       C:\Program Files\dotnet\sdk\9.0.304\Sdks\Microsoft.NET.Sdk.Razor\targets\Microsoft.NET.Sdk.Razor.GenerateAssemblyInfo.targets(36,5): message :       
       C:\Program Files\dotnet\sdk\9.0.304\Sdks\Microsoft.NET.Sdk.Razor\targets\Microsoft.NET.Sdk.Razor.GenerateAssemblyInfo.targets(36,5): message :       GetRazorTargetAssemblyAttributes;
       C:\Program Files\dotnet\sdk\9.0.304\Sdks\Microsoft.NET.Sdk.Razor\targets\Microsoft.NET.Sdk.Razor.GenerateAssemblyInfo.targets(36,5): message :       _CreateRazorTargetAssemblyInfoInputsCacheFile;
       C:\Program Files\dotnet\sdk\9.0.304\Sdks\Microsoft.NET.Sdk.Razor\targets\Microsoft.NET.Sdk.Razor.GenerateAssemblyInfo.targets(36,5): message :       CoreGenerateRazorTargetAssemblyInfo
       C:\Program Files\dotnet\sdk\9.0.304\Sdks\Microsoft.NET.Sdk.Razor\targets\Microsoft.NET.Sdk.Razor.GenerateAssemblyInfo.targets(36,5): message :     
       C:\Program Files\dotnet\sdk\9.0.304\Sdks\Microsoft.NET.Sdk.Razor\targets\Microsoft.NET.Sdk.Razor.GenerateAssemblyInfo.targets(36,5): message :     " (valor anterior: "
       C:\Program Files\dotnet\sdk\9.0.304\Sdks\Microsoft.NET.Sdk.Razor\targets\Microsoft.NET.Sdk.Razor.GenerateAssemblyInfo.targets(36,5): message :       GetRazorTargetAssemblyAttributes;
       C:\Program Files\dotnet\sdk\9.0.304\Sdks\Microsoft.NET.Sdk.Razor\targets\Microsoft.NET.Sdk.Razor.GenerateAssemblyInfo.targets(36,5): message :       _CreateRazorTargetAssemblyInfoInputsCacheFile;
       C:\Program Files\dotnet\sdk\9.0.304\Sdks\Microsoft.NET.Sdk.Razor\targets\Microsoft.NET.Sdk.Razor.GenerateAssemblyInfo.targets(36,5): message :       CoreGenerateRazorTargetAssemblyInfo
       C:\Program Files\dotnet\sdk\9.0.304\Sdks\Microsoft.NET.Sdk.Razor\targets\Microsoft.NET.Sdk.Razor.GenerateAssemblyInfo.targets(36,5): message :     ") en C:\Program Files\dotnet\sdk\9.0.304\Sdks\Microsoft.NET.Sdk.Razor\targets\Microsoft.NET.Sdk.Razor.GenerateAssemblyInfo.targets (36,5)
       C:\Program Files\dotnet\sdk\9.0.304\Sdks\Microsoft.NET.Sdk.Razor\targets\Microsoft.NET.Sdk.Razor.GenerateAssemblyInfo.targets(181,5): message : Reasignaci├│n de propiedad: $(CoreCompileDependsOn)="
       C:\Program Files\dotnet\sdk\9.0.304\Sdks\Microsoft.NET.Sdk.Razor\targets\Microsoft.NET.Sdk.Razor.GenerateAssemblyInfo.targets(181,5): message :       ;_ComputeNonExistentFileProperty;ResolveCodeAnalysisRuleSet;
       C:\Program Files\dotnet\sdk\9.0.304\Sdks\Microsoft.NET.Sdk.Razor\targets\Microsoft.NET.Sdk.Razor.GenerateAssemblyInfo.targets(181,5): message :       _GenerateRazorAssemblyInfo
       C:\Program Files\dotnet\sdk\9.0.304\Sdks\Microsoft.NET.Sdk.Razor\targets\Microsoft.NET.Sdk.Razor.GenerateAssemblyInfo.targets(181,5): message :     " (valor anterior: ";_ComputeNonExistentFileProperty;ResolveCodeAnalysisRuleSet") en C:\Program Files\dotnet\sdk\9.0.304\Sdks\Microsoft.NET.Sdk.Razor\targets\Microsoft.NET.Sdk.Razor.GenerateAssemblyInfo.targets (181,5)
       C:\Program Files\dotnet\sdk\9.0.304\Sdks\Microsoft.NET.Sdk.Razor\targets\Microsoft.NET.Sdk.Razor.GenerateAssemblyInfo.targets(189,5): message : Reasignaci├│n de propiedad: $(_GenerateRazorAssemblyInfoDependsOn)="
       C:\Program Files\dotnet\sdk\9.0.304\Sdks\Microsoft.NET.Sdk.Razor\targets\Microsoft.NET.Sdk.Razor.GenerateAssemblyInfo.targets(189,5): message :       _ResolveMvcAssemblyAttributes;
       C:\Program Files\dotnet\sdk\9.0.304\Sdks\Microsoft.NET.Sdk.Razor\targets\Microsoft.NET.Sdk.Razor.GenerateAssemblyInfo.targets(189,5): message :       RazorGetAssemblyAttributes;PrepareForBuild;_CoreGenerateRazorAssemblyInfo;
       C:\Program Files\dotnet\sdk\9.0.304\Sdks\Microsoft.NET.Sdk.Razor\targets\Microsoft.NET.Sdk.Razor.GenerateAssemblyInfo.targets(189,5): message :     " (valor anterior: "RazorGetAssemblyAttributes;PrepareForBuild;_CoreGenerateRazorAssemblyInfo") en C:\Program Files\dotnet\sdk\9.0.304\Sdks\Microsoft.NET.Sdk.Razor\targets\Microsoft.NET.Sdk.Razor.GenerateAssemblyInfo.targets (189,5)
       C:\Program Files\dotnet\sdk\9.0.304\Sdks\Microsoft.NET.Sdk.Razor\targets\Microsoft.NET.Sdk.Razor.MvcApplicationPartsDiscovery.targets(22,5): message : Reasignaci├│n de propiedad: $(CoreCompileDependsOn)="
       C:\Program Files\dotnet\sdk\9.0.304\Sdks\Microsoft.NET.Sdk.Razor\targets\Microsoft.NET.Sdk.Razor.MvcApplicationPartsDiscovery.targets(22,5): message :       _DiscoverMvcApplicationParts;
       C:\Program Files\dotnet\sdk\9.0.304\Sdks\Microsoft.NET.Sdk.Razor\targets\Microsoft.NET.Sdk.Razor.MvcApplicationPartsDiscovery.targets(22,5): message :       
       C:\Program Files\dotnet\sdk\9.0.304\Sdks\Microsoft.NET.Sdk.Razor\targets\Microsoft.NET.Sdk.Razor.MvcApplicationPartsDiscovery.targets(22,5): message :       ;_ComputeNonExistentFileProperty;ResolveCodeAnalysisRuleSet;
       C:\Program Files\dotnet\sdk\9.0.304\Sdks\Microsoft.NET.Sdk.Razor\targets\Microsoft.NET.Sdk.Razor.MvcApplicationPartsDiscovery.targets(22,5): message :       _GenerateRazorAssemblyInfo
       C:\Program Files\dotnet\sdk\9.0.304\Sdks\Microsoft.NET.Sdk.Razor\targets\Microsoft.NET.Sdk.Razor.MvcApplicationPartsDiscovery.targets(22,5): message :     ;
       C:\Program Files\dotnet\sdk\9.0.304\Sdks\Microsoft.NET.Sdk.Razor\targets\Microsoft.NET.Sdk.Razor.MvcApplicationPartsDiscovery.targets(22,5): message :     " (valor anterior: "
       C:\Program Files\dotnet\sdk\9.0.304\Sdks\Microsoft.NET.Sdk.Razor\targets\Microsoft.NET.Sdk.Razor.MvcApplicationPartsDiscovery.targets(22,5): message :       ;_ComputeNonExistentFileProperty;ResolveCodeAnalysisRuleSet;
       C:\Program Files\dotnet\sdk\9.0.304\Sdks\Microsoft.NET.Sdk.Razor\targets\Microsoft.NET.Sdk.Razor.MvcApplicationPartsDiscovery.targets(22,5): message :       _GenerateRazorAssemblyInfo
       C:\Program Files\dotnet\sdk\9.0.304\Sdks\Microsoft.NET.Sdk.Razor\targets\Microsoft.NET.Sdk.Razor.MvcApplicationPartsDiscovery.targets(22,5): message :     ") en C:\Program Files\dotnet\sdk\9.0.304\Sdks\Microsoft.NET.Sdk.Razor\targets\Microsoft.NET.Sdk.Razor.MvcApplicationPartsDiscovery.targets (22,5)
       C:\Program Files\dotnet\sdk\9.0.304\Sdks\Microsoft.NET.Sdk.Razor\targets\Sdk.Razor.CurrentVersion.targets(791,5): message : Reasignaci├│n de propiedad: $(RazorDesignTimeTargets)="C:\Program Files\dotnet\sdk\9.0.304\Sdks\Microsoft.NET.Sdk.Razor\targets\Microsoft.NET.Sdk.Razor.DesignTime.targets" (valor anterior: "C:\Program Files\dotnet\sdk\9.0.304\\Microsoft\VisualStudio\Razor\Microsoft.NET.Sdk.Razor.DesignTime.targets") en C:\Program Files\dotnet\sdk\9.0.304\Sdks\Microsoft.NET.Sdk.Razor\targets\Sdk.Razor.CurrentVersion.targets (791,5)
       C:\Program Files\dotnet\sdk\9.0.304\Sdks\Microsoft.NET.Sdk.Web.ProjectSystem\targets\Microsoft.NET.Sdk.Web.ProjectSystem.targets(21,5): message : Reasignaci├│n de propiedad: $(RunWorkingDirectory)="C:\Users\PC\Downloads\Machly\Machly.Api" (valor anterior: "") en C:\Program Files\dotnet\sdk\9.0.304\Sdks\Microsoft.NET.Sdk.Web.ProjectSystem\targets\Microsoft.NET.Sdk.Web.ProjectSystem.targets (21,5)
       C:\Program Files\dotnet\sdk\9.0.304\Sdks\Microsoft.NET.Sdk.Publish\targets\Microsoft.NET.Sdk.Publish.targets(60,5): message : Reasignaci├│n de propiedad: $(PublishProfileImported)="true" (valor anterior: "false") en C:\Program Files\dotnet\sdk\9.0.304\Sdks\Microsoft.NET.Sdk.Publish\targets\Microsoft.NET.Sdk.Publish.targets (60,5)
       C:\Program Files\dotnet\sdk\9.0.304\Sdks\Microsoft.NET.Sdk.Publish\targets\Microsoft.NET.Sdk.Publish.targets(81,5): message : Reasignaci├│n de propiedad: $(PublishConfiguration)="Debug" (valor anterior: "") en C:\Program Files\dotnet\sdk\9.0.304\Sdks\Microsoft.NET.Sdk.Publish\targets\Microsoft.NET.Sdk.Publish.targets (81,5)
       C:\Program Files\dotnet\sdk\9.0.304\Sdks\Microsoft.NET.Sdk.Publish\targets\Microsoft.NET.Sdk.Publish.targets(87,5): message : Reasignaci├│n de propiedad: $(BaseIntermediateOutputPath)="C:\Users\PC\Downloads\Machly\Machly.Api\obj\" (valor anterior: "obj\") en C:\Program Files\dotnet\sdk\9.0.304\Sdks\Microsoft.NET.Sdk.Publish\targets\Microsoft.NET.Sdk.Publish.targets (87,5)
       Invalidando el destino "ResolveFrameworkReferences" del proyecto"C:\Program Files\dotnet\sdk\9.0.304\Microsoft.Common.CurrentVersion.targets" con el destino "ResolveFrameworkReferences" del proyecto "C:\Program Files\dotnet\sdk\9.0.304\Sdks\Microsoft.NET.Sdk\targets\Microsoft.NET.Sdk.FrameworkReferenceResolution.targets".
       Invalidando el destino "Run" del proyecto"C:\Program Files\dotnet\sdk\9.0.304\Microsoft.Common.CurrentVersion.targets" con el destino "Run" del proyecto "C:\Program Files\dotnet\sdk\9.0.304\Sdks\Microsoft.NET.Sdk\targets\Microsoft.NET.Sdk.targets".
       Invalidando el destino "GenerateSupportedTargetFrameworkAlias" del proyecto"C:\Program Files\dotnet\sdk\9.0.304\Microsoft.Common.CurrentVersion.targets" con el destino "GenerateSupportedTargetFrameworkAlias" del proyecto "C:\Program Files\dotnet\sdk\9.0.304\Sdks\Microsoft.NET.Sdk\targets\Microsoft.NET.Sdk.targets".
       Invalidando el destino "GetReferenceAssemblyPaths" del proyecto"C:\Program Files\dotnet\sdk\9.0.304\Microsoft.Common.CurrentVersion.targets" con el destino "GetReferenceAssemblyPaths" del proyecto "C:\Program Files\dotnet\sdk\9.0.304\Sdks\Microsoft.NET.Sdk\targets\Microsoft.NET.DisableStandardFrameworkResolution.targets".
       Invalidando el destino "GetFrameworkPaths" del proyecto"C:\Program Files\dotnet\sdk\9.0.304\Microsoft.Common.CurrentVersion.targets" con el destino "GetFrameworkPaths" del proyecto "C:\Program Files\dotnet\sdk\9.0.304\Sdks\Microsoft.NET.Sdk\targets\Microsoft.NET.DisableStandardFrameworkResolution.targets".
       Invalidando el destino "DesignerRuntimeImplementationProjectOutputGroup" del proyecto"C:\Program Files\dotnet\sdk\9.0.304\Microsoft.Common.CurrentVersion.targets" con el destino "DesignerRuntimeImplementationProjectOutputGroup" del proyecto "C:\Program Files\dotnet\sdk\9.0.304\Sdks\Microsoft.NET.Sdk\targets\Microsoft.NET.DesignerSupport.targets".
       Invalidando el destino "Publish" del proyecto"C:\Program Files\dotnet\sdk\9.0.304\Microsoft.Common.CurrentVersion.targets" con el destino "Publish" del proyecto "C:\Program Files\dotnet\sdk\9.0.304\Sdks\Microsoft.NET.Sdk\targets\Microsoft.NET.Publish.targets".
       Invalidando el destino "ResolveReadyToRunCompilers" del proyecto"C:\Program Files\dotnet\sdk\9.0.304\Sdks\Microsoft.NET.Sdk\targets\Microsoft.NET.CrossGen.targets" con el destino "ResolveReadyToRunCompilers" del proyecto "C:\Program Files\dotnet\sdk\9.0.304\Sdks\Microsoft.NET.Sdk\targets\Microsoft.NET.Publish.targets".
       Invalidando el destino "GetCopyToPublishDirectoryItems" del proyecto"C:\Program Files\dotnet\sdk\9.0.304\Microsoft.Common.CurrentVersion.targets" con el destino "GetCopyToPublishDirectoryItems" del proyecto "C:\Program Files\dotnet\sdk\9.0.304\Sdks\Microsoft.NET.Sdk\targets\Microsoft.NET.Publish.targets".
       Invalidando el destino "BeforePublish" del proyecto"C:\Program Files\dotnet\sdk\9.0.304\Microsoft.Common.CurrentVersion.targets" con el destino "BeforePublish" del proyecto "C:\Program Files\dotnet\sdk\9.0.304\Sdks\Microsoft.NET.Sdk.Publish\targets\Microsoft.NET.Sdk.Publish.targets".
       Invalidando el destino "AfterPublish" del proyecto"C:\Program Files\dotnet\sdk\9.0.304\Microsoft.Common.CurrentVersion.targets" con el destino "AfterPublish" del proyecto "C:\Program Files\dotnet\sdk\9.0.304\Sdks\Microsoft.NET.Sdk.Publish\targets\Microsoft.NET.Sdk.Publish.targets".
       El destino "ResolveNuGetPackageAssets" que aparece en un atributo AfterTargets en "C:\Users\PC\.nuget\packages\microsoft.extensions.options\8.0.0\buildTransitive\net6.0\Microsoft.Extensions.Options.targets (11,11)" no existe en el proyecto y se omitir├í.
       El destino "ResolveNuGetPackageAssets" que aparece en un atributo AfterTargets en "C:\Users\PC\.nuget\packages\microsoft.extensions.options\8.0.0\buildTransitive\net6.0\Microsoft.Extensions.Options.targets (23,11)" no existe en el proyecto y se omitir├í.
       El destino "CollectUpToDateCheckInputDesignTime" que aparece en un atributo BeforeTargets en "C:\Program Files\dotnet\sdk\9.0.304\Sdks\Microsoft.NET.Sdk.StaticWebAssets\targets\Microsoft.NET.Sdk.StaticWebAssets.ScopedCss.targets (171,5)" no existe en el proyecto y se omitir├í.
       El destino "CollectUpToDateCheckBuiltDesignTime" que aparece en un atributo BeforeTargets en "C:\Program Files\dotnet\sdk\9.0.304\Sdks\Microsoft.NET.Sdk.StaticWebAssets\targets\Microsoft.NET.Sdk.StaticWebAssets.ScopedCss.targets (171,5)" no existe en el proyecto y se omitir├í.
       El destino "RazorGenerateComponentDeclaration" que aparece en un atributo AfterTargets en "C:\Program Files\dotnet\sdk\9.0.304\Sdks\Microsoft.NET.Sdk.Razor\targets\Microsoft.NET.Sdk.Razor.DesignTime.targets (55,53)" no existe en el proyecto y se omitir├í.
   1:7>Proyecto "C:\Users\PC\Downloads\Machly\Machly.Api\Machly.Api.csproj" en nodo 1 (destinos predeterminados).
   1:7>Se omiti├│ el destino "_CheckForUnsupportedTargetFramework" debido a una condici├│n falsa (False); ('$(_UnsupportedTargetFrameworkError)' == 'true') se evalu├│ como ('' == 'true').
   1:7>Destino "_CollectTargetFrameworkForTelemetry" en el archivo "C:\Program Files\dotnet\sdk\9.0.304\Sdks\Microsoft.NET.Sdk\targets\Microsoft.NET.TargetFrameworkInference.targets" del proyecto "C:\Users\PC\Downloads\Machly\Machly.Api\Machly.Api.csproj" (el destino "_CheckForInvalidConfigurationAndPlatform" depende de ├®l):
       Usando la tarea "AllowEmptyTelemetry" del ensamblado "C:\Program Files\dotnet\sdk\9.0.304\Sdks\Microsoft.NET.Sdk\targets\..\tools\net9.0\Microsoft.NET.Build.Tasks.dll".
       Tarea "AllowEmptyTelemetry"
       Ejecuci├│n de la tarea "AllowEmptyTelemetry" terminada.
   1:7>Compilaci├│n terminada del destino "_CollectTargetFrameworkForTelemetry" en el proyecto "Machly.Api.csproj".
       Se omiti├│ el destino "_CheckForUnsupportedTargetPlatformIdentifier" debido a una condici├│n falsa (False); ('$(TargetPlatformIdentifier)' != '' and '$(TargetFrameworkIdentifier)' == '.NETCoreApp' and $([MSBuild]::VersionGreaterThanOrEquals($(TargetFrameworkVersion), 5.0)) And ('$(DesignTimeBuild)' != 'true' Or '@(MissingWorkloadPack)' == '')) se evalu├│ como ('' != '' and '.NETCoreApp' == '.NETCoreApp' and True And ('' != 'true' Or '' == '')).
       Se omiti├│ el destino "_CheckForMissingWorkload" debido a una condici├│n falsa (False); ('@(MissingWorkloadPack)' != '' And '$(DesignTimeBuild)' != 'true') se evalu├│ como ('' != '' And '' != 'true').
   1:7>Destino "_CheckForUnsupportedNETCoreVersion" en el archivo "C:\Program Files\dotnet\sdk\9.0.304\Sdks\Microsoft.NET.Sdk\targets\Microsoft.NET.TargetFrameworkInference.targets" del proyecto "C:\Users\PC\Downloads\Machly\Machly.Api\Machly.Api.csproj" (el destino "_CheckForInvalidConfigurationAndPlatform" depende de ├®l):
       Se omiti├│ la tarea "NETSdkError" debido a una condici├│n falsa (False); ('$(_TargetFrameworkVersionWithoutV)' > '$(NETCoreAppMaximumVersion)' and '$(DisplayVSMessage)' != 'true') se evalu├│ como ('8.0' > '9.0' and '' != 'true').
       Se omiti├│ la tarea "NETSdkError" debido a una condici├│n falsa (False); ('$(DisplayVSMessage)' == 'true') se evalu├│ como ('' == 'true').
   1:7>Compilaci├│n terminada del destino "_CheckForUnsupportedNETCoreVersion" en el proyecto "Machly.Api.csproj".
       Se omiti├│ el destino "_CheckForEolTargetFrameworks" debido a una condici├│n falsa (False); ('@(_EolNetCoreTargetFrameworkVersions->AnyHaveMetadataValue('Identity', '$(_TargetFrameworkVersionWithoutV)'))' and '$(TargetFrameworkIdentifier)' == '.NETCoreApp' and '$(CheckEolTargetFramework)' == 'true') se evalu├│ como ('false' and '.NETCoreApp' == '.NETCoreApp' and 'true' == 'true').
       Se omiti├│ el destino "_CheckForEolWorkloads" debido a una condici├│n falsa (False); ('@(EolWorkload)' != '' and '$(CheckEolWorkloads)' == 'true') se evalu├│ como ('' != '' and 'true' == 'true').
       Se omiti├│ el destino "_CheckForNotRecommendedNETStandardVersion" debido a una condici├│n falsa (False); ('$(TargetFrameworkIdentifier)' == '.NETStandard' and $([MSBuild]::VersionLessThan($(TargetFrameworkVersion), '2.0'))) se evalu├│ como ('.NETCoreApp' == '.NETStandard' and False).
   1:7>Destino "_CheckForUnsupportedCppNETCoreVersion" en el archivo "C:\Program Files\dotnet\sdk\9.0.304\Sdks\Microsoft.NET.Sdk\targets\Microsoft.NET.TargetFrameworkInference.targets" del proyecto "C:\Users\PC\Downloads\Machly\Machly.Api\Machly.Api.csproj" (el destino "_CheckForInvalidConfigurationAndPlatform" depende de ├®l):
       Se omiti├│ la tarea "NETSdkError" debido a una condici├│n falsa (False); ('$(TargetFrameworkIdentifier)' == '.NETCoreApp' and '$(_TargetFrameworkVersionWithoutV)' < '3.1' and ('$(Language)' == 'C++' and '$(_EnablePackageReferencesInVCProjects)' != 'true')) se evalu├│ como ('.NETCoreApp' == '.NETCoreApp' and '8.0' < '3.1' and ('C#' == 'C++' and '' != 'true')).
   1:7>Compilaci├│n terminada del destino "_CheckForUnsupportedCppNETCoreVersion" en el proyecto "Machly.Api.csproj".
       Se omiti├│ el destino "_CheckForUnsupportedNETStandardVersion" debido a una condici├│n falsa (False); ('$(TargetFrameworkIdentifier)' == '.NETStandard' And '$(NETStandardMaximumVersion)' != '') se evalu├│ como ('.NETCoreApp' == '.NETStandard' And '' != '').
       Se omiti├│ el destino "_CheckForUnsupportedTargetFrameworkAndFeatureCombination" debido a una condici├│n falsa (False); ('$(TargetFrameworkIdentifier)' == '.NETFramework') se evalu├│ como ('.NETCoreApp' == '.NETFramework').
       Se omiti├│ el destino "_CheckForSupportedOSPlatformVersionHigherThanTargetPlatformVersion" debido a una condici├│n falsa (False); ('$(TargetPlatformVersion)' != '' and '$(TargetFrameworkIdentifier)' == '.NETCoreApp' and $([MSBuild]::VersionGreaterThanOrEquals($(TargetFrameworkVersion), 5.0))) se evalu├│ como ('' != '' and '.NETCoreApp' == '.NETCoreApp' and True).
       Se omiti├│ el destino "_CheckForInvalidTargetPlatformVersion" debido a una condici├│n falsa (False); ('$(TargetPlatformVersion)' != '' and '$(TargetFrameworkIdentifier)' == '.NETCoreApp' and $([MSBuild]::VersionGreaterThanOrEquals($(TargetFrameworkVersion), 5.0)) and ('$(Language)' != 'C++' or '$(_EnablePackageReferencesInVCProjects)' == 'true')) se evalu├│ como ('' != '' and '.NETCoreApp' == '.NETCoreApp' and True and ('C#' != 'C++' or '' == 'true')).
   1:7>Destino "_CheckForUnsupportedArtifactsPath" en el archivo "C:\Program Files\dotnet\sdk\9.0.304\Sdks\Microsoft.NET.Sdk\targets\Microsoft.NET.DefaultOutputPaths.targets" del proyecto "C:\Users\PC\Downloads\Machly\Machly.Api\Machly.Api.csproj" (el destino "_CheckForInvalidConfigurationAndPlatform" depende de ├®l):
       Se omiti├│ la tarea "NetSdkError" debido a una condici├│n falsa (False); ('$(UseArtifactsOutput)' == 'true' and '$(_ArtifactsPathSetEarly)' != 'true') se evalu├│ como ('' == 'true' and '' != 'true').
       Se omiti├│ la tarea "NetSdkError" debido a una condici├│n falsa (False); ('$(_ArtifactsPathLocationType)' == 'ProjectFolder') se evalu├│ como ('' == 'ProjectFolder').
   1:7>Compilaci├│n terminada del destino "_CheckForUnsupportedArtifactsPath" en el proyecto "Machly.Api.csproj".
       Se omiti├│ el destino "_CheckForMissingWorkload" debido a una condici├│n falsa (False); ('@(MissingWorkloadPack)' != '' And '$(DesignTimeBuild)' != 'true') se evalu├│ como ('' != '' And '' != 'true').
   1:7>Destino "_CheckForUnsupportedAppHostUsage" en el archivo "C:\Program Files\dotnet\sdk\9.0.304\Sdks\Microsoft.NET.Sdk\targets\Microsoft.NET.RuntimeIdentifierInference.targets" del proyecto "C:\Users\PC\Downloads\Machly\Machly.Api\Machly.Api.csproj" (el destino "_CheckForInvalidConfigurationAndPlatform" depende de ├®l):
       Se omiti├│ la tarea "NETSdkError" debido a una condici├│n falsa (False); ('$(SelfContained)' == 'true' and '$(RuntimeIdentifier)' == '' and '$(AllowSelfContainedWithoutRuntimeIdentifier)' != 'true') se evalu├│ como ('false' == 'true' and '' == '' and '' != 'true').
       Se omiti├│ la tarea "NETSdkError" debido a una condici├│n falsa (False); ('$(PublishReadyToRun)' == 'true' and '$(RuntimeIdentifier)' == '' and '$(_IsPublishing)' == 'true') se evalu├│ como ('' == 'true' and '' == '' and '' == 'true').
       Se omiti├│ la tarea "NETSdkError" debido a una condici├│n falsa (False); ('$(PublishSingleFile)' == 'true' and '$(RuntimeIdentifier)' == '' and '$(_IsPublishing)' == 'true') se evalu├│ como ('' == 'true' and '' == '' and '' == 'true').
       Se omiti├│ la tarea "NETSdkError" debido a una condici├│n falsa (False); ('$(PublishAot)' == 'true' and '$(RuntimeIdentifier)' == '' and '$(_IsPublishing)' == 'true' and '$(AllowPublishAotWithoutRuntimeIdentifier)' != 'true') se evalu├│ como ('' == 'true' and '' == '' and '' == 'true' and '' != 'true').
       Se omiti├│ la tarea "NETSdkError" debido a una condici├│n falsa (False); ('$(PublishSelfContained)' != 'true' and '$(PublishSelfContained)' != 'false' and '$(PublishSelfContained)' != '') se evalu├│ como ('' != 'true' and '' != 'false' and '' != '').
       Se omiti├│ la tarea "NETSdkError" debido a una condici├│n falsa (False); ('$(SelfContained)' == 'true' and '$(UseAppHost)' != 'true' and '$(_RuntimeIdentifierUsesAppHost)' == 'true') se evalu├│ como ('false' == 'true' and 'true' != 'true' and 'true' == 'true').
       Se omiti├│ la tarea "NETSdkError" debido a una condici├│n falsa (False); ('$(SelfContained)' != 'true' and '$(UseAppHost)' == 'true' and '$(_TargetFrameworkVersionWithoutV)' < '2.1') se evalu├│ como ('false' != 'true' and 'true' == 'true' and '8.0' < '2.1').
       Se omiti├│ la tarea "NETSdkError" debido a una condici├│n falsa (False); ('$(PublishSingleFile)' == 'true' and '$(_TargetFrameworkVersionWithoutV)' < '3.0') se evalu├│ como ('' == 'true' and '8.0' < '3.0').
       Se omiti├│ la tarea "NETSdkWarning" debido a una condici├│n falsa (False); ('$(PublishReadyToRun)' == 'true' and '$(_TargetFrameworkVersionWithoutV)' < '3.0') se evalu├│ como ('' == 'true' and '8.0' < '3.0').
       Se omiti├│ la tarea "NETSdkWarning" debido a una condici├│n falsa (False); ('$(RuntimeIdentifier)' != '' and '$(_TargetFrameworkVersionWithoutV)' != '' and $([MSBuild]::VersionLessThan($(_TargetFrameworkVersionWithoutV), '8.0')) and '$(_SelfContainedWasSpecified)' != 'true') se evalu├│ como ('' != '' and '8.0' != '' and False and '' != 'true').
       Se omiti├│ la tarea "NetSdkError" debido a una condici├│n falsa (False); (('$(UseWindowsForms)' == 'true') and ('$(PublishTrimmed)' == 'true') and ('$(_SuppressWinFormsTrimError)' != 'true')) se evalu├│ como (('' == 'true') and ('' == 'true') and ('' != 'true')).
       Se omiti├│ la tarea "NetSdkError" debido a una condici├│n falsa (False); (('$(UseWpf)' == 'true') and ('$(PublishTrimmed)' == 'true') and ('$(_SuppressWpfTrimError)' != 'true')) se evalu├│ como (('' == 'true') and ('' == 'true') and ('' != 'true')).
   1:7>Compilaci├│n terminada del destino "_CheckForUnsupportedAppHostUsage" en el proyecto "Machly.Api.csproj".
   1:7>Destino "_CheckForUnsupportedHostingUsage" en el archivo "C:\Program Files\dotnet\sdk\9.0.304\Sdks\Microsoft.NET.Sdk\targets\Microsoft.NET.RuntimeIdentifierInference.targets" del proyecto "C:\Users\PC\Downloads\Machly\Machly.Api\Machly.Api.csproj" (el destino "_CheckForInvalidConfigurationAndPlatform" depende de ├®l):
       Se omiti├│ la tarea "NETSdkWarning" debido a una condici├│n falsa (False); ('$(SelfContained)' == 'true' and '$(EnableComHosting)' == 'true') se evalu├│ como ('false' == 'true' and '' == 'true').
   1:7>Compilaci├│n terminada del destino "_CheckForUnsupportedHostingUsage" en el proyecto "Machly.Api.csproj".
   1:7>Destino "_CheckAndUnsetUnsupportedPrefer32Bit" en el archivo "C:\Program Files\dotnet\sdk\9.0.304\Sdks\Microsoft.NET.Sdk\targets\Microsoft.NET.RuntimeIdentifierInference.targets" del proyecto "C:\Users\PC\Downloads\Machly\Machly.Api\Machly.Api.csproj" (el destino "_CheckForInvalidConfigurationAndPlatform" depende de ├®l):
       Se omiti├│ la tarea "NETSdkWarning" debido a una condici├│n falsa (False); ('$(Prefer32Bit)' == 'true') se evalu├│ como ('false' == 'true').
   1:7>Compilaci├│n terminada del destino "_CheckAndUnsetUnsupportedPrefer32Bit" en el proyecto "Machly.Api.csproj".
       Se omiti├│ el destino "_CheckAndUnsetUnsupportedPreferNativeArm64" debido a una condici├│n falsa (False); ('$(TargetFrameworkIdentifier)' == '.NETCoreApp' and '$(PreferNativeArm64)' == 'true') se evalu├│ como ('.NETCoreApp' == '.NETCoreApp' and 'false' == 'true').
       Se omiti├│ el destino "_CheckForMismatchingPlatform" debido a una condici├│n falsa (False); ('$(RuntimeIdentifier)' != '' and '$(PlatformTarget)' != '') se evalu├│ como ('' != '' and '' != '').
   1:7>Destino "_CheckForLanguageAndFeatureCombinationSupport" en el archivo "C:\Program Files\dotnet\sdk\9.0.304\Sdks\Microsoft.NET.Sdk\targets\Microsoft.NET.RuntimeIdentifierInference.targets" del proyecto "C:\Users\PC\Downloads\Machly\Machly.Api\Machly.Api.csproj" (el destino "_CheckForInvalidConfigurationAndPlatform" depende de ├®l):
       Se omiti├│ la tarea "NETSdkError" debido a una condici├│n falsa (False); (('$(Language)' == 'C++' and '$(_EnablePackageReferencesInVCProjects)' != 'true') and $(OutputType) != 'library' and '$(TargetFrameworkIdentifier)' == '.NETCoreApp') se evalu├│ como (('C#' == 'C++' and '' != 'true') and Exe != 'library' and '.NETCoreApp' == '.NETCoreApp').
       Se omiti├│ la tarea "NETSdkError" debido a una condici├│n falsa (False); (('$(Language)' == 'C++' and '$(_EnablePackageReferencesInVCProjects)' != 'true') and $(EnableComHosting) == 'true') se evalu├│ como (('C#' == 'C++' and '' != 'true') and  == 'true').
       Se omiti├│ la tarea "NETSdkError" debido a una condici├│n falsa (False); (('$(Language)' == 'C++' and '$(_EnablePackageReferencesInVCProjects)' != 'true') and $(SelfContained) == 'true') se evalu├│ como (('C#' == 'C++' and '' != 'true') and false == 'true').
   1:7>Compilaci├│n terminada del destino "_CheckForLanguageAndFeatureCombinationSupport" en el proyecto "Machly.Api.csproj".
       Se omiti├│ el destino "_CheckForNETCoreSdkIsPreview" debido a una condici├│n falsa (False); ( '$(_NETCoreSdkIsPreview)' == 'true' AND '$(SuppressNETCoreSdkPreviewMessage)' != 'true' ) se evalu├│ como ( 'false' == 'true' AND '' != 'true' ).
   1:7>Destino "_GetProjectJsonPath" en el archivo "C:\Program Files\dotnet\sdk\9.0.304\NuGet.targets" del proyecto "C:\Users\PC\Downloads\Machly\Machly.Api\Machly.Api.csproj" (el destino "_GetRestoreProjectStyle" depende de ├®l):
       Se omiti├│ la tarea "GetRestoreProjectJsonPathTask" debido a una condici├│n falsa (False); ( '$(RestoreProjectStyle)' == 'ProjectJson' OR '$(RestoreProjectStyle)' == '' ) se evalu├│ como ( 'PackageReference' == 'ProjectJson' OR 'PackageReference' == '' ).
   1:7>Compilaci├│n terminada del destino "_GetProjectJsonPath" en el proyecto "Machly.Api.csproj".
       Se omiti├│ el destino "_CheckForUnsupportedTargetPlatformIdentifier" debido a una condici├│n falsa (False); ('$(TargetPlatformIdentifier)' != '' and '$(TargetFrameworkIdentifier)' == '.NETCoreApp' and $([MSBuild]::VersionGreaterThanOrEquals($(TargetFrameworkVersion), 5.0)) And ('$(DesignTimeBuild)' != 'true' Or '@(MissingWorkloadPack)' == '')) se evalu├│ como ('' != '' and '.NETCoreApp' == '.NETCoreApp' and True And ('' != 'true' Or '' == '')).
       Se omiti├│ el destino "_CheckForMissingWorkload" debido a una condici├│n falsa (False); ('@(MissingWorkloadPack)' != '' And '$(DesignTimeBuild)' != 'true') se evalu├│ como ('' != '' And '' != 'true').
       Se omiti├│ el destino "_CheckForNotRecommendedNETStandardVersion" debido a una condici├│n falsa (False); ('$(TargetFrameworkIdentifier)' == '.NETStandard' and $([MSBuild]::VersionLessThan($(TargetFrameworkVersion), '2.0'))) se evalu├│ como ('.NETCoreApp' == '.NETStandard' and False).
       Se omiti├│ el destino "_CheckForUnsupportedNETStandardVersion" debido a una condici├│n falsa (False); ('$(TargetFrameworkIdentifier)' == '.NETStandard' And '$(NETStandardMaximumVersion)' != '') se evalu├│ como ('.NETCoreApp' == '.NETStandard' And '' != '').
       Se omiti├│ el destino "_CheckForUnsupportedTargetFrameworkAndFeatureCombination" debido a una condici├│n falsa (False); ('$(TargetFrameworkIdentifier)' == '.NETFramework') se evalu├│ como ('.NETCoreApp' == '.NETFramework').
   1:7>Destino "UpdateAspNetToFrameworkReference" en el archivo "C:\Program Files\dotnet\sdk\9.0.304\Sdks\Microsoft.NET.Sdk\targets\Microsoft.NET.Sdk.DefaultItems.Shared.targets" del proyecto "C:\Users\PC\Downloads\Machly\Machly.Api\Machly.Api.csproj" (el destino "ApplyImplicitVersions" depende de ├®l):
       Usando la tarea "CheckIfPackageReferenceShouldBeFrameworkReference" del ensamblado "C:\Program Files\dotnet\sdk\9.0.304\Sdks\Microsoft.NET.Sdk\targets\..\tools\net9.0\Microsoft.NET.Build.Tasks.dll".
       Tarea "CheckIfPackageReferenceShouldBeFrameworkReference"
       Ejecuci├│n de la tarea "CheckIfPackageReferenceShouldBeFrameworkReference" terminada.
       Se omiti├│ la tarea "NETSdkError" debido a una condici├│n falsa (False); ('$(_ShouldRemoveAspNetCoreAll)' == 'true') se evalu├│ como ('False' == 'true').
       Tarea "CheckIfPackageReferenceShouldBeFrameworkReference"
       Ejecuci├│n de la tarea "CheckIfPackageReferenceShouldBeFrameworkReference" terminada.
       Se omiti├│ la tarea "NETSdkWarning" debido a una condici├│n falsa (False); ('$(_ShouldRemoveAspNetCoreApp)' == 'true') se evalu├│ como ('False' == 'true').
   1:7>Compilaci├│n terminada del destino "UpdateAspNetToFrameworkReference" en el proyecto "Machly.Api.csproj".
       Se omiti├│ el destino "IncludeTargetingPackReference" debido a una condici├│n falsa (False); ('$(TargetFrameworkMoniker)' != '' and '$(TargetFrameworkIdentifier)' == '.NETFramework' and '$(AutomaticallyUseReferenceAssemblyPackages)' == 'true') se evalu├│ como ('.NETCoreApp,Version=v8.0' != '' and '.NETCoreApp' == '.NETFramework' and 'true' == 'true').
   1:7>Destino "CheckForImplicitPackageReferenceOverrides" en el archivo "C:\Program Files\dotnet\sdk\9.0.304\Sdks\Microsoft.NET.Sdk\targets\Microsoft.NET.Sdk.DefaultItems.Shared.targets" del proyecto "C:\Users\PC\Downloads\Machly\Machly.Api\Machly.Api.csproj" (el destino "ApplyImplicitVersions" depende de ├®l):
       Usando la tarea "CheckForImplicitPackageReferenceOverrides" del ensamblado "C:\Program Files\dotnet\sdk\9.0.304\Sdks\Microsoft.NET.Sdk\targets\..\tools\net9.0\Microsoft.NET.Build.Tasks.dll".
       Tarea "CheckForImplicitPackageReferenceOverrides"
       Ejecuci├│n de la tarea "CheckForImplicitPackageReferenceOverrides" terminada.
   1:7>Compilaci├│n terminada del destino "CheckForImplicitPackageReferenceOverrides" en el proyecto "Machly.Api.csproj".
   1:7>Destino "ApplyImplicitVersions" en el archivo "C:\Program Files\dotnet\sdk\9.0.304\Sdks\Microsoft.NET.Sdk\targets\Microsoft.NET.Sdk.DefaultItems.Shared.targets" del proyecto "C:\Users\PC\Downloads\Machly\Machly.Api\Machly.Api.csproj" (el destino "CollectPackageReferences" depende de ├®l):
       Usando la tarea "ApplyImplicitVersions" del ensamblado "C:\Program Files\dotnet\sdk\9.0.304\Sdks\Microsoft.NET.Sdk\targets\..\tools\net9.0\Microsoft.NET.Build.Tasks.dll".
       Tarea "ApplyImplicitVersions"
       Ejecuci├│n de la tarea "ApplyImplicitVersions" terminada.
   1:7>Compilaci├│n terminada del destino "ApplyImplicitVersions" en el proyecto "Machly.Api.csproj".
       Se omiti├│ el destino "CheckForImplicitPackageReferenceOverrides". Compilado previamente de forma correcta.
       Se omiti├│ el destino "AddWindowsSdkKnownFrameworkReferences" debido a una condici├│n falsa (False); ('$(TargetFrameworkIdentifier)' == '.NETCoreApp' And '$(TargetPlatformIdentifier)' == 'Windows'
                            And ('$(Language)' != 'C++' Or '$(IncludeWindowsSDKRefFrameworkReferences)' == 'true')) se evalu├│ como ('.NETCoreApp' == '.NETCoreApp' And '' == 'Windows'
                            And ('C#' != 'C++' Or '' == 'true')).
       Se omiti├│ el destino "_NormalizeTargetPlatformVersion" debido a una condici├│n falsa (False); ('$(TargetPlatformVersion)' != '' and '$(TargetFrameworkIdentifier)' == '.NETCoreApp' and $([MSBuild]::VersionGreaterThanOrEquals($(TargetFrameworkVersion), 5.0)) and ('$(Language)' != 'C++' or '$(_EnablePackageReferencesInVCProjects)' == 'true')) se evalu├│ como ('' != '' and '.NETCoreApp' == '.NETCoreApp' and True and ('C#' != 'C++' or '' == 'true')).
   1:7>Destino "_ComputeToolPackInputsToProcessFrameworkReferences" en el archivo "C:\Program Files\dotnet\sdk\9.0.304\Sdks\Microsoft.NET.Sdk\targets\Microsoft.NET.Publish.targets" del proyecto "C:\Users\PC\Downloads\Machly\Machly.Api\Machly.Api.csproj" (el destino "ProcessFrameworkReferences" depende de ├®l):
   1:7>Compilaci├│n terminada del destino "_ComputeToolPackInputsToProcessFrameworkReferences" en el proyecto "Machly.Api.csproj".
   1:7>Destino "ProcessFrameworkReferences" en el archivo "C:\Program Files\dotnet\sdk\9.0.304\Sdks\Microsoft.NET.Sdk\targets\Microsoft.NET.Sdk.FrameworkReferenceResolution.targets" del proyecto "C:\Users\PC\Downloads\Machly\Machly.Api\Machly.Api.csproj" (el destino "CollectPackageReferences" depende de ├®l):
       Usando la tarea "CheckForDuplicateFrameworkReferences" del ensamblado "C:\Program Files\dotnet\sdk\9.0.304\Sdks\Microsoft.NET.Sdk\targets\..\tools\net9.0\Microsoft.NET.Build.Tasks.dll".
       Tarea "CheckForDuplicateFrameworkReferences"
       Ejecuci├│n de la tarea "CheckForDuplicateFrameworkReferences" terminada.
       Usando la tarea "ProcessFrameworkReferences" del ensamblado "C:\Program Files\dotnet\sdk\9.0.304\Sdks\Microsoft.NET.Sdk\targets\..\tools\net9.0\Microsoft.NET.Build.Tasks.dll".
       Tarea "ProcessFrameworkReferences"
       Ejecuci├│n de la tarea "ProcessFrameworkReferences" terminada.
       Usando la tarea "ResolveAppHosts" del ensamblado "C:\Program Files\dotnet\sdk\9.0.304\Sdks\Microsoft.NET.Sdk\targets\..\tools\net9.0\Microsoft.NET.Build.Tasks.dll".
       Tarea "ResolveAppHosts"
       Ejecuci├│n de la tarea "ResolveAppHosts" terminada.
   1:7>Compilaci├│n terminada del destino "ProcessFrameworkReferences" en el proyecto "Machly.Api.csproj".
       Se omiti├│ el destino "IncludeTargetingPackReference" debido a una condici├│n falsa (False); ('$(TargetFrameworkMoniker)' != '' and '$(TargetFrameworkIdentifier)' == '.NETFramework' and '$(AutomaticallyUseReferenceAssemblyPackages)' == 'true') se evalu├│ como ('.NETCoreApp,Version=v8.0' != '' and '.NETCoreApp' == '.NETFramework' and 'true' == 'true').
       Se omiti├│ el destino "_CheckMicrosoftNetCompilersToolsetFrameworkPackageReference" debido a una condici├│n falsa (False); ('$(MSBuildRuntimeType)' == 'Full') se evalu├│ como ('Core' == 'Full').
   1:7>Destino "_CheckForObsoleteDotNetCliToolReferences" en el archivo "C:\Program Files\dotnet\sdk\9.0.304\Sdks\Microsoft.NET.Sdk\targets\Microsoft.NET.ObsoleteReferences.targets" del proyecto "C:\Users\PC\Downloads\Machly\Machly.Api\Machly.Api.csproj" (el destino "CollectPackageReferences" depende de ├®l):
       Se omiti├│ la tarea "NETSdkWarning" debido a una condici├│n falsa (False); ( '%(_ReferenceToObsoleteDotNetCliTool.Identity)' != '' ) se evalu├│ como ( '' != '' ).
   1:7>Compilaci├│n terminada del destino "_CheckForObsoleteDotNetCliToolReferences" en el proyecto "Machly.Api.csproj".
   1:7>Destino "CollectPackageReferences" en el archivo "C:\Program Files\dotnet\sdk\9.0.304\NuGet.targets" del proyecto "C:\Users\PC\Downloads\Machly\Machly.Api\Machly.Api.csproj" (el destino "_GetRestoreProjectStyle" depende de ├®l):
       Usando la tarea "CheckForDuplicateNuGetItemsTask" del ensamblado "C:\Program Files\dotnet\sdk\9.0.304\NuGet.Build.Tasks.dll".
       Tarea "CheckForDuplicateNuGetItemsTask"
       Ejecuci├│n de la tarea "CheckForDuplicateNuGetItemsTask" terminada.
   1:7>Compilaci├│n terminada del destino "CollectPackageReferences" en el proyecto "Machly.Api.csproj".
   1:7>Destino "_GetRestoreProjectStyle" en el archivo "C:\Program Files\dotnet\sdk\9.0.304\NuGet.targets" del proyecto "C:\Users\PC\Downloads\Machly\Machly.Api\Machly.Api.csproj" (el destino "EnableIntermediateOutputPathMismatchWarning" depende de ├®l):
       Usando la tarea "GetRestoreProjectStyleTask" del ensamblado "C:\Program Files\dotnet\sdk\9.0.304\NuGet.Build.Tasks.dll".
       Tarea "GetRestoreProjectStyleTask"
       Ejecuci├│n de la tarea "GetRestoreProjectStyleTask" terminada.
   1:7>Compilaci├│n terminada del destino "_GetRestoreProjectStyle" en el proyecto "Machly.Api.csproj".
   1:7>Destino "EnableIntermediateOutputPathMismatchWarning" en el archivo "C:\Program Files\dotnet\sdk\9.0.304\NuGet.targets" del proyecto "C:\Users\PC\Downloads\Machly\Machly.Api\Machly.Api.csproj" (el destino "_CheckForInvalidConfigurationAndPlatform" depende de ├®l):
   1:7>Compilaci├│n terminada del destino "EnableIntermediateOutputPathMismatchWarning" en el proyecto "Machly.Api.csproj".
       Se omiti├│ el destino "ApplyImplicitVersions". Compilado previamente de forma correcta.
       Se omiti├│ el destino "CheckForImplicitPackageReferenceOverrides". Compilado previamente de forma correcta.
   1:7>Destino "CheckForDuplicateItems" en el archivo "C:\Program Files\dotnet\sdk\9.0.304\Sdks\Microsoft.NET.Sdk\targets\Microsoft.NET.Sdk.DefaultItems.Shared.targets" del proyecto "C:\Users\PC\Downloads\Machly\Machly.Api\Machly.Api.csproj" (el destino "_CheckForInvalidConfigurationAndPlatform" depende de ├®l):
       Usando la tarea "CheckForDuplicateItems" del ensamblado "C:\Program Files\dotnet\sdk\9.0.304\Sdks\Microsoft.NET.Sdk\targets\..\tools\net9.0\Microsoft.NET.Build.Tasks.dll".
       Tarea "CheckForDuplicateItems"
       Ejecuci├│n de la tarea "CheckForDuplicateItems" terminada.
       Tarea "CheckForDuplicateItems"
       Ejecuci├│n de la tarea "CheckForDuplicateItems" terminada.
       Tarea "CheckForDuplicateItems"
       Ejecuci├│n de la tarea "CheckForDuplicateItems" terminada.
   1:7>Compilaci├│n terminada del destino "CheckForDuplicateItems" en el proyecto "Machly.Api.csproj".
       Se omiti├│ el destino "WarnForExplicitVersions" debido a una condici├│n falsa (False); ('@(SdkBuildWarning)' != '') se evalu├│ como ('' != '').
       Se omiti├│ el destino "_CheckForFailedSDKResolution" debido a una condici├│n falsa (False); ('$(SdkResolverHonoredGlobalJson)' == 'false') se evalu├│ como ('' == 'false').
       Se omiti├│ el destino "_WarnWhenUsingNET9AndVSPriorTo1712" debido a una condici├│n falsa (False); ($([MSBuild]::VersionLessThan($(MSBuildVersion), '17.12.0')) and '$(TargetFrameworkIdentifier)' == '.NETCoreApp' and $([MSBuild]::VersionGreaterThanOrEquals($(_TargetFrameworkVersionWithoutV), '9.0'))) se evalu├│ como (False and '.NETCoreApp' == '.NETCoreApp' and False).
       Se omiti├│ el destino "_CheckForInvalidWindowsDesktopTargetingConfiguration" debido a una condici├│n falsa (False); ('$(TargetFrameworkIdentifier)' == '.NETCoreApp' and $([MSBuild]::VersionGreaterThanOrEquals($(_TargetFrameworkVersionWithoutV), '5.0')) and ('$(UseWindowsForms)' == 'true' or '$(UseWPF)' == 'true')) se evalu├│ como ('.NETCoreApp' == '.NETCoreApp' and True and ('' == 'true' or '' == 'true')).
       Se omiti├│ el destino "_CheckForUnnecessaryWindowsDesktopSDK" debido a una condici├│n falsa (False); ('$(TargetFrameworkIdentifier)' == '.NETCoreApp' and $([MSBuild]::VersionGreaterThanOrEquals($(_TargetFrameworkVersionWithoutV), '5.0')) and '$(_MicrosoftWindowsDesktopSdkImported)' == 'true' and '$(TargetFrameworks)' == '') se evalu├│ como ('.NETCoreApp' == '.NETCoreApp' and True and '' == 'true' and '' == '').
       Se omiti├│ el destino "ProcessFrameworkReferences". Compilado previamente de forma correcta.
       Se omiti├│ el destino "IncludeTargetingPackReference" debido a una condici├│n falsa (False); ('$(TargetFrameworkMoniker)' != '' and '$(TargetFrameworkIdentifier)' == '.NETFramework' and '$(AutomaticallyUseReferenceAssemblyPackages)' == 'true') se evalu├│ como ('.NETCoreApp,Version=v8.0' != '' and '.NETCoreApp' == '.NETFramework' and 'true' == 'true').
   1:7>Destino "_CheckForInvalidConfigurationAndPlatform" en el archivo "C:\Program Files\dotnet\sdk\9.0.304\Microsoft.Common.CurrentVersion.targets" del proyecto "C:\Users\PC\Downloads\Machly\Machly.Api\Machly.Api.csproj" (el destino "BeforeBuild" depende de ├®l):
       Se omiti├│ la tarea "MSBuildInternalMessage" debido a una condici├│n falsa (False); ('$(_InvalidConfigurationMessageSeverity)' != '') se evalu├│ como ('' != '').
       Tarea "Message"
         Configuration=Debug
       Ejecuci├│n de la tarea "Message" terminada.
       Tarea "Message"
         Platform=AnyCPU
       Ejecuci├│n de la tarea "Message" terminada.
       Se omiti├│ la tarea "MSBuildInternalMessage" debido a una condici├│n falsa (False); ('$(OutDir)' != '' and !HasTrailingSlash('$(OutDir)')) se evalu├│ como ('bin\Debug\net8.0\' != '' and !HasTrailingSlash('bin\Debug\net8.0\')).
       Se omiti├│ la tarea "MSBuildInternalMessage" debido a una condici├│n falsa (False); ('$(IntermediateOutputPath)' != '' and !HasTrailingSlash('$(IntermediateOutputPath)')) se evalu├│ como ('obj\Debug\net8.0\' != '' and !HasTrailingSlash('obj\Debug\net8.0\')).
       Se omiti├│ la tarea "MSBuildInternalMessage" debido a una condici├│n falsa (False); ('$(BaseIntermediateOutputPath)' != '' and !HasTrailingSlash('$(BaseIntermediateOutputPath)')) se evalu├│ como ('C:\Users\PC\Downloads\Machly\Machly.Api\obj\' != '' and !HasTrailingSlash('C:\Users\PC\Downloads\Machly\Machly.Api\obj\')).
       Se omiti├│ la tarea "MSBuildInternalMessage" debido a una condici├│n falsa (False); ( '$(Prefer32Bit)' == 'true' and '$(PreferNativeArm64)' == 'true' ) se evalu├│ como ( 'false' == 'true' and 'false' == 'true' ).
       Se omiti├│ la tarea "MSBuildInternalMessage" debido a una condici├│n falsa (False); ( '$(NoWin32Manifest)' == 'true' and '$(PreferNativeArm64)' == 'true' ) se evalu├│ como ( '' == 'true' and 'false' == 'true' ).
       Se omiti├│ la tarea "MSBuildInternalMessage" debido a una condici├│n falsa (False); ( '$(PreferNativeArm64)' == 'true' and '$(Platform)' != 'AnyCPU' ) se evalu├│ como ( 'false' == 'true' and 'AnyCPU' != 'AnyCPU' ).
       Se omiti├│ la tarea "MSBuildInternalMessage" debido a una condici├│n falsa (False); ( '$(_InitialMSBuildProjectExtensionsPath)' != '' And '$(MSBuildProjectExtensionsPath)' != '$(_InitialMSBuildProjectExtensionsPath)' ) se evalu├│ como ( 'C:\Users\PC\Downloads\Machly\Machly.Api\obj\' != '' And 'C:\Users\PC\Downloads\Machly\Machly.Api\obj\' != 'C:\Users\PC\Downloads\Machly\Machly.Api\obj\' ).
       Se omiti├│ la tarea "MSBuildInternalMessage" debido a una condici├│n falsa (False); ( '$(EnableBaseIntermediateOutputPathMismatchWarning)' == 'true' And '$(_InitialBaseIntermediateOutputPath)' != '$(BaseIntermediateOutputPath)' And '$(BaseIntermediateOutputPath)' != '$(MSBuildProjectExtensionsPath)' ) se evalu├│ como ( 'true' == 'true' And 'obj\' != 'C:\Users\PC\Downloads\Machly\Machly.Api\obj\' And 'C:\Users\PC\Downloads\Machly\Machly.Api\obj\' != 'C:\Users\PC\Downloads\Machly\Machly.Api\obj\' ).
   1:7>Compilaci├│n terminada del destino "_CheckForInvalidConfigurationAndPlatform" en el proyecto "Machly.Api.csproj".
   1:7>Destino "ValidateCommandLineProperties" en el archivo "C:\Program Files\dotnet\sdk\9.0.304\Sdks\Microsoft.NET.Sdk\targets\Microsoft.NET.Sdk.targets" del proyecto "C:\Users\PC\Downloads\Machly\Machly.Api\Machly.Api.csproj" (el destino "BeforeBuild" depende de ├®l):
   1:7>Compilaci├│n terminada del destino "ValidateCommandLineProperties" en el proyecto "Machly.Api.csproj".
   1:7>Destino "BeforeBuild" en el archivo "C:\Program Files\dotnet\sdk\9.0.304\Microsoft.Common.CurrentVersion.targets" del proyecto "C:\Users\PC\Downloads\Machly\Machly.Api\Machly.Api.csproj" (el destino "Build" depende de ├®l):
   1:7>Compilaci├│n terminada del destino "BeforeBuild" en el proyecto "Machly.Api.csproj".
       Se omiti├│ el destino "_CheckForBuildWithNoBuild" debido a una condici├│n falsa (False); ('$(NoBuild)' == 'true' and '$(GeneratePackageOnBuild)' != 'true') se evalu├│ como ('' == 'true' and 'false' != 'true').
   1:7>Destino "BuildOnlySettings" en el archivo "C:\Program Files\dotnet\sdk\9.0.304\Microsoft.Common.CurrentVersion.targets" del proyecto "C:\Users\PC\Downloads\Machly\Machly.Api\Machly.Api.csproj" (el destino "CoreBuild" depende de ├®l):
       C:\Program Files\dotnet\sdk\9.0.304\Microsoft.Common.CurrentVersion.targets(1168,7): message : Reasignaci├│n de propiedad: $(BuildingProject)="true" (valor anterior: "false") en C:\Program Files\dotnet\sdk\9.0.304\Microsoft.Common.CurrentVersion.targets (1168,7) [C:\Users\PC\Downloads\Machly\Machly.Api\Machly.Api.csproj]
   1:7>Compilaci├│n terminada del destino "BuildOnlySettings" en el proyecto "Machly.Api.csproj".
       Se omiti├│ el destino "_CheckForUnsupportedTargetFramework" debido a una condici├│n falsa (False); ('$(_UnsupportedTargetFrameworkError)' == 'true') se evalu├│ como ('' == 'true').
       Se omiti├│ el destino "_CheckForUnsupportedTargetPlatformIdentifier" debido a una condici├│n falsa (False); ('$(TargetPlatformIdentifier)' != '' and '$(TargetFrameworkIdentifier)' == '.NETCoreApp' and $([MSBuild]::VersionGreaterThanOrEquals($(TargetFrameworkVersion), 5.0)) And ('$(DesignTimeBuild)' != 'true' Or '@(MissingWorkloadPack)' == '')) se evalu├│ como ('' != '' and '.NETCoreApp' == '.NETCoreApp' and True And ('' != 'true' Or '' == '')).
       Se omiti├│ el destino "_CheckForMissingWorkload" debido a una condici├│n falsa (False); ('@(MissingWorkloadPack)' != '' And '$(DesignTimeBuild)' != 'true') se evalu├│ como ('' != '' And '' != 'true').
   1:7>Destino "GetFrameworkPaths" en el archivo "C:\Program Files\dotnet\sdk\9.0.304\Sdks\Microsoft.NET.Sdk\targets\Microsoft.NET.DisableStandardFrameworkResolution.targets" del proyecto "C:\Users\PC\Downloads\Machly\Machly.Api\Machly.Api.csproj" (el destino "PrepareForBuild" depende de ├®l):
   1:7>Compilaci├│n terminada del destino "GetFrameworkPaths" en el proyecto "Machly.Api.csproj".
       Se omiti├│ el destino "_CheckForUnsupportedTargetFramework" debido a una condici├│n falsa (False); ('$(_UnsupportedTargetFrameworkError)' == 'true') se evalu├│ como ('' == 'true').
       Se omiti├│ el destino "_CheckForUnsupportedTargetPlatformIdentifier" debido a una condici├│n falsa (False); ('$(TargetPlatformIdentifier)' != '' and '$(TargetFrameworkIdentifier)' == '.NETCoreApp' and $([MSBuild]::VersionGreaterThanOrEquals($(TargetFrameworkVersion), 5.0)) And ('$(DesignTimeBuild)' != 'true' Or '@(MissingWorkloadPack)' == '')) se evalu├│ como ('' != '' and '.NETCoreApp' == '.NETCoreApp' and True And ('' != 'true' Or '' == '')).
       Se omiti├│ el destino "_CheckForMissingWorkload" debido a una condici├│n falsa (False); ('@(MissingWorkloadPack)' != '' And '$(DesignTimeBuild)' != 'true') se evalu├│ como ('' != '' And '' != 'true').
   1:7>Destino "GetReferenceAssemblyPaths" en el archivo "C:\Program Files\dotnet\sdk\9.0.304\Sdks\Microsoft.NET.Sdk\targets\Microsoft.NET.DisableStandardFrameworkResolution.targets" del proyecto "C:\Users\PC\Downloads\Machly\Machly.Api\Machly.Api.csproj" (el destino "PrepareForBuild" depende de ├®l):
   1:7>Compilaci├│n terminada del destino "GetReferenceAssemblyPaths" en el proyecto "Machly.Api.csproj".
       Se omiti├│ el destino "AssignLinkMetadata" debido a una condici├│n falsa (False); ( '$(SynthesizeLinkMetadata)' == 'true' ) se evalu├│ como ( '' == 'true' ).
   1:7>Destino "ResolveRazorGenerateInputs" en el archivo "C:\Program Files\dotnet\sdk\9.0.304\Sdks\Microsoft.NET.Sdk.Razor\targets\Sdk.Razor.CurrentVersion.targets" del proyecto "C:\Users\PC\Downloads\Machly\Machly.Api\Machly.Api.csproj" (el destino "PrepareForBuild" depende de ├®l):
   1:7>Compilaci├│n terminada del destino "ResolveRazorGenerateInputs" en el proyecto "Machly.Api.csproj".
       Se omiti├│ el destino "_VerifyPackReleaseConfigurations" debido a una condici├│n falsa (False); ('$(_IsPacking)' == 'true' and '$(DOTNET_CLI_DISABLE_PUBLISH_AND_PACK_RELEASE)' != 'true' and '$(DOTNET_CLI_LAZY_PUBLISH_AND_PACK_RELEASE_FOR_SOLUTIONS)' == 'true') se evalu├│ como ('' == 'true' and '' != 'true' and '' == 'true').
   1:7>Destino "PrepareForBuild" en el archivo "C:\Program Files\dotnet\sdk\9.0.304\Microsoft.Common.CurrentVersion.targets" del proyecto "C:\Users\PC\Downloads\Machly\Machly.Api\Machly.Api.csproj" (el destino "CoreBuild" depende de ├®l):
       Usando la tarea "FindAppConfigFile" del ensamblado "Microsoft.Build.Tasks.Core, Version=15.1.0.0, Culture=neutral, PublicKeyToken=b03f5f7f11d50a3a".
       Tarea "FindAppConfigFile"
       Ejecuci├│n de la tarea "FindAppConfigFile" terminada.
       Usando la tarea "MakeDir" del ensamblado "Microsoft.Build.Tasks.Core, Version=15.1.0.0, Culture=neutral, PublicKeyToken=b03f5f7f11d50a3a".
       Tarea "MakeDir"
       Ejecuci├│n de la tarea "MakeDir" terminada.
   1:7>Compilaci├│n terminada del destino "PrepareForBuild" en el proyecto "Machly.Api.csproj".
       Se omiti├│ el destino "GenerateTargetPlatformDefineConstants" debido a una condici├│n falsa (False); ( '$(DisableImplicitFrameworkDefines)' != 'true' and '$(TargetPlatformIdentifier)' != '' and '$(TargetFrameworkIdentifier)' == '.NETCoreApp' and $([MSBuild]::VersionGreaterThanOrEquals($(TargetFrameworkVersion), 5.0)) ) se evalu├│ como ( '' != 'true' and '' != '' and '.NETCoreApp' == '.NETCoreApp' and True ).
   1:7>Destino "GenerateNETCompatibleDefineConstants" en el archivo "C:\Program Files\dotnet\sdk\9.0.304\Sdks\Microsoft.NET.Sdk\targets\Microsoft.NET.Sdk.BeforeCommon.targets" del proyecto "C:\Users\PC\Downloads\Machly\Machly.Api\Machly.Api.csproj" (el destino "AddImplicitDefineConstants" depende de ├®l):
   1:7>Compilaci├│n terminada del destino "GenerateNETCompatibleDefineConstants" en el proyecto "Machly.Api.csproj".
       Se omiti├│ el destino "GeneratePlatformCompatibleDefineConstants" debido a una condici├│n falsa (False); ( '$(DisableImplicitFrameworkDefines)' != 'true' and '$(TargetPlatformIdentifier)' != '' and '$(TargetFrameworkIdentifier)' == '.NETCoreApp' and $([MSBuild]::VersionGreaterThanOrEquals($(TargetFrameworkVersion), 5.0)) ) se evalu├│ como ( '' != 'true' and '' != '' and '.NETCoreApp' == '.NETCoreApp' and True ).
       Se omiti├│ el destino "_DisableDiagnosticTracing" debido a una condici├│n falsa (False); ('$(DisableDiagnosticTracing)' == 'true') se evalu├│ como ('' == 'true').
   1:7>Destino "AddImplicitDefineConstants" en el archivo "C:\Program Files\dotnet\sdk\9.0.304\Sdks\Microsoft.NET.Sdk\targets\Microsoft.NET.Sdk.BeforeCommon.targets" del proyecto "C:\Users\PC\Downloads\Machly\Machly.Api\Machly.Api.csproj" (el destino "CoreBuild" depende de ├®l):
       C:\Program Files\dotnet\sdk\9.0.304\Sdks\Microsoft.NET.Sdk\targets\Microsoft.NET.Sdk.BeforeCommon.targets(267,7): message : Reasignaci├│n de propiedad: $(DefineConstants)="TRACE;DEBUG;NET;NET8_0;NETCOREAPP;NET5_0_OR_GREATER;NET6_0_OR_GREATER;NET7_0_OR_GREATER;NET8_0_OR_GREATER;NETCOREAPP1_0_OR_GREATER;NETCOREAPP1_1_OR_GREATER;NETCOREAPP2_0_OR_GREATER;NETCOREAPP2_1_OR_GREATER;NETCOREAPP2_2_OR_GREATER;NETCOREAPP3_0_OR_GREATER;NETCOREAPP3_1_OR_GREATER" (valor anterior: "TRACE;DEBUG;NET;NET8_0;NETCOREAPP") en C:\Program Files\dotnet\sdk\9.0.304\Sdks\Microsoft.NET.Sdk\targets\Microsoft.NET.Sdk.BeforeCommon.targets (267,7) [C:\Users\PC\Downloads\Machly\Machly.Api\Machly.Api.csproj]
   1:7>Compilaci├│n terminada del destino "AddImplicitDefineConstants" en el proyecto "Machly.Api.csproj".
   1:7>Destino "GenerateGlobalUsings" en el archivo "C:\Program Files\dotnet\sdk\9.0.304\Sdks\Microsoft.NET.Sdk\targets\Microsoft.NET.GenerateGlobalUsings.targets" del proyecto "C:\Users\PC\Downloads\Machly\Machly.Api\Machly.Api.csproj" (el destino "CoreBuild" depende de ├®l):
       Usando la tarea "GenerateGlobalUsings" del ensamblado "C:\Program Files\dotnet\sdk\9.0.304\Sdks\Microsoft.NET.Sdk\targets\..\tools\net9.0\Microsoft.NET.Build.Tasks.dll".
       Tarea "GenerateGlobalUsings"
       Ejecuci├│n de la tarea "GenerateGlobalUsings" terminada.
       Usando la tarea "WriteLinesToFile" del ensamblado "Microsoft.Build.Tasks.Core, Version=15.1.0.0, Culture=neutral, PublicKeyToken=b03f5f7f11d50a3a".
       Tarea "WriteLinesToFile"
         Omitiendo la escritura en el archivo "obj\Debug\net8.0\Machly.Api.GlobalUsings.g.cs" porque el contenido no cambiar├í.
       Ejecuci├│n de la tarea "WriteLinesToFile" terminada.
   1:7>Compilaci├│n terminada del destino "GenerateGlobalUsings" en el proyecto "Machly.Api.csproj".
       Se omiti├│ el destino "PreBuildEvent" debido a una condici├│n falsa (False); ('$(PreBuildEvent)'!='') se evalu├│ como (''!='').
   1:7>Destino "BeforeResolveReferences" en el archivo "C:\Program Files\dotnet\sdk\9.0.304\Microsoft.Common.CurrentVersion.targets" del proyecto "C:\Users\PC\Downloads\Machly\Machly.Api\Machly.Api.csproj" (el destino "ResolveReferences" depende de ├®l):
   1:7>Compilaci├│n terminada del destino "BeforeResolveReferences" en el proyecto "Machly.Api.csproj".
       Se omiti├│ el destino "AssignProjectConfiguration" debido a una condici├│n falsa (False); ('$(CurrentSolutionConfigurationContents)' != '' or '@(ProjectReference)'!='') se evalu├│ como ('' != '' or ''!='').
   1:7>Destino "IgnoreJavaScriptOutputAssembly" en el archivo "C:\Program Files\dotnet\sdk\9.0.304\Microsoft.Common.CurrentVersion.targets" del proyecto "C:\Users\PC\Downloads\Machly\Machly.Api\Machly.Api.csproj" (el destino "AssignProjectConfiguration" depende de ├®l):
   1:7>Compilaci├│n terminada del destino "IgnoreJavaScriptOutputAssembly" en el proyecto "Machly.Api.csproj".
       Se omiti├│ el destino "ProcessFrameworkReferences". Compilado previamente de forma correcta.
   1:7>Destino "_DefaultMicrosoftNETPlatformLibrary" en el archivo "C:\Program Files\dotnet\sdk\9.0.304\Sdks\Microsoft.NET.Sdk\targets\Microsoft.NET.Sdk.Shared.targets" del proyecto "C:\Users\PC\Downloads\Machly\Machly.Api\Machly.Api.csproj" (el destino "ResolvePackageAssets" depende de ├®l):
   1:7>Compilaci├│n terminada del destino "_DefaultMicrosoftNETPlatformLibrary" en el proyecto "Machly.Api.csproj".
   1:7>Destino "_ComputePackageReferencePublish" en el archivo "C:\Program Files\dotnet\sdk\9.0.304\Sdks\Microsoft.NET.Sdk\targets\Microsoft.NET.Sdk.Shared.targets" del proyecto "C:\Users\PC\Downloads\Machly\Machly.Api\Machly.Api.csproj" (el destino "ResolvePackageAssets" depende de ├®l):
   1:7>Compilaci├│n terminada del destino "_ComputePackageReferencePublish" en el proyecto "Machly.Api.csproj".
       Se omiti├│ el destino "_ResolveCompilerVersion" debido a una condici├│n falsa (False); ('$(CompilerApiVersion)' == '' And
                            ('$(Language)' == 'C#' Or '$(Language)' == 'VB') And
                            Exists('$(RoslynTargetsPath)\Microsoft.Build.Tasks.CodeAnalysis.dll')) se evalu├│ como ('roslyn4.14' == '' And
                            ('C#' == 'C#' Or 'C#' == 'VB') And
                            Exists('C:\Program Files\dotnet\sdk\9.0.304\Roslyn\Microsoft.Build.Tasks.CodeAnalysis.dll')).
   1:7>Destino "ResolvePackageAssets" en el archivo "C:\Program Files\dotnet\sdk\9.0.304\Sdks\Microsoft.NET.Sdk\targets\Microsoft.PackageDependencyResolution.targets" del proyecto "C:\Users\PC\Downloads\Machly\Machly.Api\Machly.Api.csproj" (el destino "ResolveLockFileReferences" depende de ├®l):
       Usando la tarea "ResolvePackageAssets" del ensamblado "C:\Program Files\dotnet\sdk\9.0.304\Sdks\Microsoft.NET.Sdk\targets\..\tools\net9.0\Microsoft.NET.Build.Tasks.dll".
       Tarea "ResolvePackageAssets"
       Ejecuci├│n de la tarea "ResolvePackageAssets" terminada.
   1:7>Compilaci├│n terminada del destino "ResolvePackageAssets" en el proyecto "Machly.Api.csproj".
       Se omiti├│ el destino "AdjustDefaultPlatformTargetForNetFrameworkExeWithNoNativeCopyLocalItems" debido a una condici├│n falsa (False); ('$(_UsingDefaultPlatformTarget)' == 'true' and
                            '$(_UsingDefaultRuntimeIdentifier)' == 'true') se evalu├│ como ('true' == 'true' and
                            '' == 'true').
   1:7>Destino "_CheckForTransitiveWindowsDesktopDependencies" en el archivo "C:\Program Files\dotnet\sdk\9.0.304\Sdks\Microsoft.NET.Sdk\targets\Microsoft.NET.Sdk.DefaultItems.Shared.targets" del proyecto "C:\Users\PC\Downloads\Machly\Machly.Api\Machly.Api.csproj" (el destino "ResolveLockFileReferences" depende de ├®l):
       Se omiti├│ la tarea "NetSdkError" debido a una condici├│n falsa (False); ('@(_WindowsDesktopTransitiveFrameworkReference)' != '') se evalu├│ como ('' != '').
   1:7>Compilaci├│n terminada del destino "_CheckForTransitiveWindowsDesktopDependencies" en el proyecto "Machly.Api.csproj".
   1:7>Destino "AddTransitiveFrameworkReferences" en el archivo "C:\Program Files\dotnet\sdk\9.0.304\Sdks\Microsoft.NET.Sdk\targets\Microsoft.NET.Sdk.FrameworkReferenceResolution.targets" del proyecto "C:\Users\PC\Downloads\Machly\Machly.Api\Machly.Api.csproj" (el destino "ResolveLockFileReferences" depende de ├®l):
   1:7>Compilaci├│n terminada del destino "AddTransitiveFrameworkReferences" en el proyecto "Machly.Api.csproj".
   1:7>Destino "ResolveLockFileReferences" en el archivo "C:\Program Files\dotnet\sdk\9.0.304\Sdks\Microsoft.NET.Sdk\targets\Microsoft.PackageDependencyResolution.targets" del proyecto "C:\Users\PC\Downloads\Machly\Machly.Api\Machly.Api.csproj" (el destino "ResolvePackageDependenciesForBuild" depende de ├®l):
       Usando la tarea "JoinItems" del ensamblado "C:\Program Files\dotnet\sdk\9.0.304\Sdks\Microsoft.NET.Sdk\targets\..\tools\net9.0\Microsoft.NET.Build.Tasks.dll".
       Tarea "JoinItems"
       Ejecuci├│n de la tarea "JoinItems" terminada.
   1:7>Compilaci├│n terminada del destino "ResolveLockFileReferences" en el proyecto "Machly.Api.csproj".
       Se omiti├│ el destino "ResolvePackageAssets". Compilado previamente de forma correcta.
   1:7>Destino "ResolveLockFileAnalyzers" en el archivo "C:\Program Files\dotnet\sdk\9.0.304\Sdks\Microsoft.NET.Sdk\targets\Microsoft.PackageDependencyResolution.targets" del proyecto "C:\Users\PC\Downloads\Machly\Machly.Api\Machly.Api.csproj" (el destino "ResolvePackageDependenciesForBuild" depende de ├®l):
   1:7>Compilaci├│n terminada del destino "ResolveLockFileAnalyzers" en el proyecto "Machly.Api.csproj".
       Se omiti├│ el destino "ResolvePackageAssets". Compilado previamente de forma correcta.
       Se omiti├│ el destino "RunProduceContentAssets" debido a una condici├│n falsa (False); ('@(_ContentFilesToPreprocess)' != '' and '$(_CleaningWithoutRebuilding)' != 'true') se evalu├│ como ('' != '' and '' != 'true').
   1:7>Destino "ResolveLockFileCopyLocalFiles" en el archivo "C:\Program Files\dotnet\sdk\9.0.304\Sdks\Microsoft.NET.Sdk\targets\Microsoft.PackageDependencyResolution.targets" del proyecto "C:\Users\PC\Downloads\Machly\Machly.Api\Machly.Api.csproj" (el destino "ResolvePackageDependenciesForBuild" depende de ├®l):
   1:7>Compilaci├│n terminada del destino "ResolveLockFileCopyLocalFiles" en el proyecto "Machly.Api.csproj".
       Se omiti├│ el destino "ResolveRuntimePackAssets" debido a una condici├│n falsa (False); ('@(RuntimePack)' != '') se evalu├│ como ('' != '').
       Se omiti├│ el destino "RunProduceContentAssets" debido a una condici├│n falsa (False); ('@(_ContentFilesToPreprocess)' != '' and '$(_CleaningWithoutRebuilding)' != 'true') se evalu├│ como ('' != '' and '' != 'true').
       Se omiti├│ el destino "ResolvePackageAssets". Compilado previamente de forma correcta.
   1:7>Destino "IncludeTransitiveProjectReferences" en el archivo "C:\Program Files\dotnet\sdk\9.0.304\Sdks\Microsoft.NET.Sdk\targets\Microsoft.PackageDependencyResolution.targets" del proyecto "C:\Users\PC\Downloads\Machly\Machly.Api\Machly.Api.csproj" (el destino "ResolvePackageDependenciesForBuild" depende de ├®l):
   1:7>Compilaci├│n terminada del destino "IncludeTransitiveProjectReferences" en el proyecto "Machly.Api.csproj".
   1:7>Destino "ResolvePackageDependenciesForBuild" en el archivo "C:\Program Files\dotnet\sdk\9.0.304\Sdks\Microsoft.NET.Sdk\targets\Microsoft.PackageDependencyResolution.targets" del proyecto "C:\Users\PC\Downloads\Machly\Machly.Api\Machly.Api.csproj" (el destino "AssignProjectConfiguration" depende de ├®l):
   1:7>Compilaci├│n terminada del destino "ResolvePackageDependenciesForBuild" en el proyecto "Machly.Api.csproj".
       Se omiti├│ el destino "_Microsoft_Extensions_OptionsAnalyzerMultiTargeting" debido a una condici├│n falsa (False); ('$(SupportsRoslynComponentVersioning)' != 'true') se evalu├│ como ('true' != 'true').
       Se omiti├│ el destino "_Microsoft_Extensions_OptionsRemoveAnalyzers" debido a una condici├│n falsa (False); ('$(DisableMicrosoftExtensionsOptionsSourceGenerator)' == 'true') se evalu├│ como ('' == 'true').
       Se omiti├│ el destino "AssignProjectConfiguration" debido a una condici├│n falsa (False); ('$(CurrentSolutionConfigurationContents)' != '' or '@(ProjectReference)'!='') se evalu├│ como ('' != '' or ''!='').
   1:7>Destino "_SplitProjectReferencesByFileExistence" en el archivo "C:\Program Files\dotnet\sdk\9.0.304\Microsoft.Common.CurrentVersion.targets" del proyecto "C:\Users\PC\Downloads\Machly\Machly.Api\Machly.Api.csproj" (el destino "PrepareProjectReferences" depende de ├®l):
       Se omiti├│ la tarea "ResolveNonMSBuildProjectOutput" debido a una condici├│n falsa (False); ('$(BuildingInsideVisualStudio)'=='true' and '@(ProjectReferenceWithConfiguration)'!='') se evalu├│ como (''=='true' and ''!='').
   1:7>Compilaci├│n terminada del destino "_SplitProjectReferencesByFileExistence" en el proyecto "Machly.Api.csproj".
   1:7>Destino "_AddOutputPathToGlobalPropertiesToRemove" en el archivo "C:\Program Files\dotnet\sdk\9.0.304\Microsoft.Common.CurrentVersion.targets" del proyecto "C:\Users\PC\Downloads\Machly\Machly.Api\Machly.Api.csproj" (el destino "_GetProjectReferenceTargetFrameworkProperties" depende de ├®l):
   1:7>Compilaci├│n terminada del destino "_AddOutputPathToGlobalPropertiesToRemove" en el proyecto "Machly.Api.csproj".
   1:7>Destino "_GetProjectReferenceTargetFrameworkProperties" en el archivo "C:\Program Files\dotnet\sdk\9.0.304\Microsoft.Common.CurrentVersion.targets" del proyecto "C:\Users\PC\Downloads\Machly\Machly.Api\Machly.Api.csproj" (el destino "PrepareProjectReferences" depende de ├®l):
       Tarea "MSBuild"
       Ejecuci├│n de la tarea "MSBuild" terminada.
       Se omiti├│ la tarea "MSBuild" debido a una condici├│n falsa (False); ('%(_MSBuildProjectReferenceExistent.SkipGetTargetFrameworkProperties)' != 'true' and '$(EnableDynamicPlatformResolution)' == 'true') se evalu├│ como ('' != 'true' and '' == 'true').
       Se omiti├│ la tarea "GetReferenceNearestTargetFrameworkTask" debido a una condici├│n falsa (False); ('@(_ProjectReferenceTargetFrameworkPossibilities)' != '' and '$(ReferringTargetFrameworkForProjectReferences)' != ''
                                                               And '$(GetReferenceNearestTargetFrameworkTaskSupportsTargetPlatformParameter)' == 'true' and '%(_ProjectReferenceTargetFrameworkPossibilities.IsVcxOrNativeProj)' != 'true') se evalu├│ como ('' != '' and '.NETCoreApp,Version=v8.0' != ''
                                                               And 'true' == 'true' and '' != 'true').
       Se omiti├│ la tarea "GetReferenceNearestTargetFrameworkTask" debido a una condici├│n falsa (False); ('@(_ProjectReferenceTargetFrameworkPossibilities)' != '' and '$(ReferringTargetFrameworkForProjectReferences)' != ''
                                                               And '$(GetReferenceNearestTargetFrameworkTaskSupportsTargetPlatformParameter)' != 'true' and '%(_ProjectReferenceTargetFrameworkPossibilities.IsVcxOrNativeProj)' != 'true') se evalu├│ como ('' != '' and '.NETCoreApp,Version=v8.0' != ''
                                                               And 'true' != 'true' and '' != 'true').
       Usando la tarea "SetRidAgnosticValueForProjects" del ensamblado "Microsoft.Build.Tasks.Core, Version=15.1.0.0, Culture=neutral, PublicKeyToken=b03f5f7f11d50a3a".
       Tarea "SetRidAgnosticValueForProjects"
       Ejecuci├│n de la tarea "SetRidAgnosticValueForProjects" terminada.
   1:7>Compilaci├│n terminada del destino "_GetProjectReferenceTargetFrameworkProperties" en el proyecto "Machly.Api.csproj".
   1:7>Destino "ValidateExecutableReferences" en el archivo "C:\Program Files\dotnet\sdk\9.0.304\Sdks\Microsoft.NET.Sdk\targets\Microsoft.NET.Sdk.targets" del proyecto "C:\Users\PC\Downloads\Machly\Machly.Api\Machly.Api.csproj" (el destino "PrepareProjectReferences" depende de ├®l):
       Usando la tarea "ValidateExecutableReferences" del ensamblado "C:\Program Files\dotnet\sdk\9.0.304\Sdks\Microsoft.NET.Sdk\targets\..\tools\net9.0\Microsoft.NET.Build.Tasks.dll".
       Tarea "ValidateExecutableReferences"
       Ejecuci├│n de la tarea "ValidateExecutableReferences" terminada.
   1:7>Compilaci├│n terminada del destino "ValidateExecutableReferences" en el proyecto "Machly.Api.csproj".
       Se omiti├│ el destino "_GetProjectReferencePlatformProperties" debido a una condici├│n falsa (False); ('$(EnableDynamicPlatformResolution)' == 'true'
                            and '@(_MSBuildProjectReferenceExistent)' != '') se evalu├│ como ('' == 'true'
                            and '' != '').
   1:7>Destino "PrepareProjectReferences" en el archivo "C:\Program Files\dotnet\sdk\9.0.304\Microsoft.Common.CurrentVersion.targets" del proyecto "C:\Users\PC\Downloads\Machly\Machly.Api\Machly.Api.csproj" (el destino "ResolveProjectReferences" depende de ├®l):
   1:7>Compilaci├│n terminada del destino "PrepareProjectReferences" en el proyecto "Machly.Api.csproj".
   1:7>Destino "ResolveProjectReferences" en el archivo "C:\Program Files\dotnet\sdk\9.0.304\Microsoft.Common.CurrentVersion.targets" del proyecto "C:\Users\PC\Downloads\Machly\Machly.Api\Machly.Api.csproj" (el destino "ResolveReferences" depende de ├®l):
       Se omiti├│ la tarea "MSBuild" debido a una condici├│n falsa (False); ('%(_MSBuildProjectReferenceExistent.BuildReference)' == 'true' and '@(ProjectReferenceWithConfiguration)' != '' and ('$(BuildingInsideVisualStudio)' == 'true' or '$(BuildProjectReferences)' != 'true') and '$(VisualStudioVersion)' != '10.0' and '@(_MSBuildProjectReferenceExistent)' != '') se evalu├│ como ('' == 'true' and '' != '' and ('' == 'true' or 'true' != 'true') and '17.0' != '10.0' and '' != '').
       Se omiti├│ la tarea "MSBuild" debido a una condici├│n falsa (False); ('%(_MSBuildProjectReferenceExistent.BuildReference)' == 'true' and '@(ProjectReferenceWithConfiguration)' != '' and '$(BuildingInsideVisualStudio)' != 'true' and '$(BuildProjectReferences)' == 'true' and '@(_MSBuildProjectReferenceExistent)' != '') se evalu├│ como ('' == 'true' and '' != '' and '' != 'true' and 'true' == 'true' and '' != '').
       Se omiti├│ la tarea "MSBuild" debido a una condici├│n falsa (False); ('%(_MSBuildProjectReferenceExistent.BuildReference)' == 'true' and '@(ProjectReferenceWithConfiguration)' != '' and '$(BuildingProject)' == 'true' and '@(_MSBuildProjectReferenceExistent)' != '') se evalu├│ como ('' == 'true' and '' != '' and 'true' == 'true' and '' != '').
       Se omiti├│ la tarea "MSBuildInternalMessage" debido a una condici├│n falsa (False); ('$(_NonExistentProjectReferenceSeverity)' != '') se evalu├│ como ('' != '').
   1:7>Compilaci├│n terminada del destino "ResolveProjectReferences" en el proyecto "Machly.Api.csproj".
       Se omiti├│ el destino "FindInvalidProjectReferences" debido a una condici├│n falsa (False); ('$(FindInvalidProjectReferences)' == 'true') se evalu├│ como ('' == 'true').
       Se omiti├│ el destino "ResolveNativeReferences" debido a una condici├│n falsa (False); ('@(NativeReference)'!='') se evalu├│ como (''!='').
       Se omiti├│ el destino "ResolveProjectReferences". Compilado previamente de forma correcta.
       Se omiti├│ el destino "FindInvalidProjectReferences" debido a una condici├│n falsa (False); ('$(FindInvalidProjectReferences)' == 'true') se evalu├│ como ('' == 'true').
       Se omiti├│ el destino "GetFrameworkPaths". Compilado previamente de forma correcta.
       Se omiti├│ el destino "GetReferenceAssemblyPaths". Compilado previamente de forma correcta.
       Se omiti├│ el destino "PrepareForBuild". Compilado previamente de forma correcta.
       Se omiti├│ el destino "GetInstalledSDKLocations" debido a una condici├│n falsa (False); ('@(SDKReference)' != '') se evalu├│ como ('' != '').
   1:7>Destino "ResolveSDKReferences" en el archivo "C:\Program Files\dotnet\sdk\9.0.304\Microsoft.Common.CurrentVersion.targets" del proyecto "C:\Users\PC\Downloads\Machly\Machly.Api\Machly.Api.csproj" (el destino "ResolveAssemblyReferences" depende de ├®l):
       Se omiti├│ la tarea "ResolveSDKReference" debido a una condici├│n falsa (False); ('@(SDKReference)'!='') se evalu├│ como (''!='').
   1:7>Compilaci├│n terminada del destino "ResolveSDKReferences" en el proyecto "Machly.Api.csproj".
       Se omiti├│ el destino "ResolveSDKReferences". Compilado previamente de forma correcta.
   1:7>Destino "ExpandSDKReferences" en el archivo "C:\Program Files\dotnet\sdk\9.0.304\Microsoft.Common.CurrentVersion.targets" del proyecto "C:\Users\PC\Downloads\Machly\Machly.Api\Machly.Api.csproj" (el destino "ResolveAssemblyReferences" depende de ├®l):
       Se omiti├│ la tarea "GetSDKReferenceFiles" debido a una condici├│n falsa (False); ('@(ResolvedSDKReference)'!='') se evalu├│ como (''!='').
   1:7>Compilaci├│n terminada del destino "ExpandSDKReferences" en el proyecto "Machly.Api.csproj".
       Se omiti├│ el destino "ResolvePackageDependenciesForBuild". Compilado previamente de forma correcta.
       Se omiti├│ el destino "GetFrameworkPaths". Compilado previamente de forma correcta.
       Se omiti├│ el destino "GetReferenceAssemblyPaths". Compilado previamente de forma correcta.
       Se omiti├│ el destino "ProcessFrameworkReferences". Compilado previamente de forma correcta.
       Se omiti├│ el destino "ResolvePackageAssets". Compilado previamente de forma correcta.
   1:7>Destino "ResolveFrameworkReferences" en el archivo "C:\Program Files\dotnet\sdk\9.0.304\Sdks\Microsoft.NET.Sdk\targets\Microsoft.NET.Sdk.FrameworkReferenceResolution.targets" del proyecto "C:\Users\PC\Downloads\Machly\Machly.Api\Machly.Api.csproj" (el destino "ResolveTargetingPackAssets" depende de ├®l):
       Usando la tarea "GetPackageDirectory" del ensamblado "C:\Program Files\dotnet\sdk\9.0.304\Sdks\Microsoft.NET.Sdk\targets\..\tools\net9.0\Microsoft.NET.Build.Tasks.dll".
       Tarea "GetPackageDirectory"
       Ejecuci├│n de la tarea "GetPackageDirectory" terminada.
       Tarea "GetPackageDirectory"
       Ejecuci├│n de la tarea "GetPackageDirectory" terminada.
       Tarea "GetPackageDirectory"
       Ejecuci├│n de la tarea "GetPackageDirectory" terminada.
       Tarea "GetPackageDirectory"
       Ejecuci├│n de la tarea "GetPackageDirectory" terminada.
       Tarea "GetPackageDirectory"
       Ejecuci├│n de la tarea "GetPackageDirectory" terminada.
       Tarea "GetPackageDirectory"
       Ejecuci├│n de la tarea "GetPackageDirectory" terminada.
       Tarea "GetPackageDirectory"
       Ejecuci├│n de la tarea "GetPackageDirectory" terminada.
       Tarea "GetPackageDirectory"
       Ejecuci├│n de la tarea "GetPackageDirectory" terminada.
       Tarea "GetPackageDirectory"
       Ejecuci├│n de la tarea "GetPackageDirectory" terminada.
       Tarea "GetPackageDirectory"
       Ejecuci├│n de la tarea "GetPackageDirectory" terminada.
       Usando la tarea "ResolveFrameworkReferences" del ensamblado "C:\Program Files\dotnet\sdk\9.0.304\Sdks\Microsoft.NET.Sdk\targets\..\tools\net9.0\Microsoft.NET.Build.Tasks.dll".
       Tarea "ResolveFrameworkReferences"
       Ejecuci├│n de la tarea "ResolveFrameworkReferences" terminada.
   1:7>Compilaci├│n terminada del destino "ResolveFrameworkReferences" en el proyecto "Machly.Api.csproj".
   1:7>Destino "ResolveTargetingPackAssets" en el archivo "C:\Program Files\dotnet\sdk\9.0.304\Sdks\Microsoft.NET.Sdk\targets\Microsoft.NET.Sdk.FrameworkReferenceResolution.targets" del proyecto "C:\Users\PC\Downloads\Machly\Machly.Api\Machly.Api.csproj" (el destino "_HandlePackageFileConflicts" depende de ├®l):
       Usando la tarea "ResolveTargetingPackAssets" del ensamblado "C:\Program Files\dotnet\sdk\9.0.304\Sdks\Microsoft.NET.Sdk\targets\..\tools\net9.0\Microsoft.NET.Build.Tasks.dll".
       Tarea "ResolveTargetingPackAssets"
       Ejecuci├│n de la tarea "ResolveTargetingPackAssets" terminada.
   1:7>Compilaci├│n terminada del destino "ResolveTargetingPackAssets" en el proyecto "Machly.Api.csproj".
   1:7>Destino "ResolveOffByDefaultAnalyzers" en el archivo "C:\Program Files\dotnet\sdk\9.0.304\Sdks\Microsoft.NET.Sdk\targets\Microsoft.NET.Sdk.FrameworkReferenceResolution.targets" del proyecto "C:\Users\PC\Downloads\Machly\Machly.Api\Machly.Api.csproj" (el destino "_HandlePackageFileConflicts" depende de ├®l):
   1:7>Compilaci├│n terminada del destino "ResolveOffByDefaultAnalyzers" en el proyecto "Machly.Api.csproj".
   1:7>Destino "_HandlePackageFileConflicts" en el archivo "C:\Program Files\dotnet\sdk\9.0.304\Sdks\Microsoft.NET.Sdk\targets\Microsoft.NET.ConflictResolution.targets" del proyecto "C:\Users\PC\Downloads\Machly\Machly.Api\Machly.Api.csproj" (el destino "ResolveAssemblyReferences" depende de ├®l):
       Usando la tarea "ResolvePackageFileConflicts" del ensamblado "C:\Program Files\dotnet\sdk\9.0.304\Sdks\Microsoft.NET.Sdk\targets\..\tools\net9.0\Microsoft.NET.Build.Tasks.dll".
       Tarea "ResolvePackageFileConflicts"
         Se encontr├│ un conflicto entre "Reference:C:\Users\PC\.nuget\packages\microsoft.win32.registry\5.0.0\ref\netstandard2.0\Microsoft.Win32.Registry.dll" y "Reference:C:\Program Files\dotnet\packs\Microsoft.NETCore.App.Ref\8.0.19\ref/net8.0/Microsoft.Win32.Registry.dll". Se elegir├í "Reference:C:\Program Files\dotnet\packs\Microsoft.NETCore.App.Ref\8.0.19\ref/net8.0/Microsoft.Win32.Registry.dll" porque AssemblyVersion "8.0.0.0" es mayor que "5.0.0.0".
         Se encontr├│ un conflicto entre "Reference:C:\Users\PC\.nuget\packages\system.runtime.compilerservices.unsafe\5.0.0\ref\netstandard2.1\System.Runtime.CompilerServices.Unsafe.dll" y "Reference:C:\Program Files\dotnet\packs\Microsoft.NETCore.App.Ref\8.0.19\ref/net8.0/System.Runtime.CompilerServices.Unsafe.dll". Se elegir├í "Reference:C:\Program Files\dotnet\packs\Microsoft.NETCore.App.Ref\8.0.19\ref/net8.0/System.Runtime.CompilerServices.Unsafe.dll" porque AssemblyVersion "8.0.0.0" es mayor que "5.0.0.0".
         Se encontr├│ un conflicto entre "Reference:C:\Users\PC\.nuget\packages\system.security.accesscontrol\5.0.0\ref\netstandard2.0\System.Security.AccessControl.dll" y "Reference:C:\Program Files\dotnet\packs\Microsoft.NETCore.App.Ref\8.0.19\ref/net8.0/System.Security.AccessControl.dll". Se elegir├í "Reference:C:\Program Files\dotnet\packs\Microsoft.NETCore.App.Ref\8.0.19\ref/net8.0/System.Security.AccessControl.dll" porque AssemblyVersion "8.0.0.0" es mayor que "5.0.0.0".
         Se encontr├│ un conflicto entre "Reference:C:\Users\PC\.nuget\packages\system.security.principal.windows\5.0.0\ref\netcoreapp3.0\System.Security.Principal.Windows.dll" y "Reference:C:\Program Files\dotnet\packs\Microsoft.NETCore.App.Ref\8.0.19\ref/net8.0/System.Security.Principal.Windows.dll". Se elegir├í "Reference:C:\Program Files\dotnet\packs\Microsoft.NETCore.App.Ref\8.0.19\ref/net8.0/System.Security.Principal.Windows.dll" porque AssemblyVersion "8.0.0.0" es mayor que "5.0.0.0".
         Se encontr├│ un conflicto entre "Platform:Microsoft.Win32.Registry.dll" y "CopyLocal:C:\Users\PC\.nuget\packages\microsoft.win32.registry\5.0.0\lib\netstandard2.0\Microsoft.Win32.Registry.dll". Se elegir├í "Platform:Microsoft.Win32.Registry.dll" porque AssemblyVersion "8.0.0.0" es mayor que "5.0.0.0".
         Se encontr├│ un conflicto entre "Platform:System.Runtime.CompilerServices.Unsafe.dll" y "CopyLocal:C:\Users\PC\.nuget\packages\system.runtime.compilerservices.unsafe\5.0.0\lib\netcoreapp2.0\System.Runtime.CompilerServices.Unsafe.dll". Se elegir├í "Platform:System.Runtime.CompilerServices.Unsafe.dll" porque AssemblyVersion "8.0.0.0" es mayor que "5.0.0.0".
         Se encontr├│ un conflicto entre "Platform:System.Security.AccessControl.dll" y "CopyLocal:C:\Users\PC\.nuget\packages\system.security.accesscontrol\5.0.0\lib\netstandard2.0\System.Security.AccessControl.dll". Se elegir├í "Platform:System.Security.AccessControl.dll" porque AssemblyVersion "8.0.0.0" es mayor que "5.0.0.0".
         Se encontr├│ un conflicto entre "Platform:System.Security.Principal.Windows.dll" y "CopyLocal:C:\Users\PC\.nuget\packages\system.security.principal.windows\5.0.0\lib\netstandard2.0\System.Security.Principal.Windows.dll". Se elegir├í "Platform:System.Security.Principal.Windows.dll" porque AssemblyVersion "8.0.0.0" es mayor que "5.0.0.0".
         Se encontr├│ un conflicto entre "Platform:Microsoft.Win32.Registry.dll" y "CopyLocal:C:\Users\PC\.nuget\packages\microsoft.win32.registry\5.0.0\runtimes\win\lib\netstandard2.0\Microsoft.Win32.Registry.dll". Se elegir├í "Platform:Microsoft.Win32.Registry.dll" porque AssemblyVersion "8.0.0.0" es mayor que "5.0.0.0".
         Se encontr├│ un conflicto entre "Platform:System.Security.AccessControl.dll" y "CopyLocal:C:\Users\PC\.nuget\packages\system.security.accesscontrol\5.0.0\runtimes\win\lib\netcoreapp2.0\System.Security.AccessControl.dll". Se elegir├í "Platform:System.Security.AccessControl.dll" porque AssemblyVersion "8.0.0.0" es mayor que "5.0.0.0".
         Se encontr├│ un conflicto entre "Platform:System.Security.Principal.Windows.dll" y "CopyLocal:C:\Users\PC\.nuget\packages\system.security.principal.windows\5.0.0\runtimes\unix\lib\netcoreapp2.1\System.Security.Principal.Windows.dll". Se elegir├í "Platform:System.Security.Principal.Windows.dll" porque AssemblyVersion "8.0.0.0" es mayor que "5.0.0.0".
         Se encontr├│ un conflicto entre "Platform:System.Security.Principal.Windows.dll" y "CopyLocal:C:\Users\PC\.nuget\packages\system.security.principal.windows\5.0.0\runtimes\win\lib\netcoreapp2.1\System.Security.Principal.Windows.dll". Se elegir├í "Platform:System.Security.Principal.Windows.dll" porque AssemblyVersion "8.0.0.0" es mayor que "5.0.0.0".
         Se encontr├│ un conflicto entre "Platform:mscorlib.dll" y "Platform:mscorlib.dll". No se pudo determinar el ganador porque las versiones de archivo y ensamblado son iguales.
         Se encontr├│ un conflicto entre "Platform:Microsoft.VisualBasic.dll" y "Platform:Microsoft.VisualBasic.dll". No se pudo determinar el ganador porque las versiones de archivo y ensamblado son iguales.
         Se encontr├│ un conflicto entre "Platform:System.dll" y "Platform:System.dll". No se pudo determinar el ganador porque las versiones de archivo y ensamblado son iguales.
         Se encontr├│ un conflicto entre "Platform:System.ComponentModel.DataAnnotations.dll" y "Platform:System.ComponentModel.DataAnnotations.dll". No se pudo determinar el ganador porque las versiones de archivo y ensamblado son iguales.
         Se encontr├│ un conflicto entre "Platform:System.Configuration.dll" y "Platform:System.Configuration.dll". No se pudo determinar el ganador porque las versiones de archivo y ensamblado son iguales.
         Se encontr├│ un conflicto entre "Platform:System.Core.dll" y "Platform:System.Core.dll". No se pudo determinar el ganador porque las versiones de archivo y ensamblado son iguales.
         Se encontr├│ un conflicto entre "Platform:System.Data.dll" y "Platform:System.Data.dll". No se pudo determinar el ganador porque las versiones de archivo y ensamblado son iguales.
         Se encontr├│ un conflicto entre "Platform:System.Drawing.dll" y "Platform:System.Drawing.dll". No se pudo determinar el ganador porque las versiones de archivo y ensamblado son iguales.
         Se encontr├│ un conflicto entre "Platform:System.IO.Compression.FileSystem.dll" y "Platform:System.IO.Compression.FileSystem.dll". No se pudo determinar el ganador porque las versiones de archivo y ensamblado son iguales.
         Se encontr├│ un conflicto entre "Platform:System.Net.dll" y "Platform:System.Net.dll". No se pudo determinar el ganador porque las versiones de archivo y ensamblado son iguales.
         Se encontr├│ un conflicto entre "Platform:System.Numerics.dll" y "Platform:System.Numerics.dll". No se pudo determinar el ganador porque las versiones de archivo y ensamblado son iguales.
         Se encontr├│ un conflicto entre "Platform:System.Runtime.Serialization.dll" y "Platform:System.Runtime.Serialization.dll". No se pudo determinar el ganador porque las versiones de archivo y ensamblado son iguales.
         Se encontr├│ un conflicto entre "Platform:System.Security.dll" y "Platform:System.Security.dll". No se pudo determinar el ganador porque las versiones de archivo y ensamblado son iguales.
         Se encontr├│ un conflicto entre "Platform:System.ServiceProcess.dll" y "Platform:System.ServiceProcess.dll". No se pudo determinar el ganador porque las versiones de archivo y ensamblado son iguales.
         Se encontr├│ un conflicto entre "Platform:System.ServiceModel.Web.dll" y "Platform:System.ServiceModel.Web.dll". No se pudo determinar el ganador porque las versiones de archivo y ensamblado son iguales.
         Se encontr├│ un conflicto entre "Platform:System.Transactions.dll" y "Platform:System.Transactions.dll". No se pudo determinar el ganador porque las versiones de archivo y ensamblado son iguales.
         Se encontr├│ un conflicto entre "Platform:System.Web.dll" y "Platform:System.Web.dll". No se pudo determinar el ganador porque las versiones de archivo y ensamblado son iguales.
         Se encontr├│ un conflicto entre "Platform:System.Windows.dll" y "Platform:System.Windows.dll". No se pudo determinar el ganador porque las versiones de archivo y ensamblado son iguales.
         Se encontr├│ un conflicto entre "Platform:System.Xml.dll" y "Platform:System.Xml.dll". No se pudo determinar el ganador porque las versiones de archivo y ensamblado son iguales.
         Se encontr├│ un conflicto entre "Platform:System.Xml.Serialization.dll" y "Platform:System.Xml.Serialization.dll". No se pudo determinar el ganador porque las versiones de archivo y ensamblado son iguales.
         Se encontr├│ un conflicto entre "Platform:System.Xml.Linq.dll" y "Platform:System.Xml.Linq.dll". No se pudo determinar el ganador porque las versiones de archivo y ensamblado son iguales.
         Se encontr├│ un conflicto entre "Platform:WindowsBase.dll" y "Platform:WindowsBase.dll". No se pudo determinar el ganador porque las versiones de archivo y ensamblado son iguales.
         Se encontr├│ un conflicto entre "Platform:netstandard.dll" y "Platform:netstandard.dll". No se pudo determinar el ganador porque las versiones de archivo y ensamblado son iguales.
         Se encontr├│ un conflicto entre "Platform:System.Private.CoreLib.dll" y "Platform:System.Private.CoreLib.dll". No se pudo determinar el ganador porque las versiones de archivo y ensamblado son iguales.
         Se encontr├│ un conflicto entre "Platform:System.Private.DataContractSerialization.dll" y "Platform:System.Private.DataContractSerialization.dll". No se pudo determinar el ganador porque las versiones de archivo y ensamblado son iguales.
         Se encontr├│ un conflicto entre "Platform:System.Private.Uri.dll" y "Platform:System.Private.Uri.dll". No se pudo determinar el ganador porque las versiones de archivo y ensamblado son iguales.
         Se encontr├│ un conflicto entre "Platform:System.Private.Xml.dll" y "Platform:System.Private.Xml.dll". No se pudo determinar el ganador porque las versiones de archivo y ensamblado son iguales.
         Se encontr├│ un conflicto entre "Platform:System.Private.Xml.Linq.dll" y "Platform:System.Private.Xml.Linq.dll". No se pudo determinar el ganador porque las versiones de archivo y ensamblado son iguales.
         Se encontr├│ un conflicto entre "Platform:mscordaccore_amd64_amd64_8.0.1925.36514.dll" y "Platform:mscordaccore_amd64_amd64_8.0.1925.36514.dll". No se pudo determinar el ganador porque las versiones de archivo y ensamblado son iguales.
       Ejecuci├│n de la tarea "ResolvePackageFileConflicts" terminada.
   1:7>Compilaci├│n terminada del destino "_HandlePackageFileConflicts" en el proyecto "Machly.Api.csproj".
       Se omiti├│ el destino "ResolveTargetingPackAssets". Compilado previamente de forma correcta.
   1:7>Destino "ResolveAssemblyReferences" en el archivo "C:\Program Files\dotnet\sdk\9.0.304\Microsoft.Common.CurrentVersion.targets" del proyecto "C:\Users\PC\Downloads\Machly\Machly.Api\Machly.Api.csproj" (el destino "ResolveReferences" depende de ├®l):
       Usando la tarea "ResolveAssemblyReference" del ensamblado "Microsoft.Build.Tasks.Core, Version=15.1.0.0, Culture=neutral, PublicKeyToken=b03f5f7f11d50a3a".
       Tarea "ResolveAssemblyReference"
         TargetFrameworkMoniker:
             .NETCoreApp,Version=v8.0
         TargetFrameworkMonikerDisplayName:
             .NET 8.0
         TargetedRuntimeVersion:
             
         Assemblies:
             C:\Users\PC\.nuget\packages\bcrypt.net-next\4.0.3\lib\net6.0\BCrypt.Net-Next.dll
                 Private = 'false'
                 HintPath = 'C:\Users\PC\.nuget\packages\bcrypt.net-next\4.0.3\lib\net6.0\BCrypt.Net-Next.dll'
             C:\Users\PC\.nuget\packages\chillicream.nitro.app\28.0.7\lib\net8.0\ChilliCream.Nitro.App.dll
                 Private = 'false'
                 HintPath = 'C:\Users\PC\.nuget\packages\chillicream.nitro.app\28.0.7\lib\net8.0\ChilliCream.Nitro.App.dll'
             C:\Users\PC\.nuget\packages\dnsclient\1.6.1\lib\net5.0\DnsClient.dll
                 Private = 'false'
                 HintPath = 'C:\Users\PC\.nuget\packages\dnsclient\1.6.1\lib\net5.0\DnsClient.dll'
             C:\Users\PC\.nuget\packages\greendonut\15.1.11\lib\net8.0\GreenDonut.dll
                 Private = 'false'
                 HintPath = 'C:\Users\PC\.nuget\packages\greendonut\15.1.11\lib\net8.0\GreenDonut.dll'
             C:\Users\PC\.nuget\packages\greendonut.abstractions\15.1.11\lib\net8.0\GreenDonut.Abstractions.dll
                 Private = 'false'
                 HintPath = 'C:\Users\PC\.nuget\packages\greendonut.abstractions\15.1.11\lib\net8.0\GreenDonut.Abstractions.dll'
             C:\Users\PC\.nuget\packages\greendonut.data\15.1.11\lib\net8.0\GreenDonut.Data.dll
                 Private = 'false'
                 HintPath = 'C:\Users\PC\.nuget\packages\greendonut.data\15.1.11\lib\net8.0\GreenDonut.Data.dll'
             C:\Users\PC\.nuget\packages\greendonut.data.abstractions\15.1.11\lib\net8.0\GreenDonut.Data.Abstractions.dll
                 Private = 'false'
                 HintPath = 'C:\Users\PC\.nuget\packages\greendonut.data.abstractions\15.1.11\lib\net8.0\GreenDonut.Data.Abstractions.dll'
             C:\Users\PC\.nuget\packages\greendonut.data.primitives\15.1.11\lib\net8.0\GreenDonut.Data.Primitives.dll
                 Private = 'false'
                 HintPath = 'C:\Users\PC\.nuget\packages\greendonut.data.primitives\15.1.11\lib\net8.0\GreenDonut.Data.Primitives.dll'
             C:\Users\PC\.nuget\packages\hotchocolate\15.1.11\lib\net8.0\HotChocolate.dll
                 Private = 'false'
                 HintPath = 'C:\Users\PC\.nuget\packages\hotchocolate\15.1.11\lib\net8.0\HotChocolate.dll'
             C:\Users\PC\.nuget\packages\hotchocolate.abstractions\15.1.11\lib\net8.0\HotChocolate.Abstractions.dll
                 Private = 'false'
                 HintPath = 'C:\Users\PC\.nuget\packages\hotchocolate.abstractions\15.1.11\lib\net8.0\HotChocolate.Abstractions.dll'
             C:\Users\PC\.nuget\packages\hotchocolate.aspnetcore\15.1.11\lib\net8.0\HotChocolate.AspNetCore.dll
                 Private = 'false'
                 HintPath = 'C:\Users\PC\.nuget\packages\hotchocolate.aspnetcore\15.1.11\lib\net8.0\HotChocolate.AspNetCore.dll'
             C:\Users\PC\.nuget\packages\hotchocolate.aspnetcore.authorization\15.1.11\lib\net8.0\HotChocolate.AspNetCore.Authorization.dll
                 Private = 'false'
                 HintPath = 'C:\Users\PC\.nuget\packages\hotchocolate.aspnetcore.authorization\15.1.11\lib\net8.0\HotChocolate.AspNetCore.Authorization.dll'
             C:\Users\PC\.nuget\packages\hotchocolate.authorization\15.1.11\lib\net8.0\HotChocolate.Authorization.dll
                 Private = 'false'
                 HintPath = 'C:\Users\PC\.nuget\packages\hotchocolate.authorization\15.1.11\lib\net8.0\HotChocolate.Authorization.dll'
             C:\Users\PC\.nuget\packages\hotchocolate.costanalysis\15.1.11\lib\net8.0\HotChocolate.CostAnalysis.dll
                 Private = 'false'
                 HintPath = 'C:\Users\PC\.nuget\packages\hotchocolate.costanalysis\15.1.11\lib\net8.0\HotChocolate.CostAnalysis.dll'
             C:\Users\PC\.nuget\packages\hotchocolate.data\15.1.11\lib\net8.0\HotChocolate.Data.dll
                 Private = 'false'
                 HintPath = 'C:\Users\PC\.nuget\packages\hotchocolate.data\15.1.11\lib\net8.0\HotChocolate.Data.dll'
             C:\Users\PC\.nuget\packages\hotchocolate.execution\15.1.11\lib\net8.0\HotChocolate.Execution.dll
                 Private = 'false'
                 HintPath = 'C:\Users\PC\.nuget\packages\hotchocolate.execution\15.1.11\lib\net8.0\HotChocolate.Execution.dll'
             C:\Users\PC\.nuget\packages\hotchocolate.execution.abstractions\15.1.11\lib\net8.0\HotChocolate.Execution.Abstractions.dll
                 Private = 'false'
                 HintPath = 'C:\Users\PC\.nuget\packages\hotchocolate.execution.abstractions\15.1.11\lib\net8.0\HotChocolate.Execution.Abstractions.dll'
             C:\Users\PC\.nuget\packages\hotchocolate.execution.projections\15.1.11\lib\net8.0\HotChocolate.Execution.Projections.dll
                 Private = 'false'
                 HintPath = 'C:\Users\PC\.nuget\packages\hotchocolate.execution.projections\15.1.11\lib\net8.0\HotChocolate.Execution.Projections.dll'
             C:\Users\PC\.nuget\packages\hotchocolate.features\15.1.11\lib\net8.0\HotChocolate.Features.dll
                 Private = 'false'
                 HintPath = 'C:\Users\PC\.nuget\packages\hotchocolate.features\15.1.11\lib\net8.0\HotChocolate.Features.dll'
             C:\Users\PC\.nuget\packages\hotchocolate.fetching\15.1.11\lib\net8.0\HotChocolate.Fetching.dll
                 Private = 'false'
                 HintPath = 'C:\Users\PC\.nuget\packages\hotchocolate.fetching\15.1.11\lib\net8.0\HotChocolate.Fetching.dll'
             C:\Users\PC\.nuget\packages\hotchocolate.language\15.1.11\lib\net8.0\HotChocolate.Language.dll
                 Private = 'false'
                 HintPath = 'C:\Users\PC\.nuget\packages\hotchocolate.language\15.1.11\lib\net8.0\HotChocolate.Language.dll'
             C:\Users\PC\.nuget\packages\hotchocolate.language.syntaxtree\15.1.11\lib\net8.0\HotChocolate.Language.SyntaxTree.dll
                 Private = 'false'
                 HintPath = 'C:\Users\PC\.nuget\packages\hotchocolate.language.syntaxtree\15.1.11\lib\net8.0\HotChocolate.Language.SyntaxTree.dll'
             C:\Users\PC\.nuget\packages\hotchocolate.language.utf8\15.1.11\lib\net8.0\HotChocolate.Language.Utf8.dll
                 Private = 'false'
                 HintPath = 'C:\Users\PC\.nuget\packages\hotchocolate.language.utf8\15.1.11\lib\net8.0\HotChocolate.Language.Utf8.dll'
             C:\Users\PC\.nuget\packages\hotchocolate.language.visitors\15.1.11\lib\net8.0\HotChocolate.Language.Visitors.dll
                 Private = 'false'
                 HintPath = 'C:\Users\PC\.nuget\packages\hotchocolate.language.visitors\15.1.11\lib\net8.0\HotChocolate.Language.Visitors.dll'
             C:\Users\PC\.nuget\packages\hotchocolate.language.web\15.1.11\lib\net8.0\HotChocolate.Language.Web.dll
                 Private = 'false'
                 HintPath = 'C:\Users\PC\.nuget\packages\hotchocolate.language.web\15.1.11\lib\net8.0\HotChocolate.Language.Web.dll'
             C:\Users\PC\.nuget\packages\hotchocolate.primitives\15.1.11\lib\net8.0\HotChocolate.Primitives.dll
                 Private = 'false'
                 HintPath = 'C:\Users\PC\.nuget\packages\hotchocolate.primitives\15.1.11\lib\net8.0\HotChocolate.Primitives.dll'
             C:\Users\PC\.nuget\packages\hotchocolate.subscriptions\15.1.11\lib\net8.0\HotChocolate.Subscriptions.dll
                 Private = 'false'
                 HintPath = 'C:\Users\PC\.nuget\packages\hotchocolate.subscriptions\15.1.11\lib\net8.0\HotChocolate.Subscriptions.dll'
             C:\Users\PC\.nuget\packages\hotchocolate.subscriptions.inmemory\15.1.11\lib\net8.0\HotChocolate.Subscriptions.InMemory.dll
                 Private = 'false'
                 HintPath = 'C:\Users\PC\.nuget\packages\hotchocolate.subscriptions.inmemory\15.1.11\lib\net8.0\HotChocolate.Subscriptions.InMemory.dll'
             C:\Users\PC\.nuget\packages\hotchocolate.transport.sockets\15.1.11\lib\net8.0\HotChocolate.Transport.Sockets.dll
                 Private = 'false'
                 HintPath = 'C:\Users\PC\.nuget\packages\hotchocolate.transport.sockets\15.1.11\lib\net8.0\HotChocolate.Transport.Sockets.dll'
             C:\Users\PC\.nuget\packages\hotchocolate.types\15.1.11\lib\net8.0\HotChocolate.Types.dll
                 Private = 'false'
                 HintPath = 'C:\Users\PC\.nuget\packages\hotchocolate.types\15.1.11\lib\net8.0\HotChocolate.Types.dll'
             C:\Users\PC\.nuget\packages\hotchocolate.types.cursorpagination\15.1.11\lib\net8.0\HotChocolate.Types.CursorPagination.dll
                 Private = 'false'
                 HintPath = 'C:\Users\PC\.nuget\packages\hotchocolate.types.cursorpagination\15.1.11\lib\net8.0\HotChocolate.Types.CursorPagination.dll'
             C:\Users\PC\.nuget\packages\hotchocolate.types.cursorpagination.extensions\15.1.11\lib\net8.0\HotChocolate.Types.CursorPagination.Extensions.dll
                 Private = 'false'
                 HintPath = 'C:\Users\PC\.nuget\packages\hotchocolate.types.cursorpagination.extensions\15.1.11\lib\net8.0\HotChocolate.Types.CursorPagination.Extensions.dll'
             C:\Users\PC\.nuget\packages\hotchocolate.types.errors\15.1.11\lib\net8.0\HotChocolate.Types.Errors.dll
                 Private = 'false'
                 HintPath = 'C:\Users\PC\.nuget\packages\hotchocolate.types.errors\15.1.11\lib\net8.0\HotChocolate.Types.Errors.dll'
             C:\Users\PC\.nuget\packages\hotchocolate.types.mutations\15.1.11\lib\net8.0\HotChocolate.Types.Mutations.dll
                 Private = 'false'
                 HintPath = 'C:\Users\PC\.nuget\packages\hotchocolate.types.mutations\15.1.11\lib\net8.0\HotChocolate.Types.Mutations.dll'
             C:\Users\PC\.nuget\packages\hotchocolate.types.queries\15.1.11\lib\net8.0\HotChocolate.Types.Queries.dll
                 Private = 'false'
                 HintPath = 'C:\Users\PC\.nuget\packages\hotchocolate.types.queries\15.1.11\lib\net8.0\HotChocolate.Types.Queries.dll'
             C:\Users\PC\.nuget\packages\hotchocolate.types.scalars.upload\15.1.11\lib\net8.0\HotChocolate.Types.Scalars.Upload.dll
                 Private = 'false'
                 HintPath = 'C:\Users\PC\.nuget\packages\hotchocolate.types.scalars.upload\15.1.11\lib\net8.0\HotChocolate.Types.Scalars.Upload.dll'
             C:\Users\PC\.nuget\packages\hotchocolate.types.shared\15.1.11\lib\net8.0\HotChocolate.Types.Shared.dll
                 Private = 'false'
                 HintPath = 'C:\Users\PC\.nuget\packages\hotchocolate.types.shared\15.1.11\lib\net8.0\HotChocolate.Types.Shared.dll'
             C:\Users\PC\.nuget\packages\hotchocolate.utilities\15.1.11\lib\net8.0\HotChocolate.Utilities.dll
                 Private = 'false'
                 HintPath = 'C:\Users\PC\.nuget\packages\hotchocolate.utilities\15.1.11\lib\net8.0\HotChocolate.Utilities.dll'
             C:\Users\PC\.nuget\packages\hotchocolate.utilities.dependencyinjection\15.1.11\lib\net8.0\HotChocolate.Utilities.DependencyInjection.dll
                 Private = 'false'
                 HintPath = 'C:\Users\PC\.nuget\packages\hotchocolate.utilities.dependencyinjection\15.1.11\lib\net8.0\HotChocolate.Utilities.DependencyInjection.dll'
             C:\Users\PC\.nuget\packages\hotchocolate.validation\15.1.11\lib\net8.0\HotChocolate.Validation.dll
                 Private = 'false'
                 HintPath = 'C:\Users\PC\.nuget\packages\hotchocolate.validation\15.1.11\lib\net8.0\HotChocolate.Validation.dll'
             C:\Users\PC\.nuget\packages\microsoft.aspnetcore.authentication.jwtbearer\8.0.0\lib\net8.0\Microsoft.AspNetCore.Authentication.JwtBearer.dll
                 Private = 'false'
                 HintPath = 'C:\Users\PC\.nuget\packages\microsoft.aspnetcore.authentication.jwtbearer\8.0.0\lib\net8.0\Microsoft.AspNetCore.Authentication.JwtBearer.dll'
             C:\Users\PC\.nuget\packages\microsoft.identitymodel.abstractions\7.0.3\lib\net8.0\Microsoft.IdentityModel.Abstractions.dll
                 Private = 'false'
                 HintPath = 'C:\Users\PC\.nuget\packages\microsoft.identitymodel.abstractions\7.0.3\lib\net8.0\Microsoft.IdentityModel.Abstractions.dll'
             C:\Users\PC\.nuget\packages\microsoft.identitymodel.jsonwebtokens\7.0.3\lib\net8.0\Microsoft.IdentityModel.JsonWebTokens.dll
                 Private = 'false'
                 HintPath = 'C:\Users\PC\.nuget\packages\microsoft.identitymodel.jsonwebtokens\7.0.3\lib\net8.0\Microsoft.IdentityModel.JsonWebTokens.dll'
             C:\Users\PC\.nuget\packages\microsoft.identitymodel.logging\7.0.3\lib\net8.0\Microsoft.IdentityModel.Logging.dll
                 Private = 'false'
                 HintPath = 'C:\Users\PC\.nuget\packages\microsoft.identitymodel.logging\7.0.3\lib\net8.0\Microsoft.IdentityModel.Logging.dll'
             C:\Users\PC\.nuget\packages\microsoft.identitymodel.protocols\7.0.3\lib\net8.0\Microsoft.IdentityModel.Protocols.dll
                 Private = 'false'
                 HintPath = 'C:\Users\PC\.nuget\packages\microsoft.identitymodel.protocols\7.0.3\lib\net8.0\Microsoft.IdentityModel.Protocols.dll'
             C:\Users\PC\.nuget\packages\microsoft.identitymodel.protocols.openidconnect\7.0.3\lib\net8.0\Microsoft.IdentityModel.Protocols.OpenIdConnect.dll
                 Private = 'false'
                 HintPath = 'C:\Users\PC\.nuget\packages\microsoft.identitymodel.protocols.openidconnect\7.0.3\lib\net8.0\Microsoft.IdentityModel.Protocols.OpenIdConnect.dll'
             C:\Users\PC\.nuget\packages\microsoft.identitymodel.tokens\7.0.3\lib\net8.0\Microsoft.IdentityModel.Tokens.dll
                 Private = 'false'
                 HintPath = 'C:\Users\PC\.nuget\packages\microsoft.identitymodel.tokens\7.0.3\lib\net8.0\Microsoft.IdentityModel.Tokens.dll'
             C:\Users\PC\.nuget\packages\microsoft.openapi\1.6.14\lib\netstandard2.0\Microsoft.OpenApi.dll
                 Private = 'false'
                 HintPath = 'C:\Users\PC\.nuget\packages\microsoft.openapi\1.6.14\lib\netstandard2.0\Microsoft.OpenApi.dll'
             C:\Users\PC\.nuget\packages\mongodb.bson\3.5.1\lib\net6.0\MongoDB.Bson.dll
                 Private = 'false'
                 HintPath = 'C:\Users\PC\.nuget\packages\mongodb.bson\3.5.1\lib\net6.0\MongoDB.Bson.dll'
             C:\Users\PC\.nuget\packages\mongodb.driver\3.5.1\lib\net6.0\MongoDB.Driver.dll
                 Private = 'false'
                 HintPath = 'C:\Users\PC\.nuget\packages\mongodb.driver\3.5.1\lib\net6.0\MongoDB.Driver.dll'
             C:\Users\PC\.nuget\packages\sharpcompress\0.30.1\lib\net5.0\SharpCompress.dll
                 Private = 'false'
                 HintPath = 'C:\Users\PC\.nuget\packages\sharpcompress\0.30.1\lib\net5.0\SharpCompress.dll'
             C:\Users\PC\.nuget\packages\snappier\1.0.0\lib\net5.0\Snappier.dll
                 Private = 'false'
                 HintPath = 'C:\Users\PC\.nuget\packages\snappier\1.0.0\lib\net5.0\Snappier.dll'
             C:\Users\PC\.nuget\packages\swashbuckle.aspnetcore.swagger\6.6.2\lib\net8.0\Swashbuckle.AspNetCore.Swagger.dll
                 Private = 'false'
                 HintPath = 'C:\Users\PC\.nuget\packages\swashbuckle.aspnetcore.swagger\6.6.2\lib\net8.0\Swashbuckle.AspNetCore.Swagger.dll'
             C:\Users\PC\.nuget\packages\swashbuckle.aspnetcore.swaggergen\6.6.2\lib\net8.0\Swashbuckle.AspNetCore.SwaggerGen.dll
                 Private = 'false'
                 HintPath = 'C:\Users\PC\.nuget\packages\swashbuckle.aspnetcore.swaggergen\6.6.2\lib\net8.0\Swashbuckle.AspNetCore.SwaggerGen.dll'
             C:\Users\PC\.nuget\packages\swashbuckle.aspnetcore.swaggerui\6.6.2\lib\net8.0\Swashbuckle.AspNetCore.SwaggerUI.dll
                 Private = 'false'
                 HintPath = 'C:\Users\PC\.nuget\packages\swashbuckle.aspnetcore.swaggerui\6.6.2\lib\net8.0\Swashbuckle.AspNetCore.SwaggerUI.dll'
             C:\Users\PC\.nuget\packages\system.identitymodel.tokens.jwt\7.0.3\lib\net8.0\System.IdentityModel.Tokens.Jwt.dll
                 Private = 'false'
                 HintPath = 'C:\Users\PC\.nuget\packages\system.identitymodel.tokens.jwt\7.0.3\lib\net8.0\System.IdentityModel.Tokens.Jwt.dll'
             C:\Users\PC\.nuget\packages\system.io.hashing\8.0.0\lib\net8.0\System.IO.Hashing.dll
                 Private = 'false'
                 HintPath = 'C:\Users\PC\.nuget\packages\system.io.hashing\8.0.0\lib\net8.0\System.IO.Hashing.dll'
             C:\Users\PC\.nuget\packages\yarp.reverseproxy\2.3.0\lib\net8.0\Yarp.ReverseProxy.dll
                 Private = 'false'
                 HintPath = 'C:\Users\PC\.nuget\packages\yarp.reverseproxy\2.3.0\lib\net8.0\Yarp.ReverseProxy.dll'
             C:\Users\PC\.nuget\packages\zstdsharp.port\0.7.3\lib\net7.0\ZstdSharp.dll
                 Private = 'false'
                 HintPath = 'C:\Users\PC\.nuget\packages\zstdsharp.port\0.7.3\lib\net7.0\ZstdSharp.dll'
             C:\Program Files\dotnet\packs\Microsoft.NETCore.App.Ref\8.0.19\ref/net8.0/Microsoft.CSharp.dll
                 Private = 'false'
             C:\Program Files\dotnet\packs\Microsoft.NETCore.App.Ref\8.0.19\ref/net8.0/Microsoft.VisualBasic.Core.dll
                 Private = 'false'
             C:\Program Files\dotnet\packs\Microsoft.NETCore.App.Ref\8.0.19\ref/net8.0/Microsoft.VisualBasic.dll
                 Private = 'false'
             C:\Program Files\dotnet\packs\Microsoft.NETCore.App.Ref\8.0.19\ref/net8.0/Microsoft.Win32.Primitives.dll
                 Private = 'false'
             C:\Program Files\dotnet\packs\Microsoft.NETCore.App.Ref\8.0.19\ref/net8.0/Microsoft.Win32.Registry.dll
                 Private = 'false'
             C:\Program Files\dotnet\packs\Microsoft.NETCore.App.Ref\8.0.19\ref/net8.0/System.AppContext.dll
                 Private = 'false'
             C:\Program Files\dotnet\packs\Microsoft.NETCore.App.Ref\8.0.19\ref/net8.0/System.Buffers.dll
                 Private = 'false'
             C:\Program Files\dotnet\packs\Microsoft.NETCore.App.Ref\8.0.19\ref/net8.0/System.Collections.Concurrent.dll
                 Private = 'false'
             C:\Program Files\dotnet\packs\Microsoft.NETCore.App.Ref\8.0.19\ref/net8.0/System.Collections.Immutable.dll
                 Private = 'false'
             C:\Program Files\dotnet\packs\Microsoft.NETCore.App.Ref\8.0.19\ref/net8.0/System.Collections.NonGeneric.dll
                 Private = 'false'
             C:\Program Files\dotnet\packs\Microsoft.NETCore.App.Ref\8.0.19\ref/net8.0/System.Collections.Specialized.dll
                 Private = 'false'
             C:\Program Files\dotnet\packs\Microsoft.NETCore.App.Ref\8.0.19\ref/net8.0/System.Collections.dll
                 Private = 'false'
             C:\Program Files\dotnet\packs\Microsoft.NETCore.App.Ref\8.0.19\ref/net8.0/System.ComponentModel.Annotations.dll
                 Private = 'false'
             C:\Program Files\dotnet\packs\Microsoft.NETCore.App.Ref\8.0.19\ref/net8.0/System.ComponentModel.DataAnnotations.dll
                 Private = 'false'
             C:\Program Files\dotnet\packs\Microsoft.NETCore.App.Ref\8.0.19\ref/net8.0/System.ComponentModel.EventBasedAsync.dll
                 Private = 'false'
             C:\Program Files\dotnet\packs\Microsoft.NETCore.App.Ref\8.0.19\ref/net8.0/System.ComponentModel.Primitives.dll
                 Private = 'false'
             C:\Program Files\dotnet\packs\Microsoft.NETCore.App.Ref\8.0.19\ref/net8.0/System.ComponentModel.TypeConverter.dll
                 Private = 'false'
             C:\Program Files\dotnet\packs\Microsoft.NETCore.App.Ref\8.0.19\ref/net8.0/System.ComponentModel.dll
                 Private = 'false'
             C:\Program Files\dotnet\packs\Microsoft.NETCore.App.Ref\8.0.19\ref/net8.0/System.Configuration.dll
                 Private = 'false'
             C:\Program Files\dotnet\packs\Microsoft.NETCore.App.Ref\8.0.19\ref/net8.0/System.Console.dll
                 Private = 'false'
             C:\Program Files\dotnet\packs\Microsoft.NETCore.App.Ref\8.0.19\ref/net8.0/System.Core.dll
                 Private = 'false'
             C:\Program Files\dotnet\packs\Microsoft.NETCore.App.Ref\8.0.19\ref/net8.0/System.Data.Common.dll
                 Private = 'false'
             C:\Program Files\dotnet\packs\Microsoft.NETCore.App.Ref\8.0.19\ref/net8.0/System.Data.DataSetExtensions.dll
                 Private = 'false'
             C:\Program Files\dotnet\packs\Microsoft.NETCore.App.Ref\8.0.19\ref/net8.0/System.Data.dll
                 Private = 'false'
             C:\Program Files\dotnet\packs\Microsoft.NETCore.App.Ref\8.0.19\ref/net8.0/System.Diagnostics.Contracts.dll
                 Private = 'false'
             C:\Program Files\dotnet\packs\Microsoft.NETCore.App.Ref\8.0.19\ref/net8.0/System.Diagnostics.Debug.dll
                 Private = 'false'
             C:\Program Files\dotnet\packs\Microsoft.NETCore.App.Ref\8.0.19\ref/net8.0/System.Diagnostics.DiagnosticSource.dll
                 Private = 'false'
             C:\Program Files\dotnet\packs\Microsoft.NETCore.App.Ref\8.0.19\ref/net8.0/System.Diagnostics.FileVersionInfo.dll
                 Private = 'false'
             C:\Program Files\dotnet\packs\Microsoft.NETCore.App.Ref\8.0.19\ref/net8.0/System.Diagnostics.Process.dll
                 Private = 'false'
             C:\Program Files\dotnet\packs\Microsoft.NETCore.App.Ref\8.0.19\ref/net8.0/System.Diagnostics.StackTrace.dll
                 Private = 'false'
             C:\Program Files\dotnet\packs\Microsoft.NETCore.App.Ref\8.0.19\ref/net8.0/System.Diagnostics.TextWriterTraceListener.dll
                 Private = 'false'
             C:\Program Files\dotnet\packs\Microsoft.NETCore.App.Ref\8.0.19\ref/net8.0/System.Diagnostics.Tools.dll
                 Private = 'false'
             C:\Program Files\dotnet\packs\Microsoft.NETCore.App.Ref\8.0.19\ref/net8.0/System.Diagnostics.TraceSource.dll
                 Private = 'false'
             C:\Program Files\dotnet\packs\Microsoft.NETCore.App.Ref\8.0.19\ref/net8.0/System.Diagnostics.Tracing.dll
                 Private = 'false'
             C:\Program Files\dotnet\packs\Microsoft.NETCore.App.Ref\8.0.19\ref/net8.0/System.Drawing.Primitives.dll
                 Private = 'false'
             C:\Program Files\dotnet\packs\Microsoft.NETCore.App.Ref\8.0.19\ref/net8.0/System.Drawing.dll
                 Private = 'false'
             C:\Program Files\dotnet\packs\Microsoft.NETCore.App.Ref\8.0.19\ref/net8.0/System.Dynamic.Runtime.dll
                 Private = 'false'
             C:\Program Files\dotnet\packs\Microsoft.NETCore.App.Ref\8.0.19\ref/net8.0/System.Formats.Asn1.dll
                 Private = 'false'
             C:\Program Files\dotnet\packs\Microsoft.NETCore.App.Ref\8.0.19\ref/net8.0/System.Formats.Tar.dll
                 Private = 'false'
             C:\Program Files\dotnet\packs\Microsoft.NETCore.App.Ref\8.0.19\ref/net8.0/System.Globalization.Calendars.dll
                 Private = 'false'
             C:\Program Files\dotnet\packs\Microsoft.NETCore.App.Ref\8.0.19\ref/net8.0/System.Globalization.Extensions.dll
                 Private = 'false'
             C:\Program Files\dotnet\packs\Microsoft.NETCore.App.Ref\8.0.19\ref/net8.0/System.Globalization.dll
                 Private = 'false'
             C:\Program Files\dotnet\packs\Microsoft.NETCore.App.Ref\8.0.19\ref/net8.0/System.IO.Compression.Brotli.dll
                 Private = 'false'
             C:\Program Files\dotnet\packs\Microsoft.NETCore.App.Ref\8.0.19\ref/net8.0/System.IO.Compression.FileSystem.dll
                 Private = 'false'
             C:\Program Files\dotnet\packs\Microsoft.NETCore.App.Ref\8.0.19\ref/net8.0/System.IO.Compression.ZipFile.dll
                 Private = 'false'
             C:\Program Files\dotnet\packs\Microsoft.NETCore.App.Ref\8.0.19\ref/net8.0/System.IO.Compression.dll
                 Private = 'false'
             C:\Program Files\dotnet\packs\Microsoft.NETCore.App.Ref\8.0.19\ref/net8.0/System.IO.FileSystem.AccessControl.dll
                 Private = 'false'
             C:\Program Files\dotnet\packs\Microsoft.NETCore.App.Ref\8.0.19\ref/net8.0/System.IO.FileSystem.DriveInfo.dll
                 Private = 'false'
             C:\Program Files\dotnet\packs\Microsoft.NETCore.App.Ref\8.0.19\ref/net8.0/System.IO.FileSystem.Primitives.dll
                 Private = 'false'
             C:\Program Files\dotnet\packs\Microsoft.NETCore.App.Ref\8.0.19\ref/net8.0/System.IO.FileSystem.Watcher.dll
                 Private = 'false'
             C:\Program Files\dotnet\packs\Microsoft.NETCore.App.Ref\8.0.19\ref/net8.0/System.IO.FileSystem.dll
                 Private = 'false'
             C:\Program Files\dotnet\packs\Microsoft.NETCore.App.Ref\8.0.19\ref/net8.0/System.IO.IsolatedStorage.dll
                 Private = 'false'
             C:\Program Files\dotnet\packs\Microsoft.NETCore.App.Ref\8.0.19\ref/net8.0/System.IO.MemoryMappedFiles.dll
                 Private = 'false'
             C:\Program Files\dotnet\packs\Microsoft.NETCore.App.Ref\8.0.19\ref/net8.0/System.IO.Pipes.AccessControl.dll
                 Private = 'false'
             C:\Program Files\dotnet\packs\Microsoft.NETCore.App.Ref\8.0.19\ref/net8.0/System.IO.Pipes.dll
                 Private = 'false'
             C:\Program Files\dotnet\packs\Microsoft.NETCore.App.Ref\8.0.19\ref/net8.0/System.IO.UnmanagedMemoryStream.dll
                 Private = 'false'
             C:\Program Files\dotnet\packs\Microsoft.NETCore.App.Ref\8.0.19\ref/net8.0/System.IO.dll
                 Private = 'false'
             C:\Program Files\dotnet\packs\Microsoft.NETCore.App.Ref\8.0.19\ref/net8.0/System.Linq.Expressions.dll
                 Private = 'false'
             C:\Program Files\dotnet\packs\Microsoft.NETCore.App.Ref\8.0.19\ref/net8.0/System.Linq.Parallel.dll
                 Private = 'false'
             C:\Program Files\dotnet\packs\Microsoft.NETCore.App.Ref\8.0.19\ref/net8.0/System.Linq.Queryable.dll
                 Private = 'false'
             C:\Program Files\dotnet\packs\Microsoft.NETCore.App.Ref\8.0.19\ref/net8.0/System.Linq.dll
                 Private = 'false'
             C:\Program Files\dotnet\packs\Microsoft.NETCore.App.Ref\8.0.19\ref/net8.0/System.Memory.dll
                 Private = 'false'
             C:\Program Files\dotnet\packs\Microsoft.NETCore.App.Ref\8.0.19\ref/net8.0/System.Net.Http.Json.dll
                 Private = 'false'
             C:\Program Files\dotnet\packs\Microsoft.NETCore.App.Ref\8.0.19\ref/net8.0/System.Net.Http.dll
                 Private = 'false'
             C:\Program Files\dotnet\packs\Microsoft.NETCore.App.Ref\8.0.19\ref/net8.0/System.Net.HttpListener.dll
                 Private = 'false'
             C:\Program Files\dotnet\packs\Microsoft.NETCore.App.Ref\8.0.19\ref/net8.0/System.Net.Mail.dll
                 Private = 'false'
             C:\Program Files\dotnet\packs\Microsoft.NETCore.App.Ref\8.0.19\ref/net8.0/System.Net.NameResolution.dll
                 Private = 'false'
             C:\Program Files\dotnet\packs\Microsoft.NETCore.App.Ref\8.0.19\ref/net8.0/System.Net.NetworkInformation.dll
                 Private = 'false'
             C:\Program Files\dotnet\packs\Microsoft.NETCore.App.Ref\8.0.19\ref/net8.0/System.Net.Ping.dll
                 Private = 'false'
             C:\Program Files\dotnet\packs\Microsoft.NETCore.App.Ref\8.0.19\ref/net8.0/System.Net.Primitives.dll
                 Private = 'false'
             C:\Program Files\dotnet\packs\Microsoft.NETCore.App.Ref\8.0.19\ref/net8.0/System.Net.Quic.dll
                 Private = 'false'
             C:\Program Files\dotnet\packs\Microsoft.NETCore.App.Ref\8.0.19\ref/net8.0/System.Net.Requests.dll
                 Private = 'false'
             C:\Program Files\dotnet\packs\Microsoft.NETCore.App.Ref\8.0.19\ref/net8.0/System.Net.Security.dll
                 Private = 'false'
             C:\Program Files\dotnet\packs\Microsoft.NETCore.App.Ref\8.0.19\ref/net8.0/System.Net.ServicePoint.dll
                 Private = 'false'
             C:\Program Files\dotnet\packs\Microsoft.NETCore.App.Ref\8.0.19\ref/net8.0/System.Net.Sockets.dll
                 Private = 'false'
             C:\Program Files\dotnet\packs\Microsoft.NETCore.App.Ref\8.0.19\ref/net8.0/System.Net.WebClient.dll
                 Private = 'false'
             C:\Program Files\dotnet\packs\Microsoft.NETCore.App.Ref\8.0.19\ref/net8.0/System.Net.WebHeaderCollection.dll
                 Private = 'false'
             C:\Program Files\dotnet\packs\Microsoft.NETCore.App.Ref\8.0.19\ref/net8.0/System.Net.WebProxy.dll
                 Private = 'false'
             C:\Program Files\dotnet\packs\Microsoft.NETCore.App.Ref\8.0.19\ref/net8.0/System.Net.WebSockets.Client.dll
                 Private = 'false'
             C:\Program Files\dotnet\packs\Microsoft.NETCore.App.Ref\8.0.19\ref/net8.0/System.Net.WebSockets.dll
                 Private = 'false'
             C:\Program Files\dotnet\packs\Microsoft.NETCore.App.Ref\8.0.19\ref/net8.0/System.Net.dll
                 Private = 'false'
             C:\Program Files\dotnet\packs\Microsoft.NETCore.App.Ref\8.0.19\ref/net8.0/System.Numerics.Vectors.dll
                 Private = 'false'
             C:\Program Files\dotnet\packs\Microsoft.NETCore.App.Ref\8.0.19\ref/net8.0/System.Numerics.dll
                 Private = 'false'
             C:\Program Files\dotnet\packs\Microsoft.NETCore.App.Ref\8.0.19\ref/net8.0/System.ObjectModel.dll
                 Private = 'false'
             C:\Program Files\dotnet\packs\Microsoft.NETCore.App.Ref\8.0.19\ref/net8.0/System.Reflection.DispatchProxy.dll
                 Private = 'false'
             C:\Program Files\dotnet\packs\Microsoft.NETCore.App.Ref\8.0.19\ref/net8.0/System.Reflection.Emit.ILGeneration.dll
                 Private = 'false'
             C:\Program Files\dotnet\packs\Microsoft.NETCore.App.Ref\8.0.19\ref/net8.0/System.Reflection.Emit.Lightweight.dll
                 Private = 'false'
             C:\Program Files\dotnet\packs\Microsoft.NETCore.App.Ref\8.0.19\ref/net8.0/System.Reflection.Emit.dll
                 Private = 'false'
             C:\Program Files\dotnet\packs\Microsoft.NETCore.App.Ref\8.0.19\ref/net8.0/System.Reflection.Extensions.dll
                 Private = 'false'
             C:\Program Files\dotnet\packs\Microsoft.NETCore.App.Ref\8.0.19\ref/net8.0/System.Reflection.Metadata.dll
                 Private = 'false'
             C:\Program Files\dotnet\packs\Microsoft.NETCore.App.Ref\8.0.19\ref/net8.0/System.Reflection.Primitives.dll
                 Private = 'false'
             C:\Program Files\dotnet\packs\Microsoft.NETCore.App.Ref\8.0.19\ref/net8.0/System.Reflection.TypeExtensions.dll
                 Private = 'false'
             C:\Program Files\dotnet\packs\Microsoft.NETCore.App.Ref\8.0.19\ref/net8.0/System.Reflection.dll
                 Private = 'false'
             C:\Program Files\dotnet\packs\Microsoft.NETCore.App.Ref\8.0.19\ref/net8.0/System.Resources.Reader.dll
                 Private = 'false'
             C:\Program Files\dotnet\packs\Microsoft.NETCore.App.Ref\8.0.19\ref/net8.0/System.Resources.ResourceManager.dll
                 Private = 'false'
             C:\Program Files\dotnet\packs\Microsoft.NETCore.App.Ref\8.0.19\ref/net8.0/System.Resources.Writer.dll
                 Private = 'false'
             C:\Program Files\dotnet\packs\Microsoft.NETCore.App.Ref\8.0.19\ref/net8.0/System.Runtime.CompilerServices.Unsafe.dll
                 Private = 'false'
             C:\Program Files\dotnet\packs\Microsoft.NETCore.App.Ref\8.0.19\ref/net8.0/System.Runtime.CompilerServices.VisualC.dll
                 Private = 'false'
             C:\Program Files\dotnet\packs\Microsoft.NETCore.App.Ref\8.0.19\ref/net8.0/System.Runtime.Extensions.dll
                 Private = 'false'
             C:\Program Files\dotnet\packs\Microsoft.NETCore.App.Ref\8.0.19\ref/net8.0/System.Runtime.Handles.dll
                 Private = 'false'
             C:\Program Files\dotnet\packs\Microsoft.NETCore.App.Ref\8.0.19\ref/net8.0/System.Runtime.InteropServices.JavaScript.dll
                 Private = 'false'
             C:\Program Files\dotnet\packs\Microsoft.NETCore.App.Ref\8.0.19\ref/net8.0/System.Runtime.InteropServices.RuntimeInformation.dll
                 Private = 'false'
             C:\Program Files\dotnet\packs\Microsoft.NETCore.App.Ref\8.0.19\ref/net8.0/System.Runtime.InteropServices.dll
                 Private = 'false'
             C:\Program Files\dotnet\packs\Microsoft.NETCore.App.Ref\8.0.19\ref/net8.0/System.Runtime.Intrinsics.dll
                 Private = 'false'
             C:\Program Files\dotnet\packs\Microsoft.NETCore.App.Ref\8.0.19\ref/net8.0/System.Runtime.Loader.dll
                 Private = 'false'
             C:\Program Files\dotnet\packs\Microsoft.NETCore.App.Ref\8.0.19\ref/net8.0/System.Runtime.Numerics.dll
                 Private = 'false'
             C:\Program Files\dotnet\packs\Microsoft.NETCore.App.Ref\8.0.19\ref/net8.0/System.Runtime.Serialization.Formatters.dll
                 Private = 'false'
             C:\Program Files\dotnet\packs\Microsoft.NETCore.App.Ref\8.0.19\ref/net8.0/System.Runtime.Serialization.Json.dll
                 Private = 'false'
             C:\Program Files\dotnet\packs\Microsoft.NETCore.App.Ref\8.0.19\ref/net8.0/System.Runtime.Serialization.Primitives.dll
                 Private = 'false'
             C:\Program Files\dotnet\packs\Microsoft.NETCore.App.Ref\8.0.19\ref/net8.0/System.Runtime.Serialization.Xml.dll
                 Private = 'false'
             C:\Program Files\dotnet\packs\Microsoft.NETCore.App.Ref\8.0.19\ref/net8.0/System.Runtime.Serialization.dll
                 Private = 'false'
             C:\Program Files\dotnet\packs\Microsoft.NETCore.App.Ref\8.0.19\ref/net8.0/System.Runtime.dll
                 Private = 'false'
             C:\Program Files\dotnet\packs\Microsoft.NETCore.App.Ref\8.0.19\ref/net8.0/System.Security.AccessControl.dll
                 Private = 'false'
             C:\Program Files\dotnet\packs\Microsoft.NETCore.App.Ref\8.0.19\ref/net8.0/System.Security.Claims.dll
                 Private = 'false'
             C:\Program Files\dotnet\packs\Microsoft.NETCore.App.Ref\8.0.19\ref/net8.0/System.Security.Cryptography.Algorithms.dll
                 Private = 'false'
             C:\Program Files\dotnet\packs\Microsoft.NETCore.App.Ref\8.0.19\ref/net8.0/System.Security.Cryptography.Cng.dll
                 Private = 'false'
             C:\Program Files\dotnet\packs\Microsoft.NETCore.App.Ref\8.0.19\ref/net8.0/System.Security.Cryptography.Csp.dll
                 Private = 'false'
             C:\Program Files\dotnet\packs\Microsoft.NETCore.App.Ref\8.0.19\ref/net8.0/System.Security.Cryptography.Encoding.dll
                 Private = 'false'
             C:\Program Files\dotnet\packs\Microsoft.NETCore.App.Ref\8.0.19\ref/net8.0/System.Security.Cryptography.OpenSsl.dll
                 Private = 'false'
             C:\Program Files\dotnet\packs\Microsoft.NETCore.App.Ref\8.0.19\ref/net8.0/System.Security.Cryptography.Primitives.dll
                 Private = 'false'
             C:\Program Files\dotnet\packs\Microsoft.NETCore.App.Ref\8.0.19\ref/net8.0/System.Security.Cryptography.X509Certificates.dll
                 Private = 'false'
             C:\Program Files\dotnet\packs\Microsoft.NETCore.App.Ref\8.0.19\ref/net8.0/System.Security.Cryptography.dll
                 Private = 'false'
             C:\Program Files\dotnet\packs\Microsoft.NETCore.App.Ref\8.0.19\ref/net8.0/System.Security.Principal.Windows.dll
                 Private = 'false'
             C:\Program Files\dotnet\packs\Microsoft.NETCore.App.Ref\8.0.19\ref/net8.0/System.Security.Principal.dll
                 Private = 'false'
             C:\Program Files\dotnet\packs\Microsoft.NETCore.App.Ref\8.0.19\ref/net8.0/System.Security.SecureString.dll
                 Private = 'false'
             C:\Program Files\dotnet\packs\Microsoft.NETCore.App.Ref\8.0.19\ref/net8.0/System.Security.dll
                 Private = 'false'
             C:\Program Files\dotnet\packs\Microsoft.NETCore.App.Ref\8.0.19\ref/net8.0/System.ServiceModel.Web.dll
                 Private = 'false'
             C:\Program Files\dotnet\packs\Microsoft.NETCore.App.Ref\8.0.19\ref/net8.0/System.ServiceProcess.dll
                 Private = 'false'
             C:\Program Files\dotnet\packs\Microsoft.NETCore.App.Ref\8.0.19\ref/net8.0/System.Text.Encoding.CodePages.dll
                 Private = 'false'
             C:\Program Files\dotnet\packs\Microsoft.NETCore.App.Ref\8.0.19\ref/net8.0/System.Text.Encoding.Extensions.dll
                 Private = 'false'
             C:\Program Files\dotnet\packs\Microsoft.NETCore.App.Ref\8.0.19\ref/net8.0/System.Text.Encoding.dll
                 Private = 'false'
             C:\Program Files\dotnet\packs\Microsoft.NETCore.App.Ref\8.0.19\ref/net8.0/System.Text.Encodings.Web.dll
                 Private = 'false'
             C:\Program Files\dotnet\packs\Microsoft.NETCore.App.Ref\8.0.19\ref/net8.0/System.Text.Json.dll
                 Private = 'false'
             C:\Program Files\dotnet\packs\Microsoft.NETCore.App.Ref\8.0.19\ref/net8.0/System.Text.RegularExpressions.dll
                 Private = 'false'
             C:\Program Files\dotnet\packs\Microsoft.NETCore.App.Ref\8.0.19\ref/net8.0/System.Threading.Channels.dll
                 Private = 'false'
             C:\Program Files\dotnet\packs\Microsoft.NETCore.App.Ref\8.0.19\ref/net8.0/System.Threading.Overlapped.dll
                 Private = 'false'
             C:\Program Files\dotnet\packs\Microsoft.NETCore.App.Ref\8.0.19\ref/net8.0/System.Threading.Tasks.Dataflow.dll
                 Private = 'false'
             C:\Program Files\dotnet\packs\Microsoft.NETCore.App.Ref\8.0.19\ref/net8.0/System.Threading.Tasks.Extensions.dll
                 Private = 'false'
             C:\Program Files\dotnet\packs\Microsoft.NETCore.App.Ref\8.0.19\ref/net8.0/System.Threading.Tasks.Parallel.dll
                 Private = 'false'
             C:\Program Files\dotnet\packs\Microsoft.NETCore.App.Ref\8.0.19\ref/net8.0/System.Threading.Tasks.dll
                 Private = 'false'
             C:\Program Files\dotnet\packs\Microsoft.NETCore.App.Ref\8.0.19\ref/net8.0/System.Threading.Thread.dll
                 Private = 'false'
             C:\Program Files\dotnet\packs\Microsoft.NETCore.App.Ref\8.0.19\ref/net8.0/System.Threading.ThreadPool.dll
                 Private = 'false'
             C:\Program Files\dotnet\packs\Microsoft.NETCore.App.Ref\8.0.19\ref/net8.0/System.Threading.Timer.dll
                 Private = 'false'
             C:\Program Files\dotnet\packs\Microsoft.NETCore.App.Ref\8.0.19\ref/net8.0/System.Threading.dll
                 Private = 'false'
             C:\Program Files\dotnet\packs\Microsoft.NETCore.App.Ref\8.0.19\ref/net8.0/System.Transactions.Local.dll
                 Private = 'false'
             C:\Program Files\dotnet\packs\Microsoft.NETCore.App.Ref\8.0.19\ref/net8.0/System.Transactions.dll
                 Private = 'false'
             C:\Program Files\dotnet\packs\Microsoft.NETCore.App.Ref\8.0.19\ref/net8.0/System.ValueTuple.dll
                 Private = 'false'
             C:\Program Files\dotnet\packs\Microsoft.NETCore.App.Ref\8.0.19\ref/net8.0/System.Web.HttpUtility.dll
                 Private = 'false'
             C:\Program Files\dotnet\packs\Microsoft.NETCore.App.Ref\8.0.19\ref/net8.0/System.Web.dll
                 Private = 'false'
             C:\Program Files\dotnet\packs\Microsoft.NETCore.App.Ref\8.0.19\ref/net8.0/System.Windows.dll
                 Private = 'false'
             C:\Program Files\dotnet\packs\Microsoft.NETCore.App.Ref\8.0.19\ref/net8.0/System.Xml.Linq.dll
                 Private = 'false'
             C:\Program Files\dotnet\packs\Microsoft.NETCore.App.Ref\8.0.19\ref/net8.0/System.Xml.ReaderWriter.dll
                 Private = 'false'
             C:\Program Files\dotnet\packs\Microsoft.NETCore.App.Ref\8.0.19\ref/net8.0/System.Xml.Serialization.dll
                 Private = 'false'
             C:\Program Files\dotnet\packs\Microsoft.NETCore.App.Ref\8.0.19\ref/net8.0/System.Xml.XDocument.dll
                 Private = 'false'
             C:\Program Files\dotnet\packs\Microsoft.NETCore.App.Ref\8.0.19\ref/net8.0/System.Xml.XPath.XDocument.dll
                 Private = 'false'
             C:\Program Files\dotnet\packs\Microsoft.NETCore.App.Ref\8.0.19\ref/net8.0/System.Xml.XPath.dll
                 Private = 'false'
             C:\Program Files\dotnet\packs\Microsoft.NETCore.App.Ref\8.0.19\ref/net8.0/System.Xml.XmlDocument.dll
                 Private = 'false'
             C:\Program Files\dotnet\packs\Microsoft.NETCore.App.Ref\8.0.19\ref/net8.0/System.Xml.XmlSerializer.dll
                 Private = 'false'
             C:\Program Files\dotnet\packs\Microsoft.NETCore.App.Ref\8.0.19\ref/net8.0/System.Xml.dll
                 Private = 'false'
             C:\Program Files\dotnet\packs\Microsoft.NETCore.App.Ref\8.0.19\ref/net8.0/System.dll
                 Private = 'false'
             C:\Program Files\dotnet\packs\Microsoft.NETCore.App.Ref\8.0.19\ref/net8.0/WindowsBase.dll
                 Private = 'false'
             C:\Program Files\dotnet\packs\Microsoft.NETCore.App.Ref\8.0.19\ref/net8.0/mscorlib.dll
                 Private = 'false'
             C:\Program Files\dotnet\packs\Microsoft.NETCore.App.Ref\8.0.19\ref/net8.0/netstandard.dll
                 Private = 'false'
             C:\Program Files\dotnet\packs\Microsoft.AspNetCore.App.Ref\8.0.19\ref\net8.0\Microsoft.AspNetCore.Antiforgery.dll
                 Private = 'false'
             C:\Program Files\dotnet\packs\Microsoft.AspNetCore.App.Ref\8.0.19\ref\net8.0\Microsoft.AspNetCore.Authentication.Abstractions.dll
                 Private = 'false'
             C:\Program Files\dotnet\packs\Microsoft.AspNetCore.App.Ref\8.0.19\ref\net8.0\Microsoft.AspNetCore.Authentication.BearerToken.dll
                 Private = 'false'
             C:\Program Files\dotnet\packs\Microsoft.AspNetCore.App.Ref\8.0.19\ref\net8.0\Microsoft.AspNetCore.Authentication.Cookies.dll
                 Private = 'false'
             C:\Program Files\dotnet\packs\Microsoft.AspNetCore.App.Ref\8.0.19\ref\net8.0\Microsoft.AspNetCore.Authentication.Core.dll
                 Private = 'false'
             C:\Program Files\dotnet\packs\Microsoft.AspNetCore.App.Ref\8.0.19\ref\net8.0\Microsoft.AspNetCore.Authentication.OAuth.dll
                 Private = 'false'
             C:\Program Files\dotnet\packs\Microsoft.AspNetCore.App.Ref\8.0.19\ref\net8.0\Microsoft.AspNetCore.Authentication.dll
                 Private = 'false'
             C:\Program Files\dotnet\packs\Microsoft.AspNetCore.App.Ref\8.0.19\ref\net8.0\Microsoft.AspNetCore.Authorization.Policy.dll
                 Private = 'false'
             C:\Program Files\dotnet\packs\Microsoft.AspNetCore.App.Ref\8.0.19\ref\net8.0\Microsoft.AspNetCore.Authorization.dll
                 Private = 'false'
             C:\Program Files\dotnet\packs\Microsoft.AspNetCore.App.Ref\8.0.19\ref\net8.0\Microsoft.AspNetCore.Components.Authorization.dll
                 Private = 'false'
             C:\Program Files\dotnet\packs\Microsoft.AspNetCore.App.Ref\8.0.19\ref\net8.0\Microsoft.AspNetCore.Components.Endpoints.dll
                 Private = 'false'
             C:\Program Files\dotnet\packs\Microsoft.AspNetCore.App.Ref\8.0.19\ref\net8.0\Microsoft.AspNetCore.Components.Forms.dll
                 Private = 'false'
             C:\Program Files\dotnet\packs\Microsoft.AspNetCore.App.Ref\8.0.19\ref\net8.0\Microsoft.AspNetCore.Components.Server.dll
                 Private = 'false'
             C:\Program Files\dotnet\packs\Microsoft.AspNetCore.App.Ref\8.0.19\ref\net8.0\Microsoft.AspNetCore.Components.Web.dll
                 Private = 'false'
             C:\Program Files\dotnet\packs\Microsoft.AspNetCore.App.Ref\8.0.19\ref\net8.0\Microsoft.AspNetCore.Components.dll
                 Private = 'false'
             C:\Program Files\dotnet\packs\Microsoft.AspNetCore.App.Ref\8.0.19\ref\net8.0\Microsoft.AspNetCore.Connections.Abstractions.dll
                 Private = 'false'
             C:\Program Files\dotnet\packs\Microsoft.AspNetCore.App.Ref\8.0.19\ref\net8.0\Microsoft.AspNetCore.CookiePolicy.dll
                 Private = 'false'
             C:\Program Files\dotnet\packs\Microsoft.AspNetCore.App.Ref\8.0.19\ref\net8.0\Microsoft.AspNetCore.Cors.dll
                 Private = 'false'
             C:\Program Files\dotnet\packs\Microsoft.AspNetCore.App.Ref\8.0.19\ref\net8.0\Microsoft.AspNetCore.Cryptography.Internal.dll
                 Private = 'false'
             C:\Program Files\dotnet\packs\Microsoft.AspNetCore.App.Ref\8.0.19\ref\net8.0\Microsoft.AspNetCore.Cryptography.KeyDerivation.dll
                 Private = 'false'
             C:\Program Files\dotnet\packs\Microsoft.AspNetCore.App.Ref\8.0.19\ref\net8.0\Microsoft.AspNetCore.DataProtection.Abstractions.dll
                 Private = 'false'
             C:\Program Files\dotnet\packs\Microsoft.AspNetCore.App.Ref\8.0.19\ref\net8.0\Microsoft.AspNetCore.DataProtection.Extensions.dll
                 Private = 'false'
             C:\Program Files\dotnet\packs\Microsoft.AspNetCore.App.Ref\8.0.19\ref\net8.0\Microsoft.AspNetCore.DataProtection.dll
                 Private = 'false'
             C:\Program Files\dotnet\packs\Microsoft.AspNetCore.App.Ref\8.0.19\ref\net8.0\Microsoft.AspNetCore.Diagnostics.Abstractions.dll
                 Private = 'false'
             C:\Program Files\dotnet\packs\Microsoft.AspNetCore.App.Ref\8.0.19\ref\net8.0\Microsoft.AspNetCore.Diagnostics.HealthChecks.dll
                 Private = 'false'
             C:\Program Files\dotnet\packs\Microsoft.AspNetCore.App.Ref\8.0.19\ref\net8.0\Microsoft.AspNetCore.Diagnostics.dll
                 Private = 'false'
             C:\Program Files\dotnet\packs\Microsoft.AspNetCore.App.Ref\8.0.19\ref\net8.0\Microsoft.AspNetCore.HostFiltering.dll
                 Private = 'false'
             C:\Program Files\dotnet\packs\Microsoft.AspNetCore.App.Ref\8.0.19\ref\net8.0\Microsoft.AspNetCore.Hosting.Abstractions.dll
                 Private = 'false'
             C:\Program Files\dotnet\packs\Microsoft.AspNetCore.App.Ref\8.0.19\ref\net8.0\Microsoft.AspNetCore.Hosting.Server.Abstractions.dll
                 Private = 'false'
             C:\Program Files\dotnet\packs\Microsoft.AspNetCore.App.Ref\8.0.19\ref\net8.0\Microsoft.AspNetCore.Hosting.dll
                 Private = 'false'
             C:\Program Files\dotnet\packs\Microsoft.AspNetCore.App.Ref\8.0.19\ref\net8.0\Microsoft.AspNetCore.Html.Abstractions.dll
                 Private = 'false'
             C:\Program Files\dotnet\packs\Microsoft.AspNetCore.App.Ref\8.0.19\ref\net8.0\Microsoft.AspNetCore.Http.Abstractions.dll
                 Private = 'false'
             C:\Program Files\dotnet\packs\Microsoft.AspNetCore.App.Ref\8.0.19\ref\net8.0\Microsoft.AspNetCore.Http.Connections.Common.dll
                 Private = 'false'
             C:\Program Files\dotnet\packs\Microsoft.AspNetCore.App.Ref\8.0.19\ref\net8.0\Microsoft.AspNetCore.Http.Connections.dll
                 Private = 'false'
             C:\Program Files\dotnet\packs\Microsoft.AspNetCore.App.Ref\8.0.19\ref\net8.0\Microsoft.AspNetCore.Http.Extensions.dll
                 Private = 'false'
             C:\Program Files\dotnet\packs\Microsoft.AspNetCore.App.Ref\8.0.19\ref\net8.0\Microsoft.AspNetCore.Http.Features.dll
                 Private = 'false'
             C:\Program Files\dotnet\packs\Microsoft.AspNetCore.App.Ref\8.0.19\ref\net8.0\Microsoft.AspNetCore.Http.Results.dll
                 Private = 'false'
             C:\Program Files\dotnet\packs\Microsoft.AspNetCore.App.Ref\8.0.19\ref\net8.0\Microsoft.AspNetCore.Http.dll
                 Private = 'false'
             C:\Program Files\dotnet\packs\Microsoft.AspNetCore.App.Ref\8.0.19\ref\net8.0\Microsoft.AspNetCore.HttpLogging.dll
                 Private = 'false'
             C:\Program Files\dotnet\packs\Microsoft.AspNetCore.App.Ref\8.0.19\ref\net8.0\Microsoft.AspNetCore.HttpOverrides.dll
                 Private = 'false'
             C:\Program Files\dotnet\packs\Microsoft.AspNetCore.App.Ref\8.0.19\ref\net8.0\Microsoft.AspNetCore.HttpsPolicy.dll
                 Private = 'false'
             C:\Program Files\dotnet\packs\Microsoft.AspNetCore.App.Ref\8.0.19\ref\net8.0\Microsoft.AspNetCore.Identity.dll
                 Private = 'false'
             C:\Program Files\dotnet\packs\Microsoft.AspNetCore.App.Ref\8.0.19\ref\net8.0\Microsoft.AspNetCore.Localization.Routing.dll
                 Private = 'false'
             C:\Program Files\dotnet\packs\Microsoft.AspNetCore.App.Ref\8.0.19\ref\net8.0\Microsoft.AspNetCore.Localization.dll
                 Private = 'false'
             C:\Program Files\dotnet\packs\Microsoft.AspNetCore.App.Ref\8.0.19\ref\net8.0\Microsoft.AspNetCore.Metadata.dll
                 Private = 'false'
             C:\Program Files\dotnet\packs\Microsoft.AspNetCore.App.Ref\8.0.19\ref\net8.0\Microsoft.AspNetCore.Mvc.Abstractions.dll
                 Private = 'false'
             C:\Program Files\dotnet\packs\Microsoft.AspNetCore.App.Ref\8.0.19\ref\net8.0\Microsoft.AspNetCore.Mvc.ApiExplorer.dll
                 Private = 'false'
             C:\Program Files\dotnet\packs\Microsoft.AspNetCore.App.Ref\8.0.19\ref\net8.0\Microsoft.AspNetCore.Mvc.Core.dll
                 Private = 'false'
             C:\Program Files\dotnet\packs\Microsoft.AspNetCore.App.Ref\8.0.19\ref\net8.0\Microsoft.AspNetCore.Mvc.Cors.dll
                 Private = 'false'
             C:\Program Files\dotnet\packs\Microsoft.AspNetCore.App.Ref\8.0.19\ref\net8.0\Microsoft.AspNetCore.Mvc.DataAnnotations.dll
                 Private = 'false'
             C:\Program Files\dotnet\packs\Microsoft.AspNetCore.App.Ref\8.0.19\ref\net8.0\Microsoft.AspNetCore.Mvc.Formatters.Json.dll
                 Private = 'false'
             C:\Program Files\dotnet\packs\Microsoft.AspNetCore.App.Ref\8.0.19\ref\net8.0\Microsoft.AspNetCore.Mvc.Formatters.Xml.dll
                 Private = 'false'
             C:\Program Files\dotnet\packs\Microsoft.AspNetCore.App.Ref\8.0.19\ref\net8.0\Microsoft.AspNetCore.Mvc.Localization.dll
                 Private = 'false'
             C:\Program Files\dotnet\packs\Microsoft.AspNetCore.App.Ref\8.0.19\ref\net8.0\Microsoft.AspNetCore.Mvc.Razor.dll
                 Private = 'false'
             C:\Program Files\dotnet\packs\Microsoft.AspNetCore.App.Ref\8.0.19\ref\net8.0\Microsoft.AspNetCore.Mvc.RazorPages.dll
                 Private = 'false'
             C:\Program Files\dotnet\packs\Microsoft.AspNetCore.App.Ref\8.0.19\ref\net8.0\Microsoft.AspNetCore.Mvc.TagHelpers.dll
                 Private = 'false'
             C:\Program Files\dotnet\packs\Microsoft.AspNetCore.App.Ref\8.0.19\ref\net8.0\Microsoft.AspNetCore.Mvc.ViewFeatures.dll
                 Private = 'false'
             C:\Program Files\dotnet\packs\Microsoft.AspNetCore.App.Ref\8.0.19\ref\net8.0\Microsoft.AspNetCore.Mvc.dll
                 Private = 'false'
             C:\Program Files\dotnet\packs\Microsoft.AspNetCore.App.Ref\8.0.19\ref\net8.0\Microsoft.AspNetCore.OutputCaching.dll
                 Private = 'false'
             C:\Program Files\dotnet\packs\Microsoft.AspNetCore.App.Ref\8.0.19\ref\net8.0\Microsoft.AspNetCore.RateLimiting.dll
                 Private = 'false'
             C:\Program Files\dotnet\packs\Microsoft.AspNetCore.App.Ref\8.0.19\ref\net8.0\Microsoft.AspNetCore.Razor.Runtime.dll
                 Private = 'false'
             C:\Program Files\dotnet\packs\Microsoft.AspNetCore.App.Ref\8.0.19\ref\net8.0\Microsoft.AspNetCore.Razor.dll
                 Private = 'false'
             C:\Program Files\dotnet\packs\Microsoft.AspNetCore.App.Ref\8.0.19\ref\net8.0\Microsoft.AspNetCore.RequestDecompression.dll
                 Private = 'false'
             C:\Program Files\dotnet\packs\Microsoft.AspNetCore.App.Ref\8.0.19\ref\net8.0\Microsoft.AspNetCore.ResponseCaching.Abstractions.dll
                 Private = 'false'
             C:\Program Files\dotnet\packs\Microsoft.AspNetCore.App.Ref\8.0.19\ref\net8.0\Microsoft.AspNetCore.ResponseCaching.dll
                 Private = 'false'
             C:\Program Files\dotnet\packs\Microsoft.AspNetCore.App.Ref\8.0.19\ref\net8.0\Microsoft.AspNetCore.ResponseCompression.dll
                 Private = 'false'
             C:\Program Files\dotnet\packs\Microsoft.AspNetCore.App.Ref\8.0.19\ref\net8.0\Microsoft.AspNetCore.Rewrite.dll
                 Private = 'false'
             C:\Program Files\dotnet\packs\Microsoft.AspNetCore.App.Ref\8.0.19\ref\net8.0\Microsoft.AspNetCore.Routing.Abstractions.dll
                 Private = 'false'
             C:\Program Files\dotnet\packs\Microsoft.AspNetCore.App.Ref\8.0.19\ref\net8.0\Microsoft.AspNetCore.Routing.dll
                 Private = 'false'
             C:\Program Files\dotnet\packs\Microsoft.AspNetCore.App.Ref\8.0.19\ref\net8.0\Microsoft.AspNetCore.Server.HttpSys.dll
                 Private = 'false'
             C:\Program Files\dotnet\packs\Microsoft.AspNetCore.App.Ref\8.0.19\ref\net8.0\Microsoft.AspNetCore.Server.IIS.dll
                 Private = 'false'
             C:\Program Files\dotnet\packs\Microsoft.AspNetCore.App.Ref\8.0.19\ref\net8.0\Microsoft.AspNetCore.Server.IISIntegration.dll
                 Private = 'false'
             C:\Program Files\dotnet\packs\Microsoft.AspNetCore.App.Ref\8.0.19\ref\net8.0\Microsoft.AspNetCore.Server.Kestrel.Core.dll
                 Private = 'false'
             C:\Program Files\dotnet\packs\Microsoft.AspNetCore.App.Ref\8.0.19\ref\net8.0\Microsoft.AspNetCore.Server.Kestrel.Transport.NamedPipes.dll
                 Private = 'false'
             C:\Program Files\dotnet\packs\Microsoft.AspNetCore.App.Ref\8.0.19\ref\net8.0\Microsoft.AspNetCore.Server.Kestrel.Transport.Quic.dll
                 Private = 'false'
             C:\Program Files\dotnet\packs\Microsoft.AspNetCore.App.Ref\8.0.19\ref\net8.0\Microsoft.AspNetCore.Server.Kestrel.Transport.Sockets.dll
                 Private = 'false'
             C:\Program Files\dotnet\packs\Microsoft.AspNetCore.App.Ref\8.0.19\ref\net8.0\Microsoft.AspNetCore.Server.Kestrel.dll
                 Private = 'false'
             C:\Program Files\dotnet\packs\Microsoft.AspNetCore.App.Ref\8.0.19\ref\net8.0\Microsoft.AspNetCore.Session.dll
                 Private = 'false'
             C:\Program Files\dotnet\packs\Microsoft.AspNetCore.App.Ref\8.0.19\ref\net8.0\Microsoft.AspNetCore.SignalR.Common.dll
                 Private = 'false'
             C:\Program Files\dotnet\packs\Microsoft.AspNetCore.App.Ref\8.0.19\ref\net8.0\Microsoft.AspNetCore.SignalR.Core.dll
                 Private = 'false'
             C:\Program Files\dotnet\packs\Microsoft.AspNetCore.App.Ref\8.0.19\ref\net8.0\Microsoft.AspNetCore.SignalR.Protocols.Json.dll
                 Private = 'false'
             C:\Program Files\dotnet\packs\Microsoft.AspNetCore.App.Ref\8.0.19\ref\net8.0\Microsoft.AspNetCore.SignalR.dll
                 Private = 'false'
             C:\Program Files\dotnet\packs\Microsoft.AspNetCore.App.Ref\8.0.19\ref\net8.0\Microsoft.AspNetCore.StaticFiles.dll
                 Private = 'false'
             C:\Program Files\dotnet\packs\Microsoft.AspNetCore.App.Ref\8.0.19\ref\net8.0\Microsoft.AspNetCore.WebSockets.dll
                 Private = 'false'
             C:\Program Files\dotnet\packs\Microsoft.AspNetCore.App.Ref\8.0.19\ref\net8.0\Microsoft.AspNetCore.WebUtilities.dll
                 Private = 'false'
             C:\Program Files\dotnet\packs\Microsoft.AspNetCore.App.Ref\8.0.19\ref\net8.0\Microsoft.AspNetCore.dll
                 Private = 'false'
             C:\Program Files\dotnet\packs\Microsoft.AspNetCore.App.Ref\8.0.19\ref\net8.0\Microsoft.Extensions.Caching.Abstractions.dll
                 Private = 'false'
             C:\Program Files\dotnet\packs\Microsoft.AspNetCore.App.Ref\8.0.19\ref\net8.0\Microsoft.Extensions.Caching.Memory.dll
                 Private = 'false'
             C:\Program Files\dotnet\packs\Microsoft.AspNetCore.App.Ref\8.0.19\ref\net8.0\Microsoft.Extensions.Configuration.Abstractions.dll
                 Private = 'false'
             C:\Program Files\dotnet\packs\Microsoft.AspNetCore.App.Ref\8.0.19\ref\net8.0\Microsoft.Extensions.Configuration.Binder.dll
                 Private = 'false'
             C:\Program Files\dotnet\packs\Microsoft.AspNetCore.App.Ref\8.0.19\ref\net8.0\Microsoft.Extensions.Configuration.CommandLine.dll
                 Private = 'false'
             C:\Program Files\dotnet\packs\Microsoft.AspNetCore.App.Ref\8.0.19\ref\net8.0\Microsoft.Extensions.Configuration.EnvironmentVariables.dll
                 Private = 'false'
             C:\Program Files\dotnet\packs\Microsoft.AspNetCore.App.Ref\8.0.19\ref\net8.0\Microsoft.Extensions.Configuration.FileExtensions.dll
                 Private = 'false'
             C:\Program Files\dotnet\packs\Microsoft.AspNetCore.App.Ref\8.0.19\ref\net8.0\Microsoft.Extensions.Configuration.Ini.dll
                 Private = 'false'
             C:\Program Files\dotnet\packs\Microsoft.AspNetCore.App.Ref\8.0.19\ref\net8.0\Microsoft.Extensions.Configuration.Json.dll
                 Private = 'false'
             C:\Program Files\dotnet\packs\Microsoft.AspNetCore.App.Ref\8.0.19\ref\net8.0\Microsoft.Extensions.Configuration.KeyPerFile.dll
                 Private = 'false'
             C:\Program Files\dotnet\packs\Microsoft.AspNetCore.App.Ref\8.0.19\ref\net8.0\Microsoft.Extensions.Configuration.UserSecrets.dll
                 Private = 'false'
             C:\Program Files\dotnet\packs\Microsoft.AspNetCore.App.Ref\8.0.19\ref\net8.0\Microsoft.Extensions.Configuration.Xml.dll
                 Private = 'false'
             C:\Program Files\dotnet\packs\Microsoft.AspNetCore.App.Ref\8.0.19\ref\net8.0\Microsoft.Extensions.Configuration.dll
                 Private = 'false'
             C:\Program Files\dotnet\packs\Microsoft.AspNetCore.App.Ref\8.0.19\ref\net8.0\Microsoft.Extensions.DependencyInjection.Abstractions.dll
                 Private = 'false'
             C:\Program Files\dotnet\packs\Microsoft.AspNetCore.App.Ref\8.0.19\ref\net8.0\Microsoft.Extensions.DependencyInjection.dll
                 Private = 'false'
             C:\Program Files\dotnet\packs\Microsoft.AspNetCore.App.Ref\8.0.19\ref\net8.0\Microsoft.Extensions.Diagnostics.Abstractions.dll
                 Private = 'false'
             C:\Program Files\dotnet\packs\Microsoft.AspNetCore.App.Ref\8.0.19\ref\net8.0\Microsoft.Extensions.Diagnostics.HealthChecks.Abstractions.dll
                 Private = 'false'
             C:\Program Files\dotnet\packs\Microsoft.AspNetCore.App.Ref\8.0.19\ref\net8.0\Microsoft.Extensions.Diagnostics.HealthChecks.dll
                 Private = 'false'
             C:\Program Files\dotnet\packs\Microsoft.AspNetCore.App.Ref\8.0.19\ref\net8.0\Microsoft.Extensions.Diagnostics.dll
                 Private = 'false'
             C:\Program Files\dotnet\packs\Microsoft.AspNetCore.App.Ref\8.0.19\ref\net8.0\Microsoft.Extensions.Features.dll
                 Private = 'false'
             C:\Program Files\dotnet\packs\Microsoft.AspNetCore.App.Ref\8.0.19\ref\net8.0\Microsoft.Extensions.FileProviders.Abstractions.dll
                 Private = 'false'
             C:\Program Files\dotnet\packs\Microsoft.AspNetCore.App.Ref\8.0.19\ref\net8.0\Microsoft.Extensions.FileProviders.Composite.dll
                 Private = 'false'
             C:\Program Files\dotnet\packs\Microsoft.AspNetCore.App.Ref\8.0.19\ref\net8.0\Microsoft.Extensions.FileProviders.Embedded.dll
                 Private = 'false'
             C:\Program Files\dotnet\packs\Microsoft.AspNetCore.App.Ref\8.0.19\ref\net8.0\Microsoft.Extensions.FileProviders.Physical.dll
                 Private = 'false'
             C:\Program Files\dotnet\packs\Microsoft.AspNetCore.App.Ref\8.0.19\ref\net8.0\Microsoft.Extensions.FileSystemGlobbing.dll
                 Private = 'false'
             C:\Program Files\dotnet\packs\Microsoft.AspNetCore.App.Ref\8.0.19\ref\net8.0\Microsoft.Extensions.Hosting.Abstractions.dll
                 Private = 'false'
             C:\Program Files\dotnet\packs\Microsoft.AspNetCore.App.Ref\8.0.19\ref\net8.0\Microsoft.Extensions.Hosting.dll
                 Private = 'false'
             C:\Program Files\dotnet\packs\Microsoft.AspNetCore.App.Ref\8.0.19\ref\net8.0\Microsoft.Extensions.Http.dll
                 Private = 'false'
             C:\Program Files\dotnet\packs\Microsoft.AspNetCore.App.Ref\8.0.19\ref\net8.0\Microsoft.Extensions.Identity.Core.dll
                 Private = 'false'
             C:\Program Files\dotnet\packs\Microsoft.AspNetCore.App.Ref\8.0.19\ref\net8.0\Microsoft.Extensions.Identity.Stores.dll
                 Private = 'false'
             C:\Program Files\dotnet\packs\Microsoft.AspNetCore.App.Ref\8.0.19\ref\net8.0\Microsoft.Extensions.Localization.Abstractions.dll
                 Private = 'false'
             C:\Program Files\dotnet\packs\Microsoft.AspNetCore.App.Ref\8.0.19\ref\net8.0\Microsoft.Extensions.Localization.dll
                 Private = 'false'
             C:\Program Files\dotnet\packs\Microsoft.AspNetCore.App.Ref\8.0.19\ref\net8.0\Microsoft.Extensions.Logging.Abstractions.dll
                 Private = 'false'
             C:\Program Files\dotnet\packs\Microsoft.AspNetCore.App.Ref\8.0.19\ref\net8.0\Microsoft.Extensions.Logging.Configuration.dll
                 Private = 'false'
             C:\Program Files\dotnet\packs\Microsoft.AspNetCore.App.Ref\8.0.19\ref\net8.0\Microsoft.Extensions.Logging.Console.dll
                 Private = 'false'
             C:\Program Files\dotnet\packs\Microsoft.AspNetCore.App.Ref\8.0.19\ref\net8.0\Microsoft.Extensions.Logging.Debug.dll
                 Private = 'false'
             C:\Program Files\dotnet\packs\Microsoft.AspNetCore.App.Ref\8.0.19\ref\net8.0\Microsoft.Extensions.Logging.EventLog.dll
                 Private = 'false'
             C:\Program Files\dotnet\packs\Microsoft.AspNetCore.App.Ref\8.0.19\ref\net8.0\Microsoft.Extensions.Logging.EventSource.dll
                 Private = 'false'
             C:\Program Files\dotnet\packs\Microsoft.AspNetCore.App.Ref\8.0.19\ref\net8.0\Microsoft.Extensions.Logging.TraceSource.dll
                 Private = 'false'
             C:\Program Files\dotnet\packs\Microsoft.AspNetCore.App.Ref\8.0.19\ref\net8.0\Microsoft.Extensions.Logging.dll
                 Private = 'false'
             C:\Program Files\dotnet\packs\Microsoft.AspNetCore.App.Ref\8.0.19\ref\net8.0\Microsoft.Extensions.ObjectPool.dll
                 Private = 'false'
             C:\Program Files\dotnet\packs\Microsoft.AspNetCore.App.Ref\8.0.19\ref\net8.0\Microsoft.Extensions.Options.ConfigurationExtensions.dll
                 Private = 'false'
             C:\Program Files\dotnet\packs\Microsoft.AspNetCore.App.Ref\8.0.19\ref\net8.0\Microsoft.Extensions.Options.DataAnnotations.dll
                 Private = 'false'
             C:\Program Files\dotnet\packs\Microsoft.AspNetCore.App.Ref\8.0.19\ref\net8.0\Microsoft.Extensions.Options.dll
                 Private = 'false'
             C:\Program Files\dotnet\packs\Microsoft.AspNetCore.App.Ref\8.0.19\ref\net8.0\Microsoft.Extensions.Primitives.dll
                 Private = 'false'
             C:\Program Files\dotnet\packs\Microsoft.AspNetCore.App.Ref\8.0.19\ref\net8.0\Microsoft.Extensions.WebEncoders.dll
                 Private = 'false'
             C:\Program Files\dotnet\packs\Microsoft.AspNetCore.App.Ref\8.0.19\ref\net8.0\Microsoft.JSInterop.dll
                 Private = 'false'
             C:\Program Files\dotnet\packs\Microsoft.AspNetCore.App.Ref\8.0.19\ref\net8.0\Microsoft.Net.Http.Headers.dll
                 Private = 'false'
             C:\Program Files\dotnet\packs\Microsoft.AspNetCore.App.Ref\8.0.19\ref\net8.0\System.Diagnostics.EventLog.dll
                 Private = 'false'
             C:\Program Files\dotnet\packs\Microsoft.AspNetCore.App.Ref\8.0.19\ref\net8.0\System.IO.Pipelines.dll
                 Private = 'false'
             C:\Program Files\dotnet\packs\Microsoft.AspNetCore.App.Ref\8.0.19\ref\net8.0\System.Security.Cryptography.Xml.dll
                 Private = 'false'
             C:\Program Files\dotnet\packs\Microsoft.AspNetCore.App.Ref\8.0.19\ref\net8.0\System.Threading.RateLimiting.dll
                 Private = 'false'
         AssemblyFiles:
         CandidateAssemblyFiles:
         TargetFrameworkDirectories:
             
         NonCultureResourceDirectories:
             
         InstalledAssemblyTables:
         IgnoreInstalledAssemblyTable:
             False
         SearchPaths:
             {CandidateAssemblyFiles}
             {HintPathFromItem}
             {TargetFrameworkDirectory}
             {RawFileName}
         AllowedAssemblyExtensions:
             .winmd
             .dll
             .exe
         AllowedRelatedFileExtensions:
             .pdb
             .xml
             .pri
             .dll.config
             .exe.config
         AppConfigFile:
             
         AutoUnify:
             True
         EnableCustomCulture:
             False
         CopyLocalDependenciesWhenParentReferenceInGac:
             True
         FindDependencies:
             True
         TargetProcessorArchitecture:
             msil
         StateFile:
             obj\Debug\net8.0\Machly.Api.csproj.AssemblyReference.cache
         InstalledAssemblySubsetTables:
         IgnoreInstalledAssemblySubsetTable:
             False
         TargetFrameworkSubsets:
         FullTargetFrameworkSubsetNames:
             Full
         ProfileName:
             
         FullFrameworkFolders:
         LatestTargetFrameworkDirectories:
         ProfileTablesLocation:
         Referencia principal "BCrypt.Net-Next, Version=4.0.3.0, Culture=neutral, PublicKeyToken=1e11be04b6288443".
             La ruta de acceso del archivo resuelta es "C:\Users\PC\.nuget\packages\bcrypt.net-next\4.0.3\lib\net6.0\BCrypt.Net-Next.dll".
             Se encontr├│ una referencia en la ubicaci├│n de ruta de acceso de b├║squeda "{HintPathFromItem}".
             Esta referencia no es "CopyLocal" porque existe al menos un elemento de origen con "Private" establecido en "false" y ning├║n elemento de origen con "Private" establecido en "true".
         Referencia principal "ChilliCream.Nitro.App, Version=28.0.0.0, Culture=neutral, PublicKeyToken=null".
             La ruta de acceso del archivo resuelta es "C:\Users\PC\.nuget\packages\chillicream.nitro.app\28.0.7\lib\net8.0\ChilliCream.Nitro.App.dll".
             Se encontr├│ una referencia en la ubicaci├│n de ruta de acceso de b├║squeda "{HintPathFromItem}".
             Esta referencia no es "CopyLocal" porque existe al menos un elemento de origen con "Private" establecido en "false" y ning├║n elemento de origen con "Private" establecido en "true".
         Referencia principal "DnsClient, Version=1.6.1.0, Culture=neutral, PublicKeyToken=4574bb5573c51424".
             La ruta de acceso del archivo resuelta es "C:\Users\PC\.nuget\packages\dnsclient\1.6.1\lib\net5.0\DnsClient.dll".
             Se encontr├│ una referencia en la ubicaci├│n de ruta de acceso de b├║squeda "{HintPathFromItem}".
             Esta referencia no es "CopyLocal" porque existe al menos un elemento de origen con "Private" establecido en "false" y ning├║n elemento de origen con "Private" establecido en "true".
         Referencia principal "GreenDonut, Version=15.1.11.0, Culture=neutral, PublicKeyToken=null".
             La ruta de acceso del archivo resuelta es "C:\Users\PC\.nuget\packages\greendonut\15.1.11\lib\net8.0\GreenDonut.dll".
             Se encontr├│ una referencia en la ubicaci├│n de ruta de acceso de b├║squeda "{HintPathFromItem}".
             Esta referencia no es "CopyLocal" porque existe al menos un elemento de origen con "Private" establecido en "false" y ning├║n elemento de origen con "Private" establecido en "true".
         Referencia principal "GreenDonut.Abstractions, Version=15.1.11.0, Culture=neutral, PublicKeyToken=null".
             La ruta de acceso del archivo resuelta es "C:\Users\PC\.nuget\packages\greendonut.abstractions\15.1.11\lib\net8.0\GreenDonut.Abstractions.dll".
             Se encontr├│ una referencia en la ubicaci├│n de ruta de acceso de b├║squeda "{HintPathFromItem}".
             Esta referencia no es "CopyLocal" porque existe al menos un elemento de origen con "Private" establecido en "false" y ning├║n elemento de origen con "Private" establecido en "true".
         Referencia principal "GreenDonut.Data, Version=15.1.11.0, Culture=neutral, PublicKeyToken=null".
             La ruta de acceso del archivo resuelta es "C:\Users\PC\.nuget\packages\greendonut.data\15.1.11\lib\net8.0\GreenDonut.Data.dll".
             Se encontr├│ una referencia en la ubicaci├│n de ruta de acceso de b├║squeda "{HintPathFromItem}".
             Esta referencia no es "CopyLocal" porque existe al menos un elemento de origen con "Private" establecido en "false" y ning├║n elemento de origen con "Private" establecido en "true".
         Referencia principal "GreenDonut.Data.Abstractions, Version=15.1.11.0, Culture=neutral, PublicKeyToken=null".
             La ruta de acceso del archivo resuelta es "C:\Users\PC\.nuget\packages\greendonut.data.abstractions\15.1.11\lib\net8.0\GreenDonut.Data.Abstractions.dll".
             Se encontr├│ una referencia en la ubicaci├│n de ruta de acceso de b├║squeda "{HintPathFromItem}".
             Esta referencia no es "CopyLocal" porque existe al menos un elemento de origen con "Private" establecido en "false" y ning├║n elemento de origen con "Private" establecido en "true".
         Referencia principal "GreenDonut.Data.Primitives, Version=15.1.11.0, Culture=neutral, PublicKeyToken=null".
             La ruta de acceso del archivo resuelta es "C:\Users\PC\.nuget\packages\greendonut.data.primitives\15.1.11\lib\net8.0\GreenDonut.Data.Primitives.dll".
             Se encontr├│ una referencia en la ubicaci├│n de ruta de acceso de b├║squeda "{HintPathFromItem}".
             Esta referencia no es "CopyLocal" porque existe al menos un elemento de origen con "Private" establecido en "false" y ning├║n elemento de origen con "Private" establecido en "true".
         Referencia principal "HotChocolate, Version=15.1.11.0, Culture=neutral, PublicKeyToken=null".
             La ruta de acceso del archivo resuelta es "C:\Users\PC\.nuget\packages\hotchocolate\15.1.11\lib\net8.0\HotChocolate.dll".
             Se encontr├│ una referencia en la ubicaci├│n de ruta de acceso de b├║squeda "{HintPathFromItem}".
             Esta referencia no es "CopyLocal" porque existe al menos un elemento de origen con "Private" establecido en "false" y ning├║n elemento de origen con "Private" establecido en "true".
         Referencia principal "HotChocolate.Abstractions, Version=15.1.11.0, Culture=neutral, PublicKeyToken=null".
             La ruta de acceso del archivo resuelta es "C:\Users\PC\.nuget\packages\hotchocolate.abstractions\15.1.11\lib\net8.0\HotChocolate.Abstractions.dll".
             Se encontr├│ una referencia en la ubicaci├│n de ruta de acceso de b├║squeda "{HintPathFromItem}".
             Esta referencia no es "CopyLocal" porque existe al menos un elemento de origen con "Private" establecido en "false" y ning├║n elemento de origen con "Private" establecido en "true".
         Referencia principal "HotChocolate.AspNetCore, Version=15.1.11.0, Culture=neutral, PublicKeyToken=null".
             La ruta de acceso del archivo resuelta es "C:\Users\PC\.nuget\packages\hotchocolate.aspnetcore\15.1.11\lib\net8.0\HotChocolate.AspNetCore.dll".
             Se encontr├│ una referencia en la ubicaci├│n de ruta de acceso de b├║squeda "{HintPathFromItem}".
             Esta referencia no es "CopyLocal" porque existe al menos un elemento de origen con "Private" establecido en "false" y ning├║n elemento de origen con "Private" establecido en "true".
         Referencia principal "HotChocolate.AspNetCore.Authorization, Version=15.1.11.0, Culture=neutral, PublicKeyToken=null".
             La ruta de acceso del archivo resuelta es "C:\Users\PC\.nuget\packages\hotchocolate.aspnetcore.authorization\15.1.11\lib\net8.0\HotChocolate.AspNetCore.Authorization.dll".
             Se encontr├│ una referencia en la ubicaci├│n de ruta de acceso de b├║squeda "{HintPathFromItem}".
             Esta referencia no es "CopyLocal" porque existe al menos un elemento de origen con "Private" establecido en "false" y ning├║n elemento de origen con "Private" establecido en "true".
         Referencia principal "HotChocolate.Authorization, Version=15.1.11.0, Culture=neutral, PublicKeyToken=null".
             La ruta de acceso del archivo resuelta es "C:\Users\PC\.nuget\packages\hotchocolate.authorization\15.1.11\lib\net8.0\HotChocolate.Authorization.dll".
             Se encontr├│ una referencia en la ubicaci├│n de ruta de acceso de b├║squeda "{HintPathFromItem}".
             Esta referencia no es "CopyLocal" porque existe al menos un elemento de origen con "Private" establecido en "false" y ning├║n elemento de origen con "Private" establecido en "true".
         Referencia principal "HotChocolate.CostAnalysis, Version=15.1.11.0, Culture=neutral, PublicKeyToken=null".
             La ruta de acceso del archivo resuelta es "C:\Users\PC\.nuget\packages\hotchocolate.costanalysis\15.1.11\lib\net8.0\HotChocolate.CostAnalysis.dll".
             Se encontr├│ una referencia en la ubicaci├│n de ruta de acceso de b├║squeda "{HintPathFromItem}".
             Esta referencia no es "CopyLocal" porque existe al menos un elemento de origen con "Private" establecido en "false" y ning├║n elemento de origen con "Private" establecido en "true".
         Referencia principal "HotChocolate.Data, Version=15.1.11.0, Culture=neutral, PublicKeyToken=null".
             La ruta de acceso del archivo resuelta es "C:\Users\PC\.nuget\packages\hotchocolate.data\15.1.11\lib\net8.0\HotChocolate.Data.dll".
             Se encontr├│ una referencia en la ubicaci├│n de ruta de acceso de b├║squeda "{HintPathFromItem}".
             Esta referencia no es "CopyLocal" porque existe al menos un elemento de origen con "Private" establecido en "false" y ning├║n elemento de origen con "Private" establecido en "true".
         Referencia principal "HotChocolate.Execution, Version=15.1.11.0, Culture=neutral, PublicKeyToken=null".
             La ruta de acceso del archivo resuelta es "C:\Users\PC\.nuget\packages\hotchocolate.execution\15.1.11\lib\net8.0\HotChocolate.Execution.dll".
             Se encontr├│ una referencia en la ubicaci├│n de ruta de acceso de b├║squeda "{HintPathFromItem}".
             Esta referencia no es "CopyLocal" porque existe al menos un elemento de origen con "Private" establecido en "false" y ning├║n elemento de origen con "Private" establecido en "true".
         Referencia principal "HotChocolate.Execution.Abstractions, Version=15.1.11.0, Culture=neutral, PublicKeyToken=null".
             La ruta de acceso del archivo resuelta es "C:\Users\PC\.nuget\packages\hotchocolate.execution.abstractions\15.1.11\lib\net8.0\HotChocolate.Execution.Abstractions.dll".
             Se encontr├│ una referencia en la ubicaci├│n de ruta de acceso de b├║squeda "{HintPathFromItem}".
             Esta referencia no es "CopyLocal" porque existe al menos un elemento de origen con "Private" establecido en "false" y ning├║n elemento de origen con "Private" establecido en "true".
         Referencia principal "HotChocolate.Execution.Projections, Version=15.1.11.0, Culture=neutral, PublicKeyToken=null".
             La ruta de acceso del archivo resuelta es "C:\Users\PC\.nuget\packages\hotchocolate.execution.projections\15.1.11\lib\net8.0\HotChocolate.Execution.Projections.dll".
             Se encontr├│ una referencia en la ubicaci├│n de ruta de acceso de b├║squeda "{HintPathFromItem}".
             Esta referencia no es "CopyLocal" porque existe al menos un elemento de origen con "Private" establecido en "false" y ning├║n elemento de origen con "Private" establecido en "true".
         Referencia principal "HotChocolate.Features, Version=15.1.11.0, Culture=neutral, PublicKeyToken=null".
             La ruta de acceso del archivo resuelta es "C:\Users\PC\.nuget\packages\hotchocolate.features\15.1.11\lib\net8.0\HotChocolate.Features.dll".
             Se encontr├│ una referencia en la ubicaci├│n de ruta de acceso de b├║squeda "{HintPathFromItem}".
             Esta referencia no es "CopyLocal" porque existe al menos un elemento de origen con "Private" establecido en "false" y ning├║n elemento de origen con "Private" establecido en "true".
         Referencia principal "HotChocolate.Fetching, Version=15.1.11.0, Culture=neutral, PublicKeyToken=null".
             La ruta de acceso del archivo resuelta es "C:\Users\PC\.nuget\packages\hotchocolate.fetching\15.1.11\lib\net8.0\HotChocolate.Fetching.dll".
             Se encontr├│ una referencia en la ubicaci├│n de ruta de acceso de b├║squeda "{HintPathFromItem}".
             Esta referencia no es "CopyLocal" porque existe al menos un elemento de origen con "Private" establecido en "false" y ning├║n elemento de origen con "Private" establecido en "true".
         Referencia principal "HotChocolate.Language, Version=15.1.11.0, Culture=neutral, PublicKeyToken=null".
             La ruta de acceso del archivo resuelta es "C:\Users\PC\.nuget\packages\hotchocolate.language\15.1.11\lib\net8.0\HotChocolate.Language.dll".
             Se encontr├│ una referencia en la ubicaci├│n de ruta de acceso de b├║squeda "{HintPathFromItem}".
             Esta referencia no es "CopyLocal" porque existe al menos un elemento de origen con "Private" establecido en "false" y ning├║n elemento de origen con "Private" establecido en "true".
         Referencia principal "HotChocolate.Language.SyntaxTree, Version=15.1.11.0, Culture=neutral, PublicKeyToken=null".
             La ruta de acceso del archivo resuelta es "C:\Users\PC\.nuget\packages\hotchocolate.language.syntaxtree\15.1.11\lib\net8.0\HotChocolate.Language.SyntaxTree.dll".
             Se encontr├│ una referencia en la ubicaci├│n de ruta de acceso de b├║squeda "{HintPathFromItem}".
             Esta referencia no es "CopyLocal" porque existe al menos un elemento de origen con "Private" establecido en "false" y ning├║n elemento de origen con "Private" establecido en "true".
         Referencia principal "HotChocolate.Language.Utf8, Version=15.1.11.0, Culture=neutral, PublicKeyToken=null".
             La ruta de acceso del archivo resuelta es "C:\Users\PC\.nuget\packages\hotchocolate.language.utf8\15.1.11\lib\net8.0\HotChocolate.Language.Utf8.dll".
             Se encontr├│ una referencia en la ubicaci├│n de ruta de acceso de b├║squeda "{HintPathFromItem}".
             Esta referencia no es "CopyLocal" porque existe al menos un elemento de origen con "Private" establecido en "false" y ning├║n elemento de origen con "Private" establecido en "true".
         Referencia principal "HotChocolate.Language.Visitors, Version=15.1.11.0, Culture=neutral, PublicKeyToken=null".
             La ruta de acceso del archivo resuelta es "C:\Users\PC\.nuget\packages\hotchocolate.language.visitors\15.1.11\lib\net8.0\HotChocolate.Language.Visitors.dll".
             Se encontr├│ una referencia en la ubicaci├│n de ruta de acceso de b├║squeda "{HintPathFromItem}".
             Esta referencia no es "CopyLocal" porque existe al menos un elemento de origen con "Private" establecido en "false" y ning├║n elemento de origen con "Private" establecido en "true".
         Referencia principal "HotChocolate.Language.Web, Version=15.1.11.0, Culture=neutral, PublicKeyToken=null".
             La ruta de acceso del archivo resuelta es "C:\Users\PC\.nuget\packages\hotchocolate.language.web\15.1.11\lib\net8.0\HotChocolate.Language.Web.dll".
             Se encontr├│ una referencia en la ubicaci├│n de ruta de acceso de b├║squeda "{HintPathFromItem}".
             Esta referencia no es "CopyLocal" porque existe al menos un elemento de origen con "Private" establecido en "false" y ning├║n elemento de origen con "Private" establecido en "true".
         Referencia principal "HotChocolate.Primitives, Version=15.1.11.0, Culture=neutral, PublicKeyToken=null".
             La ruta de acceso del archivo resuelta es "C:\Users\PC\.nuget\packages\hotchocolate.primitives\15.1.11\lib\net8.0\HotChocolate.Primitives.dll".
             Se encontr├│ una referencia en la ubicaci├│n de ruta de acceso de b├║squeda "{HintPathFromItem}".
             Esta referencia no es "CopyLocal" porque existe al menos un elemento de origen con "Private" establecido en "false" y ning├║n elemento de origen con "Private" establecido en "true".
         Referencia principal "HotChocolate.Subscriptions, Version=15.1.11.0, Culture=neutral, PublicKeyToken=null".
             La ruta de acceso del archivo resuelta es "C:\Users\PC\.nuget\packages\hotchocolate.subscriptions\15.1.11\lib\net8.0\HotChocolate.Subscriptions.dll".
             Se encontr├│ una referencia en la ubicaci├│n de ruta de acceso de b├║squeda "{HintPathFromItem}".
             Esta referencia no es "CopyLocal" porque existe al menos un elemento de origen con "Private" establecido en "false" y ning├║n elemento de origen con "Private" establecido en "true".
         Referencia principal "HotChocolate.Subscriptions.InMemory, Version=15.1.11.0, Culture=neutral, PublicKeyToken=null".
             La ruta de acceso del archivo resuelta es "C:\Users\PC\.nuget\packages\hotchocolate.subscriptions.inmemory\15.1.11\lib\net8.0\HotChocolate.Subscriptions.InMemory.dll".
             Se encontr├│ una referencia en la ubicaci├│n de ruta de acceso de b├║squeda "{HintPathFromItem}".
             Esta referencia no es "CopyLocal" porque existe al menos un elemento de origen con "Private" establecido en "false" y ning├║n elemento de origen con "Private" establecido en "true".
         Referencia principal "HotChocolate.Transport.Sockets, Version=15.1.11.0, Culture=neutral, PublicKeyToken=null".
             La ruta de acceso del archivo resuelta es "C:\Users\PC\.nuget\packages\hotchocolate.transport.sockets\15.1.11\lib\net8.0\HotChocolate.Transport.Sockets.dll".
             Se encontr├│ una referencia en la ubicaci├│n de ruta de acceso de b├║squeda "{HintPathFromItem}".
             Esta referencia no es "CopyLocal" porque existe al menos un elemento de origen con "Private" establecido en "false" y ning├║n elemento de origen con "Private" establecido en "true".
         Referencia principal "HotChocolate.Types, Version=15.1.11.0, Culture=neutral, PublicKeyToken=null".
             La ruta de acceso del archivo resuelta es "C:\Users\PC\.nuget\packages\hotchocolate.types\15.1.11\lib\net8.0\HotChocolate.Types.dll".
             Se encontr├│ una referencia en la ubicaci├│n de ruta de acceso de b├║squeda "{HintPathFromItem}".
             Esta referencia no es "CopyLocal" porque existe al menos un elemento de origen con "Private" establecido en "false" y ning├║n elemento de origen con "Private" establecido en "true".
         Referencia principal "HotChocolate.Types.CursorPagination, Version=15.1.11.0, Culture=neutral, PublicKeyToken=null".
             La ruta de acceso del archivo resuelta es "C:\Users\PC\.nuget\packages\hotchocolate.types.cursorpagination\15.1.11\lib\net8.0\HotChocolate.Types.CursorPagination.dll".
             Se encontr├│ una referencia en la ubicaci├│n de ruta de acceso de b├║squeda "{HintPathFromItem}".
             Esta referencia no es "CopyLocal" porque existe al menos un elemento de origen con "Private" establecido en "false" y ning├║n elemento de origen con "Private" establecido en "true".
         Referencia principal "HotChocolate.Types.CursorPagination.Extensions, Version=15.1.11.0, Culture=neutral, PublicKeyToken=null".
             La ruta de acceso del archivo resuelta es "C:\Users\PC\.nuget\packages\hotchocolate.types.cursorpagination.extensions\15.1.11\lib\net8.0\HotChocolate.Types.CursorPagination.Extensions.dll".
             Se encontr├│ una referencia en la ubicaci├│n de ruta de acceso de b├║squeda "{HintPathFromItem}".
             Esta referencia no es "CopyLocal" porque existe al menos un elemento de origen con "Private" establecido en "false" y ning├║n elemento de origen con "Private" establecido en "true".
         Referencia principal "HotChocolate.Types.Errors, Version=15.1.11.0, Culture=neutral, PublicKeyToken=null".
             La ruta de acceso del archivo resuelta es "C:\Users\PC\.nuget\packages\hotchocolate.types.errors\15.1.11\lib\net8.0\HotChocolate.Types.Errors.dll".
             Se encontr├│ una referencia en la ubicaci├│n de ruta de acceso de b├║squeda "{HintPathFromItem}".
             Esta referencia no es "CopyLocal" porque existe al menos un elemento de origen con "Private" establecido en "false" y ning├║n elemento de origen con "Private" establecido en "true".
         Referencia principal "HotChocolate.Types.Mutations, Version=15.1.11.0, Culture=neutral, PublicKeyToken=null".
             La ruta de acceso del archivo resuelta es "C:\Users\PC\.nuget\packages\hotchocolate.types.mutations\15.1.11\lib\net8.0\HotChocolate.Types.Mutations.dll".
             Se encontr├│ una referencia en la ubicaci├│n de ruta de acceso de b├║squeda "{HintPathFromItem}".
             Esta referencia no es "CopyLocal" porque existe al menos un elemento de origen con "Private" establecido en "false" y ning├║n elemento de origen con "Private" establecido en "true".
         Referencia principal "HotChocolate.Types.Queries, Version=15.1.11.0, Culture=neutral, PublicKeyToken=null".
             La ruta de acceso del archivo resuelta es "C:\Users\PC\.nuget\packages\hotchocolate.types.queries\15.1.11\lib\net8.0\HotChocolate.Types.Queries.dll".
             Se encontr├│ una referencia en la ubicaci├│n de ruta de acceso de b├║squeda "{HintPathFromItem}".
             Esta referencia no es "CopyLocal" porque existe al menos un elemento de origen con "Private" establecido en "false" y ning├║n elemento de origen con "Private" establecido en "true".
         Referencia principal "HotChocolate.Types.Scalars.Upload, Version=15.1.11.0, Culture=neutral, PublicKeyToken=null".
             La ruta de acceso del archivo resuelta es "C:\Users\PC\.nuget\packages\hotchocolate.types.scalars.upload\15.1.11\lib\net8.0\HotChocolate.Types.Scalars.Upload.dll".
             Se encontr├│ una referencia en la ubicaci├│n de ruta de acceso de b├║squeda "{HintPathFromItem}".
             Esta referencia no es "CopyLocal" porque existe al menos un elemento de origen con "Private" establecido en "false" y ning├║n elemento de origen con "Private" establecido en "true".
         Referencia principal "HotChocolate.Types.Shared, Version=15.1.11.0, Culture=neutral, PublicKeyToken=null".
             La ruta de acceso del archivo resuelta es "C:\Users\PC\.nuget\packages\hotchocolate.types.shared\15.1.11\lib\net8.0\HotChocolate.Types.Shared.dll".
             Se encontr├│ una referencia en la ubicaci├│n de ruta de acceso de b├║squeda "{HintPathFromItem}".
             Esta referencia no es "CopyLocal" porque existe al menos un elemento de origen con "Private" establecido en "false" y ning├║n elemento de origen con "Private" establecido en "true".
         Referencia principal "HotChocolate.Utilities, Version=15.1.11.0, Culture=neutral, PublicKeyToken=null".
             La ruta de acceso del archivo resuelta es "C:\Users\PC\.nuget\packages\hotchocolate.utilities\15.1.11\lib\net8.0\HotChocolate.Utilities.dll".
             Se encontr├│ una referencia en la ubicaci├│n de ruta de acceso de b├║squeda "{HintPathFromItem}".
             Esta referencia no es "CopyLocal" porque existe al menos un elemento de origen con "Private" establecido en "false" y ning├║n elemento de origen con "Private" establecido en "true".
         Referencia principal "HotChocolate.Utilities.DependencyInjection, Version=15.1.11.0, Culture=neutral, PublicKeyToken=null".
             La ruta de acceso del archivo resuelta es "C:\Users\PC\.nuget\packages\hotchocolate.utilities.dependencyinjection\15.1.11\lib\net8.0\HotChocolate.Utilities.DependencyInjection.dll".
             Se encontr├│ una referencia en la ubicaci├│n de ruta de acceso de b├║squeda "{HintPathFromItem}".
             Esta referencia no es "CopyLocal" porque existe al menos un elemento de origen con "Private" establecido en "false" y ning├║n elemento de origen con "Private" establecido en "true".
         Referencia principal "HotChocolate.Validation, Version=15.1.11.0, Culture=neutral, PublicKeyToken=null".
             La ruta de acceso del archivo resuelta es "C:\Users\PC\.nuget\packages\hotchocolate.validation\15.1.11\lib\net8.0\HotChocolate.Validation.dll".
             Se encontr├│ una referencia en la ubicaci├│n de ruta de acceso de b├║squeda "{HintPathFromItem}".
             Esta referencia no es "CopyLocal" porque existe al menos un elemento de origen con "Private" establecido en "false" y ning├║n elemento de origen con "Private" establecido en "true".
         Referencia principal "Microsoft.AspNetCore.Authentication.JwtBearer, Version=8.0.0.0, Culture=neutral, PublicKeyToken=adb9793829ddae60".
             La ruta de acceso del archivo resuelta es "C:\Users\PC\.nuget\packages\microsoft.aspnetcore.authentication.jwtbearer\8.0.0\lib\net8.0\Microsoft.AspNetCore.Authentication.JwtBearer.dll".
             Se encontr├│ una referencia en la ubicaci├│n de ruta de acceso de b├║squeda "{HintPathFromItem}".
             Esta referencia no es "CopyLocal" porque existe al menos un elemento de origen con "Private" establecido en "false" y ning├║n elemento de origen con "Private" establecido en "true".
         Referencia principal "Microsoft.IdentityModel.Abstractions, Version=7.0.3.0, Culture=neutral, PublicKeyToken=31bf3856ad364e35".
             La ruta de acceso del archivo resuelta es "C:\Users\PC\.nuget\packages\microsoft.identitymodel.abstractions\7.0.3\lib\net8.0\Microsoft.IdentityModel.Abstractions.dll".
             Se encontr├│ una referencia en la ubicaci├│n de ruta de acceso de b├║squeda "{HintPathFromItem}".
             Esta referencia no es "CopyLocal" porque existe al menos un elemento de origen con "Private" establecido en "false" y ning├║n elemento de origen con "Private" establecido en "true".
         Referencia principal "Microsoft.IdentityModel.JsonWebTokens, Version=7.0.3.0, Culture=neutral, PublicKeyToken=31bf3856ad364e35".
             La ruta de acceso del archivo resuelta es "C:\Users\PC\.nuget\packages\microsoft.identitymodel.jsonwebtokens\7.0.3\lib\net8.0\Microsoft.IdentityModel.JsonWebTokens.dll".
             Se encontr├│ una referencia en la ubicaci├│n de ruta de acceso de b├║squeda "{HintPathFromItem}".
             Esta referencia no es "CopyLocal" porque existe al menos un elemento de origen con "Private" establecido en "false" y ning├║n elemento de origen con "Private" establecido en "true".
         Referencia principal "Microsoft.IdentityModel.Logging, Version=7.0.3.0, Culture=neutral, PublicKeyToken=31bf3856ad364e35".
             La ruta de acceso del archivo resuelta es "C:\Users\PC\.nuget\packages\microsoft.identitymodel.logging\7.0.3\lib\net8.0\Microsoft.IdentityModel.Logging.dll".
             Se encontr├│ una referencia en la ubicaci├│n de ruta de acceso de b├║squeda "{HintPathFromItem}".
             Esta referencia no es "CopyLocal" porque existe al menos un elemento de origen con "Private" establecido en "false" y ning├║n elemento de origen con "Private" establecido en "true".
         Referencia principal "Microsoft.IdentityModel.Protocols, Version=7.0.3.0, Culture=neutral, PublicKeyToken=31bf3856ad364e35".
             La ruta de acceso del archivo resuelta es "C:\Users\PC\.nuget\packages\microsoft.identitymodel.protocols\7.0.3\lib\net8.0\Microsoft.IdentityModel.Protocols.dll".
             Se encontr├│ una referencia en la ubicaci├│n de ruta de acceso de b├║squeda "{HintPathFromItem}".
             Esta referencia no es "CopyLocal" porque existe al menos un elemento de origen con "Private" establecido en "false" y ning├║n elemento de origen con "Private" establecido en "true".
         Referencia principal "Microsoft.IdentityModel.Protocols.OpenIdConnect, Version=7.0.3.0, Culture=neutral, PublicKeyToken=31bf3856ad364e35".
             La ruta de acceso del archivo resuelta es "C:\Users\PC\.nuget\packages\microsoft.identitymodel.protocols.openidconnect\7.0.3\lib\net8.0\Microsoft.IdentityModel.Protocols.OpenIdConnect.dll".
             Se encontr├│ una referencia en la ubicaci├│n de ruta de acceso de b├║squeda "{HintPathFromItem}".
             Esta referencia no es "CopyLocal" porque existe al menos un elemento de origen con "Private" establecido en "false" y ning├║n elemento de origen con "Private" establecido en "true".
         Referencia principal "Microsoft.IdentityModel.Tokens, Version=7.0.3.0, Culture=neutral, PublicKeyToken=31bf3856ad364e35".
             La ruta de acceso del archivo resuelta es "C:\Users\PC\.nuget\packages\microsoft.identitymodel.tokens\7.0.3\lib\net8.0\Microsoft.IdentityModel.Tokens.dll".
             Se encontr├│ una referencia en la ubicaci├│n de ruta de acceso de b├║squeda "{HintPathFromItem}".
             Esta referencia no es "CopyLocal" porque existe al menos un elemento de origen con "Private" establecido en "false" y ning├║n elemento de origen con "Private" establecido en "true".
         Referencia principal "Microsoft.OpenApi, Version=1.6.14.0, Culture=neutral, PublicKeyToken=3f5743946376f042".
             La ruta de acceso del archivo resuelta es "C:\Users\PC\.nuget\packages\microsoft.openapi\1.6.14\lib\netstandard2.0\Microsoft.OpenApi.dll".
             Se encontr├│ una referencia en la ubicaci├│n de ruta de acceso de b├║squeda "{HintPathFromItem}".
             Esta referencia no es "CopyLocal" porque existe al menos un elemento de origen con "Private" establecido en "false" y ning├║n elemento de origen con "Private" establecido en "true".
         Referencia principal "MongoDB.Bson, Version=3.5.1.0, Culture=neutral, PublicKeyToken=94992a530f44e321".
             La ruta de acceso del archivo resuelta es "C:\Users\PC\.nuget\packages\mongodb.bson\3.5.1\lib\net6.0\MongoDB.Bson.dll".
             Se encontr├│ una referencia en la ubicaci├│n de ruta de acceso de b├║squeda "{HintPathFromItem}".
             Esta referencia no es "CopyLocal" porque existe al menos un elemento de origen con "Private" establecido en "false" y ning├║n elemento de origen con "Private" establecido en "true".
         Referencia principal "MongoDB.Driver, Version=3.5.1.0, Culture=neutral, PublicKeyToken=94992a530f44e321".
             La ruta de acceso del archivo resuelta es "C:\Users\PC\.nuget\packages\mongodb.driver\3.5.1\lib\net6.0\MongoDB.Driver.dll".
             Se encontr├│ una referencia en la ubicaci├│n de ruta de acceso de b├║squeda "{HintPathFromItem}".
             Esta referencia no es "CopyLocal" porque existe al menos un elemento de origen con "Private" establecido en "false" y ning├║n elemento de origen con "Private" establecido en "true".
         Referencia principal "SharpCompress, Version=0.30.1.0, Culture=neutral, PublicKeyToken=afb0a02973931d96".
             La ruta de acceso del archivo resuelta es "C:\Users\PC\.nuget\packages\sharpcompress\0.30.1\lib\net5.0\SharpCompress.dll".
             Se encontr├│ una referencia en la ubicaci├│n de ruta de acceso de b├║squeda "{HintPathFromItem}".
             Esta referencia no es "CopyLocal" porque existe al menos un elemento de origen con "Private" establecido en "false" y ning├║n elemento de origen con "Private" establecido en "true".
         Referencia principal "Snappier, Version=1.0.0.0, Culture=neutral, PublicKeyToken=a1b25124e6e13a3a".
             La ruta de acceso del archivo resuelta es "C:\Users\PC\.nuget\packages\snappier\1.0.0\lib\net5.0\Snappier.dll".
             Se encontr├│ una referencia en la ubicaci├│n de ruta de acceso de b├║squeda "{HintPathFromItem}".
             Esta referencia no es "CopyLocal" porque existe al menos un elemento de origen con "Private" establecido en "false" y ning├║n elemento de origen con "Private" establecido en "true".
         Referencia principal "Swashbuckle.AspNetCore.Swagger, Version=6.6.2.0, Culture=neutral, PublicKeyToken=62657d7474907593".
             La ruta de acceso del archivo resuelta es "C:\Users\PC\.nuget\packages\swashbuckle.aspnetcore.swagger\6.6.2\lib\net8.0\Swashbuckle.AspNetCore.Swagger.dll".
             Se encontr├│ una referencia en la ubicaci├│n de ruta de acceso de b├║squeda "{HintPathFromItem}".
             Esta referencia no es "CopyLocal" porque existe al menos un elemento de origen con "Private" establecido en "false" y ning├║n elemento de origen con "Private" establecido en "true".
         Referencia principal "Swashbuckle.AspNetCore.SwaggerGen, Version=6.6.2.0, Culture=neutral, PublicKeyToken=d84d99fb0135530a".
             La ruta de acceso del archivo resuelta es "C:\Users\PC\.nuget\packages\swashbuckle.aspnetcore.swaggergen\6.6.2\lib\net8.0\Swashbuckle.AspNetCore.SwaggerGen.dll".
             Se encontr├│ una referencia en la ubicaci├│n de ruta de acceso de b├║squeda "{HintPathFromItem}".
             Esta referencia no es "CopyLocal" porque existe al menos un elemento de origen con "Private" establecido en "false" y ning├║n elemento de origen con "Private" establecido en "true".
         Referencia principal "Swashbuckle.AspNetCore.SwaggerUI, Version=6.6.2.0, Culture=neutral, PublicKeyToken=4232c99127b3c254".
             La ruta de acceso del archivo resuelta es "C:\Users\PC\.nuget\packages\swashbuckle.aspnetcore.swaggerui\6.6.2\lib\net8.0\Swashbuckle.AspNetCore.SwaggerUI.dll".
             Se encontr├│ una referencia en la ubicaci├│n de ruta de acceso de b├║squeda "{HintPathFromItem}".
             Esta referencia no es "CopyLocal" porque existe al menos un elemento de origen con "Private" establecido en "false" y ning├║n elemento de origen con "Private" establecido en "true".
         Referencia principal "System.IdentityModel.Tokens.Jwt, Version=7.0.3.0, Culture=neutral, PublicKeyToken=31bf3856ad364e35".
             La ruta de acceso del archivo resuelta es "C:\Users\PC\.nuget\packages\system.identitymodel.tokens.jwt\7.0.3\lib\net8.0\System.IdentityModel.Tokens.Jwt.dll".
             Se encontr├│ una referencia en la ubicaci├│n de ruta de acceso de b├║squeda "{HintPathFromItem}".
             Esta referencia no es "CopyLocal" porque existe al menos un elemento de origen con "Private" establecido en "false" y ning├║n elemento de origen con "Private" establecido en "true".
         Referencia principal "System.IO.Hashing, Version=8.0.0.0, Culture=neutral, PublicKeyToken=cc7b13ffcd2ddd51".
             La ruta de acceso del archivo resuelta es "C:\Users\PC\.nuget\packages\system.io.hashing\8.0.0\lib\net8.0\System.IO.Hashing.dll".
             Se encontr├│ una referencia en la ubicaci├│n de ruta de acceso de b├║squeda "{HintPathFromItem}".
             Esta referencia no es "CopyLocal" porque existe al menos un elemento de origen con "Private" establecido en "false" y ning├║n elemento de origen con "Private" establecido en "true".
         Referencia principal "Yarp.ReverseProxy, Version=2.3.0.0, Culture=neutral, PublicKeyToken=b03f5f7f11d50a3a".
             La ruta de acceso del archivo resuelta es "C:\Users\PC\.nuget\packages\yarp.reverseproxy\2.3.0\lib\net8.0\Yarp.ReverseProxy.dll".
             Se encontr├│ una referencia en la ubicaci├│n de ruta de acceso de b├║squeda "{HintPathFromItem}".
             Esta referencia no es "CopyLocal" porque existe al menos un elemento de origen con "Private" establecido en "false" y ning├║n elemento de origen con "Private" establecido en "true".
         Referencia principal "ZstdSharp, Version=0.7.3.0, Culture=neutral, PublicKeyToken=8d151af33a4ad5cf".
             La ruta de acceso del archivo resuelta es "C:\Users\PC\.nuget\packages\zstdsharp.port\0.7.3\lib\net7.0\ZstdSharp.dll".
             Se encontr├│ una referencia en la ubicaci├│n de ruta de acceso de b├║squeda "{HintPathFromItem}".
             Esta referencia no es "CopyLocal" porque existe al menos un elemento de origen con "Private" establecido en "false" y ning├║n elemento de origen con "Private" establecido en "true".
         Referencia principal "Microsoft.CSharp, Version=8.0.0.0, Culture=neutral, PublicKeyToken=b03f5f7f11d50a3a".
             La ruta de acceso del archivo resuelta es "C:\Program Files\dotnet\packs\Microsoft.NETCore.App.Ref\8.0.19\ref\net8.0\Microsoft.CSharp.dll".
             Se encontr├│ una referencia en la ubicaci├│n de ruta de acceso de b├║squeda "{RawFileName}".
             Esta referencia no es "CopyLocal" porque existe al menos un elemento de origen con "Private" establecido en "false" y ning├║n elemento de origen con "Private" establecido en "true".
         Referencia principal "Microsoft.VisualBasic.Core, Version=13.0.0.0, Culture=neutral, PublicKeyToken=b03f5f7f11d50a3a".
             La ruta de acceso del archivo resuelta es "C:\Program Files\dotnet\packs\Microsoft.NETCore.App.Ref\8.0.19\ref\net8.0\Microsoft.VisualBasic.Core.dll".
             Se encontr├│ una referencia en la ubicaci├│n de ruta de acceso de b├║squeda "{RawFileName}".
             Esta referencia no es "CopyLocal" porque existe al menos un elemento de origen con "Private" establecido en "false" y ning├║n elemento de origen con "Private" establecido en "true".
         Referencia principal "Microsoft.VisualBasic, Version=10.0.0.0, Culture=neutral, PublicKeyToken=b03f5f7f11d50a3a".
             La ruta de acceso del archivo resuelta es "C:\Program Files\dotnet\packs\Microsoft.NETCore.App.Ref\8.0.19\ref\net8.0\Microsoft.VisualBasic.dll".
             Se encontr├│ una referencia en la ubicaci├│n de ruta de acceso de b├║squeda "{RawFileName}".
             Esta referencia no es "CopyLocal" porque existe al menos un elemento de origen con "Private" establecido en "false" y ning├║n elemento de origen con "Private" establecido en "true".
         Referencia principal "Microsoft.Win32.Primitives, Version=8.0.0.0, Culture=neutral, PublicKeyToken=b03f5f7f11d50a3a".
             La ruta de acceso del archivo resuelta es "C:\Program Files\dotnet\packs\Microsoft.NETCore.App.Ref\8.0.19\ref\net8.0\Microsoft.Win32.Primitives.dll".
             Se encontr├│ una referencia en la ubicaci├│n de ruta de acceso de b├║squeda "{RawFileName}".
             Esta referencia no es "CopyLocal" porque existe al menos un elemento de origen con "Private" establecido en "false" y ning├║n elemento de origen con "Private" establecido en "true".
         Referencia principal "Microsoft.Win32.Registry, Version=8.0.0.0, Culture=neutral, PublicKeyToken=b03f5f7f11d50a3a".
             La ruta de acceso del archivo resuelta es "C:\Program Files\dotnet\packs\Microsoft.NETCore.App.Ref\8.0.19\ref\net8.0\Microsoft.Win32.Registry.dll".
             Se encontr├│ una referencia en la ubicaci├│n de ruta de acceso de b├║squeda "{RawFileName}".
             Esta referencia no es "CopyLocal" porque existe al menos un elemento de origen con "Private" establecido en "false" y ning├║n elemento de origen con "Private" establecido en "true".
         Referencia principal "System.AppContext, Version=8.0.0.0, Culture=neutral, PublicKeyToken=b03f5f7f11d50a3a".
             La ruta de acceso del archivo resuelta es "C:\Program Files\dotnet\packs\Microsoft.NETCore.App.Ref\8.0.19\ref\net8.0\System.AppContext.dll".
             Se encontr├│ una referencia en la ubicaci├│n de ruta de acceso de b├║squeda "{RawFileName}".
             Esta referencia no es "CopyLocal" porque existe al menos un elemento de origen con "Private" establecido en "false" y ning├║n elemento de origen con "Private" establecido en "true".
         Referencia principal "System.Buffers, Version=8.0.0.0, Culture=neutral, PublicKeyToken=cc7b13ffcd2ddd51".
             La ruta de acceso del archivo resuelta es "C:\Program Files\dotnet\packs\Microsoft.NETCore.App.Ref\8.0.19\ref\net8.0\System.Buffers.dll".
             Se encontr├│ una referencia en la ubicaci├│n de ruta de acceso de b├║squeda "{RawFileName}".
             Esta referencia no es "CopyLocal" porque existe al menos un elemento de origen con "Private" establecido en "false" y ning├║n elemento de origen con "Private" establecido en "true".
         Referencia principal "System.Collections.Concurrent, Version=8.0.0.0, Culture=neutral, PublicKeyToken=b03f5f7f11d50a3a".
             La ruta de acceso del archivo resuelta es "C:\Program Files\dotnet\packs\Microsoft.NETCore.App.Ref\8.0.19\ref\net8.0\System.Collections.Concurrent.dll".
             Se encontr├│ una referencia en la ubicaci├│n de ruta de acceso de b├║squeda "{RawFileName}".
             Esta referencia no es "CopyLocal" porque existe al menos un elemento de origen con "Private" establecido en "false" y ning├║n elemento de origen con "Private" establecido en "true".
         Referencia principal "System.Collections.Immutable, Version=8.0.0.0, Culture=neutral, PublicKeyToken=b03f5f7f11d50a3a".
             La ruta de acceso del archivo resuelta es "C:\Program Files\dotnet\packs\Microsoft.NETCore.App.Ref\8.0.19\ref\net8.0\System.Collections.Immutable.dll".
             Se encontr├│ una referencia en la ubicaci├│n de ruta de acceso de b├║squeda "{RawFileName}".
             Esta referencia no es "CopyLocal" porque existe al menos un elemento de origen con "Private" establecido en "false" y ning├║n elemento de origen con "Private" establecido en "true".
         Referencia principal "System.Collections.NonGeneric, Version=8.0.0.0, Culture=neutral, PublicKeyToken=b03f5f7f11d50a3a".
             La ruta de acceso del archivo resuelta es "C:\Program Files\dotnet\packs\Microsoft.NETCore.App.Ref\8.0.19\ref\net8.0\System.Collections.NonGeneric.dll".
             Se encontr├│ una referencia en la ubicaci├│n de ruta de acceso de b├║squeda "{RawFileName}".
             Esta referencia no es "CopyLocal" porque existe al menos un elemento de origen con "Private" establecido en "false" y ning├║n elemento de origen con "Private" establecido en "true".
         Referencia principal "System.Collections.Specialized, Version=8.0.0.0, Culture=neutral, PublicKeyToken=b03f5f7f11d50a3a".
             La ruta de acceso del archivo resuelta es "C:\Program Files\dotnet\packs\Microsoft.NETCore.App.Ref\8.0.19\ref\net8.0\System.Collections.Specialized.dll".
             Se encontr├│ una referencia en la ubicaci├│n de ruta de acceso de b├║squeda "{RawFileName}".
             Esta referencia no es "CopyLocal" porque existe al menos un elemento de origen con "Private" establecido en "false" y ning├║n elemento de origen con "Private" establecido en "true".
         Referencia principal "System.Collections, Version=8.0.0.0, Culture=neutral, PublicKeyToken=b03f5f7f11d50a3a".
             La ruta de acceso del archivo resuelta es "C:\Program Files\dotnet\packs\Microsoft.NETCore.App.Ref\8.0.19\ref\net8.0\System.Collections.dll".
             Se encontr├│ una referencia en la ubicaci├│n de ruta de acceso de b├║squeda "{RawFileName}".
             Esta referencia no es "CopyLocal" porque existe al menos un elemento de origen con "Private" establecido en "false" y ning├║n elemento de origen con "Private" establecido en "true".
         Referencia principal "System.ComponentModel.Annotations, Version=8.0.0.0, Culture=neutral, PublicKeyToken=b03f5f7f11d50a3a".
             La ruta de acceso del archivo resuelta es "C:\Program Files\dotnet\packs\Microsoft.NETCore.App.Ref\8.0.19\ref\net8.0\System.ComponentModel.Annotations.dll".
             Se encontr├│ una referencia en la ubicaci├│n de ruta de acceso de b├║squeda "{RawFileName}".
             Esta referencia no es "CopyLocal" porque existe al menos un elemento de origen con "Private" establecido en "false" y ning├║n elemento de origen con "Private" establecido en "true".
         Referencia principal "System.ComponentModel.DataAnnotations, Version=4.0.0.0, Culture=neutral, PublicKeyToken=31bf3856ad364e35".
             La ruta de acceso del archivo resuelta es "C:\Program Files\dotnet\packs\Microsoft.NETCore.App.Ref\8.0.19\ref\net8.0\System.ComponentModel.DataAnnotations.dll".
             Se encontr├│ una referencia en la ubicaci├│n de ruta de acceso de b├║squeda "{RawFileName}".
             Esta referencia no es "CopyLocal" porque existe al menos un elemento de origen con "Private" establecido en "false" y ning├║n elemento de origen con "Private" establecido en "true".
         Referencia principal "System.ComponentModel.EventBasedAsync, Version=8.0.0.0, Culture=neutral, PublicKeyToken=b03f5f7f11d50a3a".
             La ruta de acceso del archivo resuelta es "C:\Program Files\dotnet\packs\Microsoft.NETCore.App.Ref\8.0.19\ref\net8.0\System.ComponentModel.EventBasedAsync.dll".
             Se encontr├│ una referencia en la ubicaci├│n de ruta de acceso de b├║squeda "{RawFileName}".
             Esta referencia no es "CopyLocal" porque existe al menos un elemento de origen con "Private" establecido en "false" y ning├║n elemento de origen con "Private" establecido en "true".
         Referencia principal "System.ComponentModel.Primitives, Version=8.0.0.0, Culture=neutral, PublicKeyToken=b03f5f7f11d50a3a".
             La ruta de acceso del archivo resuelta es "C:\Program Files\dotnet\packs\Microsoft.NETCore.App.Ref\8.0.19\ref\net8.0\System.ComponentModel.Primitives.dll".
             Se encontr├│ una referencia en la ubicaci├│n de ruta de acceso de b├║squeda "{RawFileName}".
             Esta referencia no es "CopyLocal" porque existe al menos un elemento de origen con "Private" establecido en "false" y ning├║n elemento de origen con "Private" establecido en "true".
         Referencia principal "System.ComponentModel.TypeConverter, Version=8.0.0.0, Culture=neutral, PublicKeyToken=b03f5f7f11d50a3a".
             La ruta de acceso del archivo resuelta es "C:\Program Files\dotnet\packs\Microsoft.NETCore.App.Ref\8.0.19\ref\net8.0\System.ComponentModel.TypeConverter.dll".
             Se encontr├│ una referencia en la ubicaci├│n de ruta de acceso de b├║squeda "{RawFileName}".
             Esta referencia no es "CopyLocal" porque existe al menos un elemento de origen con "Private" establecido en "false" y ning├║n elemento de origen con "Private" establecido en "true".
         Referencia principal "System.ComponentModel, Version=8.0.0.0, Culture=neutral, PublicKeyToken=b03f5f7f11d50a3a".
             La ruta de acceso del archivo resuelta es "C:\Program Files\dotnet\packs\Microsoft.NETCore.App.Ref\8.0.19\ref\net8.0\System.ComponentModel.dll".
             Se encontr├│ una referencia en la ubicaci├│n de ruta de acceso de b├║squeda "{RawFileName}".
             Esta referencia no es "CopyLocal" porque existe al menos un elemento de origen con "Private" establecido en "false" y ning├║n elemento de origen con "Private" establecido en "true".
         Referencia principal "System.Configuration, Version=4.0.0.0, Culture=neutral, PublicKeyToken=b03f5f7f11d50a3a".
             La ruta de acceso del archivo resuelta es "C:\Program Files\dotnet\packs\Microsoft.NETCore.App.Ref\8.0.19\ref\net8.0\System.Configuration.dll".
             Se encontr├│ una referencia en la ubicaci├│n de ruta de acceso de b├║squeda "{RawFileName}".
             Esta referencia no es "CopyLocal" porque existe al menos un elemento de origen con "Private" establecido en "false" y ning├║n elemento de origen con "Private" establecido en "true".
         Referencia principal "System.Console, Version=8.0.0.0, Culture=neutral, PublicKeyToken=b03f5f7f11d50a3a".
             La ruta de acceso del archivo resuelta es "C:\Program Files\dotnet\packs\Microsoft.NETCore.App.Ref\8.0.19\ref\net8.0\System.Console.dll".
             Se encontr├│ una referencia en la ubicaci├│n de ruta de acceso de b├║squeda "{RawFileName}".
             Esta referencia no es "CopyLocal" porque existe al menos un elemento de origen con "Private" establecido en "false" y ning├║n elemento de origen con "Private" establecido en "true".
         Referencia principal "System.Core, Version=4.0.0.0, Culture=neutral, PublicKeyToken=b77a5c561934e089".
             La ruta de acceso del archivo resuelta es "C:\Program Files\dotnet\packs\Microsoft.NETCore.App.Ref\8.0.19\ref\net8.0\System.Core.dll".
             Se encontr├│ una referencia en la ubicaci├│n de ruta de acceso de b├║squeda "{RawFileName}".
             Esta referencia no es "CopyLocal" porque existe al menos un elemento de origen con "Private" establecido en "false" y ning├║n elemento de origen con "Private" establecido en "true".
         Referencia principal "System.Data.Common, Version=8.0.0.0, Culture=neutral, PublicKeyToken=b03f5f7f11d50a3a".
             La ruta de acceso del archivo resuelta es "C:\Program Files\dotnet\packs\Microsoft.NETCore.App.Ref\8.0.19\ref\net8.0\System.Data.Common.dll".
             Se encontr├│ una referencia en la ubicaci├│n de ruta de acceso de b├║squeda "{RawFileName}".
             Esta referencia no es "CopyLocal" porque existe al menos un elemento de origen con "Private" establecido en "false" y ning├║n elemento de origen con "Private" establecido en "true".
         Referencia principal "System.Data.DataSetExtensions, Version=8.0.0.0, Culture=neutral, PublicKeyToken=b77a5c561934e089".
             La ruta de acceso del archivo resuelta es "C:\Program Files\dotnet\packs\Microsoft.NETCore.App.Ref\8.0.19\ref\net8.0\System.Data.DataSetExtensions.dll".
             Se encontr├│ una referencia en la ubicaci├│n de ruta de acceso de b├║squeda "{RawFileName}".
             Esta referencia no es "CopyLocal" porque existe al menos un elemento de origen con "Private" establecido en "false" y ning├║n elemento de origen con "Private" establecido en "true".
         Referencia principal "System.Data, Version=4.0.0.0, Culture=neutral, PublicKeyToken=b77a5c561934e089".
             La ruta de acceso del archivo resuelta es "C:\Program Files\dotnet\packs\Microsoft.NETCore.App.Ref\8.0.19\ref\net8.0\System.Data.dll".
             Se encontr├│ una referencia en la ubicaci├│n de ruta de acceso de b├║squeda "{RawFileName}".
             Esta referencia no es "CopyLocal" porque existe al menos un elemento de origen con "Private" establecido en "false" y ning├║n elemento de origen con "Private" establecido en "true".
         Referencia principal "System.Diagnostics.Contracts, Version=8.0.0.0, Culture=neutral, PublicKeyToken=b03f5f7f11d50a3a".
             La ruta de acceso del archivo resuelta es "C:\Program Files\dotnet\packs\Microsoft.NETCore.App.Ref\8.0.19\ref\net8.0\System.Diagnostics.Contracts.dll".
             Se encontr├│ una referencia en la ubicaci├│n de ruta de acceso de b├║squeda "{RawFileName}".
             Esta referencia no es "CopyLocal" porque existe al menos un elemento de origen con "Private" establecido en "false" y ning├║n elemento de origen con "Private" establecido en "true".
         Referencia principal "System.Diagnostics.Debug, Version=8.0.0.0, Culture=neutral, PublicKeyToken=b03f5f7f11d50a3a".
             La ruta de acceso del archivo resuelta es "C:\Program Files\dotnet\packs\Microsoft.NETCore.App.Ref\8.0.19\ref\net8.0\System.Diagnostics.Debug.dll".
             Se encontr├│ una referencia en la ubicaci├│n de ruta de acceso de b├║squeda "{RawFileName}".
             Esta referencia no es "CopyLocal" porque existe al menos un elemento de origen con "Private" establecido en "false" y ning├║n elemento de origen con "Private" establecido en "true".
         Referencia principal "System.Diagnostics.DiagnosticSource, Version=8.0.0.0, Culture=neutral, PublicKeyToken=cc7b13ffcd2ddd51".
             La ruta de acceso del archivo resuelta es "C:\Program Files\dotnet\packs\Microsoft.NETCore.App.Ref\8.0.19\ref\net8.0\System.Diagnostics.DiagnosticSource.dll".
             Se encontr├│ una referencia en la ubicaci├│n de ruta de acceso de b├║squeda "{RawFileName}".
             Esta referencia no es "CopyLocal" porque existe al menos un elemento de origen con "Private" establecido en "false" y ning├║n elemento de origen con "Private" establecido en "true".
         Referencia principal "System.Diagnostics.FileVersionInfo, Version=8.0.0.0, Culture=neutral, PublicKeyToken=b03f5f7f11d50a3a".
             La ruta de acceso del archivo resuelta es "C:\Program Files\dotnet\packs\Microsoft.NETCore.App.Ref\8.0.19\ref\net8.0\System.Diagnostics.FileVersionInfo.dll".
             Se encontr├│ una referencia en la ubicaci├│n de ruta de acceso de b├║squeda "{RawFileName}".
             Esta referencia no es "CopyLocal" porque existe al menos un elemento de origen con "Private" establecido en "false" y ning├║n elemento de origen con "Private" establecido en "true".
         Referencia principal "System.Diagnostics.Process, Version=8.0.0.0, Culture=neutral, PublicKeyToken=b03f5f7f11d50a3a".
             La ruta de acceso del archivo resuelta es "C:\Program Files\dotnet\packs\Microsoft.NETCore.App.Ref\8.0.19\ref\net8.0\System.Diagnostics.Process.dll".
             Se encontr├│ una referencia en la ubicaci├│n de ruta de acceso de b├║squeda "{RawFileName}".
             Esta referencia no es "CopyLocal" porque existe al menos un elemento de origen con "Private" establecido en "false" y ning├║n elemento de origen con "Private" establecido en "true".
         Referencia principal "System.Diagnostics.StackTrace, Version=8.0.0.0, Culture=neutral, PublicKeyToken=b03f5f7f11d50a3a".
             La ruta de acceso del archivo resuelta es "C:\Program Files\dotnet\packs\Microsoft.NETCore.App.Ref\8.0.19\ref\net8.0\System.Diagnostics.StackTrace.dll".
             Se encontr├│ una referencia en la ubicaci├│n de ruta de acceso de b├║squeda "{RawFileName}".
             Esta referencia no es "CopyLocal" porque existe al menos un elemento de origen con "Private" establecido en "false" y ning├║n elemento de origen con "Private" establecido en "true".
         Referencia principal "System.Diagnostics.TextWriterTraceListener, Version=8.0.0.0, Culture=neutral, PublicKeyToken=b03f5f7f11d50a3a".
             La ruta de acceso del archivo resuelta es "C:\Program Files\dotnet\packs\Microsoft.NETCore.App.Ref\8.0.19\ref\net8.0\System.Diagnostics.TextWriterTraceListener.dll".
             Se encontr├│ una referencia en la ubicaci├│n de ruta de acceso de b├║squeda "{RawFileName}".
             Esta referencia no es "CopyLocal" porque existe al menos un elemento de origen con "Private" establecido en "false" y ning├║n elemento de origen con "Private" establecido en "true".
         Referencia principal "System.Diagnostics.Tools, Version=8.0.0.0, Culture=neutral, PublicKeyToken=b03f5f7f11d50a3a".
             La ruta de acceso del archivo resuelta es "C:\Program Files\dotnet\packs\Microsoft.NETCore.App.Ref\8.0.19\ref\net8.0\System.Diagnostics.Tools.dll".
             Se encontr├│ una referencia en la ubicaci├│n de ruta de acceso de b├║squeda "{RawFileName}".
             Esta referencia no es "CopyLocal" porque existe al menos un elemento de origen con "Private" establecido en "false" y ning├║n elemento de origen con "Private" establecido en "true".
         Referencia principal "System.Diagnostics.TraceSource, Version=8.0.0.0, Culture=neutral, PublicKeyToken=b03f5f7f11d50a3a".
             La ruta de acceso del archivo resuelta es "C:\Program Files\dotnet\packs\Microsoft.NETCore.App.Ref\8.0.19\ref\net8.0\System.Diagnostics.TraceSource.dll".
             Se encontr├│ una referencia en la ubicaci├│n de ruta de acceso de b├║squeda "{RawFileName}".
             Esta referencia no es "CopyLocal" porque existe al menos un elemento de origen con "Private" establecido en "false" y ning├║n elemento de origen con "Private" establecido en "true".
         Referencia principal "System.Diagnostics.Tracing, Version=8.0.0.0, Culture=neutral, PublicKeyToken=b03f5f7f11d50a3a".
             La ruta de acceso del archivo resuelta es "C:\Program Files\dotnet\packs\Microsoft.NETCore.App.Ref\8.0.19\ref\net8.0\System.Diagnostics.Tracing.dll".
             Se encontr├│ una referencia en la ubicaci├│n de ruta de acceso de b├║squeda "{RawFileName}".
             Esta referencia no es "CopyLocal" porque existe al menos un elemento de origen con "Private" establecido en "false" y ning├║n elemento de origen con "Private" establecido en "true".
         Referencia principal "System.Drawing.Primitives, Version=8.0.0.0, Culture=neutral, PublicKeyToken=b03f5f7f11d50a3a".
             La ruta de acceso del archivo resuelta es "C:\Program Files\dotnet\packs\Microsoft.NETCore.App.Ref\8.0.19\ref\net8.0\System.Drawing.Primitives.dll".
             Se encontr├│ una referencia en la ubicaci├│n de ruta de acceso de b├║squeda "{RawFileName}".
             Esta referencia no es "CopyLocal" porque existe al menos un elemento de origen con "Private" establecido en "false" y ning├║n elemento de origen con "Private" establecido en "true".
         Referencia principal "System.Drawing, Version=4.0.0.0, Culture=neutral, PublicKeyToken=b03f5f7f11d50a3a".
             La ruta de acceso del archivo resuelta es "C:\Program Files\dotnet\packs\Microsoft.NETCore.App.Ref\8.0.19\ref\net8.0\System.Drawing.dll".
             Se encontr├│ una referencia en la ubicaci├│n de ruta de acceso de b├║squeda "{RawFileName}".
             Esta referencia no es "CopyLocal" porque existe al menos un elemento de origen con "Private" establecido en "false" y ning├║n elemento de origen con "Private" establecido en "true".
         Referencia principal "System.Dynamic.Runtime, Version=8.0.0.0, Culture=neutral, PublicKeyToken=b03f5f7f11d50a3a".
             La ruta de acceso del archivo resuelta es "C:\Program Files\dotnet\packs\Microsoft.NETCore.App.Ref\8.0.19\ref\net8.0\System.Dynamic.Runtime.dll".
             Se encontr├│ una referencia en la ubicaci├│n de ruta de acceso de b├║squeda "{RawFileName}".
             Esta referencia no es "CopyLocal" porque existe al menos un elemento de origen con "Private" establecido en "false" y ning├║n elemento de origen con "Private" establecido en "true".
         Referencia principal "System.Formats.Asn1, Version=8.0.0.0, Culture=neutral, PublicKeyToken=cc7b13ffcd2ddd51".
             La ruta de acceso del archivo resuelta es "C:\Program Files\dotnet\packs\Microsoft.NETCore.App.Ref\8.0.19\ref\net8.0\System.Formats.Asn1.dll".
             Se encontr├│ una referencia en la ubicaci├│n de ruta de acceso de b├║squeda "{RawFileName}".
             Esta referencia no es "CopyLocal" porque existe al menos un elemento de origen con "Private" establecido en "false" y ning├║n elemento de origen con "Private" establecido en "true".
         Referencia principal "System.Formats.Tar, Version=8.0.0.0, Culture=neutral, PublicKeyToken=cc7b13ffcd2ddd51".
             La ruta de acceso del archivo resuelta es "C:\Program Files\dotnet\packs\Microsoft.NETCore.App.Ref\8.0.19\ref\net8.0\System.Formats.Tar.dll".
             Se encontr├│ una referencia en la ubicaci├│n de ruta de acceso de b├║squeda "{RawFileName}".
             Esta referencia no es "CopyLocal" porque existe al menos un elemento de origen con "Private" establecido en "false" y ning├║n elemento de origen con "Private" establecido en "true".
         Referencia principal "System.Globalization.Calendars, Version=8.0.0.0, Culture=neutral, PublicKeyToken=b03f5f7f11d50a3a".
             La ruta de acceso del archivo resuelta es "C:\Program Files\dotnet\packs\Microsoft.NETCore.App.Ref\8.0.19\ref\net8.0\System.Globalization.Calendars.dll".
             Se encontr├│ una referencia en la ubicaci├│n de ruta de acceso de b├║squeda "{RawFileName}".
             Esta referencia no es "CopyLocal" porque existe al menos un elemento de origen con "Private" establecido en "false" y ning├║n elemento de origen con "Private" establecido en "true".
         Referencia principal "System.Globalization.Extensions, Version=8.0.0.0, Culture=neutral, PublicKeyToken=b03f5f7f11d50a3a".
             La ruta de acceso del archivo resuelta es "C:\Program Files\dotnet\packs\Microsoft.NETCore.App.Ref\8.0.19\ref\net8.0\System.Globalization.Extensions.dll".
             Se encontr├│ una referencia en la ubicaci├│n de ruta de acceso de b├║squeda "{RawFileName}".
             Esta referencia no es "CopyLocal" porque existe al menos un elemento de origen con "Private" establecido en "false" y ning├║n elemento de origen con "Private" establecido en "true".
         Referencia principal "System.Globalization, Version=8.0.0.0, Culture=neutral, PublicKeyToken=b03f5f7f11d50a3a".
             La ruta de acceso del archivo resuelta es "C:\Program Files\dotnet\packs\Microsoft.NETCore.App.Ref\8.0.19\ref\net8.0\System.Globalization.dll".
             Se encontr├│ una referencia en la ubicaci├│n de ruta de acceso de b├║squeda "{RawFileName}".
             Esta referencia no es "CopyLocal" porque existe al menos un elemento de origen con "Private" establecido en "false" y ning├║n elemento de origen con "Private" establecido en "true".
         Referencia principal "System.IO.Compression.Brotli, Version=8.0.0.0, Culture=neutral, PublicKeyToken=b77a5c561934e089".
             La ruta de acceso del archivo resuelta es "C:\Program Files\dotnet\packs\Microsoft.NETCore.App.Ref\8.0.19\ref\net8.0\System.IO.Compression.Brotli.dll".
             Se encontr├│ una referencia en la ubicaci├│n de ruta de acceso de b├║squeda "{RawFileName}".
             Esta referencia no es "CopyLocal" porque existe al menos un elemento de origen con "Private" establecido en "false" y ning├║n elemento de origen con "Private" establecido en "true".
         Referencia principal "System.IO.Compression.FileSystem, Version=4.0.0.0, Culture=neutral, PublicKeyToken=b77a5c561934e089".
             La ruta de acceso del archivo resuelta es "C:\Program Files\dotnet\packs\Microsoft.NETCore.App.Ref\8.0.19\ref\net8.0\System.IO.Compression.FileSystem.dll".
             Se encontr├│ una referencia en la ubicaci├│n de ruta de acceso de b├║squeda "{RawFileName}".
             Esta referencia no es "CopyLocal" porque existe al menos un elemento de origen con "Private" establecido en "false" y ning├║n elemento de origen con "Private" establecido en "true".
         Referencia principal "System.IO.Compression.ZipFile, Version=8.0.0.0, Culture=neutral, PublicKeyToken=b77a5c561934e089".
             La ruta de acceso del archivo resuelta es "C:\Program Files\dotnet\packs\Microsoft.NETCore.App.Ref\8.0.19\ref\net8.0\System.IO.Compression.ZipFile.dll".
             Se encontr├│ una referencia en la ubicaci├│n de ruta de acceso de b├║squeda "{RawFileName}".
             Esta referencia no es "CopyLocal" porque existe al menos un elemento de origen con "Private" establecido en "false" y ning├║n elemento de origen con "Private" establecido en "true".
         Referencia principal "System.IO.Compression, Version=8.0.0.0, Culture=neutral, PublicKeyToken=b77a5c561934e089".
             La ruta de acceso del archivo resuelta es "C:\Program Files\dotnet\packs\Microsoft.NETCore.App.Ref\8.0.19\ref\net8.0\System.IO.Compression.dll".
             Se encontr├│ una referencia en la ubicaci├│n de ruta de acceso de b├║squeda "{RawFileName}".
             Esta referencia no es "CopyLocal" porque existe al menos un elemento de origen con "Private" establecido en "false" y ning├║n elemento de origen con "Private" establecido en "true".
         Referencia principal "System.IO.FileSystem.AccessControl, Version=8.0.0.0, Culture=neutral, PublicKeyToken=b03f5f7f11d50a3a".
             La ruta de acceso del archivo resuelta es "C:\Program Files\dotnet\packs\Microsoft.NETCore.App.Ref\8.0.19\ref\net8.0\System.IO.FileSystem.AccessControl.dll".
             Se encontr├│ una referencia en la ubicaci├│n de ruta de acceso de b├║squeda "{RawFileName}".
             Esta referencia no es "CopyLocal" porque existe al menos un elemento de origen con "Private" establecido en "false" y ning├║n elemento de origen con "Private" establecido en "true".
         Referencia principal "System.IO.FileSystem.DriveInfo, Version=8.0.0.0, Culture=neutral, PublicKeyToken=b03f5f7f11d50a3a".
             La ruta de acceso del archivo resuelta es "C:\Program Files\dotnet\packs\Microsoft.NETCore.App.Ref\8.0.19\ref\net8.0\System.IO.FileSystem.DriveInfo.dll".
             Se encontr├│ una referencia en la ubicaci├│n de ruta de acceso de b├║squeda "{RawFileName}".
             Esta referencia no es "CopyLocal" porque existe al menos un elemento de origen con "Private" establecido en "false" y ning├║n elemento de origen con "Private" establecido en "true".
         Referencia principal "System.IO.FileSystem.Primitives, Version=8.0.0.0, Culture=neutral, PublicKeyToken=b03f5f7f11d50a3a".
             La ruta de acceso del archivo resuelta es "C:\Program Files\dotnet\packs\Microsoft.NETCore.App.Ref\8.0.19\ref\net8.0\System.IO.FileSystem.Primitives.dll".
             Se encontr├│ una referencia en la ubicaci├│n de ruta de acceso de b├║squeda "{RawFileName}".
             Esta referencia no es "CopyLocal" porque existe al menos un elemento de origen con "Private" establecido en "false" y ning├║n elemento de origen con "Private" establecido en "true".
         Referencia principal "System.IO.FileSystem.Watcher, Version=8.0.0.0, Culture=neutral, PublicKeyToken=b03f5f7f11d50a3a".
             La ruta de acceso del archivo resuelta es "C:\Program Files\dotnet\packs\Microsoft.NETCore.App.Ref\8.0.19\ref\net8.0\System.IO.FileSystem.Watcher.dll".
             Se encontr├│ una referencia en la ubicaci├│n de ruta de acceso de b├║squeda "{RawFileName}".
             Esta referencia no es "CopyLocal" porque existe al menos un elemento de origen con "Private" establecido en "false" y ning├║n elemento de origen con "Private" establecido en "true".
         Referencia principal "System.IO.FileSystem, Version=8.0.0.0, Culture=neutral, PublicKeyToken=b03f5f7f11d50a3a".
             La ruta de acceso del archivo resuelta es "C:\Program Files\dotnet\packs\Microsoft.NETCore.App.Ref\8.0.19\ref\net8.0\System.IO.FileSystem.dll".
             Se encontr├│ una referencia en la ubicaci├│n de ruta de acceso de b├║squeda "{RawFileName}".
             Esta referencia no es "CopyLocal" porque existe al menos un elemento de origen con "Private" establecido en "false" y ning├║n elemento de origen con "Private" establecido en "true".
         Referencia principal "System.IO.IsolatedStorage, Version=8.0.0.0, Culture=neutral, PublicKeyToken=b03f5f7f11d50a3a".
             La ruta de acceso del archivo resuelta es "C:\Program Files\dotnet\packs\Microsoft.NETCore.App.Ref\8.0.19\ref\net8.0\System.IO.IsolatedStorage.dll".
             Se encontr├│ una referencia en la ubicaci├│n de ruta de acceso de b├║squeda "{RawFileName}".
             Esta referencia no es "CopyLocal" porque existe al menos un elemento de origen con "Private" establecido en "false" y ning├║n elemento de origen con "Private" establecido en "true".
         Referencia principal "System.IO.MemoryMappedFiles, Version=8.0.0.0, Culture=neutral, PublicKeyToken=b03f5f7f11d50a3a".
             La ruta de acceso del archivo resuelta es "C:\Program Files\dotnet\packs\Microsoft.NETCore.App.Ref\8.0.19\ref\net8.0\System.IO.MemoryMappedFiles.dll".
             Se encontr├│ una referencia en la ubicaci├│n de ruta de acceso de b├║squeda "{RawFileName}".
             Esta referencia no es "CopyLocal" porque existe al menos un elemento de origen con "Private" establecido en "false" y ning├║n elemento de origen con "Private" establecido en "true".
         Referencia principal "System.IO.Pipes.AccessControl, Version=8.0.0.0, Culture=neutral, PublicKeyToken=b03f5f7f11d50a3a".
             La ruta de acceso del archivo resuelta es "C:\Program Files\dotnet\packs\Microsoft.NETCore.App.Ref\8.0.19\ref\net8.0\System.IO.Pipes.AccessControl.dll".
             Se encontr├│ una referencia en la ubicaci├│n de ruta de acceso de b├║squeda "{RawFileName}".
             Esta referencia no es "CopyLocal" porque existe al menos un elemento de origen con "Private" establecido en "false" y ning├║n elemento de origen con "Private" establecido en "true".
         Referencia principal "System.IO.Pipes, Version=8.0.0.0, Culture=neutral, PublicKeyToken=b03f5f7f11d50a3a".
             La ruta de acceso del archivo resuelta es "C:\Program Files\dotnet\packs\Microsoft.NETCore.App.Ref\8.0.19\ref\net8.0\System.IO.Pipes.dll".
             Se encontr├│ una referencia en la ubicaci├│n de ruta de acceso de b├║squeda "{RawFileName}".
             Esta referencia no es "CopyLocal" porque existe al menos un elemento de origen con "Private" establecido en "false" y ning├║n elemento de origen con "Private" establecido en "true".
         Referencia principal "System.IO.UnmanagedMemoryStream, Version=8.0.0.0, Culture=neutral, PublicKeyToken=b03f5f7f11d50a3a".
             La ruta de acceso del archivo resuelta es "C:\Program Files\dotnet\packs\Microsoft.NETCore.App.Ref\8.0.19\ref\net8.0\System.IO.UnmanagedMemoryStream.dll".
             Se encontr├│ una referencia en la ubicaci├│n de ruta de acceso de b├║squeda "{RawFileName}".
             Esta referencia no es "CopyLocal" porque existe al menos un elemento de origen con "Private" establecido en "false" y ning├║n elemento de origen con "Private" establecido en "true".
         Referencia principal "System.IO, Version=8.0.0.0, Culture=neutral, PublicKeyToken=b03f5f7f11d50a3a".
             La ruta de acceso del archivo resuelta es "C:\Program Files\dotnet\packs\Microsoft.NETCore.App.Ref\8.0.19\ref\net8.0\System.IO.dll".
             Se encontr├│ una referencia en la ubicaci├│n de ruta de acceso de b├║squeda "{RawFileName}".
             Esta referencia no es "CopyLocal" porque existe al menos un elemento de origen con "Private" establecido en "false" y ning├║n elemento de origen con "Private" establecido en "true".
         Referencia principal "System.Linq.Expressions, Version=8.0.0.0, Culture=neutral, PublicKeyToken=b03f5f7f11d50a3a".
             La ruta de acceso del archivo resuelta es "C:\Program Files\dotnet\packs\Microsoft.NETCore.App.Ref\8.0.19\ref\net8.0\System.Linq.Expressions.dll".
             Se encontr├│ una referencia en la ubicaci├│n de ruta de acceso de b├║squeda "{RawFileName}".
             Esta referencia no es "CopyLocal" porque existe al menos un elemento de origen con "Private" establecido en "false" y ning├║n elemento de origen con "Private" establecido en "true".
         Referencia principal "System.Linq.Parallel, Version=8.0.0.0, Culture=neutral, PublicKeyToken=b03f5f7f11d50a3a".
             La ruta de acceso del archivo resuelta es "C:\Program Files\dotnet\packs\Microsoft.NETCore.App.Ref\8.0.19\ref\net8.0\System.Linq.Parallel.dll".
             Se encontr├│ una referencia en la ubicaci├│n de ruta de acceso de b├║squeda "{RawFileName}".
             Esta referencia no es "CopyLocal" porque existe al menos un elemento de origen con "Private" establecido en "false" y ning├║n elemento de origen con "Private" establecido en "true".
         Referencia principal "System.Linq.Queryable, Version=8.0.0.0, Culture=neutral, PublicKeyToken=b03f5f7f11d50a3a".
             La ruta de acceso del archivo resuelta es "C:\Program Files\dotnet\packs\Microsoft.NETCore.App.Ref\8.0.19\ref\net8.0\System.Linq.Queryable.dll".
             Se encontr├│ una referencia en la ubicaci├│n de ruta de acceso de b├║squeda "{RawFileName}".
             Esta referencia no es "CopyLocal" porque existe al menos un elemento de origen con "Private" establecido en "false" y ning├║n elemento de origen con "Private" establecido en "true".
         Referencia principal "System.Linq, Version=8.0.0.0, Culture=neutral, PublicKeyToken=b03f5f7f11d50a3a".
             La ruta de acceso del archivo resuelta es "C:\Program Files\dotnet\packs\Microsoft.NETCore.App.Ref\8.0.19\ref\net8.0\System.Linq.dll".
             Se encontr├│ una referencia en la ubicaci├│n de ruta de acceso de b├║squeda "{RawFileName}".
             Esta referencia no es "CopyLocal" porque existe al menos un elemento de origen con "Private" establecido en "false" y ning├║n elemento de origen con "Private" establecido en "true".
         Referencia principal "System.Memory, Version=8.0.0.0, Culture=neutral, PublicKeyToken=cc7b13ffcd2ddd51".
             La ruta de acceso del archivo resuelta es "C:\Program Files\dotnet\packs\Microsoft.NETCore.App.Ref\8.0.19\ref\net8.0\System.Memory.dll".
             Se encontr├│ una referencia en la ubicaci├│n de ruta de acceso de b├║squeda "{RawFileName}".
             Esta referencia no es "CopyLocal" porque existe al menos un elemento de origen con "Private" establecido en "false" y ning├║n elemento de origen con "Private" establecido en "true".
         Referencia principal "System.Net.Http.Json, Version=8.0.0.0, Culture=neutral, PublicKeyToken=cc7b13ffcd2ddd51".
             La ruta de acceso del archivo resuelta es "C:\Program Files\dotnet\packs\Microsoft.NETCore.App.Ref\8.0.19\ref\net8.0\System.Net.Http.Json.dll".
             Se encontr├│ una referencia en la ubicaci├│n de ruta de acceso de b├║squeda "{RawFileName}".
             Esta referencia no es "CopyLocal" porque existe al menos un elemento de origen con "Private" establecido en "false" y ning├║n elemento de origen con "Private" establecido en "true".
         Referencia principal "System.Net.Http, Version=8.0.0.0, Culture=neutral, PublicKeyToken=b03f5f7f11d50a3a".
             La ruta de acceso del archivo resuelta es "C:\Program Files\dotnet\packs\Microsoft.NETCore.App.Ref\8.0.19\ref\net8.0\System.Net.Http.dll".
             Se encontr├│ una referencia en la ubicaci├│n de ruta de acceso de b├║squeda "{RawFileName}".
             Esta referencia no es "CopyLocal" porque existe al menos un elemento de origen con "Private" establecido en "false" y ning├║n elemento de origen con "Private" establecido en "true".
         Referencia principal "System.Net.HttpListener, Version=8.0.0.0, Culture=neutral, PublicKeyToken=cc7b13ffcd2ddd51".
             La ruta de acceso del archivo resuelta es "C:\Program Files\dotnet\packs\Microsoft.NETCore.App.Ref\8.0.19\ref\net8.0\System.Net.HttpListener.dll".
             Se encontr├│ una referencia en la ubicaci├│n de ruta de acceso de b├║squeda "{RawFileName}".
             Esta referencia no es "CopyLocal" porque existe al menos un elemento de origen con "Private" establecido en "false" y ning├║n elemento de origen con "Private" establecido en "true".
         Referencia principal "System.Net.Mail, Version=8.0.0.0, Culture=neutral, PublicKeyToken=cc7b13ffcd2ddd51".
             La ruta de acceso del archivo resuelta es "C:\Program Files\dotnet\packs\Microsoft.NETCore.App.Ref\8.0.19\ref\net8.0\System.Net.Mail.dll".
             Se encontr├│ una referencia en la ubicaci├│n de ruta de acceso de b├║squeda "{RawFileName}".
             Esta referencia no es "CopyLocal" porque existe al menos un elemento de origen con "Private" establecido en "false" y ning├║n elemento de origen con "Private" establecido en "true".
         Referencia principal "System.Net.NameResolution, Version=8.0.0.0, Culture=neutral, PublicKeyToken=b03f5f7f11d50a3a".
             La ruta de acceso del archivo resuelta es "C:\Program Files\dotnet\packs\Microsoft.NETCore.App.Ref\8.0.19\ref\net8.0\System.Net.NameResolution.dll".
             Se encontr├│ una referencia en la ubicaci├│n de ruta de acceso de b├║squeda "{RawFileName}".
             Esta referencia no es "CopyLocal" porque existe al menos un elemento de origen con "Private" establecido en "false" y ning├║n elemento de origen con "Private" establecido en "true".
         Referencia principal "System.Net.NetworkInformation, Version=8.0.0.0, Culture=neutral, PublicKeyToken=b03f5f7f11d50a3a".
             La ruta de acceso del archivo resuelta es "C:\Program Files\dotnet\packs\Microsoft.NETCore.App.Ref\8.0.19\ref\net8.0\System.Net.NetworkInformation.dll".
             Se encontr├│ una referencia en la ubicaci├│n de ruta de acceso de b├║squeda "{RawFileName}".
             Esta referencia no es "CopyLocal" porque existe al menos un elemento de origen con "Private" establecido en "false" y ning├║n elemento de origen con "Private" establecido en "true".
         Referencia principal "System.Net.Ping, Version=8.0.0.0, Culture=neutral, PublicKeyToken=b03f5f7f11d50a3a".
             La ruta de acceso del archivo resuelta es "C:\Program Files\dotnet\packs\Microsoft.NETCore.App.Ref\8.0.19\ref\net8.0\System.Net.Ping.dll".
             Se encontr├│ una referencia en la ubicaci├│n de ruta de acceso de b├║squeda "{RawFileName}".
             Esta referencia no es "CopyLocal" porque existe al menos un elemento de origen con "Private" establecido en "false" y ning├║n elemento de origen con "Private" establecido en "true".
         Referencia principal "System.Net.Primitives, Version=8.0.0.0, Culture=neutral, PublicKeyToken=b03f5f7f11d50a3a".
             La ruta de acceso del archivo resuelta es "C:\Program Files\dotnet\packs\Microsoft.NETCore.App.Ref\8.0.19\ref\net8.0\System.Net.Primitives.dll".
             Se encontr├│ una referencia en la ubicaci├│n de ruta de acceso de b├║squeda "{RawFileName}".
             Esta referencia no es "CopyLocal" porque existe al menos un elemento de origen con "Private" establecido en "false" y ning├║n elemento de origen con "Private" establecido en "true".
         Referencia principal "System.Net.Quic, Version=8.0.0.0, Culture=neutral, PublicKeyToken=b03f5f7f11d50a3a".
             La ruta de acceso del archivo resuelta es "C:\Program Files\dotnet\packs\Microsoft.NETCore.App.Ref\8.0.19\ref\net8.0\System.Net.Quic.dll".
             Se encontr├│ una referencia en la ubicaci├│n de ruta de acceso de b├║squeda "{RawFileName}".
             Esta referencia no es "CopyLocal" porque existe al menos un elemento de origen con "Private" establecido en "false" y ning├║n elemento de origen con "Private" establecido en "true".
         Referencia principal "System.Net.Requests, Version=8.0.0.0, Culture=neutral, PublicKeyToken=b03f5f7f11d50a3a".
             La ruta de acceso del archivo resuelta es "C:\Program Files\dotnet\packs\Microsoft.NETCore.App.Ref\8.0.19\ref\net8.0\System.Net.Requests.dll".
             Se encontr├│ una referencia en la ubicaci├│n de ruta de acceso de b├║squeda "{RawFileName}".
             Esta referencia no es "CopyLocal" porque existe al menos un elemento de origen con "Private" establecido en "false" y ning├║n elemento de origen con "Private" establecido en "true".
         Referencia principal "System.Net.Security, Version=8.0.0.0, Culture=neutral, PublicKeyToken=b03f5f7f11d50a3a".
             La ruta de acceso del archivo resuelta es "C:\Program Files\dotnet\packs\Microsoft.NETCore.App.Ref\8.0.19\ref\net8.0\System.Net.Security.dll".
             Se encontr├│ una referencia en la ubicaci├│n de ruta de acceso de b├║squeda "{RawFileName}".
             Esta referencia no es "CopyLocal" porque existe al menos un elemento de origen con "Private" establecido en "false" y ning├║n elemento de origen con "Private" establecido en "true".
         Referencia principal "System.Net.ServicePoint, Version=8.0.0.0, Culture=neutral, PublicKeyToken=cc7b13ffcd2ddd51".
             La ruta de acceso del archivo resuelta es "C:\Program Files\dotnet\packs\Microsoft.NETCore.App.Ref\8.0.19\ref\net8.0\System.Net.ServicePoint.dll".
             Se encontr├│ una referencia en la ubicaci├│n de ruta de acceso de b├║squeda "{RawFileName}".
             Esta referencia no es "CopyLocal" porque existe al menos un elemento de origen con "Private" establecido en "false" y ning├║n elemento de origen con "Private" establecido en "true".
         Referencia principal "System.Net.Sockets, Version=8.0.0.0, Culture=neutral, PublicKeyToken=b03f5f7f11d50a3a".
             La ruta de acceso del archivo resuelta es "C:\Program Files\dotnet\packs\Microsoft.NETCore.App.Ref\8.0.19\ref\net8.0\System.Net.Sockets.dll".
             Se encontr├│ una referencia en la ubicaci├│n de ruta de acceso de b├║squeda "{RawFileName}".
             Esta referencia no es "CopyLocal" porque existe al menos un elemento de origen con "Private" establecido en "false" y ning├║n elemento de origen con "Private" establecido en "true".
         Referencia principal "System.Net.WebClient, Version=8.0.0.0, Culture=neutral, PublicKeyToken=cc7b13ffcd2ddd51".
             La ruta de acceso del archivo resuelta es "C:\Program Files\dotnet\packs\Microsoft.NETCore.App.Ref\8.0.19\ref\net8.0\System.Net.WebClient.dll".
             Se encontr├│ una referencia en la ubicaci├│n de ruta de acceso de b├║squeda "{RawFileName}".
             Esta referencia no es "CopyLocal" porque existe al menos un elemento de origen con "Private" establecido en "false" y ning├║n elemento de origen con "Private" establecido en "true".
         Referencia principal "System.Net.WebHeaderCollection, Version=8.0.0.0, Culture=neutral, PublicKeyToken=b03f5f7f11d50a3a".
             La ruta de acceso del archivo resuelta es "C:\Program Files\dotnet\packs\Microsoft.NETCore.App.Ref\8.0.19\ref\net8.0\System.Net.WebHeaderCollection.dll".
             Se encontr├│ una referencia en la ubicaci├│n de ruta de acceso de b├║squeda "{RawFileName}".
             Esta referencia no es "CopyLocal" porque existe al menos un elemento de origen con "Private" establecido en "false" y ning├║n elemento de origen con "Private" establecido en "true".
         Referencia principal "System.Net.WebProxy, Version=8.0.0.0, Culture=neutral, PublicKeyToken=cc7b13ffcd2ddd51".
             La ruta de acceso del archivo resuelta es "C:\Program Files\dotnet\packs\Microsoft.NETCore.App.Ref\8.0.19\ref\net8.0\System.Net.WebProxy.dll".
             Se encontr├│ una referencia en la ubicaci├│n de ruta de acceso de b├║squeda "{RawFileName}".
             Esta referencia no es "CopyLocal" porque existe al menos un elemento de origen con "Private" establecido en "false" y ning├║n elemento de origen con "Private" establecido en "true".
         Referencia principal "System.Net.WebSockets.Client, Version=8.0.0.0, Culture=neutral, PublicKeyToken=b03f5f7f11d50a3a".
             La ruta de acceso del archivo resuelta es "C:\Program Files\dotnet\packs\Microsoft.NETCore.App.Ref\8.0.19\ref\net8.0\System.Net.WebSockets.Client.dll".
             Se encontr├│ una referencia en la ubicaci├│n de ruta de acceso de b├║squeda "{RawFileName}".
             Esta referencia no es "CopyLocal" porque existe al menos un elemento de origen con "Private" establecido en "false" y ning├║n elemento de origen con "Private" establecido en "true".
         Referencia principal "System.Net.WebSockets, Version=8.0.0.0, Culture=neutral, PublicKeyToken=b03f5f7f11d50a3a".
             La ruta de acceso del archivo resuelta es "C:\Program Files\dotnet\packs\Microsoft.NETCore.App.Ref\8.0.19\ref\net8.0\System.Net.WebSockets.dll".
             Se encontr├│ una referencia en la ubicaci├│n de ruta de acceso de b├║squeda "{RawFileName}".
             Esta referencia no es "CopyLocal" porque existe al menos un elemento de origen con "Private" establecido en "false" y ning├║n elemento de origen con "Private" establecido en "true".
         Referencia principal "System.Net, Version=4.0.0.0, Culture=neutral, PublicKeyToken=b03f5f7f11d50a3a".
             La ruta de acceso del archivo resuelta es "C:\Program Files\dotnet\packs\Microsoft.NETCore.App.Ref\8.0.19\ref\net8.0\System.Net.dll".
             Se encontr├│ una referencia en la ubicaci├│n de ruta de acceso de b├║squeda "{RawFileName}".
             Esta referencia no es "CopyLocal" porque existe al menos un elemento de origen con "Private" establecido en "false" y ning├║n elemento de origen con "Private" establecido en "true".
         Referencia principal "System.Numerics.Vectors, Version=8.0.0.0, Culture=neutral, PublicKeyToken=b03f5f7f11d50a3a".
             La ruta de acceso del archivo resuelta es "C:\Program Files\dotnet\packs\Microsoft.NETCore.App.Ref\8.0.19\ref\net8.0\System.Numerics.Vectors.dll".
             Se encontr├│ una referencia en la ubicaci├│n de ruta de acceso de b├║squeda "{RawFileName}".
             Esta referencia no es "CopyLocal" porque existe al menos un elemento de origen con "Private" establecido en "false" y ning├║n elemento de origen con "Private" establecido en "true".
         Referencia principal "System.Numerics, Version=4.0.0.0, Culture=neutral, PublicKeyToken=b77a5c561934e089".
             La ruta de acceso del archivo resuelta es "C:\Program Files\dotnet\packs\Microsoft.NETCore.App.Ref\8.0.19\ref\net8.0\System.Numerics.dll".
             Se encontr├│ una referencia en la ubicaci├│n de ruta de acceso de b├║squeda "{RawFileName}".
             Esta referencia no es "CopyLocal" porque existe al menos un elemento de origen con "Private" establecido en "false" y ning├║n elemento de origen con "Private" establecido en "true".
         Referencia principal "System.ObjectModel, Version=8.0.0.0, Culture=neutral, PublicKeyToken=b03f5f7f11d50a3a".
             La ruta de acceso del archivo resuelta es "C:\Program Files\dotnet\packs\Microsoft.NETCore.App.Ref\8.0.19\ref\net8.0\System.ObjectModel.dll".
             Se encontr├│ una referencia en la ubicaci├│n de ruta de acceso de b├║squeda "{RawFileName}".
             Esta referencia no es "CopyLocal" porque existe al menos un elemento de origen con "Private" establecido en "false" y ning├║n elemento de origen con "Private" establecido en "true".
         Referencia principal "System.Reflection.DispatchProxy, Version=8.0.0.0, Culture=neutral, PublicKeyToken=b03f5f7f11d50a3a".
             La ruta de acceso del archivo resuelta es "C:\Program Files\dotnet\packs\Microsoft.NETCore.App.Ref\8.0.19\ref\net8.0\System.Reflection.DispatchProxy.dll".
             Se encontr├│ una referencia en la ubicaci├│n de ruta de acceso de b├║squeda "{RawFileName}".
             Esta referencia no es "CopyLocal" porque existe al menos un elemento de origen con "Private" establecido en "false" y ning├║n elemento de origen con "Private" establecido en "true".
         Referencia principal "System.Reflection.Emit.ILGeneration, Version=8.0.0.0, Culture=neutral, PublicKeyToken=b03f5f7f11d50a3a".
             La ruta de acceso del archivo resuelta es "C:\Program Files\dotnet\packs\Microsoft.NETCore.App.Ref\8.0.19\ref\net8.0\System.Reflection.Emit.ILGeneration.dll".
             Se encontr├│ una referencia en la ubicaci├│n de ruta de acceso de b├║squeda "{RawFileName}".
             Esta referencia no es "CopyLocal" porque existe al menos un elemento de origen con "Private" establecido en "false" y ning├║n elemento de origen con "Private" establecido en "true".
         Referencia principal "System.Reflection.Emit.Lightweight, Version=8.0.0.0, Culture=neutral, PublicKeyToken=b03f5f7f11d50a3a".
             La ruta de acceso del archivo resuelta es "C:\Program Files\dotnet\packs\Microsoft.NETCore.App.Ref\8.0.19\ref\net8.0\System.Reflection.Emit.Lightweight.dll".
             Se encontr├│ una referencia en la ubicaci├│n de ruta de acceso de b├║squeda "{RawFileName}".
             Esta referencia no es "CopyLocal" porque existe al menos un elemento de origen con "Private" establecido en "false" y ning├║n elemento de origen con "Private" establecido en "true".
         Referencia principal "System.Reflection.Emit, Version=8.0.0.0, Culture=neutral, PublicKeyToken=b03f5f7f11d50a3a".
             La ruta de acceso del archivo resuelta es "C:\Program Files\dotnet\packs\Microsoft.NETCore.App.Ref\8.0.19\ref\net8.0\System.Reflection.Emit.dll".
             Se encontr├│ una referencia en la ubicaci├│n de ruta de acceso de b├║squeda "{RawFileName}".
             Esta referencia no es "CopyLocal" porque existe al menos un elemento de origen con "Private" establecido en "false" y ning├║n elemento de origen con "Private" establecido en "true".
         Referencia principal "System.Reflection.Extensions, Version=8.0.0.0, Culture=neutral, PublicKeyToken=b03f5f7f11d50a3a".
             La ruta de acceso del archivo resuelta es "C:\Program Files\dotnet\packs\Microsoft.NETCore.App.Ref\8.0.19\ref\net8.0\System.Reflection.Extensions.dll".
             Se encontr├│ una referencia en la ubicaci├│n de ruta de acceso de b├║squeda "{RawFileName}".
             Esta referencia no es "CopyLocal" porque existe al menos un elemento de origen con "Private" establecido en "false" y ning├║n elemento de origen con "Private" establecido en "true".
         Referencia principal "System.Reflection.Metadata, Version=8.0.0.0, Culture=neutral, PublicKeyToken=b03f5f7f11d50a3a".
             La ruta de acceso del archivo resuelta es "C:\Program Files\dotnet\packs\Microsoft.NETCore.App.Ref\8.0.19\ref\net8.0\System.Reflection.Metadata.dll".
             Se encontr├│ una referencia en la ubicaci├│n de ruta de acceso de b├║squeda "{RawFileName}".
             Esta referencia no es "CopyLocal" porque existe al menos un elemento de origen con "Private" establecido en "false" y ning├║n elemento de origen con "Private" establecido en "true".
         Referencia principal "System.Reflection.Primitives, Version=8.0.0.0, Culture=neutral, PublicKeyToken=b03f5f7f11d50a3a".
             La ruta de acceso del archivo resuelta es "C:\Program Files\dotnet\packs\Microsoft.NETCore.App.Ref\8.0.19\ref\net8.0\System.Reflection.Primitives.dll".
             Se encontr├│ una referencia en la ubicaci├│n de ruta de acceso de b├║squeda "{RawFileName}".
             Esta referencia no es "CopyLocal" porque existe al menos un elemento de origen con "Private" establecido en "false" y ning├║n elemento de origen con "Private" establecido en "true".
         Referencia principal "System.Reflection.TypeExtensions, Version=8.0.0.0, Culture=neutral, PublicKeyToken=b03f5f7f11d50a3a".
             La ruta de acceso del archivo resuelta es "C:\Program Files\dotnet\packs\Microsoft.NETCore.App.Ref\8.0.19\ref\net8.0\System.Reflection.TypeExtensions.dll".
             Se encontr├│ una referencia en la ubicaci├│n de ruta de acceso de b├║squeda "{RawFileName}".
             Esta referencia no es "CopyLocal" porque existe al menos un elemento de origen con "Private" establecido en "false" y ning├║n elemento de origen con "Private" establecido en "true".
         Referencia principal "System.Reflection, Version=8.0.0.0, Culture=neutral, PublicKeyToken=b03f5f7f11d50a3a".
             La ruta de acceso del archivo resuelta es "C:\Program Files\dotnet\packs\Microsoft.NETCore.App.Ref\8.0.19\ref\net8.0\System.Reflection.dll".
             Se encontr├│ una referencia en la ubicaci├│n de ruta de acceso de b├║squeda "{RawFileName}".
             Esta referencia no es "CopyLocal" porque existe al menos un elemento de origen con "Private" establecido en "false" y ning├║n elemento de origen con "Private" establecido en "true".
         Referencia principal "System.Resources.Reader, Version=8.0.0.0, Culture=neutral, PublicKeyToken=b03f5f7f11d50a3a".
             La ruta de acceso del archivo resuelta es "C:\Program Files\dotnet\packs\Microsoft.NETCore.App.Ref\8.0.19\ref\net8.0\System.Resources.Reader.dll".
             Se encontr├│ una referencia en la ubicaci├│n de ruta de acceso de b├║squeda "{RawFileName}".
             Esta referencia no es "CopyLocal" porque existe al menos un elemento de origen con "Private" establecido en "false" y ning├║n elemento de origen con "Private" establecido en "true".
         Referencia principal "System.Resources.ResourceManager, Version=8.0.0.0, Culture=neutral, PublicKeyToken=b03f5f7f11d50a3a".
             La ruta de acceso del archivo resuelta es "C:\Program Files\dotnet\packs\Microsoft.NETCore.App.Ref\8.0.19\ref\net8.0\System.Resources.ResourceManager.dll".
             Se encontr├│ una referencia en la ubicaci├│n de ruta de acceso de b├║squeda "{RawFileName}".
             Esta referencia no es "CopyLocal" porque existe al menos un elemento de origen con "Private" establecido en "false" y ning├║n elemento de origen con "Private" establecido en "true".
         Referencia principal "System.Resources.Writer, Version=8.0.0.0, Culture=neutral, PublicKeyToken=b03f5f7f11d50a3a".
             La ruta de acceso del archivo resuelta es "C:\Program Files\dotnet\packs\Microsoft.NETCore.App.Ref\8.0.19\ref\net8.0\System.Resources.Writer.dll".
             Se encontr├│ una referencia en la ubicaci├│n de ruta de acceso de b├║squeda "{RawFileName}".
             Esta referencia no es "CopyLocal" porque existe al menos un elemento de origen con "Private" establecido en "false" y ning├║n elemento de origen con "Private" establecido en "true".
         Referencia principal "System.Runtime.CompilerServices.Unsafe, Version=8.0.0.0, Culture=neutral, PublicKeyToken=b03f5f7f11d50a3a".
             La ruta de acceso del archivo resuelta es "C:\Program Files\dotnet\packs\Microsoft.NETCore.App.Ref\8.0.19\ref\net8.0\System.Runtime.CompilerServices.Unsafe.dll".
             Se encontr├│ una referencia en la ubicaci├│n de ruta de acceso de b├║squeda "{RawFileName}".
             Esta referencia no es "CopyLocal" porque existe al menos un elemento de origen con "Private" establecido en "false" y ning├║n elemento de origen con "Private" establecido en "true".
         Referencia principal "System.Runtime.CompilerServices.VisualC, Version=8.0.0.0, Culture=neutral, PublicKeyToken=b03f5f7f11d50a3a".
             La ruta de acceso del archivo resuelta es "C:\Program Files\dotnet\packs\Microsoft.NETCore.App.Ref\8.0.19\ref\net8.0\System.Runtime.CompilerServices.VisualC.dll".
             Se encontr├│ una referencia en la ubicaci├│n de ruta de acceso de b├║squeda "{RawFileName}".
             Esta referencia no es "CopyLocal" porque existe al menos un elemento de origen con "Private" establecido en "false" y ning├║n elemento de origen con "Private" establecido en "true".
         Referencia principal "System.Runtime.Extensions, Version=8.0.0.0, Culture=neutral, PublicKeyToken=b03f5f7f11d50a3a".
             La ruta de acceso del archivo resuelta es "C:\Program Files\dotnet\packs\Microsoft.NETCore.App.Ref\8.0.19\ref\net8.0\System.Runtime.Extensions.dll".
             Se encontr├│ una referencia en la ubicaci├│n de ruta de acceso de b├║squeda "{RawFileName}".
             Esta referencia no es "CopyLocal" porque existe al menos un elemento de origen con "Private" establecido en "false" y ning├║n elemento de origen con "Private" establecido en "true".
         Referencia principal "System.Runtime.Handles, Version=8.0.0.0, Culture=neutral, PublicKeyToken=b03f5f7f11d50a3a".
             La ruta de acceso del archivo resuelta es "C:\Program Files\dotnet\packs\Microsoft.NETCore.App.Ref\8.0.19\ref\net8.0\System.Runtime.Handles.dll".
             Se encontr├│ una referencia en la ubicaci├│n de ruta de acceso de b├║squeda "{RawFileName}".
             Esta referencia no es "CopyLocal" porque existe al menos un elemento de origen con "Private" establecido en "false" y ning├║n elemento de origen con "Private" establecido en "true".
         Referencia principal "System.Runtime.InteropServices.JavaScript, Version=8.0.0.0, Culture=neutral, PublicKeyToken=b03f5f7f11d50a3a".
             La ruta de acceso del archivo resuelta es "C:\Program Files\dotnet\packs\Microsoft.NETCore.App.Ref\8.0.19\ref\net8.0\System.Runtime.InteropServices.JavaScript.dll".
             Se encontr├│ una referencia en la ubicaci├│n de ruta de acceso de b├║squeda "{RawFileName}".
             Esta referencia no es "CopyLocal" porque existe al menos un elemento de origen con "Private" establecido en "false" y ning├║n elemento de origen con "Private" establecido en "true".
         Referencia principal "System.Runtime.InteropServices.RuntimeInformation, Version=8.0.0.0, Culture=neutral, PublicKeyToken=b03f5f7f11d50a3a".
             La ruta de acceso del archivo resuelta es "C:\Program Files\dotnet\packs\Microsoft.NETCore.App.Ref\8.0.19\ref\net8.0\System.Runtime.InteropServices.RuntimeInformation.dll".
             Se encontr├│ una referencia en la ubicaci├│n de ruta de acceso de b├║squeda "{RawFileName}".
             Esta referencia no es "CopyLocal" porque existe al menos un elemento de origen con "Private" establecido en "false" y ning├║n elemento de origen con "Private" establecido en "true".
         Referencia principal "System.Runtime.InteropServices, Version=8.0.0.0, Culture=neutral, PublicKeyToken=b03f5f7f11d50a3a".
             La ruta de acceso del archivo resuelta es "C:\Program Files\dotnet\packs\Microsoft.NETCore.App.Ref\8.0.19\ref\net8.0\System.Runtime.InteropServices.dll".
             Se encontr├│ una referencia en la ubicaci├│n de ruta de acceso de b├║squeda "{RawFileName}".
             Esta referencia no es "CopyLocal" porque existe al menos un elemento de origen con "Private" establecido en "false" y ning├║n elemento de origen con "Private" establecido en "true".
         Referencia principal "System.Runtime.Intrinsics, Version=8.0.0.0, Culture=neutral, PublicKeyToken=cc7b13ffcd2ddd51".
             La ruta de acceso del archivo resuelta es "C:\Program Files\dotnet\packs\Microsoft.NETCore.App.Ref\8.0.19\ref\net8.0\System.Runtime.Intrinsics.dll".
             Se encontr├│ una referencia en la ubicaci├│n de ruta de acceso de b├║squeda "{RawFileName}".
             Esta referencia no es "CopyLocal" porque existe al menos un elemento de origen con "Private" establecido en "false" y ning├║n elemento de origen con "Private" establecido en "true".
         Referencia principal "System.Runtime.Loader, Version=8.0.0.0, Culture=neutral, PublicKeyToken=b03f5f7f11d50a3a".
             La ruta de acceso del archivo resuelta es "C:\Program Files\dotnet\packs\Microsoft.NETCore.App.Ref\8.0.19\ref\net8.0\System.Runtime.Loader.dll".
             Se encontr├│ una referencia en la ubicaci├│n de ruta de acceso de b├║squeda "{RawFileName}".
             Esta referencia no es "CopyLocal" porque existe al menos un elemento de origen con "Private" establecido en "false" y ning├║n elemento de origen con "Private" establecido en "true".
         Referencia principal "System.Runtime.Numerics, Version=8.0.0.0, Culture=neutral, PublicKeyToken=b03f5f7f11d50a3a".
             La ruta de acceso del archivo resuelta es "C:\Program Files\dotnet\packs\Microsoft.NETCore.App.Ref\8.0.19\ref\net8.0\System.Runtime.Numerics.dll".
             Se encontr├│ una referencia en la ubicaci├│n de ruta de acceso de b├║squeda "{RawFileName}".
             Esta referencia no es "CopyLocal" porque existe al menos un elemento de origen con "Private" establecido en "false" y ning├║n elemento de origen con "Private" establecido en "true".
         Referencia principal "System.Runtime.Serialization.Formatters, Version=8.0.0.0, Culture=neutral, PublicKeyToken=b03f5f7f11d50a3a".
             La ruta de acceso del archivo resuelta es "C:\Program Files\dotnet\packs\Microsoft.NETCore.App.Ref\8.0.19\ref\net8.0\System.Runtime.Serialization.Formatters.dll".
             Se encontr├│ una referencia en la ubicaci├│n de ruta de acceso de b├║squeda "{RawFileName}".
             Esta referencia no es "CopyLocal" porque existe al menos un elemento de origen con "Private" establecido en "false" y ning├║n elemento de origen con "Private" establecido en "true".
         Referencia principal "System.Runtime.Serialization.Json, Version=8.0.0.0, Culture=neutral, PublicKeyToken=b03f5f7f11d50a3a".
             La ruta de acceso del archivo resuelta es "C:\Program Files\dotnet\packs\Microsoft.NETCore.App.Ref\8.0.19\ref\net8.0\System.Runtime.Serialization.Json.dll".
             Se encontr├│ una referencia en la ubicaci├│n de ruta de acceso de b├║squeda "{RawFileName}".
             Esta referencia no es "CopyLocal" porque existe al menos un elemento de origen con "Private" establecido en "false" y ning├║n elemento de origen con "Private" establecido en "true".
         Referencia principal "System.Runtime.Serialization.Primitives, Version=8.0.0.0, Culture=neutral, PublicKeyToken=b03f5f7f11d50a3a".
             La ruta de acceso del archivo resuelta es "C:\Program Files\dotnet\packs\Microsoft.NETCore.App.Ref\8.0.19\ref\net8.0\System.Runtime.Serialization.Primitives.dll".
             Se encontr├│ una referencia en la ubicaci├│n de ruta de acceso de b├║squeda "{RawFileName}".
             Esta referencia no es "CopyLocal" porque existe al menos un elemento de origen con "Private" establecido en "false" y ning├║n elemento de origen con "Private" establecido en "true".
         Referencia principal "System.Runtime.Serialization.Xml, Version=8.0.0.0, Culture=neutral, PublicKeyToken=b03f5f7f11d50a3a".
             La ruta de acceso del archivo resuelta es "C:\Program Files\dotnet\packs\Microsoft.NETCore.App.Ref\8.0.19\ref\net8.0\System.Runtime.Serialization.Xml.dll".
             Se encontr├│ una referencia en la ubicaci├│n de ruta de acceso de b├║squeda "{RawFileName}".
             Esta referencia no es "CopyLocal" porque existe al menos un elemento de origen con "Private" establecido en "false" y ning├║n elemento de origen con "Private" establecido en "true".
         Referencia principal "System.Runtime.Serialization, Version=4.0.0.0, Culture=neutral, PublicKeyToken=b77a5c561934e089".
             La ruta de acceso del archivo resuelta es "C:\Program Files\dotnet\packs\Microsoft.NETCore.App.Ref\8.0.19\ref\net8.0\System.Runtime.Serialization.dll".
             Se encontr├│ una referencia en la ubicaci├│n de ruta de acceso de b├║squeda "{RawFileName}".
             Esta referencia no es "CopyLocal" porque existe al menos un elemento de origen con "Private" establecido en "false" y ning├║n elemento de origen con "Private" establecido en "true".
         Referencia principal "System.Runtime, Version=8.0.0.0, Culture=neutral, PublicKeyToken=b03f5f7f11d50a3a".
             La ruta de acceso del archivo resuelta es "C:\Program Files\dotnet\packs\Microsoft.NETCore.App.Ref\8.0.19\ref\net8.0\System.Runtime.dll".
             Se encontr├│ una referencia en la ubicaci├│n de ruta de acceso de b├║squeda "{RawFileName}".
             Esta referencia no es "CopyLocal" porque existe al menos un elemento de origen con "Private" establecido en "false" y ning├║n elemento de origen con "Private" establecido en "true".
         Referencia principal "System.Security.AccessControl, Version=8.0.0.0, Culture=neutral, PublicKeyToken=b03f5f7f11d50a3a".
             La ruta de acceso del archivo resuelta es "C:\Program Files\dotnet\packs\Microsoft.NETCore.App.Ref\8.0.19\ref\net8.0\System.Security.AccessControl.dll".
             Se encontr├│ una referencia en la ubicaci├│n de ruta de acceso de b├║squeda "{RawFileName}".
             Esta referencia no es "CopyLocal" porque existe al menos un elemento de origen con "Private" establecido en "false" y ning├║n elemento de origen con "Private" establecido en "true".
         Referencia principal "System.Security.Claims, Version=8.0.0.0, Culture=neutral, PublicKeyToken=b03f5f7f11d50a3a".
             La ruta de acceso del archivo resuelta es "C:\Program Files\dotnet\packs\Microsoft.NETCore.App.Ref\8.0.19\ref\net8.0\System.Security.Claims.dll".
             Se encontr├│ una referencia en la ubicaci├│n de ruta de acceso de b├║squeda "{RawFileName}".
             Esta referencia no es "CopyLocal" porque existe al menos un elemento de origen con "Private" establecido en "false" y ning├║n elemento de origen con "Private" establecido en "true".
         Referencia principal "System.Security.Cryptography.Algorithms, Version=8.0.0.0, Culture=neutral, PublicKeyToken=b03f5f7f11d50a3a".
             La ruta de acceso del archivo resuelta es "C:\Program Files\dotnet\packs\Microsoft.NETCore.App.Ref\8.0.19\ref\net8.0\System.Security.Cryptography.Algorithms.dll".
             Se encontr├│ una referencia en la ubicaci├│n de ruta de acceso de b├║squeda "{RawFileName}".
             Esta referencia no es "CopyLocal" porque existe al menos un elemento de origen con "Private" establecido en "false" y ning├║n elemento de origen con "Private" establecido en "true".
         Referencia principal "System.Security.Cryptography.Cng, Version=8.0.0.0, Culture=neutral, PublicKeyToken=b03f5f7f11d50a3a".
             La ruta de acceso del archivo resuelta es "C:\Program Files\dotnet\packs\Microsoft.NETCore.App.Ref\8.0.19\ref\net8.0\System.Security.Cryptography.Cng.dll".
             Se encontr├│ una referencia en la ubicaci├│n de ruta de acceso de b├║squeda "{RawFileName}".
             Esta referencia no es "CopyLocal" porque existe al menos un elemento de origen con "Private" establecido en "false" y ning├║n elemento de origen con "Private" establecido en "true".
         Referencia principal "System.Security.Cryptography.Csp, Version=8.0.0.0, Culture=neutral, PublicKeyToken=b03f5f7f11d50a3a".
             La ruta de acceso del archivo resuelta es "C:\Program Files\dotnet\packs\Microsoft.NETCore.App.Ref\8.0.19\ref\net8.0\System.Security.Cryptography.Csp.dll".
             Se encontr├│ una referencia en la ubicaci├│n de ruta de acceso de b├║squeda "{RawFileName}".
             Esta referencia no es "CopyLocal" porque existe al menos un elemento de origen con "Private" establecido en "false" y ning├║n elemento de origen con "Private" establecido en "true".
         Referencia principal "System.Security.Cryptography.Encoding, Version=8.0.0.0, Culture=neutral, PublicKeyToken=b03f5f7f11d50a3a".
             La ruta de acceso del archivo resuelta es "C:\Program Files\dotnet\packs\Microsoft.NETCore.App.Ref\8.0.19\ref\net8.0\System.Security.Cryptography.Encoding.dll".
             Se encontr├│ una referencia en la ubicaci├│n de ruta de acceso de b├║squeda "{RawFileName}".
             Esta referencia no es "CopyLocal" porque existe al menos un elemento de origen con "Private" establecido en "false" y ning├║n elemento de origen con "Private" establecido en "true".
         Referencia principal "System.Security.Cryptography.OpenSsl, Version=8.0.0.0, Culture=neutral, PublicKeyToken=b03f5f7f11d50a3a".
             La ruta de acceso del archivo resuelta es "C:\Program Files\dotnet\packs\Microsoft.NETCore.App.Ref\8.0.19\ref\net8.0\System.Security.Cryptography.OpenSsl.dll".
             Se encontr├│ una referencia en la ubicaci├│n de ruta de acceso de b├║squeda "{RawFileName}".
             Esta referencia no es "CopyLocal" porque existe al menos un elemento de origen con "Private" establecido en "false" y ning├║n elemento de origen con "Private" establecido en "true".
         Referencia principal "System.Security.Cryptography.Primitives, Version=8.0.0.0, Culture=neutral, PublicKeyToken=b03f5f7f11d50a3a".
             La ruta de acceso del archivo resuelta es "C:\Program Files\dotnet\packs\Microsoft.NETCore.App.Ref\8.0.19\ref\net8.0\System.Security.Cryptography.Primitives.dll".
             Se encontr├│ una referencia en la ubicaci├│n de ruta de acceso de b├║squeda "{RawFileName}".
             Esta referencia no es "CopyLocal" porque existe al menos un elemento de origen con "Private" establecido en "false" y ning├║n elemento de origen con "Private" establecido en "true".
         Referencia principal "System.Security.Cryptography.X509Certificates, Version=8.0.0.0, Culture=neutral, PublicKeyToken=b03f5f7f11d50a3a".
             La ruta de acceso del archivo resuelta es "C:\Program Files\dotnet\packs\Microsoft.NETCore.App.Ref\8.0.19\ref\net8.0\System.Security.Cryptography.X509Certificates.dll".
             Se encontr├│ una referencia en la ubicaci├│n de ruta de acceso de b├║squeda "{RawFileName}".
             Esta referencia no es "CopyLocal" porque existe al menos un elemento de origen con "Private" establecido en "false" y ning├║n elemento de origen con "Private" establecido en "true".
         Referencia principal "System.Security.Cryptography, Version=8.0.0.0, Culture=neutral, PublicKeyToken=b03f5f7f11d50a3a".
             La ruta de acceso del archivo resuelta es "C:\Program Files\dotnet\packs\Microsoft.NETCore.App.Ref\8.0.19\ref\net8.0\System.Security.Cryptography.dll".
             Se encontr├│ una referencia en la ubicaci├│n de ruta de acceso de b├║squeda "{RawFileName}".
             Esta referencia no es "CopyLocal" porque existe al menos un elemento de origen con "Private" establecido en "false" y ning├║n elemento de origen con "Private" establecido en "true".
         Referencia principal "System.Security.Principal.Windows, Version=8.0.0.0, Culture=neutral, PublicKeyToken=b03f5f7f11d50a3a".
             La ruta de acceso del archivo resuelta es "C:\Program Files\dotnet\packs\Microsoft.NETCore.App.Ref\8.0.19\ref\net8.0\System.Security.Principal.Windows.dll".
             Se encontr├│ una referencia en la ubicaci├│n de ruta de acceso de b├║squeda "{RawFileName}".
             Esta referencia no es "CopyLocal" porque existe al menos un elemento de origen con "Private" establecido en "false" y ning├║n elemento de origen con "Private" establecido en "true".
         Referencia principal "System.Security.Principal, Version=8.0.0.0, Culture=neutral, PublicKeyToken=b03f5f7f11d50a3a".
             La ruta de acceso del archivo resuelta es "C:\Program Files\dotnet\packs\Microsoft.NETCore.App.Ref\8.0.19\ref\net8.0\System.Security.Principal.dll".
             Se encontr├│ una referencia en la ubicaci├│n de ruta de acceso de b├║squeda "{RawFileName}".
             Esta referencia no es "CopyLocal" porque existe al menos un elemento de origen con "Private" establecido en "false" y ning├║n elemento de origen con "Private" establecido en "true".
         Referencia principal "System.Security.SecureString, Version=8.0.0.0, Culture=neutral, PublicKeyToken=b03f5f7f11d50a3a".
             La ruta de acceso del archivo resuelta es "C:\Program Files\dotnet\packs\Microsoft.NETCore.App.Ref\8.0.19\ref\net8.0\System.Security.SecureString.dll".
             Se encontr├│ una referencia en la ubicaci├│n de ruta de acceso de b├║squeda "{RawFileName}".
             Esta referencia no es "CopyLocal" porque existe al menos un elemento de origen con "Private" establecido en "false" y ning├║n elemento de origen con "Private" establecido en "true".
         Referencia principal "System.Security, Version=4.0.0.0, Culture=neutral, PublicKeyToken=b03f5f7f11d50a3a".
             La ruta de acceso del archivo resuelta es "C:\Program Files\dotnet\packs\Microsoft.NETCore.App.Ref\8.0.19\ref\net8.0\System.Security.dll".
             Se encontr├│ una referencia en la ubicaci├│n de ruta de acceso de b├║squeda "{RawFileName}".
             Esta referencia no es "CopyLocal" porque existe al menos un elemento de origen con "Private" establecido en "false" y ning├║n elemento de origen con "Private" establecido en "true".
         Referencia principal "System.ServiceModel.Web, Version=4.0.0.0, Culture=neutral, PublicKeyToken=31bf3856ad364e35".
             La ruta de acceso del archivo resuelta es "C:\Program Files\dotnet\packs\Microsoft.NETCore.App.Ref\8.0.19\ref\net8.0\System.ServiceModel.Web.dll".
             Se encontr├│ una referencia en la ubicaci├│n de ruta de acceso de b├║squeda "{RawFileName}".
             Esta referencia no es "CopyLocal" porque existe al menos un elemento de origen con "Private" establecido en "false" y ning├║n elemento de origen con "Private" establecido en "true".
         Referencia principal "System.ServiceProcess, Version=4.0.0.0, Culture=neutral, PublicKeyToken=b03f5f7f11d50a3a".
             La ruta de acceso del archivo resuelta es "C:\Program Files\dotnet\packs\Microsoft.NETCore.App.Ref\8.0.19\ref\net8.0\System.ServiceProcess.dll".
             Se encontr├│ una referencia en la ubicaci├│n de ruta de acceso de b├║squeda "{RawFileName}".
             Esta referencia no es "CopyLocal" porque existe al menos un elemento de origen con "Private" establecido en "false" y ning├║n elemento de origen con "Private" establecido en "true".
         Referencia principal "System.Text.Encoding.CodePages, Version=8.0.0.0, Culture=neutral, PublicKeyToken=b03f5f7f11d50a3a".
             La ruta de acceso del archivo resuelta es "C:\Program Files\dotnet\packs\Microsoft.NETCore.App.Ref\8.0.19\ref\net8.0\System.Text.Encoding.CodePages.dll".
             Se encontr├│ una referencia en la ubicaci├│n de ruta de acceso de b├║squeda "{RawFileName}".
             Esta referencia no es "CopyLocal" porque existe al menos un elemento de origen con "Private" establecido en "false" y ning├║n elemento de origen con "Private" establecido en "true".
         Referencia principal "System.Text.Encoding.Extensions, Version=8.0.0.0, Culture=neutral, PublicKeyToken=b03f5f7f11d50a3a".
             La ruta de acceso del archivo resuelta es "C:\Program Files\dotnet\packs\Microsoft.NETCore.App.Ref\8.0.19\ref\net8.0\System.Text.Encoding.Extensions.dll".
             Se encontr├│ una referencia en la ubicaci├│n de ruta de acceso de b├║squeda "{RawFileName}".
             Esta referencia no es "CopyLocal" porque existe al menos un elemento de origen con "Private" establecido en "false" y ning├║n elemento de origen con "Private" establecido en "true".
         Referencia principal "System.Text.Encoding, Version=8.0.0.0, Culture=neutral, PublicKeyToken=b03f5f7f11d50a3a".
             La ruta de acceso del archivo resuelta es "C:\Program Files\dotnet\packs\Microsoft.NETCore.App.Ref\8.0.19\ref\net8.0\System.Text.Encoding.dll".
             Se encontr├│ una referencia en la ubicaci├│n de ruta de acceso de b├║squeda "{RawFileName}".
             Esta referencia no es "CopyLocal" porque existe al menos un elemento de origen con "Private" establecido en "false" y ning├║n elemento de origen con "Private" establecido en "true".
         Referencia principal "System.Text.Encodings.Web, Version=8.0.0.0, Culture=neutral, PublicKeyToken=cc7b13ffcd2ddd51".
             La ruta de acceso del archivo resuelta es "C:\Program Files\dotnet\packs\Microsoft.NETCore.App.Ref\8.0.19\ref\net8.0\System.Text.Encodings.Web.dll".
             Se encontr├│ una referencia en la ubicaci├│n de ruta de acceso de b├║squeda "{RawFileName}".
             Esta referencia no es "CopyLocal" porque existe al menos un elemento de origen con "Private" establecido en "false" y ning├║n elemento de origen con "Private" establecido en "true".
         Referencia principal "System.Text.Json, Version=8.0.0.0, Culture=neutral, PublicKeyToken=cc7b13ffcd2ddd51".
             La ruta de acceso del archivo resuelta es "C:\Program Files\dotnet\packs\Microsoft.NETCore.App.Ref\8.0.19\ref\net8.0\System.Text.Json.dll".
             Se encontr├│ una referencia en la ubicaci├│n de ruta de acceso de b├║squeda "{RawFileName}".
             Esta referencia no es "CopyLocal" porque existe al menos un elemento de origen con "Private" establecido en "false" y ning├║n elemento de origen con "Private" establecido en "true".
         Referencia principal "System.Text.RegularExpressions, Version=8.0.0.0, Culture=neutral, PublicKeyToken=b03f5f7f11d50a3a".
             La ruta de acceso del archivo resuelta es "C:\Program Files\dotnet\packs\Microsoft.NETCore.App.Ref\8.0.19\ref\net8.0\System.Text.RegularExpressions.dll".
             Se encontr├│ una referencia en la ubicaci├│n de ruta de acceso de b├║squeda "{RawFileName}".
             Esta referencia no es "CopyLocal" porque existe al menos un elemento de origen con "Private" establecido en "false" y ning├║n elemento de origen con "Private" establecido en "true".
         Referencia principal "System.Threading.Channels, Version=8.0.0.0, Culture=neutral, PublicKeyToken=cc7b13ffcd2ddd51".
             La ruta de acceso del archivo resuelta es "C:\Program Files\dotnet\packs\Microsoft.NETCore.App.Ref\8.0.19\ref\net8.0\System.Threading.Channels.dll".
             Se encontr├│ una referencia en la ubicaci├│n de ruta de acceso de b├║squeda "{RawFileName}".
             Esta referencia no es "CopyLocal" porque existe al menos un elemento de origen con "Private" establecido en "false" y ning├║n elemento de origen con "Private" establecido en "true".
         Referencia principal "System.Threading.Overlapped, Version=8.0.0.0, Culture=neutral, PublicKeyToken=b03f5f7f11d50a3a".
             La ruta de acceso del archivo resuelta es "C:\Program Files\dotnet\packs\Microsoft.NETCore.App.Ref\8.0.19\ref\net8.0\System.Threading.Overlapped.dll".
             Se encontr├│ una referencia en la ubicaci├│n de ruta de acceso de b├║squeda "{RawFileName}".
             Esta referencia no es "CopyLocal" porque existe al menos un elemento de origen con "Private" establecido en "false" y ning├║n elemento de origen con "Private" establecido en "true".
         Referencia principal "System.Threading.Tasks.Dataflow, Version=8.0.0.0, Culture=neutral, PublicKeyToken=b03f5f7f11d50a3a".
             La ruta de acceso del archivo resuelta es "C:\Program Files\dotnet\packs\Microsoft.NETCore.App.Ref\8.0.19\ref\net8.0\System.Threading.Tasks.Dataflow.dll".
             Se encontr├│ una referencia en la ubicaci├│n de ruta de acceso de b├║squeda "{RawFileName}".
             Esta referencia no es "CopyLocal" porque existe al menos un elemento de origen con "Private" establecido en "false" y ning├║n elemento de origen con "Private" establecido en "true".
         Referencia principal "System.Threading.Tasks.Extensions, Version=8.0.0.0, Culture=neutral, PublicKeyToken=cc7b13ffcd2ddd51".
             La ruta de acceso del archivo resuelta es "C:\Program Files\dotnet\packs\Microsoft.NETCore.App.Ref\8.0.19\ref\net8.0\System.Threading.Tasks.Extensions.dll".
             Se encontr├│ una referencia en la ubicaci├│n de ruta de acceso de b├║squeda "{RawFileName}".
             Esta referencia no es "CopyLocal" porque existe al menos un elemento de origen con "Private" establecido en "false" y ning├║n elemento de origen con "Private" establecido en "true".
         Referencia principal "System.Threading.Tasks.Parallel, Version=8.0.0.0, Culture=neutral, PublicKeyToken=b03f5f7f11d50a3a".
             La ruta de acceso del archivo resuelta es "C:\Program Files\dotnet\packs\Microsoft.NETCore.App.Ref\8.0.19\ref\net8.0\System.Threading.Tasks.Parallel.dll".
             Se encontr├│ una referencia en la ubicaci├│n de ruta de acceso de b├║squeda "{RawFileName}".
             Esta referencia no es "CopyLocal" porque existe al menos un elemento de origen con "Private" establecido en "false" y ning├║n elemento de origen con "Private" establecido en "true".
         Referencia principal "System.Threading.Tasks, Version=8.0.0.0, Culture=neutral, PublicKeyToken=b03f5f7f11d50a3a".
             La ruta de acceso del archivo resuelta es "C:\Program Files\dotnet\packs\Microsoft.NETCore.App.Ref\8.0.19\ref\net8.0\System.Threading.Tasks.dll".
             Se encontr├│ una referencia en la ubicaci├│n de ruta de acceso de b├║squeda "{RawFileName}".
             Esta referencia no es "CopyLocal" porque existe al menos un elemento de origen con "Private" establecido en "false" y ning├║n elemento de origen con "Private" establecido en "true".
         Referencia principal "System.Threading.Thread, Version=8.0.0.0, Culture=neutral, PublicKeyToken=b03f5f7f11d50a3a".
             La ruta de acceso del archivo resuelta es "C:\Program Files\dotnet\packs\Microsoft.NETCore.App.Ref\8.0.19\ref\net8.0\System.Threading.Thread.dll".
             Se encontr├│ una referencia en la ubicaci├│n de ruta de acceso de b├║squeda "{RawFileName}".
             Esta referencia no es "CopyLocal" porque existe al menos un elemento de origen con "Private" establecido en "false" y ning├║n elemento de origen con "Private" establecido en "true".
         Referencia principal "System.Threading.ThreadPool, Version=8.0.0.0, Culture=neutral, PublicKeyToken=b03f5f7f11d50a3a".
             La ruta de acceso del archivo resuelta es "C:\Program Files\dotnet\packs\Microsoft.NETCore.App.Ref\8.0.19\ref\net8.0\System.Threading.ThreadPool.dll".
             Se encontr├│ una referencia en la ubicaci├│n de ruta de acceso de b├║squeda "{RawFileName}".
             Esta referencia no es "CopyLocal" porque existe al menos un elemento de origen con "Private" establecido en "false" y ning├║n elemento de origen con "Private" establecido en "true".
         Referencia principal "System.Threading.Timer, Version=8.0.0.0, Culture=neutral, PublicKeyToken=b03f5f7f11d50a3a".
             La ruta de acceso del archivo resuelta es "C:\Program Files\dotnet\packs\Microsoft.NETCore.App.Ref\8.0.19\ref\net8.0\System.Threading.Timer.dll".
             Se encontr├│ una referencia en la ubicaci├│n de ruta de acceso de b├║squeda "{RawFileName}".
             Esta referencia no es "CopyLocal" porque existe al menos un elemento de origen con "Private" establecido en "false" y ning├║n elemento de origen con "Private" establecido en "true".
         Referencia principal "System.Threading, Version=8.0.0.0, Culture=neutral, PublicKeyToken=b03f5f7f11d50a3a".
             La ruta de acceso del archivo resuelta es "C:\Program Files\dotnet\packs\Microsoft.NETCore.App.Ref\8.0.19\ref\net8.0\System.Threading.dll".
             Se encontr├│ una referencia en la ubicaci├│n de ruta de acceso de b├║squeda "{RawFileName}".
             Esta referencia no es "CopyLocal" porque existe al menos un elemento de origen con "Private" establecido en "false" y ning├║n elemento de origen con "Private" establecido en "true".
         Referencia principal "System.Transactions.Local, Version=8.0.0.0, Culture=neutral, PublicKeyToken=cc7b13ffcd2ddd51".
             La ruta de acceso del archivo resuelta es "C:\Program Files\dotnet\packs\Microsoft.NETCore.App.Ref\8.0.19\ref\net8.0\System.Transactions.Local.dll".
             Se encontr├│ una referencia en la ubicaci├│n de ruta de acceso de b├║squeda "{RawFileName}".
             Esta referencia no es "CopyLocal" porque existe al menos un elemento de origen con "Private" establecido en "false" y ning├║n elemento de origen con "Private" establecido en "true".
         Referencia principal "System.Transactions, Version=4.0.0.0, Culture=neutral, PublicKeyToken=b77a5c561934e089".
             La ruta de acceso del archivo resuelta es "C:\Program Files\dotnet\packs\Microsoft.NETCore.App.Ref\8.0.19\ref\net8.0\System.Transactions.dll".
             Se encontr├│ una referencia en la ubicaci├│n de ruta de acceso de b├║squeda "{RawFileName}".
             Esta referencia no es "CopyLocal" porque existe al menos un elemento de origen con "Private" establecido en "false" y ning├║n elemento de origen con "Private" establecido en "true".
         Referencia principal "System.ValueTuple, Version=8.0.0.0, Culture=neutral, PublicKeyToken=cc7b13ffcd2ddd51".
             La ruta de acceso del archivo resuelta es "C:\Program Files\dotnet\packs\Microsoft.NETCore.App.Ref\8.0.19\ref\net8.0\System.ValueTuple.dll".
             Se encontr├│ una referencia en la ubicaci├│n de ruta de acceso de b├║squeda "{RawFileName}".
             Esta referencia no es "CopyLocal" porque existe al menos un elemento de origen con "Private" establecido en "false" y ning├║n elemento de origen con "Private" establecido en "true".
         Referencia principal "System.Web.HttpUtility, Version=8.0.0.0, Culture=neutral, PublicKeyToken=cc7b13ffcd2ddd51".
             La ruta de acceso del archivo resuelta es "C:\Program Files\dotnet\packs\Microsoft.NETCore.App.Ref\8.0.19\ref\net8.0\System.Web.HttpUtility.dll".
             Se encontr├│ una referencia en la ubicaci├│n de ruta de acceso de b├║squeda "{RawFileName}".
             Esta referencia no es "CopyLocal" porque existe al menos un elemento de origen con "Private" establecido en "false" y ning├║n elemento de origen con "Private" establecido en "true".
         Referencia principal "System.Web, Version=4.0.0.0, Culture=neutral, PublicKeyToken=b03f5f7f11d50a3a".
             La ruta de acceso del archivo resuelta es "C:\Program Files\dotnet\packs\Microsoft.NETCore.App.Ref\8.0.19\ref\net8.0\System.Web.dll".
             Se encontr├│ una referencia en la ubicaci├│n de ruta de acceso de b├║squeda "{RawFileName}".
             Esta referencia no es "CopyLocal" porque existe al menos un elemento de origen con "Private" establecido en "false" y ning├║n elemento de origen con "Private" establecido en "true".
         Referencia principal "System.Windows, Version=4.0.0.0, Culture=neutral, PublicKeyToken=b03f5f7f11d50a3a".
             La ruta de acceso del archivo resuelta es "C:\Program Files\dotnet\packs\Microsoft.NETCore.App.Ref\8.0.19\ref\net8.0\System.Windows.dll".
             Se encontr├│ una referencia en la ubicaci├│n de ruta de acceso de b├║squeda "{RawFileName}".
             Esta referencia no es "CopyLocal" porque existe al menos un elemento de origen con "Private" establecido en "false" y ning├║n elemento de origen con "Private" establecido en "true".
         Referencia principal "System.Xml.Linq, Version=4.0.0.0, Culture=neutral, PublicKeyToken=b77a5c561934e089".
             La ruta de acceso del archivo resuelta es "C:\Program Files\dotnet\packs\Microsoft.NETCore.App.Ref\8.0.19\ref\net8.0\System.Xml.Linq.dll".
             Se encontr├│ una referencia en la ubicaci├│n de ruta de acceso de b├║squeda "{RawFileName}".
             Esta referencia no es "CopyLocal" porque existe al menos un elemento de origen con "Private" establecido en "false" y ning├║n elemento de origen con "Private" establecido en "true".
         Referencia principal "System.Xml.ReaderWriter, Version=8.0.0.0, Culture=neutral, PublicKeyToken=b03f5f7f11d50a3a".
             La ruta de acceso del archivo resuelta es "C:\Program Files\dotnet\packs\Microsoft.NETCore.App.Ref\8.0.19\ref\net8.0\System.Xml.ReaderWriter.dll".
             Se encontr├│ una referencia en la ubicaci├│n de ruta de acceso de b├║squeda "{RawFileName}".
             Esta referencia no es "CopyLocal" porque existe al menos un elemento de origen con "Private" establecido en "false" y ning├║n elemento de origen con "Private" establecido en "true".
         Referencia principal "System.Xml.Serialization, Version=4.0.0.0, Culture=neutral, PublicKeyToken=b77a5c561934e089".
             La ruta de acceso del archivo resuelta es "C:\Program Files\dotnet\packs\Microsoft.NETCore.App.Ref\8.0.19\ref\net8.0\System.Xml.Serialization.dll".
             Se encontr├│ una referencia en la ubicaci├│n de ruta de acceso de b├║squeda "{RawFileName}".
             Esta referencia no es "CopyLocal" porque existe al menos un elemento de origen con "Private" establecido en "false" y ning├║n elemento de origen con "Private" establecido en "true".
         Referencia principal "System.Xml.XDocument, Version=8.0.0.0, Culture=neutral, PublicKeyToken=b03f5f7f11d50a3a".
             La ruta de acceso del archivo resuelta es "C:\Program Files\dotnet\packs\Microsoft.NETCore.App.Ref\8.0.19\ref\net8.0\System.Xml.XDocument.dll".
             Se encontr├│ una referencia en la ubicaci├│n de ruta de acceso de b├║squeda "{RawFileName}".
             Esta referencia no es "CopyLocal" porque existe al menos un elemento de origen con "Private" establecido en "false" y ning├║n elemento de origen con "Private" establecido en "true".
         Referencia principal "System.Xml.XPath.XDocument, Version=8.0.0.0, Culture=neutral, PublicKeyToken=b03f5f7f11d50a3a".
             La ruta de acceso del archivo resuelta es "C:\Program Files\dotnet\packs\Microsoft.NETCore.App.Ref\8.0.19\ref\net8.0\System.Xml.XPath.XDocument.dll".
             Se encontr├│ una referencia en la ubicaci├│n de ruta de acceso de b├║squeda "{RawFileName}".
             Esta referencia no es "CopyLocal" porque existe al menos un elemento de origen con "Private" establecido en "false" y ning├║n elemento de origen con "Private" establecido en "true".
         Referencia principal "System.Xml.XPath, Version=8.0.0.0, Culture=neutral, PublicKeyToken=b03f5f7f11d50a3a".
             La ruta de acceso del archivo resuelta es "C:\Program Files\dotnet\packs\Microsoft.NETCore.App.Ref\8.0.19\ref\net8.0\System.Xml.XPath.dll".
             Se encontr├│ una referencia en la ubicaci├│n de ruta de acceso de b├║squeda "{RawFileName}".
             Esta referencia no es "CopyLocal" porque existe al menos un elemento de origen con "Private" establecido en "false" y ning├║n elemento de origen con "Private" establecido en "true".
         Referencia principal "System.Xml.XmlDocument, Version=8.0.0.0, Culture=neutral, PublicKeyToken=b03f5f7f11d50a3a".
             La ruta de acceso del archivo resuelta es "C:\Program Files\dotnet\packs\Microsoft.NETCore.App.Ref\8.0.19\ref\net8.0\System.Xml.XmlDocument.dll".
             Se encontr├│ una referencia en la ubicaci├│n de ruta de acceso de b├║squeda "{RawFileName}".
             Esta referencia no es "CopyLocal" porque existe al menos un elemento de origen con "Private" establecido en "false" y ning├║n elemento de origen con "Private" establecido en "true".
         Referencia principal "System.Xml.XmlSerializer, Version=8.0.0.0, Culture=neutral, PublicKeyToken=b03f5f7f11d50a3a".
             La ruta de acceso del archivo resuelta es "C:\Program Files\dotnet\packs\Microsoft.NETCore.App.Ref\8.0.19\ref\net8.0\System.Xml.XmlSerializer.dll".
             Se encontr├│ una referencia en la ubicaci├│n de ruta de acceso de b├║squeda "{RawFileName}".
             Esta referencia no es "CopyLocal" porque existe al menos un elemento de origen con "Private" establecido en "false" y ning├║n elemento de origen con "Private" establecido en "true".
         Referencia principal "System.Xml, Version=4.0.0.0, Culture=neutral, PublicKeyToken=b77a5c561934e089".
             La ruta de acceso del archivo resuelta es "C:\Program Files\dotnet\packs\Microsoft.NETCore.App.Ref\8.0.19\ref\net8.0\System.Xml.dll".
             Se encontr├│ una referencia en la ubicaci├│n de ruta de acceso de b├║squeda "{RawFileName}".
             Esta referencia no es "CopyLocal" porque existe al menos un elemento de origen con "Private" establecido en "false" y ning├║n elemento de origen con "Private" establecido en "true".
         Referencia principal "System, Version=4.0.0.0, Culture=neutral, PublicKeyToken=b77a5c561934e089".
             La ruta de acceso del archivo resuelta es "C:\Program Files\dotnet\packs\Microsoft.NETCore.App.Ref\8.0.19\ref\net8.0\System.dll".
             Se encontr├│ una referencia en la ubicaci├│n de ruta de acceso de b├║squeda "{RawFileName}".
             Esta referencia no es "CopyLocal" porque existe al menos un elemento de origen con "Private" establecido en "false" y ning├║n elemento de origen con "Private" establecido en "true".
         Referencia principal "WindowsBase, Version=4.0.0.0, Culture=neutral, PublicKeyToken=31bf3856ad364e35".
             La ruta de acceso del archivo resuelta es "C:\Program Files\dotnet\packs\Microsoft.NETCore.App.Ref\8.0.19\ref\net8.0\WindowsBase.dll".
             Se encontr├│ una referencia en la ubicaci├│n de ruta de acceso de b├║squeda "{RawFileName}".
             Esta referencia no es "CopyLocal" porque existe al menos un elemento de origen con "Private" establecido en "false" y ning├║n elemento de origen con "Private" establecido en "true".
         Referencia principal "mscorlib, Version=4.0.0.0, Culture=neutral, PublicKeyToken=b77a5c561934e089".
             La ruta de acceso del archivo resuelta es "C:\Program Files\dotnet\packs\Microsoft.NETCore.App.Ref\8.0.19\ref\net8.0\mscorlib.dll".
             Se encontr├│ una referencia en la ubicaci├│n de ruta de acceso de b├║squeda "{RawFileName}".
             Esta referencia no es "CopyLocal" porque existe al menos un elemento de origen con "Private" establecido en "false" y ning├║n elemento de origen con "Private" establecido en "true".
         Referencia principal "netstandard, Version=2.1.0.0, Culture=neutral, PublicKeyToken=cc7b13ffcd2ddd51".
             La ruta de acceso del archivo resuelta es "C:\Program Files\dotnet\packs\Microsoft.NETCore.App.Ref\8.0.19\ref\net8.0\netstandard.dll".
             Se encontr├│ una referencia en la ubicaci├│n de ruta de acceso de b├║squeda "{RawFileName}".
             Esta referencia no es "CopyLocal" porque existe al menos un elemento de origen con "Private" establecido en "false" y ning├║n elemento de origen con "Private" establecido en "true".
         Referencia principal "Microsoft.AspNetCore.Antiforgery, Version=8.0.0.0, Culture=neutral, PublicKeyToken=adb9793829ddae60".
             La ruta de acceso del archivo resuelta es "C:\Program Files\dotnet\packs\Microsoft.AspNetCore.App.Ref\8.0.19\ref\net8.0\Microsoft.AspNetCore.Antiforgery.dll".
             Se encontr├│ una referencia en la ubicaci├│n de ruta de acceso de b├║squeda "{RawFileName}".
             Esta referencia no es "CopyLocal" porque existe al menos un elemento de origen con "Private" establecido en "false" y ning├║n elemento de origen con "Private" establecido en "true".
         Referencia principal "Microsoft.AspNetCore.Authentication.Abstractions, Version=8.0.0.0, Culture=neutral, PublicKeyToken=adb9793829ddae60".
             La ruta de acceso del archivo resuelta es "C:\Program Files\dotnet\packs\Microsoft.AspNetCore.App.Ref\8.0.19\ref\net8.0\Microsoft.AspNetCore.Authentication.Abstractions.dll".
             Se encontr├│ una referencia en la ubicaci├│n de ruta de acceso de b├║squeda "{RawFileName}".
             Esta referencia no es "CopyLocal" porque existe al menos un elemento de origen con "Private" establecido en "false" y ning├║n elemento de origen con "Private" establecido en "true".
         Referencia principal "Microsoft.AspNetCore.Authentication.BearerToken, Version=8.0.0.0, Culture=neutral, PublicKeyToken=adb9793829ddae60".
             La ruta de acceso del archivo resuelta es "C:\Program Files\dotnet\packs\Microsoft.AspNetCore.App.Ref\8.0.19\ref\net8.0\Microsoft.AspNetCore.Authentication.BearerToken.dll".
             Se encontr├│ una referencia en la ubicaci├│n de ruta de acceso de b├║squeda "{RawFileName}".
             Esta referencia no es "CopyLocal" porque existe al menos un elemento de origen con "Private" establecido en "false" y ning├║n elemento de origen con "Private" establecido en "true".
         Referencia principal "Microsoft.AspNetCore.Authentication.Cookies, Version=8.0.0.0, Culture=neutral, PublicKeyToken=adb9793829ddae60".
             La ruta de acceso del archivo resuelta es "C:\Program Files\dotnet\packs\Microsoft.AspNetCore.App.Ref\8.0.19\ref\net8.0\Microsoft.AspNetCore.Authentication.Cookies.dll".
             Se encontr├│ una referencia en la ubicaci├│n de ruta de acceso de b├║squeda "{RawFileName}".
             Esta referencia no es "CopyLocal" porque existe al menos un elemento de origen con "Private" establecido en "false" y ning├║n elemento de origen con "Private" establecido en "true".
         Referencia principal "Microsoft.AspNetCore.Authentication.Core, Version=8.0.0.0, Culture=neutral, PublicKeyToken=adb9793829ddae60".
             La ruta de acceso del archivo resuelta es "C:\Program Files\dotnet\packs\Microsoft.AspNetCore.App.Ref\8.0.19\ref\net8.0\Microsoft.AspNetCore.Authentication.Core.dll".
             Se encontr├│ una referencia en la ubicaci├│n de ruta de acceso de b├║squeda "{RawFileName}".
             Esta referencia no es "CopyLocal" porque existe al menos un elemento de origen con "Private" establecido en "false" y ning├║n elemento de origen con "Private" establecido en "true".
         Referencia principal "Microsoft.AspNetCore.Authentication.OAuth, Version=8.0.0.0, Culture=neutral, PublicKeyToken=adb9793829ddae60".
             La ruta de acceso del archivo resuelta es "C:\Program Files\dotnet\packs\Microsoft.AspNetCore.App.Ref\8.0.19\ref\net8.0\Microsoft.AspNetCore.Authentication.OAuth.dll".
             Se encontr├│ una referencia en la ubicaci├│n de ruta de acceso de b├║squeda "{RawFileName}".
             Esta referencia no es "CopyLocal" porque existe al menos un elemento de origen con "Private" establecido en "false" y ning├║n elemento de origen con "Private" establecido en "true".
         Referencia principal "Microsoft.AspNetCore.Authentication, Version=8.0.0.0, Culture=neutral, PublicKeyToken=adb9793829ddae60".
             La ruta de acceso del archivo resuelta es "C:\Program Files\dotnet\packs\Microsoft.AspNetCore.App.Ref\8.0.19\ref\net8.0\Microsoft.AspNetCore.Authentication.dll".
             Se encontr├│ una referencia en la ubicaci├│n de ruta de acceso de b├║squeda "{RawFileName}".
             Esta referencia no es "CopyLocal" porque existe al menos un elemento de origen con "Private" establecido en "false" y ning├║n elemento de origen con "Private" establecido en "true".
         Referencia principal "Microsoft.AspNetCore.Authorization.Policy, Version=8.0.0.0, Culture=neutral, PublicKeyToken=adb9793829ddae60".
             La ruta de acceso del archivo resuelta es "C:\Program Files\dotnet\packs\Microsoft.AspNetCore.App.Ref\8.0.19\ref\net8.0\Microsoft.AspNetCore.Authorization.Policy.dll".
             Se encontr├│ una referencia en la ubicaci├│n de ruta de acceso de b├║squeda "{RawFileName}".
             Esta referencia no es "CopyLocal" porque existe al menos un elemento de origen con "Private" establecido en "false" y ning├║n elemento de origen con "Private" establecido en "true".
         Referencia principal "Microsoft.AspNetCore.Authorization, Version=8.0.0.0, Culture=neutral, PublicKeyToken=adb9793829ddae60".
             La ruta de acceso del archivo resuelta es "C:\Program Files\dotnet\packs\Microsoft.AspNetCore.App.Ref\8.0.19\ref\net8.0\Microsoft.AspNetCore.Authorization.dll".
             Se encontr├│ una referencia en la ubicaci├│n de ruta de acceso de b├║squeda "{RawFileName}".
             Esta referencia no es "CopyLocal" porque existe al menos un elemento de origen con "Private" establecido en "false" y ning├║n elemento de origen con "Private" establecido en "true".
         Referencia principal "Microsoft.AspNetCore.Components.Authorization, Version=8.0.0.0, Culture=neutral, PublicKeyToken=adb9793829ddae60".
             La ruta de acceso del archivo resuelta es "C:\Program Files\dotnet\packs\Microsoft.AspNetCore.App.Ref\8.0.19\ref\net8.0\Microsoft.AspNetCore.Components.Authorization.dll".
             Se encontr├│ una referencia en la ubicaci├│n de ruta de acceso de b├║squeda "{RawFileName}".
             Esta referencia no es "CopyLocal" porque existe al menos un elemento de origen con "Private" establecido en "false" y ning├║n elemento de origen con "Private" establecido en "true".
         Referencia principal "Microsoft.AspNetCore.Components.Endpoints, Version=8.0.0.0, Culture=neutral, PublicKeyToken=adb9793829ddae60".
             La ruta de acceso del archivo resuelta es "C:\Program Files\dotnet\packs\Microsoft.AspNetCore.App.Ref\8.0.19\ref\net8.0\Microsoft.AspNetCore.Components.Endpoints.dll".
             Se encontr├│ una referencia en la ubicaci├│n de ruta de acceso de b├║squeda "{RawFileName}".
             Esta referencia no es "CopyLocal" porque existe al menos un elemento de origen con "Private" establecido en "false" y ning├║n elemento de origen con "Private" establecido en "true".
         Referencia principal "Microsoft.AspNetCore.Components.Forms, Version=8.0.0.0, Culture=neutral, PublicKeyToken=adb9793829ddae60".
             La ruta de acceso del archivo resuelta es "C:\Program Files\dotnet\packs\Microsoft.AspNetCore.App.Ref\8.0.19\ref\net8.0\Microsoft.AspNetCore.Components.Forms.dll".
             Se encontr├│ una referencia en la ubicaci├│n de ruta de acceso de b├║squeda "{RawFileName}".
             Esta referencia no es "CopyLocal" porque existe al menos un elemento de origen con "Private" establecido en "false" y ning├║n elemento de origen con "Private" establecido en "true".
         Referencia principal "Microsoft.AspNetCore.Components.Server, Version=8.0.0.0, Culture=neutral, PublicKeyToken=adb9793829ddae60".
             La ruta de acceso del archivo resuelta es "C:\Program Files\dotnet\packs\Microsoft.AspNetCore.App.Ref\8.0.19\ref\net8.0\Microsoft.AspNetCore.Components.Server.dll".
             Se encontr├│ una referencia en la ubicaci├│n de ruta de acceso de b├║squeda "{RawFileName}".
             Esta referencia no es "CopyLocal" porque existe al menos un elemento de origen con "Private" establecido en "false" y ning├║n elemento de origen con "Private" establecido en "true".
         Referencia principal "Microsoft.AspNetCore.Components.Web, Version=8.0.0.0, Culture=neutral, PublicKeyToken=adb9793829ddae60".
             La ruta de acceso del archivo resuelta es "C:\Program Files\dotnet\packs\Microsoft.AspNetCore.App.Ref\8.0.19\ref\net8.0\Microsoft.AspNetCore.Components.Web.dll".
             Se encontr├│ una referencia en la ubicaci├│n de ruta de acceso de b├║squeda "{RawFileName}".
             Esta referencia no es "CopyLocal" porque existe al menos un elemento de origen con "Private" establecido en "false" y ning├║n elemento de origen con "Private" establecido en "true".
         Referencia principal "Microsoft.AspNetCore.Components, Version=8.0.0.0, Culture=neutral, PublicKeyToken=adb9793829ddae60".
             La ruta de acceso del archivo resuelta es "C:\Program Files\dotnet\packs\Microsoft.AspNetCore.App.Ref\8.0.19\ref\net8.0\Microsoft.AspNetCore.Components.dll".
             Se encontr├│ una referencia en la ubicaci├│n de ruta de acceso de b├║squeda "{RawFileName}".
             Esta referencia no es "CopyLocal" porque existe al menos un elemento de origen con "Private" establecido en "false" y ning├║n elemento de origen con "Private" establecido en "true".
         Referencia principal "Microsoft.AspNetCore.Connections.Abstractions, Version=8.0.0.0, Culture=neutral, PublicKeyToken=adb9793829ddae60".
             La ruta de acceso del archivo resuelta es "C:\Program Files\dotnet\packs\Microsoft.AspNetCore.App.Ref\8.0.19\ref\net8.0\Microsoft.AspNetCore.Connections.Abstractions.dll".
             Se encontr├│ una referencia en la ubicaci├│n de ruta de acceso de b├║squeda "{RawFileName}".
             Esta referencia no es "CopyLocal" porque existe al menos un elemento de origen con "Private" establecido en "false" y ning├║n elemento de origen con "Private" establecido en "true".
         Referencia principal "Microsoft.AspNetCore.CookiePolicy, Version=8.0.0.0, Culture=neutral, PublicKeyToken=adb9793829ddae60".
             La ruta de acceso del archivo resuelta es "C:\Program Files\dotnet\packs\Microsoft.AspNetCore.App.Ref\8.0.19\ref\net8.0\Microsoft.AspNetCore.CookiePolicy.dll".
             Se encontr├│ una referencia en la ubicaci├│n de ruta de acceso de b├║squeda "{RawFileName}".
             Esta referencia no es "CopyLocal" porque existe al menos un elemento de origen con "Private" establecido en "false" y ning├║n elemento de origen con "Private" establecido en "true".
         Referencia principal "Microsoft.AspNetCore.Cors, Version=8.0.0.0, Culture=neutral, PublicKeyToken=adb9793829ddae60".
             La ruta de acceso del archivo resuelta es "C:\Program Files\dotnet\packs\Microsoft.AspNetCore.App.Ref\8.0.19\ref\net8.0\Microsoft.AspNetCore.Cors.dll".
             Se encontr├│ una referencia en la ubicaci├│n de ruta de acceso de b├║squeda "{RawFileName}".
             Esta referencia no es "CopyLocal" porque existe al menos un elemento de origen con "Private" establecido en "false" y ning├║n elemento de origen con "Private" establecido en "true".
         Referencia principal "Microsoft.AspNetCore.Cryptography.Internal, Version=8.0.0.0, Culture=neutral, PublicKeyToken=adb9793829ddae60".
             La ruta de acceso del archivo resuelta es "C:\Program Files\dotnet\packs\Microsoft.AspNetCore.App.Ref\8.0.19\ref\net8.0\Microsoft.AspNetCore.Cryptography.Internal.dll".
             Se encontr├│ una referencia en la ubicaci├│n de ruta de acceso de b├║squeda "{RawFileName}".
             Esta referencia no es "CopyLocal" porque existe al menos un elemento de origen con "Private" establecido en "false" y ning├║n elemento de origen con "Private" establecido en "true".
         Referencia principal "Microsoft.AspNetCore.Cryptography.KeyDerivation, Version=8.0.0.0, Culture=neutral, PublicKeyToken=adb9793829ddae60".
             La ruta de acceso del archivo resuelta es "C:\Program Files\dotnet\packs\Microsoft.AspNetCore.App.Ref\8.0.19\ref\net8.0\Microsoft.AspNetCore.Cryptography.KeyDerivation.dll".
             Se encontr├│ una referencia en la ubicaci├│n de ruta de acceso de b├║squeda "{RawFileName}".
             Esta referencia no es "CopyLocal" porque existe al menos un elemento de origen con "Private" establecido en "false" y ning├║n elemento de origen con "Private" establecido en "true".
         Referencia principal "Microsoft.AspNetCore.DataProtection.Abstractions, Version=8.0.0.0, Culture=neutral, PublicKeyToken=adb9793829ddae60".
             La ruta de acceso del archivo resuelta es "C:\Program Files\dotnet\packs\Microsoft.AspNetCore.App.Ref\8.0.19\ref\net8.0\Microsoft.AspNetCore.DataProtection.Abstractions.dll".
             Se encontr├│ una referencia en la ubicaci├│n de ruta de acceso de b├║squeda "{RawFileName}".
             Esta referencia no es "CopyLocal" porque existe al menos un elemento de origen con "Private" establecido en "false" y ning├║n elemento de origen con "Private" establecido en "true".
         Referencia principal "Microsoft.AspNetCore.DataProtection.Extensions, Version=8.0.0.0, Culture=neutral, PublicKeyToken=adb9793829ddae60".
             La ruta de acceso del archivo resuelta es "C:\Program Files\dotnet\packs\Microsoft.AspNetCore.App.Ref\8.0.19\ref\net8.0\Microsoft.AspNetCore.DataProtection.Extensions.dll".
             Se encontr├│ una referencia en la ubicaci├│n de ruta de acceso de b├║squeda "{RawFileName}".
             Esta referencia no es "CopyLocal" porque existe al menos un elemento de origen con "Private" establecido en "false" y ning├║n elemento de origen con "Private" establecido en "true".
         Referencia principal "Microsoft.AspNetCore.DataProtection, Version=8.0.0.0, Culture=neutral, PublicKeyToken=adb9793829ddae60".
             La ruta de acceso del archivo resuelta es "C:\Program Files\dotnet\packs\Microsoft.AspNetCore.App.Ref\8.0.19\ref\net8.0\Microsoft.AspNetCore.DataProtection.dll".
             Se encontr├│ una referencia en la ubicaci├│n de ruta de acceso de b├║squeda "{RawFileName}".
             Esta referencia no es "CopyLocal" porque existe al menos un elemento de origen con "Private" establecido en "false" y ning├║n elemento de origen con "Private" establecido en "true".
         Referencia principal "Microsoft.AspNetCore.Diagnostics.Abstractions, Version=8.0.0.0, Culture=neutral, PublicKeyToken=adb9793829ddae60".
             La ruta de acceso del archivo resuelta es "C:\Program Files\dotnet\packs\Microsoft.AspNetCore.App.Ref\8.0.19\ref\net8.0\Microsoft.AspNetCore.Diagnostics.Abstractions.dll".
             Se encontr├│ una referencia en la ubicaci├│n de ruta de acceso de b├║squeda "{RawFileName}".
             Esta referencia no es "CopyLocal" porque existe al menos un elemento de origen con "Private" establecido en "false" y ning├║n elemento de origen con "Private" establecido en "true".
         Referencia principal "Microsoft.AspNetCore.Diagnostics.HealthChecks, Version=8.0.0.0, Culture=neutral, PublicKeyToken=adb9793829ddae60".
             La ruta de acceso del archivo resuelta es "C:\Program Files\dotnet\packs\Microsoft.AspNetCore.App.Ref\8.0.19\ref\net8.0\Microsoft.AspNetCore.Diagnostics.HealthChecks.dll".
             Se encontr├│ una referencia en la ubicaci├│n de ruta de acceso de b├║squeda "{RawFileName}".
             Esta referencia no es "CopyLocal" porque existe al menos un elemento de origen con "Private" establecido en "false" y ning├║n elemento de origen con "Private" establecido en "true".
         Referencia principal "Microsoft.AspNetCore.Diagnostics, Version=8.0.0.0, Culture=neutral, PublicKeyToken=adb9793829ddae60".
             La ruta de acceso del archivo resuelta es "C:\Program Files\dotnet\packs\Microsoft.AspNetCore.App.Ref\8.0.19\ref\net8.0\Microsoft.AspNetCore.Diagnostics.dll".
             Se encontr├│ una referencia en la ubicaci├│n de ruta de acceso de b├║squeda "{RawFileName}".
             Esta referencia no es "CopyLocal" porque existe al menos un elemento de origen con "Private" establecido en "false" y ning├║n elemento de origen con "Private" establecido en "true".
         Referencia principal "Microsoft.AspNetCore.HostFiltering, Version=8.0.0.0, Culture=neutral, PublicKeyToken=adb9793829ddae60".
             La ruta de acceso del archivo resuelta es "C:\Program Files\dotnet\packs\Microsoft.AspNetCore.App.Ref\8.0.19\ref\net8.0\Microsoft.AspNetCore.HostFiltering.dll".
             Se encontr├│ una referencia en la ubicaci├│n de ruta de acceso de b├║squeda "{RawFileName}".
             Esta referencia no es "CopyLocal" porque existe al menos un elemento de origen con "Private" establecido en "false" y ning├║n elemento de origen con "Private" establecido en "true".
         Referencia principal "Microsoft.AspNetCore.Hosting.Abstractions, Version=8.0.0.0, Culture=neutral, PublicKeyToken=adb9793829ddae60".
             La ruta de acceso del archivo resuelta es "C:\Program Files\dotnet\packs\Microsoft.AspNetCore.App.Ref\8.0.19\ref\net8.0\Microsoft.AspNetCore.Hosting.Abstractions.dll".
             Se encontr├│ una referencia en la ubicaci├│n de ruta de acceso de b├║squeda "{RawFileName}".
             Esta referencia no es "CopyLocal" porque existe al menos un elemento de origen con "Private" establecido en "false" y ning├║n elemento de origen con "Private" establecido en "true".
         Referencia principal "Microsoft.AspNetCore.Hosting.Server.Abstractions, Version=8.0.0.0, Culture=neutral, PublicKeyToken=adb9793829ddae60".
             La ruta de acceso del archivo resuelta es "C:\Program Files\dotnet\packs\Microsoft.AspNetCore.App.Ref\8.0.19\ref\net8.0\Microsoft.AspNetCore.Hosting.Server.Abstractions.dll".
             Se encontr├│ una referencia en la ubicaci├│n de ruta de acceso de b├║squeda "{RawFileName}".
             Esta referencia no es "CopyLocal" porque existe al menos un elemento de origen con "Private" establecido en "false" y ning├║n elemento de origen con "Private" establecido en "true".
         Referencia principal "Microsoft.AspNetCore.Hosting, Version=8.0.0.0, Culture=neutral, PublicKeyToken=adb9793829ddae60".
             La ruta de acceso del archivo resuelta es "C:\Program Files\dotnet\packs\Microsoft.AspNetCore.App.Ref\8.0.19\ref\net8.0\Microsoft.AspNetCore.Hosting.dll".
             Se encontr├│ una referencia en la ubicaci├│n de ruta de acceso de b├║squeda "{RawFileName}".
             Esta referencia no es "CopyLocal" porque existe al menos un elemento de origen con "Private" establecido en "false" y ning├║n elemento de origen con "Private" establecido en "true".
         Referencia principal "Microsoft.AspNetCore.Html.Abstractions, Version=8.0.0.0, Culture=neutral, PublicKeyToken=adb9793829ddae60".
             La ruta de acceso del archivo resuelta es "C:\Program Files\dotnet\packs\Microsoft.AspNetCore.App.Ref\8.0.19\ref\net8.0\Microsoft.AspNetCore.Html.Abstractions.dll".
             Se encontr├│ una referencia en la ubicaci├│n de ruta de acceso de b├║squeda "{RawFileName}".
             Esta referencia no es "CopyLocal" porque existe al menos un elemento de origen con "Private" establecido en "false" y ning├║n elemento de origen con "Private" establecido en "true".
         Referencia principal "Microsoft.AspNetCore.Http.Abstractions, Version=8.0.0.0, Culture=neutral, PublicKeyToken=adb9793829ddae60".
             La ruta de acceso del archivo resuelta es "C:\Program Files\dotnet\packs\Microsoft.AspNetCore.App.Ref\8.0.19\ref\net8.0\Microsoft.AspNetCore.Http.Abstractions.dll".
             Se encontr├│ una referencia en la ubicaci├│n de ruta de acceso de b├║squeda "{RawFileName}".
             Esta referencia no es "CopyLocal" porque existe al menos un elemento de origen con "Private" establecido en "false" y ning├║n elemento de origen con "Private" establecido en "true".
         Referencia principal "Microsoft.AspNetCore.Http.Connections.Common, Version=8.0.0.0, Culture=neutral, PublicKeyToken=adb9793829ddae60".
             La ruta de acceso del archivo resuelta es "C:\Program Files\dotnet\packs\Microsoft.AspNetCore.App.Ref\8.0.19\ref\net8.0\Microsoft.AspNetCore.Http.Connections.Common.dll".
             Se encontr├│ una referencia en la ubicaci├│n de ruta de acceso de b├║squeda "{RawFileName}".
             Esta referencia no es "CopyLocal" porque existe al menos un elemento de origen con "Private" establecido en "false" y ning├║n elemento de origen con "Private" establecido en "true".
         Referencia principal "Microsoft.AspNetCore.Http.Connections, Version=8.0.0.0, Culture=neutral, PublicKeyToken=adb9793829ddae60".
             La ruta de acceso del archivo resuelta es "C:\Program Files\dotnet\packs\Microsoft.AspNetCore.App.Ref\8.0.19\ref\net8.0\Microsoft.AspNetCore.Http.Connections.dll".
             Se encontr├│ una referencia en la ubicaci├│n de ruta de acceso de b├║squeda "{RawFileName}".
             Esta referencia no es "CopyLocal" porque existe al menos un elemento de origen con "Private" establecido en "false" y ning├║n elemento de origen con "Private" establecido en "true".
         Referencia principal "Microsoft.AspNetCore.Http.Extensions, Version=8.0.0.0, Culture=neutral, PublicKeyToken=adb9793829ddae60".
             La ruta de acceso del archivo resuelta es "C:\Program Files\dotnet\packs\Microsoft.AspNetCore.App.Ref\8.0.19\ref\net8.0\Microsoft.AspNetCore.Http.Extensions.dll".
             Se encontr├│ una referencia en la ubicaci├│n de ruta de acceso de b├║squeda "{RawFileName}".
             Esta referencia no es "CopyLocal" porque existe al menos un elemento de origen con "Private" establecido en "false" y ning├║n elemento de origen con "Private" establecido en "true".
         Referencia principal "Microsoft.AspNetCore.Http.Features, Version=8.0.0.0, Culture=neutral, PublicKeyToken=adb9793829ddae60".
             La ruta de acceso del archivo resuelta es "C:\Program Files\dotnet\packs\Microsoft.AspNetCore.App.Ref\8.0.19\ref\net8.0\Microsoft.AspNetCore.Http.Features.dll".
             Se encontr├│ una referencia en la ubicaci├│n de ruta de acceso de b├║squeda "{RawFileName}".
             Esta referencia no es "CopyLocal" porque existe al menos un elemento de origen con "Private" establecido en "false" y ning├║n elemento de origen con "Private" establecido en "true".
         Referencia principal "Microsoft.AspNetCore.Http.Results, Version=8.0.0.0, Culture=neutral, PublicKeyToken=adb9793829ddae60".
             La ruta de acceso del archivo resuelta es "C:\Program Files\dotnet\packs\Microsoft.AspNetCore.App.Ref\8.0.19\ref\net8.0\Microsoft.AspNetCore.Http.Results.dll".
             Se encontr├│ una referencia en la ubicaci├│n de ruta de acceso de b├║squeda "{RawFileName}".
             Esta referencia no es "CopyLocal" porque existe al menos un elemento de origen con "Private" establecido en "false" y ning├║n elemento de origen con "Private" establecido en "true".
         Referencia principal "Microsoft.AspNetCore.Http, Version=8.0.0.0, Culture=neutral, PublicKeyToken=adb9793829ddae60".
             La ruta de acceso del archivo resuelta es "C:\Program Files\dotnet\packs\Microsoft.AspNetCore.App.Ref\8.0.19\ref\net8.0\Microsoft.AspNetCore.Http.dll".
             Se encontr├│ una referencia en la ubicaci├│n de ruta de acceso de b├║squeda "{RawFileName}".
             Esta referencia no es "CopyLocal" porque existe al menos un elemento de origen con "Private" establecido en "false" y ning├║n elemento de origen con "Private" establecido en "true".
         Referencia principal "Microsoft.AspNetCore.HttpLogging, Version=8.0.0.0, Culture=neutral, PublicKeyToken=adb9793829ddae60".
             La ruta de acceso del archivo resuelta es "C:\Program Files\dotnet\packs\Microsoft.AspNetCore.App.Ref\8.0.19\ref\net8.0\Microsoft.AspNetCore.HttpLogging.dll".
             Se encontr├│ una referencia en la ubicaci├│n de ruta de acceso de b├║squeda "{RawFileName}".
             Esta referencia no es "CopyLocal" porque existe al menos un elemento de origen con "Private" establecido en "false" y ning├║n elemento de origen con "Private" establecido en "true".
         Referencia principal "Microsoft.AspNetCore.HttpOverrides, Version=8.0.0.0, Culture=neutral, PublicKeyToken=adb9793829ddae60".
             La ruta de acceso del archivo resuelta es "C:\Program Files\dotnet\packs\Microsoft.AspNetCore.App.Ref\8.0.19\ref\net8.0\Microsoft.AspNetCore.HttpOverrides.dll".
             Se encontr├│ una referencia en la ubicaci├│n de ruta de acceso de b├║squeda "{RawFileName}".
             Esta referencia no es "CopyLocal" porque existe al menos un elemento de origen con "Private" establecido en "false" y ning├║n elemento de origen con "Private" establecido en "true".
         Referencia principal "Microsoft.AspNetCore.HttpsPolicy, Version=8.0.0.0, Culture=neutral, PublicKeyToken=adb9793829ddae60".
             La ruta de acceso del archivo resuelta es "C:\Program Files\dotnet\packs\Microsoft.AspNetCore.App.Ref\8.0.19\ref\net8.0\Microsoft.AspNetCore.HttpsPolicy.dll".
             Se encontr├│ una referencia en la ubicaci├│n de ruta de acceso de b├║squeda "{RawFileName}".
             Esta referencia no es "CopyLocal" porque existe al menos un elemento de origen con "Private" establecido en "false" y ning├║n elemento de origen con "Private" establecido en "true".
         Referencia principal "Microsoft.AspNetCore.Identity, Version=8.0.0.0, Culture=neutral, PublicKeyToken=adb9793829ddae60".
             La ruta de acceso del archivo resuelta es "C:\Program Files\dotnet\packs\Microsoft.AspNetCore.App.Ref\8.0.19\ref\net8.0\Microsoft.AspNetCore.Identity.dll".
             Se encontr├│ una referencia en la ubicaci├│n de ruta de acceso de b├║squeda "{RawFileName}".
             Esta referencia no es "CopyLocal" porque existe al menos un elemento de origen con "Private" establecido en "false" y ning├║n elemento de origen con "Private" establecido en "true".
         Referencia principal "Microsoft.AspNetCore.Localization.Routing, Version=8.0.0.0, Culture=neutral, PublicKeyToken=adb9793829ddae60".
             La ruta de acceso del archivo resuelta es "C:\Program Files\dotnet\packs\Microsoft.AspNetCore.App.Ref\8.0.19\ref\net8.0\Microsoft.AspNetCore.Localization.Routing.dll".
             Se encontr├│ una referencia en la ubicaci├│n de ruta de acceso de b├║squeda "{RawFileName}".
             Esta referencia no es "CopyLocal" porque existe al menos un elemento de origen con "Private" establecido en "false" y ning├║n elemento de origen con "Private" establecido en "true".
         Referencia principal "Microsoft.AspNetCore.Localization, Version=8.0.0.0, Culture=neutral, PublicKeyToken=adb9793829ddae60".
             La ruta de acceso del archivo resuelta es "C:\Program Files\dotnet\packs\Microsoft.AspNetCore.App.Ref\8.0.19\ref\net8.0\Microsoft.AspNetCore.Localization.dll".
             Se encontr├│ una referencia en la ubicaci├│n de ruta de acceso de b├║squeda "{RawFileName}".
             Esta referencia no es "CopyLocal" porque existe al menos un elemento de origen con "Private" establecido en "false" y ning├║n elemento de origen con "Private" establecido en "true".
         Referencia principal "Microsoft.AspNetCore.Metadata, Version=8.0.0.0, Culture=neutral, PublicKeyToken=adb9793829ddae60".
             La ruta de acceso del archivo resuelta es "C:\Program Files\dotnet\packs\Microsoft.AspNetCore.App.Ref\8.0.19\ref\net8.0\Microsoft.AspNetCore.Metadata.dll".
             Se encontr├│ una referencia en la ubicaci├│n de ruta de acceso de b├║squeda "{RawFileName}".
             Esta referencia no es "CopyLocal" porque existe al menos un elemento de origen con "Private" establecido en "false" y ning├║n elemento de origen con "Private" establecido en "true".
         Referencia principal "Microsoft.AspNetCore.Mvc.Abstractions, Version=8.0.0.0, Culture=neutral, PublicKeyToken=adb9793829ddae60".
             La ruta de acceso del archivo resuelta es "C:\Program Files\dotnet\packs\Microsoft.AspNetCore.App.Ref\8.0.19\ref\net8.0\Microsoft.AspNetCore.Mvc.Abstractions.dll".
             Se encontr├│ una referencia en la ubicaci├│n de ruta de acceso de b├║squeda "{RawFileName}".
             Esta referencia no es "CopyLocal" porque existe al menos un elemento de origen con "Private" establecido en "false" y ning├║n elemento de origen con "Private" establecido en "true".
         Referencia principal "Microsoft.AspNetCore.Mvc.ApiExplorer, Version=8.0.0.0, Culture=neutral, PublicKeyToken=adb9793829ddae60".
             La ruta de acceso del archivo resuelta es "C:\Program Files\dotnet\packs\Microsoft.AspNetCore.App.Ref\8.0.19\ref\net8.0\Microsoft.AspNetCore.Mvc.ApiExplorer.dll".
             Se encontr├│ una referencia en la ubicaci├│n de ruta de acceso de b├║squeda "{RawFileName}".
             Esta referencia no es "CopyLocal" porque existe al menos un elemento de origen con "Private" establecido en "false" y ning├║n elemento de origen con "Private" establecido en "true".
         Referencia principal "Microsoft.AspNetCore.Mvc.Core, Version=8.0.0.0, Culture=neutral, PublicKeyToken=adb9793829ddae60".
             La ruta de acceso del archivo resuelta es "C:\Program Files\dotnet\packs\Microsoft.AspNetCore.App.Ref\8.0.19\ref\net8.0\Microsoft.AspNetCore.Mvc.Core.dll".
             Se encontr├│ una referencia en la ubicaci├│n de ruta de acceso de b├║squeda "{RawFileName}".
             Esta referencia no es "CopyLocal" porque existe al menos un elemento de origen con "Private" establecido en "false" y ning├║n elemento de origen con "Private" establecido en "true".
         Referencia principal "Microsoft.AspNetCore.Mvc.Cors, Version=8.0.0.0, Culture=neutral, PublicKeyToken=adb9793829ddae60".
             La ruta de acceso del archivo resuelta es "C:\Program Files\dotnet\packs\Microsoft.AspNetCore.App.Ref\8.0.19\ref\net8.0\Microsoft.AspNetCore.Mvc.Cors.dll".
             Se encontr├│ una referencia en la ubicaci├│n de ruta de acceso de b├║squeda "{RawFileName}".
             Esta referencia no es "CopyLocal" porque existe al menos un elemento de origen con "Private" establecido en "false" y ning├║n elemento de origen con "Private" establecido en "true".
         Referencia principal "Microsoft.AspNetCore.Mvc.DataAnnotations, Version=8.0.0.0, Culture=neutral, PublicKeyToken=adb9793829ddae60".
             La ruta de acceso del archivo resuelta es "C:\Program Files\dotnet\packs\Microsoft.AspNetCore.App.Ref\8.0.19\ref\net8.0\Microsoft.AspNetCore.Mvc.DataAnnotations.dll".
             Se encontr├│ una referencia en la ubicaci├│n de ruta de acceso de b├║squeda "{RawFileName}".
             Esta referencia no es "CopyLocal" porque existe al menos un elemento de origen con "Private" establecido en "false" y ning├║n elemento de origen con "Private" establecido en "true".
         Referencia principal "Microsoft.AspNetCore.Mvc.Formatters.Json, Version=8.0.0.0, Culture=neutral, PublicKeyToken=adb9793829ddae60".
             La ruta de acceso del archivo resuelta es "C:\Program Files\dotnet\packs\Microsoft.AspNetCore.App.Ref\8.0.19\ref\net8.0\Microsoft.AspNetCore.Mvc.Formatters.Json.dll".
             Se encontr├│ una referencia en la ubicaci├│n de ruta de acceso de b├║squeda "{RawFileName}".
             Esta referencia no es "CopyLocal" porque existe al menos un elemento de origen con "Private" establecido en "false" y ning├║n elemento de origen con "Private" establecido en "true".
         Referencia principal "Microsoft.AspNetCore.Mvc.Formatters.Xml, Version=8.0.0.0, Culture=neutral, PublicKeyToken=adb9793829ddae60".
             La ruta de acceso del archivo resuelta es "C:\Program Files\dotnet\packs\Microsoft.AspNetCore.App.Ref\8.0.19\ref\net8.0\Microsoft.AspNetCore.Mvc.Formatters.Xml.dll".
             Se encontr├│ una referencia en la ubicaci├│n de ruta de acceso de b├║squeda "{RawFileName}".
             Esta referencia no es "CopyLocal" porque existe al menos un elemento de origen con "Private" establecido en "false" y ning├║n elemento de origen con "Private" establecido en "true".
         Referencia principal "Microsoft.AspNetCore.Mvc.Localization, Version=8.0.0.0, Culture=neutral, PublicKeyToken=adb9793829ddae60".
             La ruta de acceso del archivo resuelta es "C:\Program Files\dotnet\packs\Microsoft.AspNetCore.App.Ref\8.0.19\ref\net8.0\Microsoft.AspNetCore.Mvc.Localization.dll".
             Se encontr├│ una referencia en la ubicaci├│n de ruta de acceso de b├║squeda "{RawFileName}".
             Esta referencia no es "CopyLocal" porque existe al menos un elemento de origen con "Private" establecido en "false" y ning├║n elemento de origen con "Private" establecido en "true".
         Referencia principal "Microsoft.AspNetCore.Mvc.Razor, Version=8.0.0.0, Culture=neutral, PublicKeyToken=adb9793829ddae60".
             La ruta de acceso del archivo resuelta es "C:\Program Files\dotnet\packs\Microsoft.AspNetCore.App.Ref\8.0.19\ref\net8.0\Microsoft.AspNetCore.Mvc.Razor.dll".
             Se encontr├│ una referencia en la ubicaci├│n de ruta de acceso de b├║squeda "{RawFileName}".
             Esta referencia no es "CopyLocal" porque existe al menos un elemento de origen con "Private" establecido en "false" y ning├║n elemento de origen con "Private" establecido en "true".
         Referencia principal "Microsoft.AspNetCore.Mvc.RazorPages, Version=8.0.0.0, Culture=neutral, PublicKeyToken=adb9793829ddae60".
             La ruta de acceso del archivo resuelta es "C:\Program Files\dotnet\packs\Microsoft.AspNetCore.App.Ref\8.0.19\ref\net8.0\Microsoft.AspNetCore.Mvc.RazorPages.dll".
             Se encontr├│ una referencia en la ubicaci├│n de ruta de acceso de b├║squeda "{RawFileName}".
             Esta referencia no es "CopyLocal" porque existe al menos un elemento de origen con "Private" establecido en "false" y ning├║n elemento de origen con "Private" establecido en "true".
         Referencia principal "Microsoft.AspNetCore.Mvc.TagHelpers, Version=8.0.0.0, Culture=neutral, PublicKeyToken=adb9793829ddae60".
             La ruta de acceso del archivo resuelta es "C:\Program Files\dotnet\packs\Microsoft.AspNetCore.App.Ref\8.0.19\ref\net8.0\Microsoft.AspNetCore.Mvc.TagHelpers.dll".
             Se encontr├│ una referencia en la ubicaci├│n de ruta de acceso de b├║squeda "{RawFileName}".
             Esta referencia no es "CopyLocal" porque existe al menos un elemento de origen con "Private" establecido en "false" y ning├║n elemento de origen con "Private" establecido en "true".
         Referencia principal "Microsoft.AspNetCore.Mvc.ViewFeatures, Version=8.0.0.0, Culture=neutral, PublicKeyToken=adb9793829ddae60".
             La ruta de acceso del archivo resuelta es "C:\Program Files\dotnet\packs\Microsoft.AspNetCore.App.Ref\8.0.19\ref\net8.0\Microsoft.AspNetCore.Mvc.ViewFeatures.dll".
             Se encontr├│ una referencia en la ubicaci├│n de ruta de acceso de b├║squeda "{RawFileName}".
             Esta referencia no es "CopyLocal" porque existe al menos un elemento de origen con "Private" establecido en "false" y ning├║n elemento de origen con "Private" establecido en "true".
         Referencia principal "Microsoft.AspNetCore.Mvc, Version=8.0.0.0, Culture=neutral, PublicKeyToken=adb9793829ddae60".
             La ruta de acceso del archivo resuelta es "C:\Program Files\dotnet\packs\Microsoft.AspNetCore.App.Ref\8.0.19\ref\net8.0\Microsoft.AspNetCore.Mvc.dll".
             Se encontr├│ una referencia en la ubicaci├│n de ruta de acceso de b├║squeda "{RawFileName}".
             Esta referencia no es "CopyLocal" porque existe al menos un elemento de origen con "Private" establecido en "false" y ning├║n elemento de origen con "Private" establecido en "true".
         Referencia principal "Microsoft.AspNetCore.OutputCaching, Version=8.0.0.0, Culture=neutral, PublicKeyToken=adb9793829ddae60".
             La ruta de acceso del archivo resuelta es "C:\Program Files\dotnet\packs\Microsoft.AspNetCore.App.Ref\8.0.19\ref\net8.0\Microsoft.AspNetCore.OutputCaching.dll".
             Se encontr├│ una referencia en la ubicaci├│n de ruta de acceso de b├║squeda "{RawFileName}".
             Esta referencia no es "CopyLocal" porque existe al menos un elemento de origen con "Private" establecido en "false" y ning├║n elemento de origen con "Private" establecido en "true".
         Referencia principal "Microsoft.AspNetCore.RateLimiting, Version=8.0.0.0, Culture=neutral, PublicKeyToken=adb9793829ddae60".
             La ruta de acceso del archivo resuelta es "C:\Program Files\dotnet\packs\Microsoft.AspNetCore.App.Ref\8.0.19\ref\net8.0\Microsoft.AspNetCore.RateLimiting.dll".
             Se encontr├│ una referencia en la ubicaci├│n de ruta de acceso de b├║squeda "{RawFileName}".
             Esta referencia no es "CopyLocal" porque existe al menos un elemento de origen con "Private" establecido en "false" y ning├║n elemento de origen con "Private" establecido en "true".
         Referencia principal "Microsoft.AspNetCore.Razor.Runtime, Version=8.0.0.0, Culture=neutral, PublicKeyToken=adb9793829ddae60".
             La ruta de acceso del archivo resuelta es "C:\Program Files\dotnet\packs\Microsoft.AspNetCore.App.Ref\8.0.19\ref\net8.0\Microsoft.AspNetCore.Razor.Runtime.dll".
             Se encontr├│ una referencia en la ubicaci├│n de ruta de acceso de b├║squeda "{RawFileName}".
             Esta referencia no es "CopyLocal" porque existe al menos un elemento de origen con "Private" establecido en "false" y ning├║n elemento de origen con "Private" establecido en "true".
         Referencia principal "Microsoft.AspNetCore.Razor, Version=8.0.0.0, Culture=neutral, PublicKeyToken=adb9793829ddae60".
             La ruta de acceso del archivo resuelta es "C:\Program Files\dotnet\packs\Microsoft.AspNetCore.App.Ref\8.0.19\ref\net8.0\Microsoft.AspNetCore.Razor.dll".
             Se encontr├│ una referencia en la ubicaci├│n de ruta de acceso de b├║squeda "{RawFileName}".
             Esta referencia no es "CopyLocal" porque existe al menos un elemento de origen con "Private" establecido en "false" y ning├║n elemento de origen con "Private" establecido en "true".
         Referencia principal "Microsoft.AspNetCore.RequestDecompression, Version=8.0.0.0, Culture=neutral, PublicKeyToken=adb9793829ddae60".
             La ruta de acceso del archivo resuelta es "C:\Program Files\dotnet\packs\Microsoft.AspNetCore.App.Ref\8.0.19\ref\net8.0\Microsoft.AspNetCore.RequestDecompression.dll".
             Se encontr├│ una referencia en la ubicaci├│n de ruta de acceso de b├║squeda "{RawFileName}".
             Esta referencia no es "CopyLocal" porque existe al menos un elemento de origen con "Private" establecido en "false" y ning├║n elemento de origen con "Private" establecido en "true".
         Referencia principal "Microsoft.AspNetCore.ResponseCaching.Abstractions, Version=8.0.0.0, Culture=neutral, PublicKeyToken=adb9793829ddae60".
             La ruta de acceso del archivo resuelta es "C:\Program Files\dotnet\packs\Microsoft.AspNetCore.App.Ref\8.0.19\ref\net8.0\Microsoft.AspNetCore.ResponseCaching.Abstractions.dll".
             Se encontr├│ una referencia en la ubicaci├│n de ruta de acceso de b├║squeda "{RawFileName}".
             Esta referencia no es "CopyLocal" porque existe al menos un elemento de origen con "Private" establecido en "false" y ning├║n elemento de origen con "Private" establecido en "true".
         Referencia principal "Microsoft.AspNetCore.ResponseCaching, Version=8.0.0.0, Culture=neutral, PublicKeyToken=adb9793829ddae60".
             La ruta de acceso del archivo resuelta es "C:\Program Files\dotnet\packs\Microsoft.AspNetCore.App.Ref\8.0.19\ref\net8.0\Microsoft.AspNetCore.ResponseCaching.dll".
             Se encontr├│ una referencia en la ubicaci├│n de ruta de acceso de b├║squeda "{RawFileName}".
             Esta referencia no es "CopyLocal" porque existe al menos un elemento de origen con "Private" establecido en "false" y ning├║n elemento de origen con "Private" establecido en "true".
         Referencia principal "Microsoft.AspNetCore.ResponseCompression, Version=8.0.0.0, Culture=neutral, PublicKeyToken=adb9793829ddae60".
             La ruta de acceso del archivo resuelta es "C:\Program Files\dotnet\packs\Microsoft.AspNetCore.App.Ref\8.0.19\ref\net8.0\Microsoft.AspNetCore.ResponseCompression.dll".
             Se encontr├│ una referencia en la ubicaci├│n de ruta de acceso de b├║squeda "{RawFileName}".
             Esta referencia no es "CopyLocal" porque existe al menos un elemento de origen con "Private" establecido en "false" y ning├║n elemento de origen con "Private" establecido en "true".
         Referencia principal "Microsoft.AspNetCore.Rewrite, Version=8.0.0.0, Culture=neutral, PublicKeyToken=adb9793829ddae60".
             La ruta de acceso del archivo resuelta es "C:\Program Files\dotnet\packs\Microsoft.AspNetCore.App.Ref\8.0.19\ref\net8.0\Microsoft.AspNetCore.Rewrite.dll".
             Se encontr├│ una referencia en la ubicaci├│n de ruta de acceso de b├║squeda "{RawFileName}".
             Esta referencia no es "CopyLocal" porque existe al menos un elemento de origen con "Private" establecido en "false" y ning├║n elemento de origen con "Private" establecido en "true".
         Referencia principal "Microsoft.AspNetCore.Routing.Abstractions, Version=8.0.0.0, Culture=neutral, PublicKeyToken=adb9793829ddae60".
             La ruta de acceso del archivo resuelta es "C:\Program Files\dotnet\packs\Microsoft.AspNetCore.App.Ref\8.0.19\ref\net8.0\Microsoft.AspNetCore.Routing.Abstractions.dll".
             Se encontr├│ una referencia en la ubicaci├│n de ruta de acceso de b├║squeda "{RawFileName}".
             Esta referencia no es "CopyLocal" porque existe al menos un elemento de origen con "Private" establecido en "false" y ning├║n elemento de origen con "Private" establecido en "true".
         Referencia principal "Microsoft.AspNetCore.Routing, Version=8.0.0.0, Culture=neutral, PublicKeyToken=adb9793829ddae60".
             La ruta de acceso del archivo resuelta es "C:\Program Files\dotnet\packs\Microsoft.AspNetCore.App.Ref\8.0.19\ref\net8.0\Microsoft.AspNetCore.Routing.dll".
             Se encontr├│ una referencia en la ubicaci├│n de ruta de acceso de b├║squeda "{RawFileName}".
             Esta referencia no es "CopyLocal" porque existe al menos un elemento de origen con "Private" establecido en "false" y ning├║n elemento de origen con "Private" establecido en "true".
         Referencia principal "Microsoft.AspNetCore.Server.HttpSys, Version=8.0.0.0, Culture=neutral, PublicKeyToken=adb9793829ddae60".
             La ruta de acceso del archivo resuelta es "C:\Program Files\dotnet\packs\Microsoft.AspNetCore.App.Ref\8.0.19\ref\net8.0\Microsoft.AspNetCore.Server.HttpSys.dll".
             Se encontr├│ una referencia en la ubicaci├│n de ruta de acceso de b├║squeda "{RawFileName}".
             Esta referencia no es "CopyLocal" porque existe al menos un elemento de origen con "Private" establecido en "false" y ning├║n elemento de origen con "Private" establecido en "true".
         Referencia principal "Microsoft.AspNetCore.Server.IIS, Version=8.0.0.0, Culture=neutral, PublicKeyToken=adb9793829ddae60".
             La ruta de acceso del archivo resuelta es "C:\Program Files\dotnet\packs\Microsoft.AspNetCore.App.Ref\8.0.19\ref\net8.0\Microsoft.AspNetCore.Server.IIS.dll".
             Se encontr├│ una referencia en la ubicaci├│n de ruta de acceso de b├║squeda "{RawFileName}".
             Esta referencia no es "CopyLocal" porque existe al menos un elemento de origen con "Private" establecido en "false" y ning├║n elemento de origen con "Private" establecido en "true".
         Referencia principal "Microsoft.AspNetCore.Server.IISIntegration, Version=8.0.0.0, Culture=neutral, PublicKeyToken=adb9793829ddae60".
             La ruta de acceso del archivo resuelta es "C:\Program Files\dotnet\packs\Microsoft.AspNetCore.App.Ref\8.0.19\ref\net8.0\Microsoft.AspNetCore.Server.IISIntegration.dll".
             Se encontr├│ una referencia en la ubicaci├│n de ruta de acceso de b├║squeda "{RawFileName}".
             Esta referencia no es "CopyLocal" porque existe al menos un elemento de origen con "Private" establecido en "false" y ning├║n elemento de origen con "Private" establecido en "true".
         Referencia principal "Microsoft.AspNetCore.Server.Kestrel.Core, Version=8.0.0.0, Culture=neutral, PublicKeyToken=adb9793829ddae60".
             La ruta de acceso del archivo resuelta es "C:\Program Files\dotnet\packs\Microsoft.AspNetCore.App.Ref\8.0.19\ref\net8.0\Microsoft.AspNetCore.Server.Kestrel.Core.dll".
             Se encontr├│ una referencia en la ubicaci├│n de ruta de acceso de b├║squeda "{RawFileName}".
             Esta referencia no es "CopyLocal" porque existe al menos un elemento de origen con "Private" establecido en "false" y ning├║n elemento de origen con "Private" establecido en "true".
         Referencia principal "Microsoft.AspNetCore.Server.Kestrel.Transport.NamedPipes, Version=8.0.0.0, Culture=neutral, PublicKeyToken=adb9793829ddae60".
             La ruta de acceso del archivo resuelta es "C:\Program Files\dotnet\packs\Microsoft.AspNetCore.App.Ref\8.0.19\ref\net8.0\Microsoft.AspNetCore.Server.Kestrel.Transport.NamedPipes.dll".
             Se encontr├│ una referencia en la ubicaci├│n de ruta de acceso de b├║squeda "{RawFileName}".
             Esta referencia no es "CopyLocal" porque existe al menos un elemento de origen con "Private" establecido en "false" y ning├║n elemento de origen con "Private" establecido en "true".
         Referencia principal "Microsoft.AspNetCore.Server.Kestrel.Transport.Quic, Version=8.0.0.0, Culture=neutral, PublicKeyToken=adb9793829ddae60".
             La ruta de acceso del archivo resuelta es "C:\Program Files\dotnet\packs\Microsoft.AspNetCore.App.Ref\8.0.19\ref\net8.0\Microsoft.AspNetCore.Server.Kestrel.Transport.Quic.dll".
             Se encontr├│ una referencia en la ubicaci├│n de ruta de acceso de b├║squeda "{RawFileName}".
             Esta referencia no es "CopyLocal" porque existe al menos un elemento de origen con "Private" establecido en "false" y ning├║n elemento de origen con "Private" establecido en "true".
         Referencia principal "Microsoft.AspNetCore.Server.Kestrel.Transport.Sockets, Version=8.0.0.0, Culture=neutral, PublicKeyToken=adb9793829ddae60".
             La ruta de acceso del archivo resuelta es "C:\Program Files\dotnet\packs\Microsoft.AspNetCore.App.Ref\8.0.19\ref\net8.0\Microsoft.AspNetCore.Server.Kestrel.Transport.Sockets.dll".
             Se encontr├│ una referencia en la ubicaci├│n de ruta de acceso de b├║squeda "{RawFileName}".
             Esta referencia no es "CopyLocal" porque existe al menos un elemento de origen con "Private" establecido en "false" y ning├║n elemento de origen con "Private" establecido en "true".
         Referencia principal "Microsoft.AspNetCore.Server.Kestrel, Version=8.0.0.0, Culture=neutral, PublicKeyToken=adb9793829ddae60".
             La ruta de acceso del archivo resuelta es "C:\Program Files\dotnet\packs\Microsoft.AspNetCore.App.Ref\8.0.19\ref\net8.0\Microsoft.AspNetCore.Server.Kestrel.dll".
             Se encontr├│ una referencia en la ubicaci├│n de ruta de acceso de b├║squeda "{RawFileName}".
             Esta referencia no es "CopyLocal" porque existe al menos un elemento de origen con "Private" establecido en "false" y ning├║n elemento de origen con "Private" establecido en "true".
         Referencia principal "Microsoft.AspNetCore.Session, Version=8.0.0.0, Culture=neutral, PublicKeyToken=adb9793829ddae60".
             La ruta de acceso del archivo resuelta es "C:\Program Files\dotnet\packs\Microsoft.AspNetCore.App.Ref\8.0.19\ref\net8.0\Microsoft.AspNetCore.Session.dll".
             Se encontr├│ una referencia en la ubicaci├│n de ruta de acceso de b├║squeda "{RawFileName}".
             Esta referencia no es "CopyLocal" porque existe al menos un elemento de origen con "Private" establecido en "false" y ning├║n elemento de origen con "Private" establecido en "true".
         Referencia principal "Microsoft.AspNetCore.SignalR.Common, Version=8.0.0.0, Culture=neutral, PublicKeyToken=adb9793829ddae60".
             La ruta de acceso del archivo resuelta es "C:\Program Files\dotnet\packs\Microsoft.AspNetCore.App.Ref\8.0.19\ref\net8.0\Microsoft.AspNetCore.SignalR.Common.dll".
             Se encontr├│ una referencia en la ubicaci├│n de ruta de acceso de b├║squeda "{RawFileName}".
             Esta referencia no es "CopyLocal" porque existe al menos un elemento de origen con "Private" establecido en "false" y ning├║n elemento de origen con "Private" establecido en "true".
         Referencia principal "Microsoft.AspNetCore.SignalR.Core, Version=8.0.0.0, Culture=neutral, PublicKeyToken=adb9793829ddae60".
             La ruta de acceso del archivo resuelta es "C:\Program Files\dotnet\packs\Microsoft.AspNetCore.App.Ref\8.0.19\ref\net8.0\Microsoft.AspNetCore.SignalR.Core.dll".
             Se encontr├│ una referencia en la ubicaci├│n de ruta de acceso de b├║squeda "{RawFileName}".
             Esta referencia no es "CopyLocal" porque existe al menos un elemento de origen con "Private" establecido en "false" y ning├║n elemento de origen con "Private" establecido en "true".
         Referencia principal "Microsoft.AspNetCore.SignalR.Protocols.Json, Version=8.0.0.0, Culture=neutral, PublicKeyToken=adb9793829ddae60".
             La ruta de acceso del archivo resuelta es "C:\Program Files\dotnet\packs\Microsoft.AspNetCore.App.Ref\8.0.19\ref\net8.0\Microsoft.AspNetCore.SignalR.Protocols.Json.dll".
             Se encontr├│ una referencia en la ubicaci├│n de ruta de acceso de b├║squeda "{RawFileName}".
             Esta referencia no es "CopyLocal" porque existe al menos un elemento de origen con "Private" establecido en "false" y ning├║n elemento de origen con "Private" establecido en "true".
         Referencia principal "Microsoft.AspNetCore.SignalR, Version=8.0.0.0, Culture=neutral, PublicKeyToken=adb9793829ddae60".
             La ruta de acceso del archivo resuelta es "C:\Program Files\dotnet\packs\Microsoft.AspNetCore.App.Ref\8.0.19\ref\net8.0\Microsoft.AspNetCore.SignalR.dll".
             Se encontr├│ una referencia en la ubicaci├│n de ruta de acceso de b├║squeda "{RawFileName}".
             Esta referencia no es "CopyLocal" porque existe al menos un elemento de origen con "Private" establecido en "false" y ning├║n elemento de origen con "Private" establecido en "true".
         Referencia principal "Microsoft.AspNetCore.StaticFiles, Version=8.0.0.0, Culture=neutral, PublicKeyToken=adb9793829ddae60".
             La ruta de acceso del archivo resuelta es "C:\Program Files\dotnet\packs\Microsoft.AspNetCore.App.Ref\8.0.19\ref\net8.0\Microsoft.AspNetCore.StaticFiles.dll".
             Se encontr├│ una referencia en la ubicaci├│n de ruta de acceso de b├║squeda "{RawFileName}".
             Esta referencia no es "CopyLocal" porque existe al menos un elemento de origen con "Private" establecido en "false" y ning├║n elemento de origen con "Private" establecido en "true".
         Referencia principal "Microsoft.AspNetCore.WebSockets, Version=8.0.0.0, Culture=neutral, PublicKeyToken=adb9793829ddae60".
             La ruta de acceso del archivo resuelta es "C:\Program Files\dotnet\packs\Microsoft.AspNetCore.App.Ref\8.0.19\ref\net8.0\Microsoft.AspNetCore.WebSockets.dll".
             Se encontr├│ una referencia en la ubicaci├│n de ruta de acceso de b├║squeda "{RawFileName}".
             Esta referencia no es "CopyLocal" porque existe al menos un elemento de origen con "Private" establecido en "false" y ning├║n elemento de origen con "Private" establecido en "true".
         Referencia principal "Microsoft.AspNetCore.WebUtilities, Version=8.0.0.0, Culture=neutral, PublicKeyToken=adb9793829ddae60".
             La ruta de acceso del archivo resuelta es "C:\Program Files\dotnet\packs\Microsoft.AspNetCore.App.Ref\8.0.19\ref\net8.0\Microsoft.AspNetCore.WebUtilities.dll".
             Se encontr├│ una referencia en la ubicaci├│n de ruta de acceso de b├║squeda "{RawFileName}".
             Esta referencia no es "CopyLocal" porque existe al menos un elemento de origen con "Private" establecido en "false" y ning├║n elemento de origen con "Private" establecido en "true".
         Referencia principal "Microsoft.AspNetCore, Version=8.0.0.0, Culture=neutral, PublicKeyToken=adb9793829ddae60".
             La ruta de acceso del archivo resuelta es "C:\Program Files\dotnet\packs\Microsoft.AspNetCore.App.Ref\8.0.19\ref\net8.0\Microsoft.AspNetCore.dll".
             Se encontr├│ una referencia en la ubicaci├│n de ruta de acceso de b├║squeda "{RawFileName}".
             Esta referencia no es "CopyLocal" porque existe al menos un elemento de origen con "Private" establecido en "false" y ning├║n elemento de origen con "Private" establecido en "true".
         Referencia principal "Microsoft.Extensions.Caching.Abstractions, Version=8.0.0.0, Culture=neutral, PublicKeyToken=adb9793829ddae60".
             La ruta de acceso del archivo resuelta es "C:\Program Files\dotnet\packs\Microsoft.AspNetCore.App.Ref\8.0.19\ref\net8.0\Microsoft.Extensions.Caching.Abstractions.dll".
             Se encontr├│ una referencia en la ubicaci├│n de ruta de acceso de b├║squeda "{RawFileName}".
             Esta referencia no es "CopyLocal" porque existe al menos un elemento de origen con "Private" establecido en "false" y ning├║n elemento de origen con "Private" establecido en "true".
         Referencia principal "Microsoft.Extensions.Caching.Memory, Version=8.0.0.0, Culture=neutral, PublicKeyToken=adb9793829ddae60".
             La ruta de acceso del archivo resuelta es "C:\Program Files\dotnet\packs\Microsoft.AspNetCore.App.Ref\8.0.19\ref\net8.0\Microsoft.Extensions.Caching.Memory.dll".
             Se encontr├│ una referencia en la ubicaci├│n de ruta de acceso de b├║squeda "{RawFileName}".
             Esta referencia no es "CopyLocal" porque existe al menos un elemento de origen con "Private" establecido en "false" y ning├║n elemento de origen con "Private" establecido en "true".
         Referencia principal "Microsoft.Extensions.Configuration.Abstractions, Version=8.0.0.0, Culture=neutral, PublicKeyToken=adb9793829ddae60".
             La ruta de acceso del archivo resuelta es "C:\Program Files\dotnet\packs\Microsoft.AspNetCore.App.Ref\8.0.19\ref\net8.0\Microsoft.Extensions.Configuration.Abstractions.dll".
             Se encontr├│ una referencia en la ubicaci├│n de ruta de acceso de b├║squeda "{RawFileName}".
             Esta referencia no es "CopyLocal" porque existe al menos un elemento de origen con "Private" establecido en "false" y ning├║n elemento de origen con "Private" establecido en "true".
         Referencia principal "Microsoft.Extensions.Configuration.Binder, Version=8.0.0.0, Culture=neutral, PublicKeyToken=adb9793829ddae60".
             La ruta de acceso del archivo resuelta es "C:\Program Files\dotnet\packs\Microsoft.AspNetCore.App.Ref\8.0.19\ref\net8.0\Microsoft.Extensions.Configuration.Binder.dll".
             Se encontr├│ una referencia en la ubicaci├│n de ruta de acceso de b├║squeda "{RawFileName}".
             Esta referencia no es "CopyLocal" porque existe al menos un elemento de origen con "Private" establecido en "false" y ning├║n elemento de origen con "Private" establecido en "true".
         Referencia principal "Microsoft.Extensions.Configuration.CommandLine, Version=8.0.0.0, Culture=neutral, PublicKeyToken=adb9793829ddae60".
             La ruta de acceso del archivo resuelta es "C:\Program Files\dotnet\packs\Microsoft.AspNetCore.App.Ref\8.0.19\ref\net8.0\Microsoft.Extensions.Configuration.CommandLine.dll".
             Se encontr├│ una referencia en la ubicaci├│n de ruta de acceso de b├║squeda "{RawFileName}".
             Esta referencia no es "CopyLocal" porque existe al menos un elemento de origen con "Private" establecido en "false" y ning├║n elemento de origen con "Private" establecido en "true".
         Referencia principal "Microsoft.Extensions.Configuration.EnvironmentVariables, Version=8.0.0.0, Culture=neutral, PublicKeyToken=adb9793829ddae60".
             La ruta de acceso del archivo resuelta es "C:\Program Files\dotnet\packs\Microsoft.AspNetCore.App.Ref\8.0.19\ref\net8.0\Microsoft.Extensions.Configuration.EnvironmentVariables.dll".
             Se encontr├│ una referencia en la ubicaci├│n de ruta de acceso de b├║squeda "{RawFileName}".
             Esta referencia no es "CopyLocal" porque existe al menos un elemento de origen con "Private" establecido en "false" y ning├║n elemento de origen con "Private" establecido en "true".
         Referencia principal "Microsoft.Extensions.Configuration.FileExtensions, Version=8.0.0.0, Culture=neutral, PublicKeyToken=adb9793829ddae60".
             La ruta de acceso del archivo resuelta es "C:\Program Files\dotnet\packs\Microsoft.AspNetCore.App.Ref\8.0.19\ref\net8.0\Microsoft.Extensions.Configuration.FileExtensions.dll".
             Se encontr├│ una referencia en la ubicaci├│n de ruta de acceso de b├║squeda "{RawFileName}".
             Esta referencia no es "CopyLocal" porque existe al menos un elemento de origen con "Private" establecido en "false" y ning├║n elemento de origen con "Private" establecido en "true".
         Referencia principal "Microsoft.Extensions.Configuration.Ini, Version=8.0.0.0, Culture=neutral, PublicKeyToken=adb9793829ddae60".
             La ruta de acceso del archivo resuelta es "C:\Program Files\dotnet\packs\Microsoft.AspNetCore.App.Ref\8.0.19\ref\net8.0\Microsoft.Extensions.Configuration.Ini.dll".
             Se encontr├│ una referencia en la ubicaci├│n de ruta de acceso de b├║squeda "{RawFileName}".
             Esta referencia no es "CopyLocal" porque existe al menos un elemento de origen con "Private" establecido en "false" y ning├║n elemento de origen con "Private" establecido en "true".
         Referencia principal "Microsoft.Extensions.Configuration.Json, Version=8.0.0.0, Culture=neutral, PublicKeyToken=adb9793829ddae60".
             La ruta de acceso del archivo resuelta es "C:\Program Files\dotnet\packs\Microsoft.AspNetCore.App.Ref\8.0.19\ref\net8.0\Microsoft.Extensions.Configuration.Json.dll".
             Se encontr├│ una referencia en la ubicaci├│n de ruta de acceso de b├║squeda "{RawFileName}".
             Esta referencia no es "CopyLocal" porque existe al menos un elemento de origen con "Private" establecido en "false" y ning├║n elemento de origen con "Private" establecido en "true".
         Referencia principal "Microsoft.Extensions.Configuration.KeyPerFile, Version=8.0.0.0, Culture=neutral, PublicKeyToken=adb9793829ddae60".
             La ruta de acceso del archivo resuelta es "C:\Program Files\dotnet\packs\Microsoft.AspNetCore.App.Ref\8.0.19\ref\net8.0\Microsoft.Extensions.Configuration.KeyPerFile.dll".
             Se encontr├│ una referencia en la ubicaci├│n de ruta de acceso de b├║squeda "{RawFileName}".
             Esta referencia no es "CopyLocal" porque existe al menos un elemento de origen con "Private" establecido en "false" y ning├║n elemento de origen con "Private" establecido en "true".
         Referencia principal "Microsoft.Extensions.Configuration.UserSecrets, Version=8.0.0.0, Culture=neutral, PublicKeyToken=adb9793829ddae60".
             La ruta de acceso del archivo resuelta es "C:\Program Files\dotnet\packs\Microsoft.AspNetCore.App.Ref\8.0.19\ref\net8.0\Microsoft.Extensions.Configuration.UserSecrets.dll".
             Se encontr├│ una referencia en la ubicaci├│n de ruta de acceso de b├║squeda "{RawFileName}".
             Esta referencia no es "CopyLocal" porque existe al menos un elemento de origen con "Private" establecido en "false" y ning├║n elemento de origen con "Private" establecido en "true".
         Referencia principal "Microsoft.Extensions.Configuration.Xml, Version=8.0.0.0, Culture=neutral, PublicKeyToken=adb9793829ddae60".
             La ruta de acceso del archivo resuelta es "C:\Program Files\dotnet\packs\Microsoft.AspNetCore.App.Ref\8.0.19\ref\net8.0\Microsoft.Extensions.Configuration.Xml.dll".
             Se encontr├│ una referencia en la ubicaci├│n de ruta de acceso de b├║squeda "{RawFileName}".
             Esta referencia no es "CopyLocal" porque existe al menos un elemento de origen con "Private" establecido en "false" y ning├║n elemento de origen con "Private" establecido en "true".
         Referencia principal "Microsoft.Extensions.Configuration, Version=8.0.0.0, Culture=neutral, PublicKeyToken=adb9793829ddae60".
             La ruta de acceso del archivo resuelta es "C:\Program Files\dotnet\packs\Microsoft.AspNetCore.App.Ref\8.0.19\ref\net8.0\Microsoft.Extensions.Configuration.dll".
             Se encontr├│ una referencia en la ubicaci├│n de ruta de acceso de b├║squeda "{RawFileName}".
             Esta referencia no es "CopyLocal" porque existe al menos un elemento de origen con "Private" establecido en "false" y ning├║n elemento de origen con "Private" establecido en "true".
         Referencia principal "Microsoft.Extensions.DependencyInjection.Abstractions, Version=8.0.0.0, Culture=neutral, PublicKeyToken=adb9793829ddae60".
             La ruta de acceso del archivo resuelta es "C:\Program Files\dotnet\packs\Microsoft.AspNetCore.App.Ref\8.0.19\ref\net8.0\Microsoft.Extensions.DependencyInjection.Abstractions.dll".
             Se encontr├│ una referencia en la ubicaci├│n de ruta de acceso de b├║squeda "{RawFileName}".
             Esta referencia no es "CopyLocal" porque existe al menos un elemento de origen con "Private" establecido en "false" y ning├║n elemento de origen con "Private" establecido en "true".
         Referencia principal "Microsoft.Extensions.DependencyInjection, Version=8.0.0.0, Culture=neutral, PublicKeyToken=adb9793829ddae60".
             La ruta de acceso del archivo resuelta es "C:\Program Files\dotnet\packs\Microsoft.AspNetCore.App.Ref\8.0.19\ref\net8.0\Microsoft.Extensions.DependencyInjection.dll".
             Se encontr├│ una referencia en la ubicaci├│n de ruta de acceso de b├║squeda "{RawFileName}".
             Esta referencia no es "CopyLocal" porque existe al menos un elemento de origen con "Private" establecido en "false" y ning├║n elemento de origen con "Private" establecido en "true".
         Referencia principal "Microsoft.Extensions.Diagnostics.Abstractions, Version=8.0.0.0, Culture=neutral, PublicKeyToken=adb9793829ddae60".
             La ruta de acceso del archivo resuelta es "C:\Program Files\dotnet\packs\Microsoft.AspNetCore.App.Ref\8.0.19\ref\net8.0\Microsoft.Extensions.Diagnostics.Abstractions.dll".
             Se encontr├│ una referencia en la ubicaci├│n de ruta de acceso de b├║squeda "{RawFileName}".
             Esta referencia no es "CopyLocal" porque existe al menos un elemento de origen con "Private" establecido en "false" y ning├║n elemento de origen con "Private" establecido en "true".
         Referencia principal "Microsoft.Extensions.Diagnostics.HealthChecks.Abstractions, Version=8.0.0.0, Culture=neutral, PublicKeyToken=adb9793829ddae60".
             La ruta de acceso del archivo resuelta es "C:\Program Files\dotnet\packs\Microsoft.AspNetCore.App.Ref\8.0.19\ref\net8.0\Microsoft.Extensions.Diagnostics.HealthChecks.Abstractions.dll".
             Se encontr├│ una referencia en la ubicaci├│n de ruta de acceso de b├║squeda "{RawFileName}".
             Esta referencia no es "CopyLocal" porque existe al menos un elemento de origen con "Private" establecido en "false" y ning├║n elemento de origen con "Private" establecido en "true".
         Referencia principal "Microsoft.Extensions.Diagnostics.HealthChecks, Version=8.0.0.0, Culture=neutral, PublicKeyToken=adb9793829ddae60".
             La ruta de acceso del archivo resuelta es "C:\Program Files\dotnet\packs\Microsoft.AspNetCore.App.Ref\8.0.19\ref\net8.0\Microsoft.Extensions.Diagnostics.HealthChecks.dll".
             Se encontr├│ una referencia en la ubicaci├│n de ruta de acceso de b├║squeda "{RawFileName}".
             Esta referencia no es "CopyLocal" porque existe al menos un elemento de origen con "Private" establecido en "false" y ning├║n elemento de origen con "Private" establecido en "true".
         Referencia principal "Microsoft.Extensions.Diagnostics, Version=8.0.0.0, Culture=neutral, PublicKeyToken=adb9793829ddae60".
             La ruta de acceso del archivo resuelta es "C:\Program Files\dotnet\packs\Microsoft.AspNetCore.App.Ref\8.0.19\ref\net8.0\Microsoft.Extensions.Diagnostics.dll".
             Se encontr├│ una referencia en la ubicaci├│n de ruta de acceso de b├║squeda "{RawFileName}".
             Esta referencia no es "CopyLocal" porque existe al menos un elemento de origen con "Private" establecido en "false" y ning├║n elemento de origen con "Private" establecido en "true".
         Referencia principal "Microsoft.Extensions.Features, Version=8.0.0.0, Culture=neutral, PublicKeyToken=adb9793829ddae60".
             La ruta de acceso del archivo resuelta es "C:\Program Files\dotnet\packs\Microsoft.AspNetCore.App.Ref\8.0.19\ref\net8.0\Microsoft.Extensions.Features.dll".
             Se encontr├│ una referencia en la ubicaci├│n de ruta de acceso de b├║squeda "{RawFileName}".
             Esta referencia no es "CopyLocal" porque existe al menos un elemento de origen con "Private" establecido en "false" y ning├║n elemento de origen con "Private" establecido en "true".
         Referencia principal "Microsoft.Extensions.FileProviders.Abstractions, Version=8.0.0.0, Culture=neutral, PublicKeyToken=adb9793829ddae60".
             La ruta de acceso del archivo resuelta es "C:\Program Files\dotnet\packs\Microsoft.AspNetCore.App.Ref\8.0.19\ref\net8.0\Microsoft.Extensions.FileProviders.Abstractions.dll".
             Se encontr├│ una referencia en la ubicaci├│n de ruta de acceso de b├║squeda "{RawFileName}".
             Esta referencia no es "CopyLocal" porque existe al menos un elemento de origen con "Private" establecido en "false" y ning├║n elemento de origen con "Private" establecido en "true".
         Referencia principal "Microsoft.Extensions.FileProviders.Composite, Version=8.0.0.0, Culture=neutral, PublicKeyToken=adb9793829ddae60".
             La ruta de acceso del archivo resuelta es "C:\Program Files\dotnet\packs\Microsoft.AspNetCore.App.Ref\8.0.19\ref\net8.0\Microsoft.Extensions.FileProviders.Composite.dll".
             Se encontr├│ una referencia en la ubicaci├│n de ruta de acceso de b├║squeda "{RawFileName}".
             Esta referencia no es "CopyLocal" porque existe al menos un elemento de origen con "Private" establecido en "false" y ning├║n elemento de origen con "Private" establecido en "true".
         Referencia principal "Microsoft.Extensions.FileProviders.Embedded, Version=8.0.0.0, Culture=neutral, PublicKeyToken=adb9793829ddae60".
             La ruta de acceso del archivo resuelta es "C:\Program Files\dotnet\packs\Microsoft.AspNetCore.App.Ref\8.0.19\ref\net8.0\Microsoft.Extensions.FileProviders.Embedded.dll".
             Se encontr├│ una referencia en la ubicaci├│n de ruta de acceso de b├║squeda "{RawFileName}".
             Esta referencia no es "CopyLocal" porque existe al menos un elemento de origen con "Private" establecido en "false" y ning├║n elemento de origen con "Private" establecido en "true".
         Referencia principal "Microsoft.Extensions.FileProviders.Physical, Version=8.0.0.0, Culture=neutral, PublicKeyToken=adb9793829ddae60".
             La ruta de acceso del archivo resuelta es "C:\Program Files\dotnet\packs\Microsoft.AspNetCore.App.Ref\8.0.19\ref\net8.0\Microsoft.Extensions.FileProviders.Physical.dll".
             Se encontr├│ una referencia en la ubicaci├│n de ruta de acceso de b├║squeda "{RawFileName}".
             Esta referencia no es "CopyLocal" porque existe al menos un elemento de origen con "Private" establecido en "false" y ning├║n elemento de origen con "Private" establecido en "true".
         Referencia principal "Microsoft.Extensions.FileSystemGlobbing, Version=8.0.0.0, Culture=neutral, PublicKeyToken=adb9793829ddae60".
             La ruta de acceso del archivo resuelta es "C:\Program Files\dotnet\packs\Microsoft.AspNetCore.App.Ref\8.0.19\ref\net8.0\Microsoft.Extensions.FileSystemGlobbing.dll".
             Se encontr├│ una referencia en la ubicaci├│n de ruta de acceso de b├║squeda "{RawFileName}".
             Esta referencia no es "CopyLocal" porque existe al menos un elemento de origen con "Private" establecido en "false" y ning├║n elemento de origen con "Private" establecido en "true".
         Referencia principal "Microsoft.Extensions.Hosting.Abstractions, Version=8.0.0.0, Culture=neutral, PublicKeyToken=adb9793829ddae60".
             La ruta de acceso del archivo resuelta es "C:\Program Files\dotnet\packs\Microsoft.AspNetCore.App.Ref\8.0.19\ref\net8.0\Microsoft.Extensions.Hosting.Abstractions.dll".
             Se encontr├│ una referencia en la ubicaci├│n de ruta de acceso de b├║squeda "{RawFileName}".
             Esta referencia no es "CopyLocal" porque existe al menos un elemento de origen con "Private" establecido en "false" y ning├║n elemento de origen con "Private" establecido en "true".
         Referencia principal "Microsoft.Extensions.Hosting, Version=8.0.0.0, Culture=neutral, PublicKeyToken=adb9793829ddae60".
             La ruta de acceso del archivo resuelta es "C:\Program Files\dotnet\packs\Microsoft.AspNetCore.App.Ref\8.0.19\ref\net8.0\Microsoft.Extensions.Hosting.dll".
             Se encontr├│ una referencia en la ubicaci├│n de ruta de acceso de b├║squeda "{RawFileName}".
             Esta referencia no es "CopyLocal" porque existe al menos un elemento de origen con "Private" establecido en "false" y ning├║n elemento de origen con "Private" establecido en "true".
         Referencia principal "Microsoft.Extensions.Http, Version=8.0.0.0, Culture=neutral, PublicKeyToken=adb9793829ddae60".
             La ruta de acceso del archivo resuelta es "C:\Program Files\dotnet\packs\Microsoft.AspNetCore.App.Ref\8.0.19\ref\net8.0\Microsoft.Extensions.Http.dll".
             Se encontr├│ una referencia en la ubicaci├│n de ruta de acceso de b├║squeda "{RawFileName}".
             Esta referencia no es "CopyLocal" porque existe al menos un elemento de origen con "Private" establecido en "false" y ning├║n elemento de origen con "Private" establecido en "true".
         Referencia principal "Microsoft.Extensions.Identity.Core, Version=8.0.0.0, Culture=neutral, PublicKeyToken=adb9793829ddae60".
             La ruta de acceso del archivo resuelta es "C:\Program Files\dotnet\packs\Microsoft.AspNetCore.App.Ref\8.0.19\ref\net8.0\Microsoft.Extensions.Identity.Core.dll".
             Se encontr├│ una referencia en la ubicaci├│n de ruta de acceso de b├║squeda "{RawFileName}".
             Esta referencia no es "CopyLocal" porque existe al menos un elemento de origen con "Private" establecido en "false" y ning├║n elemento de origen con "Private" establecido en "true".
         Referencia principal "Microsoft.Extensions.Identity.Stores, Version=8.0.0.0, Culture=neutral, PublicKeyToken=adb9793829ddae60".
             La ruta de acceso del archivo resuelta es "C:\Program Files\dotnet\packs\Microsoft.AspNetCore.App.Ref\8.0.19\ref\net8.0\Microsoft.Extensions.Identity.Stores.dll".
             Se encontr├│ una referencia en la ubicaci├│n de ruta de acceso de b├║squeda "{RawFileName}".
             Esta referencia no es "CopyLocal" porque existe al menos un elemento de origen con "Private" establecido en "false" y ning├║n elemento de origen con "Private" establecido en "true".
         Referencia principal "Microsoft.Extensions.Localization.Abstractions, Version=8.0.0.0, Culture=neutral, PublicKeyToken=adb9793829ddae60".
             La ruta de acceso del archivo resuelta es "C:\Program Files\dotnet\packs\Microsoft.AspNetCore.App.Ref\8.0.19\ref\net8.0\Microsoft.Extensions.Localization.Abstractions.dll".
             Se encontr├│ una referencia en la ubicaci├│n de ruta de acceso de b├║squeda "{RawFileName}".
             Esta referencia no es "CopyLocal" porque existe al menos un elemento de origen con "Private" establecido en "false" y ning├║n elemento de origen con "Private" establecido en "true".
         Referencia principal "Microsoft.Extensions.Localization, Version=8.0.0.0, Culture=neutral, PublicKeyToken=adb9793829ddae60".
             La ruta de acceso del archivo resuelta es "C:\Program Files\dotnet\packs\Microsoft.AspNetCore.App.Ref\8.0.19\ref\net8.0\Microsoft.Extensions.Localization.dll".
             Se encontr├│ una referencia en la ubicaci├│n de ruta de acceso de b├║squeda "{RawFileName}".
             Esta referencia no es "CopyLocal" porque existe al menos un elemento de origen con "Private" establecido en "false" y ning├║n elemento de origen con "Private" establecido en "true".
         Referencia principal "Microsoft.Extensions.Logging.Abstractions, Version=8.0.0.0, Culture=neutral, PublicKeyToken=adb9793829ddae60".
             La ruta de acceso del archivo resuelta es "C:\Program Files\dotnet\packs\Microsoft.AspNetCore.App.Ref\8.0.19\ref\net8.0\Microsoft.Extensions.Logging.Abstractions.dll".
             Se encontr├│ una referencia en la ubicaci├│n de ruta de acceso de b├║squeda "{RawFileName}".
             Esta referencia no es "CopyLocal" porque existe al menos un elemento de origen con "Private" establecido en "false" y ning├║n elemento de origen con "Private" establecido en "true".
         Referencia principal "Microsoft.Extensions.Logging.Configuration, Version=8.0.0.0, Culture=neutral, PublicKeyToken=adb9793829ddae60".
             La ruta de acceso del archivo resuelta es "C:\Program Files\dotnet\packs\Microsoft.AspNetCore.App.Ref\8.0.19\ref\net8.0\Microsoft.Extensions.Logging.Configuration.dll".
             Se encontr├│ una referencia en la ubicaci├│n de ruta de acceso de b├║squeda "{RawFileName}".
             Esta referencia no es "CopyLocal" porque existe al menos un elemento de origen con "Private" establecido en "false" y ning├║n elemento de origen con "Private" establecido en "true".
         Referencia principal "Microsoft.Extensions.Logging.Console, Version=8.0.0.0, Culture=neutral, PublicKeyToken=adb9793829ddae60".
             La ruta de acceso del archivo resuelta es "C:\Program Files\dotnet\packs\Microsoft.AspNetCore.App.Ref\8.0.19\ref\net8.0\Microsoft.Extensions.Logging.Console.dll".
             Se encontr├│ una referencia en la ubicaci├│n de ruta de acceso de b├║squeda "{RawFileName}".
             Esta referencia no es "CopyLocal" porque existe al menos un elemento de origen con "Private" establecido en "false" y ning├║n elemento de origen con "Private" establecido en "true".
         Referencia principal "Microsoft.Extensions.Logging.Debug, Version=8.0.0.0, Culture=neutral, PublicKeyToken=adb9793829ddae60".
             La ruta de acceso del archivo resuelta es "C:\Program Files\dotnet\packs\Microsoft.AspNetCore.App.Ref\8.0.19\ref\net8.0\Microsoft.Extensions.Logging.Debug.dll".
             Se encontr├│ una referencia en la ubicaci├│n de ruta de acceso de b├║squeda "{RawFileName}".
             Esta referencia no es "CopyLocal" porque existe al menos un elemento de origen con "Private" establecido en "false" y ning├║n elemento de origen con "Private" establecido en "true".
         Referencia principal "Microsoft.Extensions.Logging.EventLog, Version=8.0.0.0, Culture=neutral, PublicKeyToken=adb9793829ddae60".
             La ruta de acceso del archivo resuelta es "C:\Program Files\dotnet\packs\Microsoft.AspNetCore.App.Ref\8.0.19\ref\net8.0\Microsoft.Extensions.Logging.EventLog.dll".
             Se encontr├│ una referencia en la ubicaci├│n de ruta de acceso de b├║squeda "{RawFileName}".
             Esta referencia no es "CopyLocal" porque existe al menos un elemento de origen con "Private" establecido en "false" y ning├║n elemento de origen con "Private" establecido en "true".
         Referencia principal "Microsoft.Extensions.Logging.EventSource, Version=8.0.0.0, Culture=neutral, PublicKeyToken=adb9793829ddae60".
             La ruta de acceso del archivo resuelta es "C:\Program Files\dotnet\packs\Microsoft.AspNetCore.App.Ref\8.0.19\ref\net8.0\Microsoft.Extensions.Logging.EventSource.dll".
             Se encontr├│ una referencia en la ubicaci├│n de ruta de acceso de b├║squeda "{RawFileName}".
             Esta referencia no es "CopyLocal" porque existe al menos un elemento de origen con "Private" establecido en "false" y ning├║n elemento de origen con "Private" establecido en "true".
         Referencia principal "Microsoft.Extensions.Logging.TraceSource, Version=8.0.0.0, Culture=neutral, PublicKeyToken=adb9793829ddae60".
             La ruta de acceso del archivo resuelta es "C:\Program Files\dotnet\packs\Microsoft.AspNetCore.App.Ref\8.0.19\ref\net8.0\Microsoft.Extensions.Logging.TraceSource.dll".
             Se encontr├│ una referencia en la ubicaci├│n de ruta de acceso de b├║squeda "{RawFileName}".
             Esta referencia no es "CopyLocal" porque existe al menos un elemento de origen con "Private" establecido en "false" y ning├║n elemento de origen con "Private" establecido en "true".
         Referencia principal "Microsoft.Extensions.Logging, Version=8.0.0.0, Culture=neutral, PublicKeyToken=adb9793829ddae60".
             La ruta de acceso del archivo resuelta es "C:\Program Files\dotnet\packs\Microsoft.AspNetCore.App.Ref\8.0.19\ref\net8.0\Microsoft.Extensions.Logging.dll".
             Se encontr├│ una referencia en la ubicaci├│n de ruta de acceso de b├║squeda "{RawFileName}".
             Esta referencia no es "CopyLocal" porque existe al menos un elemento de origen con "Private" establecido en "false" y ning├║n elemento de origen con "Private" establecido en "true".
         Referencia principal "Microsoft.Extensions.ObjectPool, Version=8.0.0.0, Culture=neutral, PublicKeyToken=adb9793829ddae60".
             La ruta de acceso del archivo resuelta es "C:\Program Files\dotnet\packs\Microsoft.AspNetCore.App.Ref\8.0.19\ref\net8.0\Microsoft.Extensions.ObjectPool.dll".
             Se encontr├│ una referencia en la ubicaci├│n de ruta de acceso de b├║squeda "{RawFileName}".
             Esta referencia no es "CopyLocal" porque existe al menos un elemento de origen con "Private" establecido en "false" y ning├║n elemento de origen con "Private" establecido en "true".
         Referencia principal "Microsoft.Extensions.Options.ConfigurationExtensions, Version=8.0.0.0, Culture=neutral, PublicKeyToken=adb9793829ddae60".
             La ruta de acceso del archivo resuelta es "C:\Program Files\dotnet\packs\Microsoft.AspNetCore.App.Ref\8.0.19\ref\net8.0\Microsoft.Extensions.Options.ConfigurationExtensions.dll".
             Se encontr├│ una referencia en la ubicaci├│n de ruta de acceso de b├║squeda "{RawFileName}".
             Esta referencia no es "CopyLocal" porque existe al menos un elemento de origen con "Private" establecido en "false" y ning├║n elemento de origen con "Private" establecido en "true".
         Referencia principal "Microsoft.Extensions.Options.DataAnnotations, Version=8.0.0.0, Culture=neutral, PublicKeyToken=adb9793829ddae60".
             La ruta de acceso del archivo resuelta es "C:\Program Files\dotnet\packs\Microsoft.AspNetCore.App.Ref\8.0.19\ref\net8.0\Microsoft.Extensions.Options.DataAnnotations.dll".
             Se encontr├│ una referencia en la ubicaci├│n de ruta de acceso de b├║squeda "{RawFileName}".
             Esta referencia no es "CopyLocal" porque existe al menos un elemento de origen con "Private" establecido en "false" y ning├║n elemento de origen con "Private" establecido en "true".
         Referencia principal "Microsoft.Extensions.Options, Version=8.0.0.0, Culture=neutral, PublicKeyToken=adb9793829ddae60".
             La ruta de acceso del archivo resuelta es "C:\Program Files\dotnet\packs\Microsoft.AspNetCore.App.Ref\8.0.19\ref\net8.0\Microsoft.Extensions.Options.dll".
             Se encontr├│ una referencia en la ubicaci├│n de ruta de acceso de b├║squeda "{RawFileName}".
             Esta referencia no es "CopyLocal" porque existe al menos un elemento de origen con "Private" establecido en "false" y ning├║n elemento de origen con "Private" establecido en "true".
         Referencia principal "Microsoft.Extensions.Primitives, Version=8.0.0.0, Culture=neutral, PublicKeyToken=adb9793829ddae60".
             La ruta de acceso del archivo resuelta es "C:\Program Files\dotnet\packs\Microsoft.AspNetCore.App.Ref\8.0.19\ref\net8.0\Microsoft.Extensions.Primitives.dll".
             Se encontr├│ una referencia en la ubicaci├│n de ruta de acceso de b├║squeda "{RawFileName}".
             Esta referencia no es "CopyLocal" porque existe al menos un elemento de origen con "Private" establecido en "false" y ning├║n elemento de origen con "Private" establecido en "true".
         Referencia principal "Microsoft.Extensions.WebEncoders, Version=8.0.0.0, Culture=neutral, PublicKeyToken=adb9793829ddae60".
             La ruta de acceso del archivo resuelta es "C:\Program Files\dotnet\packs\Microsoft.AspNetCore.App.Ref\8.0.19\ref\net8.0\Microsoft.Extensions.WebEncoders.dll".
             Se encontr├│ una referencia en la ubicaci├│n de ruta de acceso de b├║squeda "{RawFileName}".
             Esta referencia no es "CopyLocal" porque existe al menos un elemento de origen con "Private" establecido en "false" y ning├║n elemento de origen con "Private" establecido en "true".
         Referencia principal "Microsoft.JSInterop, Version=8.0.0.0, Culture=neutral, PublicKeyToken=adb9793829ddae60".
             La ruta de acceso del archivo resuelta es "C:\Program Files\dotnet\packs\Microsoft.AspNetCore.App.Ref\8.0.19\ref\net8.0\Microsoft.JSInterop.dll".
             Se encontr├│ una referencia en la ubicaci├│n de ruta de acceso de b├║squeda "{RawFileName}".
             Esta referencia no es "CopyLocal" porque existe al menos un elemento de origen con "Private" establecido en "false" y ning├║n elemento de origen con "Private" establecido en "true".
         Referencia principal "Microsoft.Net.Http.Headers, Version=8.0.0.0, Culture=neutral, PublicKeyToken=adb9793829ddae60".
             La ruta de acceso del archivo resuelta es "C:\Program Files\dotnet\packs\Microsoft.AspNetCore.App.Ref\8.0.19\ref\net8.0\Microsoft.Net.Http.Headers.dll".
             Se encontr├│ una referencia en la ubicaci├│n de ruta de acceso de b├║squeda "{RawFileName}".
             Esta referencia no es "CopyLocal" porque existe al menos un elemento de origen con "Private" establecido en "false" y ning├║n elemento de origen con "Private" establecido en "true".
         Referencia principal "System.Diagnostics.EventLog, Version=8.0.0.0, Culture=neutral, PublicKeyToken=cc7b13ffcd2ddd51".
             La ruta de acceso del archivo resuelta es "C:\Program Files\dotnet\packs\Microsoft.AspNetCore.App.Ref\8.0.19\ref\net8.0\System.Diagnostics.EventLog.dll".
             Se encontr├│ una referencia en la ubicaci├│n de ruta de acceso de b├║squeda "{RawFileName}".
             Esta referencia no es "CopyLocal" porque existe al menos un elemento de origen con "Private" establecido en "false" y ning├║n elemento de origen con "Private" establecido en "true".
         Referencia principal "System.IO.Pipelines, Version=8.0.0.0, Culture=neutral, PublicKeyToken=cc7b13ffcd2ddd51".
             La ruta de acceso del archivo resuelta es "C:\Program Files\dotnet\packs\Microsoft.AspNetCore.App.Ref\8.0.19\ref\net8.0\System.IO.Pipelines.dll".
             Se encontr├│ una referencia en la ubicaci├│n de ruta de acceso de b├║squeda "{RawFileName}".
             Esta referencia no es "CopyLocal" porque existe al menos un elemento de origen con "Private" establecido en "false" y ning├║n elemento de origen con "Private" establecido en "true".
         Referencia principal "System.Security.Cryptography.Xml, Version=8.0.0.0, Culture=neutral, PublicKeyToken=cc7b13ffcd2ddd51".
             La ruta de acceso del archivo resuelta es "C:\Program Files\dotnet\packs\Microsoft.AspNetCore.App.Ref\8.0.19\ref\net8.0\System.Security.Cryptography.Xml.dll".
             Se encontr├│ una referencia en la ubicaci├│n de ruta de acceso de b├║squeda "{RawFileName}".
             Esta referencia no es "CopyLocal" porque existe al menos un elemento de origen con "Private" establecido en "false" y ning├║n elemento de origen con "Private" establecido en "true".
         Referencia principal "System.Threading.RateLimiting, Version=8.0.0.0, Culture=neutral, PublicKeyToken=cc7b13ffcd2ddd51".
             La ruta de acceso del archivo resuelta es "C:\Program Files\dotnet\packs\Microsoft.AspNetCore.App.Ref\8.0.19\ref\net8.0\System.Threading.RateLimiting.dll".
             Se encontr├│ una referencia en la ubicaci├│n de ruta de acceso de b├║squeda "{RawFileName}".
             Esta referencia no es "CopyLocal" porque existe al menos un elemento de origen con "Private" establecido en "false" y ning├║n elemento de origen con "Private" establecido en "true".
       Ejecuci├│n de la tarea "ResolveAssemblyReference" terminada.
   1:7>Compilaci├│n terminada del destino "ResolveAssemblyReferences" en el proyecto "Machly.Api.csproj".
       Se omiti├│ el destino "GenerateBindingRedirects" debido a una condici├│n falsa (False); ('$(AutoGenerateBindingRedirects)' == 'true' and '$(GenerateBindingRedirectsOutputType)' == 'true' and '@(SuggestedBindingRedirects)' != '' and '$(DesignTimeBuild)' != 'true' and '$(BuildingProject)' == 'true') se evalu├│ como ('' == 'true' and 'true' == 'true' and '' != '' and '' != 'true' and 'true' == 'true').
       Se omiti├│ el destino "GenerateSupportedRuntime" debido a una condici├│n falsa (False); ('$(GenerateSupportedRuntime)' != 'false' and '$(TargetFrameworkIdentifier)' == '.NETFramework' and '$(HasRuntimeOutput)' == 'true') se evalu├│ como ('' != 'false' and '.NETCoreApp' == '.NETFramework' and 'true' == 'true').
       Se omiti├│ el destino "GenerateBindingRedirectsUpdateAppConfig" debido a una condici├│n falsa (False); ('$(AutoGenerateBindingRedirects)' == 'true' and '$(GenerateBindingRedirectsOutputType)' == 'true') se evalu├│ como ('' == 'true' and 'true' == 'true').
       Se omiti├│ el destino "ResolveComReferences" debido a una condici├│n falsa (False); ('@(COMReference)'!='' or '@(COMFileReference)'!='') se evalu├│ como (''!='' or ''!='').
   1:7>Destino "AfterResolveReferences" en el archivo "C:\Program Files\dotnet\sdk\9.0.304\Microsoft.Common.CurrentVersion.targets" del proyecto "C:\Users\PC\Downloads\Machly\Machly.Api\Machly.Api.csproj" (el destino "ResolveReferences" depende de ├®l):
   1:7>Compilaci├│n terminada del destino "AfterResolveReferences" en el proyecto "Machly.Api.csproj".
   1:7>Destino "ResolveReferences" en el archivo "C:\Program Files\dotnet\sdk\9.0.304\Microsoft.Common.CurrentVersion.targets" del proyecto "C:\Users\PC\Downloads\Machly\Machly.Api\Machly.Api.csproj" (el destino "_BlockWinMDsOnUnsupportedTFMs" depende de ├®l):
   1:7>Compilaci├│n terminada del destino "ResolveReferences" en el proyecto "Machly.Api.csproj".
   1:7>Destino "_BlockWinMDsOnUnsupportedTFMs" en el archivo "C:\Program Files\dotnet\sdk\9.0.304\Sdks\Microsoft.NET.Sdk\targets\Microsoft.NET.Sdk.targets" del proyecto "C:\Users\PC\Downloads\Machly\Machly.Api\Machly.Api.csproj" (el destino "CoreBuild" depende de ├®l):
       Usando la tarea "CheckForUnsupportedWinMDReferences" del ensamblado "C:\Program Files\dotnet\sdk\9.0.304\Sdks\Microsoft.NET.Sdk\targets\..\tools\net9.0\Microsoft.NET.Build.Tasks.dll".
       Tarea "CheckForUnsupportedWinMDReferences"
       Ejecuci├│n de la tarea "CheckForUnsupportedWinMDReferences" terminada.
       Se omiti├│ la tarea "NETSdkError" debido a una condici├│n falsa (False); ('$(OutputType)' == 'winmdobj') se evalu├│ como ('Exe' == 'winmdobj').
   1:7>Compilaci├│n terminada del destino "_BlockWinMDsOnUnsupportedTFMs" en el proyecto "Machly.Api.csproj".
       Se omiti├│ el destino "ResolveReferences". Compilado previamente de forma correcta.
       Se omiti├│ el destino "ResolvePackageDependenciesForBuild". Compilado previamente de forma correcta.
       Se omiti├│ el destino "_HandlePackageFileConflicts". Compilado previamente de forma correcta.
   1:7>Destino "CopyAdditionalFiles" en el archivo "C:\Program Files\dotnet\sdk\9.0.304\Roslyn\Microsoft.Managed.Core.targets" del proyecto "C:\Users\PC\Downloads\Machly\Machly.Api\Machly.Api.csproj" (el destino "AssignTargetPaths" depende de ├®l):
   1:7>Compilaci├│n terminada del destino "CopyAdditionalFiles" en el proyecto "Machly.Api.csproj".
       Se omiti├│ el destino "ResolvePackageAssets". Compilado previamente de forma correcta.
       Se omiti├│ el destino "ResolveFrameworkReferences". Compilado previamente de forma correcta.
   1:7>Destino "_GetAppHostPaths" en el archivo "C:\Program Files\dotnet\sdk\9.0.304\Sdks\Microsoft.NET.Sdk\targets\Microsoft.NET.Sdk.targets" del proyecto "C:\Users\PC\Downloads\Machly\Machly.Api\Machly.Api.csproj" (el destino "_ComputeNETCoreBuildOutputFiles" depende de ├®l):
       Se omiti├│ la tarea "NETSdkError" debido a una condici├│n falsa (False); ('@(_NativeRestoredAppHostNETCore->Count())' > 1) se evalu├│ como ('0' > 1).
   1:7>Compilaci├│n terminada del destino "_GetAppHostPaths" en el proyecto "Machly.Api.csproj".
   1:7>Destino "_GetAppHostCreationConfiguration" en el archivo "C:\Program Files\dotnet\sdk\9.0.304\Sdks\Microsoft.NET.Sdk\targets\Microsoft.NET.Sdk.targets" del proyecto "C:\Users\PC\Downloads\Machly\Machly.Api\Machly.Api.csproj" (el destino "_ComputeNETCoreBuildOutputFiles" depende de ├®l):
   1:7>Compilaci├│n terminada del destino "_GetAppHostCreationConfiguration" en el proyecto "Machly.Api.csproj".
       Se omiti├│ el destino "_GetComHostPaths" debido a una condici├│n falsa (False); ('$(EnableComHosting)' == 'true' and '$(_IsExecutable)' != 'true') se evalu├│ como ('' == 'true' and 'true' != 'true').
       Se omiti├│ el destino "_GetIjwHostPaths" debido a una condici├│n falsa (False); ('$(UseIJWHost)' == 'true') se evalu├│ como ('' == 'true').
   1:7>Destino "_ComputeNETCoreBuildOutputFiles" en el archivo "C:\Program Files\dotnet\sdk\9.0.304\Sdks\Microsoft.NET.Sdk\targets\Microsoft.NET.Sdk.targets" del proyecto "C:\Users\PC\Downloads\Machly\Machly.Api\Machly.Api.csproj" (el destino "AssignTargetPaths" depende de ├®l):
   1:7>Compilaci├│n terminada del destino "_ComputeNETCoreBuildOutputFiles" en el proyecto "Machly.Api.csproj".
   1:7>Destino "ResolveStaticWebAssetsConfiguration" en el archivo "C:\Program Files\dotnet\sdk\9.0.304\Sdks\Microsoft.NET.Sdk.StaticWebAssets\targets\Microsoft.NET.Sdk.StaticWebAssets.targets" del proyecto "C:\Users\PC\Downloads\Machly\Machly.Api\Machly.Api.csproj" (el destino "ResolveProjectStaticWebAssets" depende de ├®l):
       Se omiti├│ la tarea "MakeDir" debido a una condici├│n falsa (False); (!Exists('$(_StaticWebAssetsManifestBase)')) se evalu├│ como (!Exists('obj\Debug\net8.0\')).
       Se omiti├│ la tarea "MakeDir" debido a una condici├│n falsa (False); (!Exists('$(_StaticWebAssetsIntermediateOutputPath)')) se evalu├│ como (!Exists('obj\Debug\net8.0\staticwebassets\')).
   1:7>Compilaci├│n terminada del destino "ResolveStaticWebAssetsConfiguration" en el proyecto "Machly.Api.csproj".
   1:7>Destino "UpdateExistingPackageStaticWebAssets" en el archivo "C:\Program Files\dotnet\sdk\9.0.304\Sdks\Microsoft.NET.Sdk.StaticWebAssets\targets\Microsoft.NET.Sdk.StaticWebAssets.targets" del proyecto "C:\Users\PC\Downloads\Machly\Machly.Api\Machly.Api.csproj" (el destino "ResolveProjectStaticWebAssets" depende de ├®l):
       Usando la tarea "UpdatePackageStaticWebAssets" del ensamblado "C:\Program Files\dotnet\sdk\9.0.304\Sdks\Microsoft.NET.Sdk.StaticWebAssets\targets\..\tasks\net9.0\Microsoft.NET.Sdk.StaticWebAssets.Tasks.dll".
       Tarea "UpdatePackageStaticWebAssets"
       Ejecuci├│n de la tarea "UpdatePackageStaticWebAssets" terminada.
       Usando la tarea "DefineStaticWebAssetEndpoints" del ensamblado "C:\Program Files\dotnet\sdk\9.0.304\Sdks\Microsoft.NET.Sdk.StaticWebAssets\targets\..\tasks\net9.0\Microsoft.NET.Sdk.StaticWebAssets.Tasks.dll".
       Tarea "DefineStaticWebAssetEndpoints"
       Ejecuci├│n de la tarea "DefineStaticWebAssetEndpoints" terminada.
   1:7>Compilaci├│n terminada del destino "UpdateExistingPackageStaticWebAssets" en el proyecto "Machly.Api.csproj".
   1:7>Destino "ResolveProjectStaticWebAssets" en el archivo "C:\Program Files\dotnet\sdk\9.0.304\Sdks\Microsoft.NET.Sdk.StaticWebAssets\targets\Microsoft.NET.Sdk.StaticWebAssets.targets" del proyecto "C:\Users\PC\Downloads\Machly\Machly.Api\Machly.Api.csproj" (el destino "AssignTargetPaths" depende de ├®l):
       Usando la tarea "DefineStaticWebAssets" del ensamblado "C:\Program Files\dotnet\sdk\9.0.304\Sdks\Microsoft.NET.Sdk.StaticWebAssets\targets\..\tasks\net9.0\Microsoft.NET.Sdk.StaticWebAssets.Tasks.dll".
       Tarea "DefineStaticWebAssets"
         Cache is fully up to date.
       Ejecuci├│n de la tarea "DefineStaticWebAssets" terminada.
       Tarea "DefineStaticWebAssetEndpoints"
       Ejecuci├│n de la tarea "DefineStaticWebAssetEndpoints" terminada.
   1:7>Compilaci├│n terminada del destino "ResolveProjectStaticWebAssets" en el proyecto "Machly.Api.csproj".
   1:7>Destino "AssignTargetPaths" en el archivo "C:\Program Files\dotnet\sdk\9.0.304\Microsoft.Common.CurrentVersion.targets" del proyecto "C:\Users\PC\Downloads\Machly\Machly.Api\Machly.Api.csproj" (el destino "PrepareResourceNames" depende de ├®l):
       Usando la tarea "AssignTargetPath" del ensamblado "Microsoft.Build.Tasks.Core, Version=15.1.0.0, Culture=neutral, PublicKeyToken=b03f5f7f11d50a3a".
       Tarea "AssignTargetPath"
       Ejecuci├│n de la tarea "AssignTargetPath" terminada.
       Tarea "AssignTargetPath"
       Ejecuci├│n de la tarea "AssignTargetPath" terminada.
       Tarea "AssignTargetPath"
       Ejecuci├│n de la tarea "AssignTargetPath" terminada.
       Tarea "AssignTargetPath"
       Ejecuci├│n de la tarea "AssignTargetPath" terminada.
       Se omiti├│ la tarea "AssignTargetPath" debido a una condici├│n falsa (False); ('@(_DeploymentBaseManifestWithTargetPath)'=='' and '%(None.Extension)'=='.manifest') se evalu├│ como (''=='' and '.http'=='.manifest').
       Se omiti├│ la tarea "AssignTargetPath" debido a una condici├│n falsa (False); ('@(_DeploymentBaseManifestWithTargetPath)'=='' and '%(None.Extension)'=='.manifest') se evalu├│ como (''=='' and '.json'=='.manifest').
       Se omiti├│ la tarea "AssignTargetPath" debido a una condici├│n falsa (False); ('@(_DeploymentBaseManifestWithTargetPath)'=='' and '%(None.Extension)'=='.manifest') se evalu├│ como (''=='' and '.exe'=='.manifest').
   1:7>Compilaci├│n terminada del destino "AssignTargetPaths" en el proyecto "Machly.Api.csproj".
       Se omiti├│ el destino "AssignTargetPaths". Compilado previamente de forma correcta.
   1:7>Destino "SplitResourcesByCulture" en el archivo "C:\Program Files\dotnet\sdk\9.0.304\Microsoft.Common.CurrentVersion.targets" del proyecto "C:\Users\PC\Downloads\Machly\Machly.Api\Machly.Api.csproj" (el destino "PrepareResourceNames" depende de ├®l):
       Se omiti├│ la tarea "MSBuildInternalMessage" debido a una condici├│n falsa (False); ('@(ResxWithNoCulture)'!='') se evalu├│ como (''!='').
       Se omiti├│ la tarea "MSBuildInternalMessage" debido a una condici├│n falsa (False); ('@(ResxWithCulture)'!='') se evalu├│ como (''!='').
       Se omiti├│ la tarea "MSBuildInternalMessage" debido a una condici├│n falsa (False); ('@(NonResxWithCulture)'!='') se evalu├│ como (''!='').
       Se omiti├│ la tarea "MSBuildInternalMessage" debido a una condici├│n falsa (False); ('@(NonResxWithNoCulture)'!='') se evalu├│ como (''!='').
       Usando la tarea "AssignCulture" del ensamblado "Microsoft.Build.Tasks.Core, Version=15.1.0.0, Culture=neutral, PublicKeyToken=b03f5f7f11d50a3a".
       Tarea "AssignCulture"
       Ejecuci├│n de la tarea "AssignCulture" terminada.
   1:7>Compilaci├│n terminada del destino "SplitResourcesByCulture" en el proyecto "Machly.Api.csproj".
       Se omiti├│ el destino "CreateManifestResourceNames" debido a una condici├│n falsa (False); ('@(EmbeddedResource)' != '') se evalu├│ como ('' != '').
   1:7>Destino "CreateCustomManifestResourceNames" en el archivo "C:\Program Files\dotnet\sdk\9.0.304\Microsoft.Common.CurrentVersion.targets" del proyecto "C:\Users\PC\Downloads\Machly\Machly.Api\Machly.Api.csproj" (el destino "PrepareResourceNames" depende de ├®l):
   1:7>Compilaci├│n terminada del destino "CreateCustomManifestResourceNames" en el proyecto "Machly.Api.csproj".
   1:7>Destino "PrepareResourceNames" en el archivo "C:\Program Files\dotnet\sdk\9.0.304\Microsoft.Common.CurrentVersion.targets" del proyecto "C:\Users\PC\Downloads\Machly\Machly.Api\Machly.Api.csproj" (el destino "PrepareResources" depende de ├®l):
   1:7>Compilaci├│n terminada del destino "PrepareResourceNames" en el proyecto "Machly.Api.csproj".
       Se omiti├│ el destino "ResolveAssemblyReferences". Compilado previamente de forma correcta.
       Se omiti├│ el destino "SplitResourcesByCulture". Compilado previamente de forma correcta.
   1:7>Destino "BeforeResGen" en el archivo "C:\Program Files\dotnet\sdk\9.0.304\Microsoft.Common.CurrentVersion.targets" del proyecto "C:\Users\PC\Downloads\Machly\Machly.Api\Machly.Api.csproj" (el destino "ResGen" depende de ├®l):
   1:7>Compilaci├│n terminada del destino "BeforeResGen" en el proyecto "Machly.Api.csproj".
       Se omiti├│ el destino "ResolveReferences". Compilado previamente de forma correcta.
   1:7>Destino "FindReferenceAssembliesForReferences" en el archivo "C:\Program Files\dotnet\sdk\9.0.304\Microsoft.Common.CurrentVersion.targets" del proyecto "C:\Users\PC\Downloads\Machly\Machly.Api\Machly.Api.csproj" (el destino "CoreResGen" depende de ├®l):
   1:7>Compilaci├│n terminada del destino "FindReferenceAssembliesForReferences" en el proyecto "Machly.Api.csproj".
   1:7>Destino "CoreResGen" en el archivo "C:\Program Files\dotnet\sdk\9.0.304\Microsoft.Common.CurrentVersion.targets" del proyecto "C:\Users\PC\Downloads\Machly\Machly.Api\Machly.Api.csproj" (el destino "ResGen" depende de ├®l):
       Se omiti├│ la tarea "GenerateResource" debido a una condici├│n falsa (False); ('%(EmbeddedResource.Type)' == 'Resx' and '%(EmbeddedResource.GenerateResource)' != 'false' and '$(GenerateResourceMSBuildRuntime)' != 'CLR2') se evalu├│ como ('' == 'Resx' and '' != 'false' and 'CurrentRuntime' != 'CLR2').
       Se omiti├│ la tarea "GenerateResource" debido a una condici├│n falsa (False); ('%(EmbeddedResource.Type)' == 'Resx' and '%(EmbeddedResource.GenerateResource)' != 'false' and '$(GenerateResourceMSBuildRuntime)' == 'CLR2') se evalu├│ como ('' == 'Resx' and '' != 'false' and 'CurrentRuntime' == 'CLR2').
   1:7>Compilaci├│n terminada del destino "CoreResGen" en el proyecto "Machly.Api.csproj".
   1:7>Destino "AfterResGen" en el archivo "C:\Program Files\dotnet\sdk\9.0.304\Microsoft.Common.CurrentVersion.targets" del proyecto "C:\Users\PC\Downloads\Machly\Machly.Api\Machly.Api.csproj" (el destino "ResGen" depende de ├®l):
   1:7>Compilaci├│n terminada del destino "AfterResGen" en el proyecto "Machly.Api.csproj".
   1:7>Destino "ResGen" en el archivo "C:\Program Files\dotnet\sdk\9.0.304\Microsoft.Common.CurrentVersion.targets" del proyecto "C:\Users\PC\Downloads\Machly\Machly.Api\Machly.Api.csproj" (el destino "PrepareResources" depende de ├®l):
   1:7>Compilaci├│n terminada del destino "ResGen" en el proyecto "Machly.Api.csproj".
       Se omiti├│ el destino "CompileLicxFiles" debido a una condici├│n falsa (False); ('@(_LicxFile)'!='') se evalu├│ como (''!='').
   1:7>Destino "PrepareResources" en el archivo "C:\Program Files\dotnet\sdk\9.0.304\Microsoft.Common.CurrentVersion.targets" del proyecto "C:\Users\PC\Downloads\Machly\Machly.Api\Machly.Api.csproj" (el destino "CoreBuild" depende de ├®l):
   1:7>Compilaci├│n terminada del destino "PrepareResources" en el proyecto "Machly.Api.csproj".
       Se omiti├│ el destino "ResolveKeySource" debido a una condici├│n falsa (False); ($(SignManifests) == 'true' or $(SignAssembly) == 'true') se evalu├│ como ( == 'true' or false == 'true').
       Se omiti├│ el destino "ResolveReferences". Compilado previamente de forma correcta.
       Se omiti├│ el destino "ResolveKeySource" debido a una condici├│n falsa (False); ($(SignManifests) == 'true' or $(SignAssembly) == 'true') se evalu├│ como ( == 'true' or false == 'true').
       Se omiti├│ el destino "ResolveComReferences" debido a una condici├│n falsa (False); ('@(COMReference)'!='' or '@(COMFileReference)'!='') se evalu├│ como (''!='' or ''!='').
       Se omiti├│ el destino "ResolveNativeReferences" debido a una condici├│n falsa (False); ('@(NativeReference)'!='') se evalu├│ como (''!='').
       Se omiti├│ el destino "_SetExternalWin32ManifestProperties" debido a una condici├│n falsa (False); ('$(GenerateClickOnceManifests)'=='true' or '@(NativeReference)'!='' or '@(ResolvedIsolatedComModules)'!='') se evalu├│ como (''=='true' or ''!='' or ''!='').
   1:7>Destino "_SetEmbeddedWin32ManifestProperties" en el archivo "C:\Program Files\dotnet\sdk\9.0.304\Microsoft.Common.CurrentVersion.targets" del proyecto "C:\Users\PC\Downloads\Machly\Machly.Api\Machly.Api.csproj" (el destino "SetWin32ManifestProperties" depende de ├®l):
       Usando la tarea "GetFrameworkPath" del ensamblado "Microsoft.Build.Tasks.Core, Version=15.1.0.0, Culture=neutral, PublicKeyToken=b03f5f7f11d50a3a".
       Tarea "GetFrameworkPath"
       Ejecuci├│n de la tarea "GetFrameworkPath" terminada.
   1:7>Compilaci├│n terminada del destino "_SetEmbeddedWin32ManifestProperties" en el proyecto "Machly.Api.csproj".
   1:7>Destino "SetWin32ManifestProperties" en el archivo "C:\Program Files\dotnet\sdk\9.0.304\Microsoft.Common.CurrentVersion.targets" del proyecto "C:\Users\PC\Downloads\Machly\Machly.Api\Machly.Api.csproj" (el destino "Compile" depende de ├®l):
   1:7>Compilaci├│n terminada del destino "SetWin32ManifestProperties" en el proyecto "Machly.Api.csproj".
       Se omiti├│ el destino "_SetPreferNativeArm64Win32ManifestProperties" debido a una condici├│n falsa (False); ( '$(PreferNativeArm64)'=='true' and '$(NoWin32Manifest)'!='true') se evalu├│ como ( 'false'=='true' and ''!='true').
       Se omiti├│ el destino "FindReferenceAssembliesForReferences". Compilado previamente de forma correcta.
   1:7>Destino "_GenerateCompileInputs" en el archivo "C:\Program Files\dotnet\sdk\9.0.304\Microsoft.Common.CurrentVersion.targets" del proyecto "C:\Users\PC\Downloads\Machly\Machly.Api\Machly.Api.csproj" (el destino "Compile" depende de ├®l):
       Se omiti├│ la tarea "MSBuildInternalMessage" debido a una condici├│n falsa (False); ('@(ManifestResourceWithNoCulture)'!='' and '%(ManifestResourceWithNoCulture.EmittedForCompatibilityOnly)'=='') se evalu├│ como (''!='' and ''=='').
       Se omiti├│ la tarea "MSBuildInternalMessage" debido a una condici├│n falsa (False); ('@(ManifestNonResxWithNoCultureOnDisk)'!='' and '%(ManifestNonResxWithNoCultureOnDisk.EmittedForCompatibilityOnly)'=='') se evalu├│ como (''!='' and ''=='').
   1:7>Compilaci├│n terminada del destino "_GenerateCompileInputs" en el proyecto "Machly.Api.csproj".
       Se omiti├│ el destino "PrepareForBuild". Compilado previamente de forma correcta.
   1:7>Destino "ResolveRazorConfiguration" en el archivo "C:\Program Files\dotnet\sdk\9.0.304\Sdks\Microsoft.NET.Sdk.Razor\targets\Sdk.Razor.CurrentVersion.targets" del proyecto "C:\Users\PC\Downloads\Machly\Machly.Api\Machly.Api.csproj" (el destino "PrepareForRazorGenerate" depende de ├®l):
       Se omiti├│ la tarea "Warning" debido a una condici├│n falsa (False); ('$(_Targeting30OrNewerRazorLangVersion)' == 'true' AND '@(ResolvedRazorConfiguration->Count())' == '0') se evalu├│ como ('true' == 'true' AND '1' == '0').
       Se omiti├│ la tarea "Warning" debido a una condici├│n falsa (False); ('$(_Targeting30OrNewerRazorLangVersion)' == 'true' AND '@(ResolvedRazorConfiguration->Count())' > '1') se evalu├│ como ('true' == 'true' AND '1' > '1').
       Se omiti├│ la tarea "Warning" debido a una condici├│n falsa (False); ('$(_Targeting30OrNewerRazorLangVersion)' != 'true' AND '$(_TargetingNETCoreApp30OrLater)' == 'true') se evalu├│ como ('true' != 'true' AND 'true' == 'true').
       Usando la tarea "FindInList" del ensamblado "Microsoft.Build.Tasks.Core, Version=15.1.0.0, Culture=neutral, PublicKeyToken=b03f5f7f11d50a3a".
       Tarea "FindInList"
         Se encontr├│ "MVC-3.0".
       Ejecuci├│n de la tarea "FindInList" terminada.
   1:7>Compilaci├│n terminada del destino "ResolveRazorConfiguration" en el proyecto "Machly.Api.csproj".
       Se omiti├│ el destino "ResolveRazorGenerateInputs". Compilado previamente de forma correcta.
       Se omiti├│ el destino "AssignRazorGenerateTargetPaths" debido a una condici├│n falsa (False); ('@(RazorGenerate)' != '') se evalu├│ como ('' != '').
   1:7>Destino "ResolveScopedCssInputs" en el archivo "C:\Program Files\dotnet\sdk\9.0.304\Sdks\Microsoft.NET.Sdk.StaticWebAssets\targets\Microsoft.NET.Sdk.StaticWebAssets.ScopedCss.targets" del proyecto "C:\Users\PC\Downloads\Machly\Machly.Api\Machly.Api.csproj" (el destino "ComputeCssScope" depende de ├®l):
       Usando la tarea "DiscoverDefaultScopedCssItems" del ensamblado "C:\Program Files\dotnet\sdk\9.0.304\Sdks\Microsoft.NET.Sdk.StaticWebAssets\targets\..\tasks\net9.0\Microsoft.NET.Sdk.StaticWebAssets.Tasks.dll".
       Tarea "DiscoverDefaultScopedCssItems"
       Ejecuci├│n de la tarea "DiscoverDefaultScopedCssItems" terminada.
   1:7>Compilaci├│n terminada del destino "ResolveScopedCssInputs" en el proyecto "Machly.Api.csproj".
   1:7>Destino "ComputeCssScope" en el archivo "C:\Program Files\dotnet\sdk\9.0.304\Sdks\Microsoft.NET.Sdk.StaticWebAssets\targets\Microsoft.NET.Sdk.StaticWebAssets.ScopedCss.targets" del proyecto "C:\Users\PC\Downloads\Machly\Machly.Api\Machly.Api.csproj" (el destino "ResolveCssScopes" depende de ├®l):
       Usando la tarea "ComputeCssScope" del ensamblado "C:\Program Files\dotnet\sdk\9.0.304\Sdks\Microsoft.NET.Sdk.StaticWebAssets\targets\..\tasks\net9.0\Microsoft.NET.Sdk.StaticWebAssets.Tasks.dll".
       Tarea "ComputeCssScope"
       Ejecuci├│n de la tarea "ComputeCssScope" terminada.
   1:7>Compilaci├│n terminada del destino "ComputeCssScope" en el proyecto "Machly.Api.csproj".
   1:7>Destino "ResolveRazorComponentInputs" en el archivo "C:\Program Files\dotnet\sdk\9.0.304\Sdks\Microsoft.NET.Sdk.Razor\targets\Sdk.Razor.CurrentVersion.targets" del proyecto "C:\Users\PC\Downloads\Machly\Machly.Api\Machly.Api.csproj" (el destino "ResolveCssScopes" depende de ├®l):
   1:7>Compilaci├│n terminada del destino "ResolveRazorComponentInputs" en el proyecto "Machly.Api.csproj".
       Se omiti├│ el destino "ResolveRazorGenerateInputs". Compilado previamente de forma correcta.
   1:7>Destino "ResolveCssScopes" en el archivo "C:\Program Files\dotnet\sdk\9.0.304\Sdks\Microsoft.NET.Sdk.Razor\targets\Sdk.Razor.CurrentVersion.targets" del proyecto "C:\Users\PC\Downloads\Machly\Machly.Api\Machly.Api.csproj" (el destino "AssignRazorGenerateTargetPaths" depende de ├®l):
       Usando la tarea "ApplyCssScopes" del ensamblado "C:\Program Files\dotnet\sdk\9.0.304\Sdks\Microsoft.NET.Sdk.StaticWebAssets\targets\..\tasks\net9.0\Microsoft.NET.Sdk.StaticWebAssets.Tasks.dll".
       Tarea "ApplyCssScopes"
       Ejecuci├│n de la tarea "ApplyCssScopes" terminada.
   1:7>Compilaci├│n terminada del destino "ResolveCssScopes" en el proyecto "Machly.Api.csproj".
   1:7>Destino "_ResolveGeneratedRazorCompileInputs" en el archivo "C:\Program Files\dotnet\sdk\9.0.304\Sdks\Microsoft.NET.Sdk.Razor\targets\Sdk.Razor.CurrentVersion.targets" del proyecto "C:\Users\PC\Downloads\Machly\Machly.Api\Machly.Api.csproj" (el destino "PrepareForRazorGenerate" depende de ├®l):
   1:7>Compilaci├│n terminada del destino "_ResolveGeneratedRazorCompileInputs" en el proyecto "Machly.Api.csproj".
       Se omiti├│ el destino "_CheckForIncorrectMvcConfiguration" debido a una condici├│n falsa (False); ('@(ResolvedRazorConfiguration)' == 'Default' AND
             ('$(RazorCompileOnBuild)' == 'true' OR '$(RazorCompileOnPublish)' =='true') AND
             '@(RazorGenerate->Count())' != '0' AND
             '$(_Targeting30OrNewerRazorLangVersion)' == 'true' AND
             '$(_IsTargetingRazor2X)' != 'true') se evalu├│ como ('MVC-3.0' == 'Default' AND
             ('true' == 'true' OR 'true' =='true') AND
             '0' != '0' AND
             'true' == 'true' AND
             '' != 'true').
   1:7>Destino "PrepareForRazorGenerate" en el archivo "C:\Program Files\dotnet\sdk\9.0.304\Sdks\Microsoft.NET.Sdk.Razor\targets\Sdk.Razor.CurrentVersion.targets" del proyecto "C:\Users\PC\Downloads\Machly\Machly.Api\Machly.Api.csproj" (el destino "_PrepareRazorSourceGenerators" depende de ├®l):
   1:7>Compilaci├│n terminada del destino "PrepareForRazorGenerate" en el proyecto "Machly.Api.csproj".
       Se omiti├│ el destino "ResolveRazorConfiguration". Compilado previamente de forma correcta.
       Se omiti├│ el destino "ResolveRazorComponentInputs". Compilado previamente de forma correcta.
       Se omiti├│ el destino "_CheckForIncorrectComponentsConfiguration" debido a una condici├│n falsa (False); (('$(RazorCompileOnBuild)' == 'true' OR '$(RazorCompileOnPublish)' =='true') AND
             '@(RazorComponent->Count())' != '0' AND
             '$(_Targeting30OrNewerRazorLangVersion)' != 'true' AND
             '$(_IsTargetingRazor2X)' != 'true') se evalu├│ como (('true' == 'true' OR 'true' =='true') AND
             '0' != '0' AND
             'true' != 'true' AND
             '' != 'true').
       Se omiti├│ el destino "AssignRazorComponentTargetPaths" debido a una condici├│n falsa (False); ('@(RazorComponent)' != '') se evalu├│ como ('' != '').
   1:7>Destino "PrepareForRazorComponentGenerate" en el archivo "C:\Program Files\dotnet\sdk\9.0.304\Sdks\Microsoft.NET.Sdk.Razor\targets\Sdk.Razor.CurrentVersion.targets" del proyecto "C:\Users\PC\Downloads\Machly\Machly.Api\Machly.Api.csproj" (el destino "_PrepareRazorSourceGenerators" depende de ├®l):
   1:7>Compilaci├│n terminada del destino "PrepareForRazorComponentGenerate" en el proyecto "Machly.Api.csproj".
   1:7>Destino "_PrepareRazorSourceGenerators" en el archivo "C:\Program Files\dotnet\sdk\9.0.304\Sdks\Microsoft.NET.Sdk.Razor\targets\Microsoft.NET.Sdk.Razor.SourceGenerators.targets" del proyecto "C:\Users\PC\Downloads\Machly\Machly.Api\Machly.Api.csproj" (el destino "GenerateMSBuildEditorConfigFileShouldRun" depende de ├®l):
       Usando la tarea "EncodeRazorInputItem" del ensamblado "C:\Program Files\dotnet\sdk\9.0.304\Sdks\Microsoft.NET.Sdk.Razor\targets\..\tasks\net9.0\Microsoft.NET.Sdk.Razor.Tasks.dll".
       Tarea "EncodeRazorInputItem"
       Ejecuci├│n de la tarea "EncodeRazorInputItem" terminada.
   1:7>Compilaci├│n terminada del destino "_PrepareRazorSourceGenerators" en el proyecto "Machly.Api.csproj".
   1:7>Destino "GenerateMSBuildEditorConfigFileShouldRun" en el archivo "C:\Program Files\dotnet\sdk\9.0.304\Roslyn\Microsoft.Managed.Core.targets" del proyecto "C:\Users\PC\Downloads\Machly\Machly.Api\Machly.Api.csproj" (el destino "GenerateMSBuildEditorConfigFile" depende de ├®l):
   1:7>Compilaci├│n terminada del destino "GenerateMSBuildEditorConfigFileShouldRun" en el proyecto "Machly.Api.csproj".
   1:7>Destino "AddGlobalAnalyzerConfigForPackage_MicrosoftCodeAnalysisCSharpCodeStyle" en el archivo "C:\Program Files\dotnet\sdk\9.0.304\Sdks\Microsoft.NET.Sdk\codestyle\cs\build\Microsoft.CodeAnalysis.CSharp.CodeStyle.targets" del proyecto "C:\Users\PC\Downloads\Machly\Machly.Api\Machly.Api.csproj" (el destino "GenerateMSBuildEditorConfigFileCore" depende de ├®l):
   1:7>Compilaci├│n terminada del destino "AddGlobalAnalyzerConfigForPackage_MicrosoftCodeAnalysisCSharpCodeStyle" en el proyecto "Machly.Api.csproj".
   1:7>Destino "GenerateMSBuildEditorConfigFileCore" en el archivo "C:\Program Files\dotnet\sdk\9.0.304\Roslyn\Microsoft.Managed.Core.targets" del proyecto "C:\Users\PC\Downloads\Machly\Machly.Api\Machly.Api.csproj" (el destino "GenerateMSBuildEditorConfigFile" depende de ├®l):
       Compilando completamente el destino "GenerateMSBuildEditorConfigFileCore".
       No se especificaron archivos de entrada.
       Usando la tarea "GenerateMSBuildEditorConfig" del ensamblado "C:\Program Files\dotnet\sdk\9.0.304\Roslyn\Microsoft.Build.Tasks.CodeAnalysis.dll".
       Tarea "GenerateMSBuildEditorConfig"
       Ejecuci├│n de la tarea "GenerateMSBuildEditorConfig" terminada.
   1:7>Compilaci├│n terminada del destino "GenerateMSBuildEditorConfigFileCore" en el proyecto "Machly.Api.csproj".
   1:7>Destino "GenerateMSBuildEditorConfigFile" en el archivo "C:\Program Files\dotnet\sdk\9.0.304\Roslyn\Microsoft.Managed.Core.targets" del proyecto "C:\Users\PC\Downloads\Machly\Machly.Api\Machly.Api.csproj" (el destino "BeforeCompile" depende de ├®l):
   1:7>Compilaci├│n terminada del destino "GenerateMSBuildEditorConfigFile" en el proyecto "Machly.Api.csproj".
       Se omiti├│ el destino "PrepareForBuild". Compilado previamente de forma correcta.
       Se omiti├│ el destino "GetReferenceAssemblyPaths". Compilado previamente de forma correcta.
   1:7>Destino "_SetTargetFrameworkMonikerAttribute" en el archivo "C:\Program Files\dotnet\sdk\9.0.304\Microsoft.CSharp.CurrentVersion.targets" del proyecto "C:\Users\PC\Downloads\Machly\Machly.Api\Machly.Api.csproj" (el destino "GenerateTargetFrameworkMonikerAttribute" depende de ├®l):
   1:7>Compilaci├│n terminada del destino "_SetTargetFrameworkMonikerAttribute" en el proyecto "Machly.Api.csproj".
   1:7>Destino "GenerateTargetFrameworkMonikerAttribute" en el archivo "C:\Program Files\dotnet\sdk\9.0.304\Microsoft.Common.CurrentVersion.targets" del proyecto "C:\Users\PC\Downloads\Machly\Machly.Api\Machly.Api.csproj" (el destino "BeforeCompile" depende de ├®l):
       Se omitir├í el destino "GenerateTargetFrameworkMonikerAttribute" porque todos los archivos de salida est├ín actualizados respecto a los archivos de entrada.
       Archivos de entrada: C:\Program Files\dotnet\sdk\9.0.304\Microsoft.Common.targets
       Archivos de salida: obj\Debug\net8.0\.NETCoreApp,Version=v8.0.AssemblyAttributes.cs
   1:7>Compilaci├│n terminada del destino "GenerateTargetFrameworkMonikerAttribute" en el proyecto "Machly.Api.csproj".
       Se omiti├│ el destino "GenerateAdditionalSources" debido a una condici├│n falsa (False); ('@(AssemblyAttributes)' != '' and '$(GenerateAdditionalSources)' == 'true') se evalu├│ como ('' != '' and '' == 'true').
       Se omiti├│ el destino "PrepareForBuild". Compilado previamente de forma correcta.
   1:7>Destino "GetAssemblyVersion" en el archivo "C:\Program Files\dotnet\sdk\9.0.304\Sdks\Microsoft.NET.Sdk\targets\Microsoft.NET.GenerateAssemblyInfo.targets" del proyecto "C:\Users\PC\Downloads\Machly\Machly.Api\Machly.Api.csproj" (el destino "GetAssemblyAttributes" depende de ├®l):
       Usando la tarea "GetAssemblyVersion" del ensamblado "C:\Program Files\dotnet\sdk\9.0.304\Sdks\Microsoft.NET.Sdk\targets\..\tools\net9.0\Microsoft.NET.Build.Tasks.dll".
       Tarea "GetAssemblyVersion"
       Ejecuci├│n de la tarea "GetAssemblyVersion" terminada.
   1:7>Compilaci├│n terminada del destino "GetAssemblyVersion" en el proyecto "Machly.Api.csproj".
   1:7>Destino "InitializeSourceControlInformationFromSourceControlManager" en el archivo "C:\Program Files\dotnet\sdk\9.0.304\Sdks\Microsoft.Build.Tasks.Git\build\Microsoft.Build.Tasks.Git.targets" del proyecto "C:\Users\PC\Downloads\Machly\Machly.Api\Machly.Api.csproj" (el destino "_InitializeSourceControlInformationFromSourceControlManager" depende de ├®l):
       Usando la tarea "Microsoft.Build.Tasks.Git.LocateRepository" del ensamblado "C:\Program Files\dotnet\sdk\9.0.304\Sdks\Microsoft.Build.Tasks.Git\build\..\tools\net\Microsoft.Build.Tasks.Git.dll".
       Tarea "Microsoft.Build.Tasks.Git.LocateRepository"
         SourceLink: Repository instance not found in cache: '*:C:\Users\PC\Downloads\Machly\.git'
       Ejecuci├│n de la tarea "Microsoft.Build.Tasks.Git.LocateRepository" terminada.
   1:7>Compilaci├│n terminada del destino "InitializeSourceControlInformationFromSourceControlManager" en el proyecto "Machly.Api.csproj".
   1:7>Destino "_SourceLinkHasSingleProvider" en el archivo "C:\Program Files\dotnet\sdk\9.0.304\Sdks\Microsoft.SourceLink.Common\build\InitializeSourceControlInformation.targets" del proyecto "C:\Users\PC\Downloads\Machly\Machly.Api\Machly.Api.csproj" (el destino "_InitializeSourceControlInformationFromSourceControlManager" depende de ├®l):
       Ensamblado cargado durante TaskRun: Microsoft.SourceLink.Common, Version=9.0.11.11701, Culture=neutral, PublicKeyToken=31bf3856ad364e35(ubicaci├│n: C:\Program Files\dotnet\sdk\9.0.304\Sdks\Microsoft.SourceLink.Common\tools\net\Microsoft.SourceLink.Common.dll, MVID: e7b93933-92ac-4eda-8ab8-a1e1c543bfb2, AssemblyLoadContext: MSBuild plugin C:\Program Files\dotnet\sdk\9.0.304\Sdks\Microsoft.SourceLink.Common\tools\net\Microsoft.SourceLink.Common.dll)
       Usando la tarea "Microsoft.SourceLink.Common.SourceLinkHasSingleProvider" del ensamblado "C:\Program Files\dotnet\sdk\9.0.304\Sdks\Microsoft.SourceLink.Common\build\..\tools\net\Microsoft.SourceLink.Common.dll".
       Tarea "Microsoft.SourceLink.Common.SourceLinkHasSingleProvider"
       Ejecuci├│n de la tarea "Microsoft.SourceLink.Common.SourceLinkHasSingleProvider" terminada.
   1:7>Compilaci├│n terminada del destino "_SourceLinkHasSingleProvider" en el proyecto "Machly.Api.csproj".
   1:7>Destino "TranslateGitHubUrlsInSourceControlInformation" en el archivo "C:\Program Files\dotnet\sdk\9.0.304\Sdks\Microsoft.SourceLink.GitHub\build\Microsoft.SourceLink.GitHub.targets" del proyecto "C:\Users\PC\Downloads\Machly\Machly.Api\Machly.Api.csproj" (el destino "_InitializeSourceControlInformationFromSourceControlManager" depende de ├®l):
       Ensamblado cargado durante TaskRun: Microsoft.SourceLink.GitHub, Version=9.0.11.11701, Culture=neutral, PublicKeyToken=31bf3856ad364e35(ubicaci├│n: C:\Program Files\dotnet\sdk\9.0.304\Sdks\Microsoft.SourceLink.GitHub\tools\net\Microsoft.SourceLink.GitHub.dll, MVID: de6eb21e-3e60-4c55-84da-db4085852056, AssemblyLoadContext: MSBuild plugin C:\Program Files\dotnet\sdk\9.0.304\Sdks\Microsoft.SourceLink.GitHub\tools\net\Microsoft.SourceLink.GitHub.dll)
       Usando la tarea "Microsoft.SourceLink.GitHub.TranslateRepositoryUrls" del ensamblado "C:\Program Files\dotnet\sdk\9.0.304\Sdks\Microsoft.SourceLink.GitHub\build\..\tools\net\Microsoft.SourceLink.GitHub.dll".
       Tarea "Microsoft.SourceLink.GitHub.TranslateRepositoryUrls"
       Ejecuci├│n de la tarea "Microsoft.SourceLink.GitHub.TranslateRepositoryUrls" terminada.
   1:7>Compilaci├│n terminada del destino "TranslateGitHubUrlsInSourceControlInformation" en el proyecto "Machly.Api.csproj".
   1:7>Destino "TranslateGitLabUrlsInSourceControlInformation" en el archivo "C:\Program Files\dotnet\sdk\9.0.304\Sdks\Microsoft.SourceLink.GitLab\build\Microsoft.SourceLink.GitLab.targets" del proyecto "C:\Users\PC\Downloads\Machly\Machly.Api\Machly.Api.csproj" (el destino "_InitializeSourceControlInformationFromSourceControlManager" depende de ├®l):
       Ensamblado cargado durante TaskRun: Microsoft.SourceLink.GitLab, Version=9.0.11.11701, Culture=neutral, PublicKeyToken=31bf3856ad364e35(ubicaci├│n: C:\Program Files\dotnet\sdk\9.0.304\Sdks\Microsoft.SourceLink.GitLab\tools\net\Microsoft.SourceLink.GitLab.dll, MVID: ccdddc0a-7879-4673-a23d-bd877ae513a4, AssemblyLoadContext: MSBuild plugin C:\Program Files\dotnet\sdk\9.0.304\Sdks\Microsoft.SourceLink.GitLab\tools\net\Microsoft.SourceLink.GitLab.dll)
       Usando la tarea "Microsoft.SourceLink.GitLab.TranslateRepositoryUrls" del ensamblado "C:\Program Files\dotnet\sdk\9.0.304\Sdks\Microsoft.SourceLink.GitLab\build\..\tools\net\Microsoft.SourceLink.GitLab.dll".
       Tarea "Microsoft.SourceLink.GitLab.TranslateRepositoryUrls"
       Ejecuci├│n de la tarea "Microsoft.SourceLink.GitLab.TranslateRepositoryUrls" terminada.
   1:7>Compilaci├│n terminada del destino "TranslateGitLabUrlsInSourceControlInformation" en el proyecto "Machly.Api.csproj".
   1:7>Destino "TranslateAzureReposGitUrlsInSourceControlInformation" en el archivo "C:\Program Files\dotnet\sdk\9.0.304\Sdks\Microsoft.SourceLink.AzureRepos.Git\build\Microsoft.SourceLink.AzureRepos.Git.targets" del proyecto "C:\Users\PC\Downloads\Machly\Machly.Api\Machly.Api.csproj" (el destino "_InitializeSourceControlInformationFromSourceControlManager" depende de ├®l):
       Ensamblado cargado durante TaskRun: Microsoft.SourceLink.AzureRepos.Git, Version=9.0.11.11701, Culture=neutral, PublicKeyToken=31bf3856ad364e35(ubicaci├│n: C:\Program Files\dotnet\sdk\9.0.304\Sdks\Microsoft.SourceLink.AzureRepos.Git\tools\net\Microsoft.SourceLink.AzureRepos.Git.dll, MVID: cc8362fa-d14c-4e8c-a855-a55f196817ae, AssemblyLoadContext: MSBuild plugin C:\Program Files\dotnet\sdk\9.0.304\Sdks\Microsoft.SourceLink.AzureRepos.Git\tools\net\Microsoft.SourceLink.AzureRepos.Git.dll)
       Usando la tarea "Microsoft.SourceLink.AzureRepos.Git.TranslateRepositoryUrls" del ensamblado "C:\Program Files\dotnet\sdk\9.0.304\Sdks\Microsoft.SourceLink.AzureRepos.Git\build\..\tools\net\Microsoft.SourceLink.AzureRepos.Git.dll".
       Tarea "Microsoft.SourceLink.AzureRepos.Git.TranslateRepositoryUrls"
       Ejecuci├│n de la tarea "Microsoft.SourceLink.AzureRepos.Git.TranslateRepositoryUrls" terminada.
   1:7>Compilaci├│n terminada del destino "TranslateAzureReposGitUrlsInSourceControlInformation" en el proyecto "Machly.Api.csproj".
   1:7>Destino "TranslateBitbucketGitUrlsInSourceControlInformation" en el archivo "C:\Program Files\dotnet\sdk\9.0.304\Sdks\Microsoft.SourceLink.Bitbucket.Git\build\Microsoft.SourceLink.Bitbucket.Git.targets" del proyecto "C:\Users\PC\Downloads\Machly\Machly.Api\Machly.Api.csproj" (el destino "_InitializeSourceControlInformationFromSourceControlManager" depende de ├®l):
       Ensamblado cargado durante TaskRun: Microsoft.SourceLink.Bitbucket.Git, Version=9.0.11.11701, Culture=neutral, PublicKeyToken=31bf3856ad364e35(ubicaci├│n: C:\Program Files\dotnet\sdk\9.0.304\Sdks\Microsoft.SourceLink.Bitbucket.Git\tools\net\Microsoft.SourceLink.Bitbucket.Git.dll, MVID: 633cbf61-44e1-4706-8334-7e18ba081963, AssemblyLoadContext: MSBuild plugin C:\Program Files\dotnet\sdk\9.0.304\Sdks\Microsoft.SourceLink.Bitbucket.Git\tools\net\Microsoft.SourceLink.Bitbucket.Git.dll)
       Usando la tarea "Microsoft.SourceLink.Bitbucket.Git.TranslateRepositoryUrls" del ensamblado "C:\Program Files\dotnet\sdk\9.0.304\Sdks\Microsoft.SourceLink.Bitbucket.Git\build\..\tools\net\Microsoft.SourceLink.Bitbucket.Git.dll".
       Tarea "Microsoft.SourceLink.Bitbucket.Git.TranslateRepositoryUrls"
       Ejecuci├│n de la tarea "Microsoft.SourceLink.Bitbucket.Git.TranslateRepositoryUrls" terminada.
   1:7>Compilaci├│n terminada del destino "TranslateBitbucketGitUrlsInSourceControlInformation" en el proyecto "Machly.Api.csproj".
   1:7>Destino "SourceControlManagerPublishTranslatedUrls" en el archivo "C:\Program Files\dotnet\sdk\9.0.304\Sdks\Microsoft.SourceLink.Common\build\InitializeSourceControlInformation.targets" del proyecto "C:\Users\PC\Downloads\Machly\Machly.Api\Machly.Api.csproj" (el destino "_InitializeSourceControlInformationFromSourceControlManager" depende de ├®l):
   1:7>Compilaci├│n terminada del destino "SourceControlManagerPublishTranslatedUrls" en el proyecto "Machly.Api.csproj".
   1:7>Destino "_InitializeSourceControlInformationFromSourceControlManager" en el archivo "C:\Program Files\dotnet\sdk\9.0.304\Sdks\Microsoft.SourceLink.Common\build\InitializeSourceControlInformation.targets" del proyecto "C:\Users\PC\Downloads\Machly\Machly.Api\Machly.Api.csproj" (el destino "InitializeSourceControlInformation" depende de ├®l):
   1:7>Compilaci├│n terminada del destino "_InitializeSourceControlInformationFromSourceControlManager" en el proyecto "Machly.Api.csproj".
   1:7>Destino "InitializeSourceControlInformation" en el archivo "C:\Program Files\dotnet\sdk\9.0.304\Microsoft.Common.CurrentVersion.targets" del proyecto "C:\Users\PC\Downloads\Machly\Machly.Api\Machly.Api.csproj" (el destino "GetAssemblyAttributes" depende de ├®l):
   1:7>Compilaci├│n terminada del destino "InitializeSourceControlInformation" en el proyecto "Machly.Api.csproj".
       Se omiti├│ el destino "GetAssemblyVersion". Compilado previamente de forma correcta.
       Se omiti├│ el destino "InitializeSourceControlInformation". Compilado previamente de forma correcta.
   1:7>Destino "AddSourceRevisionToInformationalVersion" en el archivo "C:\Program Files\dotnet\sdk\9.0.304\Sdks\Microsoft.NET.Sdk\targets\Microsoft.NET.GenerateAssemblyInfo.targets" del proyecto "C:\Users\PC\Downloads\Machly\Machly.Api\Machly.Api.csproj" (el destino "GetAssemblyAttributes" depende de ├®l):
       C:\Program Files\dotnet\sdk\9.0.304\Sdks\Microsoft.NET.Sdk\targets\Microsoft.NET.GenerateAssemblyInfo.targets(70,7): message : Reasignaci├│n de propiedad: $(InformationalVersion)="1.0.0+c41a6c24793d1a1e967217e4befb95458460a760" (valor anterior: "1.0.0") en C:\Program Files\dotnet\sdk\9.0.304\Sdks\Microsoft.NET.Sdk\targets\Microsoft.NET.GenerateAssemblyInfo.targets (70,7) [C:\Users\PC\Downloads\Machly\Machly.Api\Machly.Api.csproj]
   1:7>Compilaci├│n terminada del destino "AddSourceRevisionToInformationalVersion" en el proyecto "Machly.Api.csproj".
       Se omiti├│ el destino "_GetUserSecretsAssemblyAttribute" debido a una condici├│n falsa (False); ( '$(UserSecretsId)' != '' AND '$(GenerateUserSecretsAttribute)' != 'false' AND '$(GeneratedUserSecretsAttributeFile)' == '' ) se evalu├│ como ( '' != '' AND '' != 'false' AND '' == '' ).
   1:7>Destino "GetAssemblyAttributes" en el archivo "C:\Program Files\dotnet\sdk\9.0.304\Sdks\Microsoft.NET.Sdk\targets\Microsoft.NET.GenerateAssemblyInfo.targets" del proyecto "C:\Users\PC\Downloads\Machly\Machly.Api\Machly.Api.csproj" (el destino "CreateGeneratedAssemblyInfoInputsCacheFile" depende de ├®l):
   1:7>Compilaci├│n terminada del destino "GetAssemblyAttributes" en el proyecto "Machly.Api.csproj".
   1:7>Destino "CreateGeneratedAssemblyInfoInputsCacheFile" en el archivo "C:\Program Files\dotnet\sdk\9.0.304\Sdks\Microsoft.NET.Sdk\targets\Microsoft.NET.GenerateAssemblyInfo.targets" del proyecto "C:\Users\PC\Downloads\Machly\Machly.Api\Machly.Api.csproj" (el destino "CoreGenerateAssemblyInfo" depende de ├®l):
       Usando la tarea "Hash" del ensamblado "Microsoft.Build.Tasks.Core, Version=15.1.0.0, Culture=neutral, PublicKeyToken=b03f5f7f11d50a3a".
       Tarea "Hash"
       Ejecuci├│n de la tarea "Hash" terminada.
       Tarea "WriteLinesToFile"
         Omitiendo la escritura en el archivo "obj\Debug\net8.0\Machly.Api.AssemblyInfoInputs.cache" porque el contenido no cambiar├í.
       Ejecuci├│n de la tarea "WriteLinesToFile" terminada.
   1:7>Compilaci├│n terminada del destino "CreateGeneratedAssemblyInfoInputsCacheFile" en el proyecto "Machly.Api.csproj".
   1:7>Destino "CoreGenerateAssemblyInfo" en el archivo "C:\Program Files\dotnet\sdk\9.0.304\Sdks\Microsoft.NET.Sdk\targets\Microsoft.NET.GenerateAssemblyInfo.targets" del proyecto "C:\Users\PC\Downloads\Machly\Machly.Api\Machly.Api.csproj" (el destino "GenerateAssemblyInfo" depende de ├®l):
       Se omitir├í el destino "CoreGenerateAssemblyInfo" porque todos los archivos de salida est├ín actualizados respecto a los archivos de entrada.
       Archivos de entrada: obj\Debug\net8.0\Machly.Api.AssemblyInfoInputs.cache
       Archivos de salida: obj\Debug\net8.0\Machly.Api.AssemblyInfo.cs
   1:7>Compilaci├│n terminada del destino "CoreGenerateAssemblyInfo" en el proyecto "Machly.Api.csproj".
   1:7>Destino "GenerateAssemblyInfo" en el archivo "C:\Program Files\dotnet\sdk\9.0.304\Sdks\Microsoft.NET.Sdk\targets\Microsoft.NET.GenerateAssemblyInfo.targets" del proyecto "C:\Users\PC\Downloads\Machly\Machly.Api\Machly.Api.csproj" (el destino "BeforeCompile" depende de ├®l):
   1:7>Compilaci├│n terminada del destino "GenerateAssemblyInfo" en el proyecto "Machly.Api.csproj".
   1:7>Destino "BeforeCompile" en el archivo "C:\Program Files\dotnet\sdk\9.0.304\Microsoft.Common.CurrentVersion.targets" del proyecto "C:\Users\PC\Downloads\Machly\Machly.Api\Machly.Api.csproj" (el destino "Compile" depende de ├®l):
   1:7>Compilaci├│n terminada del destino "BeforeCompile" en el proyecto "Machly.Api.csproj".
       Se omiti├│ el destino "_TimeStampBeforeCompile" debido a una condici├│n falsa (False); ('$(RunPostBuildEvent)'=='OnOutputUpdated' or ('$(RegisterForComInterop)'=='true' and '$(OutputType)'=='library')) se evalu├│ como (''=='OnOutputUpdated' or (''=='true' and 'Exe'=='library')).
       Se omiti├│ el destino "ResolveAssemblyReferences". Compilado previamente de forma correcta.
       Se omiti├│ el destino "_GenerateCompileInputs". Compilado previamente de forma correcta.
   1:7>Destino "_GenerateCompileDependencyCache" en el archivo "C:\Program Files\dotnet\sdk\9.0.304\Microsoft.Common.CurrentVersion.targets" del proyecto "C:\Users\PC\Downloads\Machly\Machly.Api\Machly.Api.csproj" (el destino "Compile" depende de ├®l):
       Tarea "Hash"
       Ejecuci├│n de la tarea "Hash" terminada.
       Tarea "WriteLinesToFile"
         Omitiendo la escritura en el archivo "obj\Debug\net8.0\Machly.Api.csproj.CoreCompileInputs.cache" porque el contenido no cambiar├í.
       Ejecuci├│n de la tarea "WriteLinesToFile" terminada.
   1:7>Compilaci├│n terminada del destino "_GenerateCompileDependencyCache" en el proyecto "Machly.Api.csproj".
       Se omiti├│ el destino "ResolveAssemblyReferences". Compilado previamente de forma correcta.
   1:7>Destino "_DiscoverMvcApplicationParts" en el archivo "C:\Program Files\dotnet\sdk\9.0.304\Sdks\Microsoft.NET.Sdk.Razor\targets\Microsoft.NET.Sdk.Razor.MvcApplicationPartsDiscovery.targets" del proyecto "C:\Users\PC\Downloads\Machly\Machly.Api\Machly.Api.csproj" (el destino "CoreCompile" depende de ├®l):
       Se omitir├í el destino "_DiscoverMvcApplicationParts" porque todos los archivos de salida est├ín actualizados respecto a los archivos de entrada.
       Archivos de entrada: 
           C:\Users\PC\Downloads\Machly\Machly.Api\obj\project.assets.json
           C:\Users\PC\Downloads\Machly\Machly.Api\obj\Machly.Api.csproj.nuget.g.targets
           C:\Program Files\dotnet\sdk\9.0.304\Current\Microsoft.Common.targets\ImportAfter\Microsoft.TestPlatform.ImportAfter.targets
       Archivos de salida: obj\Debug\net8.0\Machly.Api.MvcApplicationPartsAssemblyInfo.cache
   1:7>Compilaci├│n terminada del destino "_DiscoverMvcApplicationParts" en el proyecto "Machly.Api.csproj".
       Se omiti├│ el destino "_ComputeNonExistentFileProperty" debido a una condici├│n falsa (False); (('$(BuildingInsideVisualStudio)' == 'true') and ('$(BuildingOutOfProcess)' != 'true') and (('$(BuildingProject)' == 'false') or ('$(UseHostCompilerIfAvailable)' == 'true'))) se evalu├│ como (('' == 'true') and ('' != 'true') and (('true' == 'false') or ('true' == 'true'))).
       Se omiti├│ el destino "ResolveCodeAnalysisRuleSet" debido a una condici├│n falsa (False); ('$(CodeAnalysisRuleSet)' != '') se evalu├│ como ('' != '').
       Se omiti├│ el destino "ResolveRazorGenerateInputs". Compilado previamente de forma correcta.
   1:7>Destino "_ResolveMvcAssemblyAttributes" en el archivo "C:\Program Files\dotnet\sdk\9.0.304\Sdks\Microsoft.NET.Sdk.Razor\targets\Microsoft.NET.Sdk.Razor.Configuration.targets" del proyecto "C:\Users\PC\Downloads\Machly\Machly.Api\Machly.Api.csproj" (el destino "_GenerateRazorAssemblyInfo" depende de ├®l):
   1:7>Compilaci├│n terminada del destino "_ResolveMvcAssemblyAttributes" en el proyecto "Machly.Api.csproj".
       Se omiti├│ el destino "RazorGetAssemblyAttributes" debido a una condici├│n falsa (False); ('$(GenerateRazorHostingAssemblyInfo)'=='true' and '$(RazorDefaultConfiguration)'!='') se evalu├│ como (''=='true' and 'MVC-3.0'!='').
       Se omiti├│ el destino "PrepareForBuild". Compilado previamente de forma correcta.
       Se omiti├│ el destino "_CoreGenerateRazorAssemblyInfo" debido a una condici├│n falsa (False); ('$(GenerateRazorAssemblyInfo)' == 'true' AND '@(_RazorAssemblyAttribute)' != '') se evalu├│ como ('' == 'true' AND '' != '').
   1:7>Destino "_GenerateRazorAssemblyInfo" en el archivo "C:\Program Files\dotnet\sdk\9.0.304\Sdks\Microsoft.NET.Sdk.Razor\targets\Microsoft.NET.Sdk.Razor.GenerateAssemblyInfo.targets" del proyecto "C:\Users\PC\Downloads\Machly\Machly.Api\Machly.Api.csproj" (el destino "CoreCompile" depende de ├®l):
   1:7>Compilaci├│n terminada del destino "_GenerateRazorAssemblyInfo" en el proyecto "Machly.Api.csproj".
       Se omiti├│ el destino "ShimReferencePathsWhenCommonTargetsDoesNotUnderstandReferenceAssemblies" debido a una condici├│n falsa (False); ('@(ReferencePathWithRefAssemblies)' == '') se evalu├│ como ('C:\Users\PC\.nuget\packages\bcrypt.net-next\4.0.3\lib\net6.0\BCrypt.Net-Next.dll;C:\Users\PC\.nuget\packages\chillicream.nitro.app\28.0.7\lib\net8.0\ChilliCream.Nitro.App.dll;C:\Users\PC\.nuget\packages\dnsclient\1.6.1\lib\net5.0\DnsClient.dll;...' == '').
   1:7>Destino "_BeforeVBCSCoreCompile" en el archivo "C:\Program Files\dotnet\sdk\9.0.304\Roslyn\Microsoft.Managed.Core.targets" del proyecto "C:\Users\PC\Downloads\Machly\Machly.Api\Machly.Api.csproj" (el destino "CoreCompile" depende de ├®l):
   1:7>Compilaci├│n terminada del destino "_BeforeVBCSCoreCompile" en el proyecto "Machly.Api.csproj".
       Se omiti├│ el destino "AdjustDefaultPlatformTargetForNetFrameworkExeWithNoNativeCopyLocalItems" debido a una condici├│n falsa (False); ('$(_UsingDefaultPlatformTarget)' == 'true' and
                            '$(_UsingDefaultRuntimeIdentifier)' == 'true') se evalu├│ como ('true' == 'true' and
                            '' == 'true').
       Se omiti├│ el destino "_DisableDiagnosticTracing" debido a una condici├│n falsa (False); ('$(DisableDiagnosticTracing)' == 'true') se evalu├│ como ('' == 'true').
       Se omiti├│ el destino "ShimReferencePathsWhenCommonTargetsDoesNotUnderstandReferenceAssemblies" debido a una condici├│n falsa (False); ('@(ReferencePathWithRefAssemblies)' == '') se evalu├│ como ('C:\Users\PC\.nuget\packages\bcrypt.net-next\4.0.3\lib\net6.0\BCrypt.Net-Next.dll;C:\Users\PC\.nuget\packages\chillicream.nitro.app\28.0.7\lib\net8.0\ChilliCream.Nitro.App.dll;C:\Users\PC\.nuget\packages\dnsclient\1.6.1\lib\net5.0\DnsClient.dll;...' == '').
   1:7>Destino "_ComputeSkipAnalyzers" en el archivo "C:\Program Files\dotnet\sdk\9.0.304\Roslyn\Microsoft.Managed.Core.targets" del proyecto "C:\Users\PC\Downloads\Machly\Machly.Api\Machly.Api.csproj" (el destino "CoreCompile" depende de ├®l):
       Se omiti├│ la tarea "ShowMessageForImplicitlySkipAnalyzers" debido a una condici├│n falsa (False); ('$(_ImplicitlySkipAnalyzers)' == 'true') se evalu├│ como ('' == 'true').
   1:7>Compilaci├│n terminada del destino "_ComputeSkipAnalyzers" en el proyecto "Machly.Api.csproj".
       Se omiti├│ el destino "_SetPathMapFromSourceRoots" debido a una condici├│n falsa (False); ('$(DeterministicSourcePaths)' == 'true') se evalu├│ como ('' == 'true').
       Se omiti├│ el destino "CreateCompilerGeneratedFilesOutputPath" debido a una condici├│n falsa (False); ('$(EmitCompilerGeneratedFiles)' == 'true' and !('$(DesignTimeBuild)' == 'true' OR '$(BuildingProject)' != 'true')) se evalu├│ como ('false' == 'true' and !('' == 'true' OR 'true' != 'true')).
       Se omiti├│ el destino "_CheckMicrosoftNetSdkCompilersToolsetPackageExists" debido a una condici├│n falsa (False); ('$(_NeedToDownloadMicrosoftNetSdkCompilersToolsetPackage)' == 'true' and '$(DesignTimeBuild)' != 'true') se evalu├│ como ('' == 'true' and '' != 'true').
       Se omiti├│ el destino "BeforeCompile". Compilado previamente de forma correcta.
       Se omiti├│ el destino "InitializeSourceControlInformationFromSourceControlManager". Compilado previamente de forma correcta.
   1:7>Destino "SetEmbeddedFilesFromSourceControlManagerUntrackedFiles" en el archivo "C:\Program Files\dotnet\sdk\9.0.304\Sdks\Microsoft.Build.Tasks.Git\build\Microsoft.Build.Tasks.Git.targets" del proyecto "C:\Users\PC\Downloads\Machly\Machly.Api\Machly.Api.csproj" (el destino "_SetEmbeddedFilesFromSourceControlManagerUntrackedFiles" depende de ├®l):
       Usando la tarea "Microsoft.Build.Tasks.Git.GetUntrackedFiles" del ensamblado "C:\Program Files\dotnet\sdk\9.0.304\Sdks\Microsoft.Build.Tasks.Git\build\..\tools\net\Microsoft.Build.Tasks.Git.dll".
       Tarea "Microsoft.Build.Tasks.Git.GetUntrackedFiles"
         SourceLink: Reusing cached git repository information.
       Ejecuci├│n de la tarea "Microsoft.Build.Tasks.Git.GetUntrackedFiles" terminada.
   1:7>Compilaci├│n terminada del destino "SetEmbeddedFilesFromSourceControlManagerUntrackedFiles" en el proyecto "Machly.Api.csproj".
   1:7>Destino "_SetEmbeddedFilesFromSourceControlManagerUntrackedFiles" en el archivo "C:\Program Files\dotnet\sdk\9.0.304\Sdks\Microsoft.SourceLink.Common\build\Microsoft.SourceLink.Common.targets" del proyecto "C:\Users\PC\Downloads\Machly\Machly.Api\Machly.Api.csproj" (el destino "CoreCompile" depende de ├®l):
   1:7>Compilaci├│n terminada del destino "_SetEmbeddedFilesFromSourceControlManagerUntrackedFiles" en el proyecto "Machly.Api.csproj".
       Se omiti├│ el destino "InitializeSourceControlInformation". Compilado previamente de forma correcta.
   1:7>Destino "_SetSourceLinkFilePath" en el archivo "C:\Program Files\dotnet\sdk\9.0.304\Sdks\Microsoft.SourceLink.Common\build\Microsoft.SourceLink.Common.targets" del proyecto "C:\Users\PC\Downloads\Machly\Machly.Api\Machly.Api.csproj" (el destino "_GenerateSourceLinkFile" depende de ├®l):
   1:7>Compilaci├│n terminada del destino "_SetSourceLinkFilePath" en el proyecto "Machly.Api.csproj".
       Se omiti├│ el destino "InitializeSourceControlInformation". Compilado previamente de forma correcta.
   1:7>Destino "_InitializeSourceRootMappedPathsFromSourceControl" en el archivo "C:\Program Files\dotnet\sdk\9.0.304\Roslyn\Microsoft.Managed.Core.targets" del proyecto "C:\Users\PC\Downloads\Machly\Machly.Api\Machly.Api.csproj" (el destino "InitializeSourceRootMappedPaths" depende de ├®l):
   1:7>Compilaci├│n terminada del destino "_InitializeSourceRootMappedPathsFromSourceControl" en el proyecto "Machly.Api.csproj".
   1:7>Destino "InitializeSourceRootMappedPaths" en el archivo "C:\Program Files\dotnet\sdk\9.0.304\Roslyn\Microsoft.Managed.Core.targets" del proyecto "C:\Users\PC\Downloads\Machly\Machly.Api\Machly.Api.csproj" (el destino "_InitializeSourceRootMappedPathsOpt" depende de ├®l):
       Usando la tarea "Microsoft.CodeAnalysis.BuildTasks.MapSourceRoots" del ensamblado "C:\Program Files\dotnet\sdk\9.0.304\Roslyn\Microsoft.Build.Tasks.CodeAnalysis.dll".
       Tarea "Microsoft.CodeAnalysis.BuildTasks.MapSourceRoots"
       Ejecuci├│n de la tarea "Microsoft.CodeAnalysis.BuildTasks.MapSourceRoots" terminada.
   1:7>Compilaci├│n terminada del destino "InitializeSourceRootMappedPaths" en el proyecto "Machly.Api.csproj".
   1:7>Destino "_InitializeSourceRootMappedPathsOpt" en el archivo "C:\Program Files\dotnet\sdk\9.0.304\Sdks\Microsoft.SourceLink.Common\build\Microsoft.SourceLink.Common.targets" del proyecto "C:\Users\PC\Downloads\Machly\Machly.Api\Machly.Api.csproj" (el destino "_GenerateSourceLinkFile" depende de ├®l):
   1:7>Compilaci├│n terminada del destino "_InitializeSourceRootMappedPathsOpt" en el proyecto "Machly.Api.csproj".
   1:7>Destino "_InitializeGitHubSourceLinkUrl" en el archivo "C:\Program Files\dotnet\sdk\9.0.304\Sdks\Microsoft.SourceLink.GitHub\build\Microsoft.SourceLink.GitHub.targets" del proyecto "C:\Users\PC\Downloads\Machly\Machly.Api\Machly.Api.csproj" (el destino "_GenerateSourceLinkFile" depende de ├®l):
       Compilando completamente el destino "_InitializeGitHubSourceLinkUrl".
       No se especificaron archivos de entrada.
       Usando la tarea "Microsoft.SourceLink.GitHub.GetSourceLinkUrl" del ensamblado "C:\Program Files\dotnet\sdk\9.0.304\Sdks\Microsoft.SourceLink.GitHub\build\..\tools\net\Microsoft.SourceLink.GitHub.dll".
       Tarea "Microsoft.SourceLink.GitHub.GetSourceLinkUrl"
       Ejecuci├│n de la tarea "Microsoft.SourceLink.GitHub.GetSourceLinkUrl" terminada.
   1:7>Compilaci├│n terminada del destino "_InitializeGitHubSourceLinkUrl" en el proyecto "Machly.Api.csproj".
   1:7>Destino "_InitializeGitHubSourceLinkUrl" en el archivo "C:\Program Files\dotnet\sdk\9.0.304\Sdks\Microsoft.SourceLink.GitHub\build\Microsoft.SourceLink.GitHub.targets" del proyecto "C:\Users\PC\Downloads\Machly\Machly.Api\Machly.Api.csproj" (el destino "_GenerateSourceLinkFile" depende de ├®l):
       Compilando completamente el destino "_InitializeGitHubSourceLinkUrl".
       No se especificaron archivos de entrada.
       Tarea "Microsoft.SourceLink.GitHub.GetSourceLinkUrl"
       Ejecuci├│n de la tarea "Microsoft.SourceLink.GitHub.GetSourceLinkUrl" terminada.
   1:7>Compilaci├│n terminada del destino "_InitializeGitHubSourceLinkUrl" en el proyecto "Machly.Api.csproj".
   1:7>Destino "_InitializeGitHubSourceLinkUrl" en el archivo "C:\Program Files\dotnet\sdk\9.0.304\Sdks\Microsoft.SourceLink.GitHub\build\Microsoft.SourceLink.GitHub.targets" del proyecto "C:\Users\PC\Downloads\Machly\Machly.Api\Machly.Api.csproj" (el destino "_GenerateSourceLinkFile" depende de ├®l):
       Compilando completamente el destino "_InitializeGitHubSourceLinkUrl".
       No se especificaron archivos de entrada.
       Tarea "Microsoft.SourceLink.GitHub.GetSourceLinkUrl"
       Ejecuci├│n de la tarea "Microsoft.SourceLink.GitHub.GetSourceLinkUrl" terminada.
   1:7>Compilaci├│n terminada del destino "_InitializeGitHubSourceLinkUrl" en el proyecto "Machly.Api.csproj".
   1:7>Destino "_InitializeGitLabSourceLinkUrl" en el archivo "C:\Program Files\dotnet\sdk\9.0.304\Sdks\Microsoft.SourceLink.GitLab\build\Microsoft.SourceLink.GitLab.targets" del proyecto "C:\Users\PC\Downloads\Machly\Machly.Api\Machly.Api.csproj" (el destino "_GenerateSourceLinkFile" depende de ├®l):
       Compilando completamente el destino "_InitializeGitLabSourceLinkUrl".
       No se especificaron archivos de entrada.
       Usando la tarea "Microsoft.SourceLink.GitLab.GetSourceLinkUrl" del ensamblado "C:\Program Files\dotnet\sdk\9.0.304\Sdks\Microsoft.SourceLink.GitLab\build\..\tools\net\Microsoft.SourceLink.GitLab.dll".
       Tarea "Microsoft.SourceLink.GitLab.GetSourceLinkUrl"
       C:\Program Files\dotnet\sdk\9.0.304\Sdks\Microsoft.SourceLink.GitLab\build\Microsoft.SourceLink.GitLab.targets(37,7): message : Reasignaci├│n de propiedad: $(_SourceLinkUrlToUpdate)="N/A" (valor anterior: "https://raw.githubusercontent.com/SebastianTR2/Backent-Proyecto-4semestre/c41a6c24793d1a1e967217e4befb95458460a760/*") en C:\Program Files\dotnet\sdk\9.0.304\Sdks\Microsoft.SourceLink.GitLab\build\Microsoft.SourceLink.GitLab.targets (37,7) [C:\Users\PC\Downloads\Machly\Machly.Api\Machly.Api.csproj]
       Ejecuci├│n de la tarea "Microsoft.SourceLink.GitLab.GetSourceLinkUrl" terminada.
   1:7>Compilaci├│n terminada del destino "_InitializeGitLabSourceLinkUrl" en el proyecto "Machly.Api.csproj".
   1:7>Destino "_InitializeGitLabSourceLinkUrl" en el archivo "C:\Program Files\dotnet\sdk\9.0.304\Sdks\Microsoft.SourceLink.GitLab\build\Microsoft.SourceLink.GitLab.targets" del proyecto "C:\Users\PC\Downloads\Machly\Machly.Api\Machly.Api.csproj" (el destino "_GenerateSourceLinkFile" depende de ├®l):
       Compilando completamente el destino "_InitializeGitLabSourceLinkUrl".
       No se especificaron archivos de entrada.
       Tarea "Microsoft.SourceLink.GitLab.GetSourceLinkUrl"
       C:\Program Files\dotnet\sdk\9.0.304\Sdks\Microsoft.SourceLink.GitLab\build\Microsoft.SourceLink.GitLab.targets(37,7): message : Reasignaci├│n de propiedad: $(_SourceLinkUrlToUpdate)="N/A" (valor anterior: "https://raw.githubusercontent.com/SebastianTR2/Backent-Proyecto-4semestre/c41a6c24793d1a1e967217e4befb95458460a760/*") en C:\Program Files\dotnet\sdk\9.0.304\Sdks\Microsoft.SourceLink.GitLab\build\Microsoft.SourceLink.GitLab.targets (37,7) [C:\Users\PC\Downloads\Machly\Machly.Api\Machly.Api.csproj]
       Ejecuci├│n de la tarea "Microsoft.SourceLink.GitLab.GetSourceLinkUrl" terminada.
   1:7>Compilaci├│n terminada del destino "_InitializeGitLabSourceLinkUrl" en el proyecto "Machly.Api.csproj".
   1:7>Destino "_InitializeGitLabSourceLinkUrl" en el archivo "C:\Program Files\dotnet\sdk\9.0.304\Sdks\Microsoft.SourceLink.GitLab\build\Microsoft.SourceLink.GitLab.targets" del proyecto "C:\Users\PC\Downloads\Machly\Machly.Api\Machly.Api.csproj" (el destino "_GenerateSourceLinkFile" depende de ├®l):
       Compilando completamente el destino "_InitializeGitLabSourceLinkUrl".
       No se especificaron archivos de entrada.
       Tarea "Microsoft.SourceLink.GitLab.GetSourceLinkUrl"
       C:\Program Files\dotnet\sdk\9.0.304\Sdks\Microsoft.SourceLink.GitLab\build\Microsoft.SourceLink.GitLab.targets(37,7): message : Reasignaci├│n de propiedad: $(_SourceLinkUrlToUpdate)="N/A" (valor anterior: "https://raw.githubusercontent.com/SebastianTR2/Backent-Proyecto-4semestre/c41a6c24793d1a1e967217e4befb95458460a760/*") en C:\Program Files\dotnet\sdk\9.0.304\Sdks\Microsoft.SourceLink.GitLab\build\Microsoft.SourceLink.GitLab.targets (37,7) [C:\Users\PC\Downloads\Machly\Machly.Api\Machly.Api.csproj]
       Ejecuci├│n de la tarea "Microsoft.SourceLink.GitLab.GetSourceLinkUrl" terminada.
   1:7>Compilaci├│n terminada del destino "_InitializeGitLabSourceLinkUrl" en el proyecto "Machly.Api.csproj".
   1:7>Destino "_InitializeAzureReposGitSourceLinkUrl" en el archivo "C:\Program Files\dotnet\sdk\9.0.304\Sdks\Microsoft.SourceLink.AzureRepos.Git\build\Microsoft.SourceLink.AzureRepos.Git.targets" del proyecto "C:\Users\PC\Downloads\Machly\Machly.Api\Machly.Api.csproj" (el destino "_GenerateSourceLinkFile" depende de ├®l):
       Compilando completamente el destino "_InitializeAzureReposGitSourceLinkUrl".
       No se especificaron archivos de entrada.
       Usando la tarea "Microsoft.SourceLink.AzureRepos.Git.GetSourceLinkUrl" del ensamblado "C:\Program Files\dotnet\sdk\9.0.304\Sdks\Microsoft.SourceLink.AzureRepos.Git\build\..\tools\net\Microsoft.SourceLink.AzureRepos.Git.dll".
       Tarea "Microsoft.SourceLink.AzureRepos.Git.GetSourceLinkUrl"
       Ejecuci├│n de la tarea "Microsoft.SourceLink.AzureRepos.Git.GetSourceLinkUrl" terminada.
   1:7>Compilaci├│n terminada del destino "_InitializeAzureReposGitSourceLinkUrl" en el proyecto "Machly.Api.csproj".
   1:7>Destino "_InitializeAzureReposGitSourceLinkUrl" en el archivo "C:\Program Files\dotnet\sdk\9.0.304\Sdks\Microsoft.SourceLink.AzureRepos.Git\build\Microsoft.SourceLink.AzureRepos.Git.targets" del proyecto "C:\Users\PC\Downloads\Machly\Machly.Api\Machly.Api.csproj" (el destino "_GenerateSourceLinkFile" depende de ├®l):
       Compilando completamente el destino "_InitializeAzureReposGitSourceLinkUrl".
       No se especificaron archivos de entrada.
       Tarea "Microsoft.SourceLink.AzureRepos.Git.GetSourceLinkUrl"
       Ejecuci├│n de la tarea "Microsoft.SourceLink.AzureRepos.Git.GetSourceLinkUrl" terminada.
   1:7>Compilaci├│n terminada del destino "_InitializeAzureReposGitSourceLinkUrl" en el proyecto "Machly.Api.csproj".
   1:7>Destino "_InitializeAzureReposGitSourceLinkUrl" en el archivo "C:\Program Files\dotnet\sdk\9.0.304\Sdks\Microsoft.SourceLink.AzureRepos.Git\build\Microsoft.SourceLink.AzureRepos.Git.targets" del proyecto "C:\Users\PC\Downloads\Machly\Machly.Api\Machly.Api.csproj" (el destino "_GenerateSourceLinkFile" depende de ├®l):
       Compilando completamente el destino "_InitializeAzureReposGitSourceLinkUrl".
       No se especificaron archivos de entrada.
       Tarea "Microsoft.SourceLink.AzureRepos.Git.GetSourceLinkUrl"
       Ejecuci├│n de la tarea "Microsoft.SourceLink.AzureRepos.Git.GetSourceLinkUrl" terminada.
   1:7>Compilaci├│n terminada del destino "_InitializeAzureReposGitSourceLinkUrl" en el proyecto "Machly.Api.csproj".
   1:7>Destino "_InitializeBitbucketGitSourceLinkUrl" en el archivo "C:\Program Files\dotnet\sdk\9.0.304\Sdks\Microsoft.SourceLink.Bitbucket.Git\build\Microsoft.SourceLink.Bitbucket.Git.targets" del proyecto "C:\Users\PC\Downloads\Machly\Machly.Api\Machly.Api.csproj" (el destino "_GenerateSourceLinkFile" depende de ├®l):
       Compilando completamente el destino "_InitializeBitbucketGitSourceLinkUrl".
       No se especificaron archivos de entrada.
       Usando la tarea "Microsoft.SourceLink.Bitbucket.Git.GetSourceLinkUrl" del ensamblado "C:\Program Files\dotnet\sdk\9.0.304\Sdks\Microsoft.SourceLink.Bitbucket.Git\build\..\tools\net\Microsoft.SourceLink.Bitbucket.Git.dll".
       Tarea "Microsoft.SourceLink.Bitbucket.Git.GetSourceLinkUrl"
       Ejecuci├│n de la tarea "Microsoft.SourceLink.Bitbucket.Git.GetSourceLinkUrl" terminada.
   1:7>Compilaci├│n terminada del destino "_InitializeBitbucketGitSourceLinkUrl" en el proyecto "Machly.Api.csproj".
   1:7>Destino "_InitializeBitbucketGitSourceLinkUrl" en el archivo "C:\Program Files\dotnet\sdk\9.0.304\Sdks\Microsoft.SourceLink.Bitbucket.Git\build\Microsoft.SourceLink.Bitbucket.Git.targets" del proyecto "C:\Users\PC\Downloads\Machly\Machly.Api\Machly.Api.csproj" (el destino "_GenerateSourceLinkFile" depende de ├®l):
       Compilando completamente el destino "_InitializeBitbucketGitSourceLinkUrl".
       No se especificaron archivos de entrada.
       Tarea "Microsoft.SourceLink.Bitbucket.Git.GetSourceLinkUrl"
       Ejecuci├│n de la tarea "Microsoft.SourceLink.Bitbucket.Git.GetSourceLinkUrl" terminada.
   1:7>Compilaci├│n terminada del destino "_InitializeBitbucketGitSourceLinkUrl" en el proyecto "Machly.Api.csproj".
   1:7>Destino "_InitializeBitbucketGitSourceLinkUrl" en el archivo "C:\Program Files\dotnet\sdk\9.0.304\Sdks\Microsoft.SourceLink.Bitbucket.Git\build\Microsoft.SourceLink.Bitbucket.Git.targets" del proyecto "C:\Users\PC\Downloads\Machly\Machly.Api\Machly.Api.csproj" (el destino "_GenerateSourceLinkFile" depende de ├®l):
       Compilando completamente el destino "_InitializeBitbucketGitSourceLinkUrl".
       No se especificaron archivos de entrada.
       Tarea "Microsoft.SourceLink.Bitbucket.Git.GetSourceLinkUrl"
       Ejecuci├│n de la tarea "Microsoft.SourceLink.Bitbucket.Git.GetSourceLinkUrl" terminada.
   1:7>Compilaci├│n terminada del destino "_InitializeBitbucketGitSourceLinkUrl" en el proyecto "Machly.Api.csproj".
   1:7>Destino "_GenerateSourceLinkFile" en el archivo "C:\Program Files\dotnet\sdk\9.0.304\Sdks\Microsoft.SourceLink.Common\build\Microsoft.SourceLink.Common.targets" del proyecto "C:\Users\PC\Downloads\Machly\Machly.Api\Machly.Api.csproj" (el destino "GenerateSourceLinkFile" depende de ├®l):
       Compilando completamente el destino "_GenerateSourceLinkFile".
       No se especificaron archivos de entrada.
       Usando la tarea "Microsoft.SourceLink.Common.GenerateSourceLinkFile" del ensamblado "C:\Program Files\dotnet\sdk\9.0.304\Sdks\Microsoft.SourceLink.Common\build\..\tools\net\Microsoft.SourceLink.Common.dll".
       Tarea "Microsoft.SourceLink.Common.GenerateSourceLinkFile"
         Ensamblado cargado durante TaskRun (Microsoft.SourceLink.Common.GenerateSourceLinkFile): Microsoft.SourceLink.Common.resources, Version=9.0.11.11701, Culture=es, PublicKeyToken=31bf3856ad364e35(ubicaci├│n: C:\Program Files\dotnet\sdk\9.0.304\Sdks\Microsoft.SourceLink.Common\tools\net\es\Microsoft.SourceLink.Common.resources.dll, MVID: f0cc21c8-a48a-4716-889d-0ede412b97cc, AssemblyLoadContext: MSBuild plugin C:\Program Files\dotnet\sdk\9.0.304\Sdks\Microsoft.SourceLink.Common\tools\net\Microsoft.SourceLink.Common.dll)
         El archivo de Source Link 'obj\Debug\net8.0\Machly.Api.sourcelink.json' est├í actualizado.
       Ejecuci├│n de la tarea "Microsoft.SourceLink.Common.GenerateSourceLinkFile" terminada.
   1:7>Compilaci├│n terminada del destino "_GenerateSourceLinkFile" en el proyecto "Machly.Api.csproj".
   1:7>Destino "GenerateSourceLinkFile" en el archivo "C:\Program Files\dotnet\sdk\9.0.304\Sdks\Microsoft.SourceLink.Common\build\Microsoft.SourceLink.Common.targets" del proyecto "C:\Users\PC\Downloads\Machly\Machly.Api\Machly.Api.csproj" (el destino "CoreCompile" depende de ├®l):
   1:7>Compilaci├│n terminada del destino "GenerateSourceLinkFile" en el proyecto "Machly.Api.csproj".
   1:7>Destino "AddGlobalAnalyzerConfigForPackage_MicrosoftCodeAnalysisNetAnalyzers" en el archivo "C:\Program Files\dotnet\sdk\9.0.304\Sdks\Microsoft.NET.Sdk\analyzers\build\Microsoft.CodeAnalysis.NetAnalyzers.targets" del proyecto "C:\Users\PC\Downloads\Machly\Machly.Api\Machly.Api.csproj" (el destino "CoreCompile" depende de ├®l):
   1:7>Compilaci├│n terminada del destino "AddGlobalAnalyzerConfigForPackage_MicrosoftCodeAnalysisNetAnalyzers" en el proyecto "Machly.Api.csproj".
       Se omiti├│ el destino "AddGlobalAnalyzerConfigForPackage_MicrosoftCodeAnalysisNetAnalyzersDesign" debido a una condici├│n falsa (False); ('$(SkipGlobalAnalyzerConfigForPackage)' != 'true' and ('$(AnalysisLevelDesign)' != '' or '$(AnalysisModeDesign)' != '')) se evalu├│ como ('' != 'true' and ('' != '' or '' != '')).
       Se omiti├│ el destino "AddGlobalAnalyzerConfigForPackage_MicrosoftCodeAnalysisNetAnalyzersDocumentation" debido a una condici├│n falsa (False); ('$(SkipGlobalAnalyzerConfigForPackage)' != 'true' and ('$(AnalysisLevelDocumentation)' != '' or '$(AnalysisModeDocumentation)' != '')) se evalu├│ como ('' != 'true' and ('' != '' or '' != '')).
       Se omiti├│ el destino "AddGlobalAnalyzerConfigForPackage_MicrosoftCodeAnalysisNetAnalyzersGlobalization" debido a una condici├│n falsa (False); ('$(SkipGlobalAnalyzerConfigForPackage)' != 'true' and ('$(AnalysisLevelGlobalization)' != '' or '$(AnalysisModeGlobalization)' != '')) se evalu├│ como ('' != 'true' and ('' != '' or '' != '')).
       Se omiti├│ el destino "AddGlobalAnalyzerConfigForPackage_MicrosoftCodeAnalysisNetAnalyzersInteroperability" debido a una condici├│n falsa (False); ('$(SkipGlobalAnalyzerConfigForPackage)' != 'true' and ('$(AnalysisLevelInteroperability)' != '' or '$(AnalysisModeInteroperability)' != '')) se evalu├│ como ('' != 'true' and ('' != '' or '' != '')).
       Se omiti├│ el destino "AddGlobalAnalyzerConfigForPackage_MicrosoftCodeAnalysisNetAnalyzersMaintainability" debido a una condici├│n falsa (False); ('$(SkipGlobalAnalyzerConfigForPackage)' != 'true' and ('$(AnalysisLevelMaintainability)' != '' or '$(AnalysisModeMaintainability)' != '')) se evalu├│ como ('' != 'true' and ('' != '' or '' != '')).
       Se omiti├│ el destino "AddGlobalAnalyzerConfigForPackage_MicrosoftCodeAnalysisNetAnalyzersNaming" debido a una condici├│n falsa (False); ('$(SkipGlobalAnalyzerConfigForPackage)' != 'true' and ('$(AnalysisLevelNaming)' != '' or '$(AnalysisModeNaming)' != '')) se evalu├│ como ('' != 'true' and ('' != '' or '' != '')).
       Se omiti├│ el destino "AddGlobalAnalyzerConfigForPackage_MicrosoftCodeAnalysisNetAnalyzersPerformance" debido a una condici├│n falsa (False); ('$(SkipGlobalAnalyzerConfigForPackage)' != 'true' and ('$(AnalysisLevelPerformance)' != '' or '$(AnalysisModePerformance)' != '')) se evalu├│ como ('' != 'true' and ('' != '' or '' != '')).
       Se omiti├│ el destino "AddGlobalAnalyzerConfigForPackage_MicrosoftCodeAnalysisNetAnalyzersReliability" debido a una condici├│n falsa (False); ('$(SkipGlobalAnalyzerConfigForPackage)' != 'true' and ('$(AnalysisLevelReliability)' != '' or '$(AnalysisModeReliability)' != '')) se evalu├│ como ('' != 'true' and ('' != '' or '' != '')).
       Se omiti├│ el destino "AddGlobalAnalyzerConfigForPackage_MicrosoftCodeAnalysisNetAnalyzersSecurity" debido a una condici├│n falsa (False); ('$(SkipGlobalAnalyzerConfigForPackage)' != 'true' and ('$(AnalysisLevelSecurity)' != '' or '$(AnalysisModeSecurity)' != '')) se evalu├│ como ('' != 'true' and ('' != '' or '' != '')).
       Se omiti├│ el destino "AddGlobalAnalyzerConfigForPackage_MicrosoftCodeAnalysisNetAnalyzersUsage" debido a una condici├│n falsa (False); ('$(SkipGlobalAnalyzerConfigForPackage)' != 'true' and ('$(AnalysisLevelUsage)' != '' or '$(AnalysisModeUsage)' != '')) se evalu├│ como ('' != 'true' and ('' != '' or '' != '')).
       Se omiti├│ el destino "_CodeAnalysisTreatWarningsAsErrors" debido a una condici├│n falsa (False); ('$(DesignTimeBuild)' == 'true' OR '$(BuildingProject)' != 'true') se evalu├│ como ('' == 'true' OR 'true' != 'true').
   1:7>Destino "CoreCompile" en el archivo "C:\Program Files\dotnet\sdk\9.0.304\Roslyn\Microsoft.CSharp.Core.targets" del proyecto "C:\Users\PC\Downloads\Machly\Machly.Api\Machly.Api.csproj" (el destino "Compile" depende de ├®l):
       Compilando completamente el destino "CoreCompile".
       El archivo de entrada "GraphQL\DTOs\Dtos.cs" es m├ís reciente que el archivo de salida "obj\Debug\net8.0\Machly.Api.pdb".
       C:\Program Files\dotnet\sdk\9.0.304\Roslyn\Microsoft.CSharp.Core.targets(66,7): message : Reasignaci├│n de propiedad: $(NoWarn)="1701;1702;1701;1702" (valor anterior: "1701;1702") en C:\Program Files\dotnet\sdk\9.0.304\Roslyn\Microsoft.CSharp.Core.targets (66,7) [C:\Users\PC\Downloads\Machly\Machly.Api\Machly.Api.csproj]
       Usando la tarea "Csc" del ensamblado "C:\Program Files\dotnet\sdk\9.0.304\Roslyn\Microsoft.Build.Tasks.CodeAnalysis.dll".
       Tarea "Csc"
         C:\Program Files\dotnet\dotnet.exe exec "C:\Program Files\dotnet\sdk\9.0.304\Roslyn\bincore\csc.dll" /noconfig /unsafe- /checked- /nowarn:1701,1702,1701,1702 /fullpaths /nostdlib+ /errorreport:prompt /warn:8 /define:TRACE;DEBUG;NET;NET8_0;NETCOREAPP;NET5_0_OR_GREATER;NET6_0_OR_GREATER;NET7_0_OR_GREATER;NET8_0_OR_GREATER;NETCOREAPP1_0_OR_GREATER;NETCOREAPP1_1_OR_GREATER;NETCOREAPP2_0_OR_GREATER;NETCOREAPP2_1_OR_GREATER;NETCOREAPP2_2_OR_GREATER;NETCOREAPP3_0_OR_GREATER;NETCOREAPP3_1_OR_GREATER /highentropyva+ /nullable:enable /reference:C:\Users\PC\.nuget\packages\bcrypt.net-next\4.0.3\lib\net6.0\BCrypt.Net-Next.dll /reference:C:\Users\PC\.nuget\packages\chillicream.nitro.app\28.0.7\lib\net8.0\ChilliCream.Nitro.App.dll /reference:C:\Users\PC\.nuget\packages\dnsclient\1.6.1\lib\net5.0\DnsClient.dll /reference:C:\Users\PC\.nuget\packages\greendonut.abstractions\15.1.11\lib\net8.0\GreenDonut.Abstractions.dll /reference:C:\Users\PC\.nuget\packages\greendonut.data.abstractions\15.1.11\lib\net8.0\GreenDonut.Data.Abstractions.dll /reference:C:\Users\PC\.nuget\packages\greendonut.data\15.1.11\lib\net8.0\GreenDonut.Data.dll /reference:C:\Users\PC\.nuget\packages\greendonut.data.primitives\15.1.11\lib\net8.0\GreenDonut.Data.Primitives.dll /reference:C:\Users\PC\.nuget\packages\greendonut\15.1.11\lib\net8.0\GreenDonut.dll /reference:C:\Users\PC\.nuget\packages\hotchocolate.abstractions\15.1.11\lib\net8.0\HotChocolate.Abstractions.dll /reference:C:\Users\PC\.nuget\packages\hotchocolate.aspnetcore.authorization\15.1.11\lib\net8.0\HotChocolate.AspNetCore.Authorization.dll /reference:C:\Users\PC\.nuget\packages\hotchocolate.aspnetcore\15.1.11\lib\net8.0\HotChocolate.AspNetCore.dll /reference:C:\Users\PC\.nuget\packages\hotchocolate.authorization\15.1.11\lib\net8.0\HotChocolate.Authorization.dll /reference:C:\Users\PC\.nuget\packages\hotchocolate.costanalysis\15.1.11\lib\net8.0\HotChocolate.CostAnalysis.dll /reference:C:\Users\PC\.nuget\packages\hotchocolate.data\15.1.11\lib\net8.0\HotChocolate.Data.dll /reference:C:\Users\PC\.nuget\packages\hotchocolate\15.1.11\lib\net8.0\HotChocolate.dll /reference:C:\Users\PC\.nuget\packages\hotchocolate.execution.abstractions\15.1.11\lib\net8.0\HotChocolate.Execution.Abstractions.dll /reference:C:\Users\PC\.nuget\packages\hotchocolate.execution\15.1.11\lib\net8.0\HotChocolate.Execution.dll /reference:C:\Users\PC\.nuget\packages\hotchocolate.execution.projections\15.1.11\lib\net8.0\HotChocolate.Execution.Projections.dll /reference:C:\Users\PC\.nuget\packages\hotchocolate.features\15.1.11\lib\net8.0\HotChocolate.Features.dll /reference:C:\Users\PC\.nuget\packages\hotchocolate.fetching\15.1.11\lib\net8.0\HotChocolate.Fetching.dll /reference:C:\Users\PC\.nuget\packages\hotchocolate.language\15.1.11\lib\net8.0\HotChocolate.Language.dll /reference:C:\Users\PC\.nuget\packages\hotchocolate.language.syntaxtree\15.1.11\lib\net8.0\HotChocolate.Language.SyntaxTree.dll /reference:C:\Users\PC\.nuget\packages\hotchocolate.language.utf8\15.1.11\lib\net8.0\HotChocolate.Language.Utf8.dll /reference:C:\Users\PC\.nuget\packages\hotchocolate.language.visitors\15.1.11\lib\net8.0\HotChocolate.Language.Visitors.dll /reference:C:\Users\PC\.nuget\packages\hotchocolate.language.web\15.1.11\lib\net8.0\HotChocolate.Language.Web.dll /reference:C:\Users\PC\.nuget\packages\hotchocolate.primitives\15.1.11\lib\net8.0\HotChocolate.Primitives.dll /reference:C:\Users\PC\.nuget\packages\hotchocolate.subscriptions\15.1.11\lib\net8.0\HotChocolate.Subscriptions.dll /reference:C:\Users\PC\.nuget\packages\hotchocolate.subscriptions.inmemory\15.1.11\lib\net8.0\HotChocolate.Subscriptions.InMemory.dll /reference:C:\Users\PC\.nuget\packages\hotchocolate.transport.sockets\15.1.11\lib\net8.0\HotChocolate.Transport.Sockets.dll /reference:C:\Users\PC\.nuget\packages\hotchocolate.types.cursorpagination\15.1.11\lib\net8.0\HotChocolate.Types.CursorPagination.dll /reference:C:\Users\PC\.nuget\packages\hotchocolate.types.cursorpagination.extensions\15.1.11\lib\net8.0\HotChocolate.Types.CursorPagination.Extensions.dll /reference:C:\Users\PC\.nuget\packages\hotchocolate.types\15.1.11\lib\net8.0\HotChocolate.Types.dll /reference:C:\Users\PC\.nuget\packages\hotchocolate.types.errors\15.1.11\lib\net8.0\HotChocolate.Types.Errors.dll /reference:C:\Users\PC\.nuget\packages\hotchocolate.types.mutations\15.1.11\lib\net8.0\HotChocolate.Types.Mutations.dll /reference:C:\Users\PC\.nuget\packages\hotchocolate.types.queries\15.1.11\lib\net8.0\HotChocolate.Types.Queries.dll /reference:C:\Users\PC\.nuget\packages\hotchocolate.types.scalars.upload\15.1.11\lib\net8.0\HotChocolate.Types.Scalars.Upload.dll /reference:C:\Users\PC\.nuget\packages\hotchocolate.types.shared\15.1.11\lib\net8.0\HotChocolate.Types.Shared.dll /reference:C:\Users\PC\.nuget\packages\hotchocolate.utilities.dependencyinjection\15.1.11\lib\net8.0\HotChocolate.Utilities.DependencyInjection.dll /reference:C:\Users\PC\.nuget\packages\hotchocolate.utilities\15.1.11\lib\net8.0\HotChocolate.Utilities.dll /reference:C:\Users\PC\.nuget\packages\hotchocolate.validation\15.1.11\lib\net8.0\HotChocolate.Validation.dll /reference:"C:\Program Files\dotnet\packs\Microsoft.AspNetCore.App.Ref\8.0.19\ref\net8.0\Microsoft.AspNetCore.Antiforgery.dll" /reference:"C:\Program Files\dotnet\packs\Microsoft.AspNetCore.App.Ref\8.0.19\ref\net8.0\Microsoft.AspNetCore.Authentication.Abstractions.dll" /reference:"C:\Program Files\dotnet\packs\Microsoft.AspNetCore.App.Ref\8.0.19\ref\net8.0\Microsoft.AspNetCore.Authentication.BearerToken.dll" /reference:"C:\Program Files\dotnet\packs\Microsoft.AspNetCore.App.Ref\8.0.19\ref\net8.0\Microsoft.AspNetCore.Authentication.Cookies.dll" /reference:"C:\Program Files\dotnet\packs\Microsoft.AspNetCore.App.Ref\8.0.19\ref\net8.0\Microsoft.AspNetCore.Authentication.Core.dll" /reference:"C:\Program Files\dotnet\packs\Microsoft.AspNetCore.App.Ref\8.0.19\ref\net8.0\Microsoft.AspNetCore.Authentication.dll" /reference:C:\Users\PC\.nuget\packages\microsoft.aspnetcore.authentication.jwtbearer\8.0.0\lib\net8.0\Microsoft.AspNetCore.Authentication.JwtBearer.dll /reference:"C:\Program Files\dotnet\packs\Microsoft.AspNetCore.App.Ref\8.0.19\ref\net8.0\Microsoft.AspNetCore.Authentication.OAuth.dll" /reference:"C:\Program Files\dotnet\packs\Microsoft.AspNetCore.App.Ref\8.0.19\ref\net8.0\Microsoft.AspNetCore.Authorization.dll" /reference:"C:\Program Files\dotnet\packs\Microsoft.AspNetCore.App.Ref\8.0.19\ref\net8.0\Microsoft.AspNetCore.Authorization.Policy.dll" /reference:"C:\Program Files\dotnet\packs\Microsoft.AspNetCore.App.Ref\8.0.19\ref\net8.0\Microsoft.AspNetCore.Components.Authorization.dll" /reference:"C:\Program Files\dotnet\packs\Microsoft.AspNetCore.App.Ref\8.0.19\ref\net8.0\Microsoft.AspNetCore.Components.dll" /reference:"C:\Program Files\dotnet\packs\Microsoft.AspNetCore.App.Ref\8.0.19\ref\net8.0\Microsoft.AspNetCore.Components.Endpoints.dll" /reference:"C:\Program Files\dotnet\packs\Microsoft.AspNetCore.App.Ref\8.0.19\ref\net8.0\Microsoft.AspNetCore.Components.Forms.dll" /reference:"C:\Program Files\dotnet\packs\Microsoft.AspNetCore.App.Ref\8.0.19\ref\net8.0\Microsoft.AspNetCore.Components.Server.dll" /reference:"C:\Program Files\dotnet\packs\Microsoft.AspNetCore.App.Ref\8.0.19\ref\net8.0\Microsoft.AspNetCore.Components.Web.dll" /reference:"C:\Program Files\dotnet\packs\Microsoft.AspNetCore.App.Ref\8.0.19\ref\net8.0\Microsoft.AspNetCore.Connections.Abstractions.dll" /reference:"C:\Program Files\dotnet\packs\Microsoft.AspNetCore.App.Ref\8.0.19\ref\net8.0\Microsoft.AspNetCore.CookiePolicy.dll" /reference:"C:\Program Files\dotnet\packs\Microsoft.AspNetCore.App.Ref\8.0.19\ref\net8.0\Microsoft.AspNetCore.Cors.dll" /reference:"C:\Program Files\dotnet\packs\Microsoft.AspNetCore.App.Ref\8.0.19\ref\net8.0\Microsoft.AspNetCore.Cryptography.Internal.dll" /reference:"C:\Program Files\dotnet\packs\Microsoft.AspNetCore.App.Ref\8.0.19\ref\net8.0\Microsoft.AspNetCore.Cryptography.KeyDerivation.dll" /reference:"C:\Program Files\dotnet\packs\Microsoft.AspNetCore.App.Ref\8.0.19\ref\net8.0\Microsoft.AspNetCore.DataProtection.Abstractions.dll" /reference:"C:\Program Files\dotnet\packs\Microsoft.AspNetCore.App.Ref\8.0.19\ref\net8.0\Microsoft.AspNetCore.DataProtection.dll" /reference:"C:\Program Files\dotnet\packs\Microsoft.AspNetCore.App.Ref\8.0.19\ref\net8.0\Microsoft.AspNetCore.DataProtection.Extensions.dll" /reference:"C:\Program Files\dotnet\packs\Microsoft.AspNetCore.App.Ref\8.0.19\ref\net8.0\Microsoft.AspNetCore.Diagnostics.Abstractions.dll" /reference:"C:\Program Files\dotnet\packs\Microsoft.AspNetCore.App.Ref\8.0.19\ref\net8.0\Microsoft.AspNetCore.Diagnostics.dll" /reference:"C:\Program Files\dotnet\packs\Microsoft.AspNetCore.App.Ref\8.0.19\ref\net8.0\Microsoft.AspNetCore.Diagnostics.HealthChecks.dll" /reference:"C:\Program Files\dotnet\packs\Microsoft.AspNetCore.App.Ref\8.0.19\ref\net8.0\Microsoft.AspNetCore.dll" /reference:"C:\Program Files\dotnet\packs\Microsoft.AspNetCore.App.Ref\8.0.19\ref\net8.0\Microsoft.AspNetCore.HostFiltering.dll" /reference:"C:\Program Files\dotnet\packs\Microsoft.AspNetCore.App.Ref\8.0.19\ref\net8.0\Microsoft.AspNetCore.Hosting.Abstractions.dll" /reference:"C:\Program Files\dotnet\packs\Microsoft.AspNetCore.App.Ref\8.0.19\ref\net8.0\Microsoft.AspNetCore.Hosting.dll" /reference:"C:\Program Files\dotnet\packs\Microsoft.AspNetCore.App.Ref\8.0.19\ref\net8.0\Microsoft.AspNetCore.Hosting.Server.Abstractions.dll" /reference:"C:\Program Files\dotnet\packs\Microsoft.AspNetCore.App.Ref\8.0.19\ref\net8.0\Microsoft.AspNetCore.Html.Abstractions.dll" /reference:"C:\Program Files\dotnet\packs\Microsoft.AspNetCore.App.Ref\8.0.19\ref\net8.0\Microsoft.AspNetCore.Http.Abstractions.dll" /reference:"C:\Program Files\dotnet\packs\Microsoft.AspNetCore.App.Ref\8.0.19\ref\net8.0\Microsoft.AspNetCore.Http.Connections.Common.dll" /reference:"C:\Program Files\dotnet\packs\Microsoft.AspNetCore.App.Ref\8.0.19\ref\net8.0\Microsoft.AspNetCore.Http.Connections.dll" /reference:"C:\Program Files\dotnet\packs\Microsoft.AspNetCore.App.Ref\8.0.19\ref\net8.0\Microsoft.AspNetCore.Http.dll" /reference:"C:\Program Files\dotnet\packs\Microsoft.AspNetCore.App.Ref\8.0.19\ref\net8.0\Microsoft.AspNetCore.Http.Extensions.dll" /reference:"C:\Program Files\dotnet\packs\Microsoft.AspNetCore.App.Ref\8.0.19\ref\net8.0\Microsoft.AspNetCore.Http.Features.dll" /reference:"C:\Program Files\dotnet\packs\Microsoft.AspNetCore.App.Ref\8.0.19\ref\net8.0\Microsoft.AspNetCore.Http.Results.dll" /reference:"C:\Program Files\dotnet\packs\Microsoft.AspNetCore.App.Ref\8.0.19\ref\net8.0\Microsoft.AspNetCore.HttpLogging.dll" /reference:"C:\Program Files\dotnet\packs\Microsoft.AspNetCore.App.Ref\8.0.19\ref\net8.0\Microsoft.AspNetCore.HttpOverrides.dll" /reference:"C:\Program Files\dotnet\packs\Microsoft.AspNetCore.App.Ref\8.0.19\ref\net8.0\Microsoft.AspNetCore.HttpsPolicy.dll" /reference:"C:\Program Files\dotnet\packs\Microsoft.AspNetCore.App.Ref\8.0.19\ref\net8.0\Microsoft.AspNetCore.Identity.dll" /reference:"C:\Program Files\dotnet\packs\Microsoft.AspNetCore.App.Ref\8.0.19\ref\net8.0\Microsoft.AspNetCore.Localization.dll" /reference:"C:\Program Files\dotnet\packs\Microsoft.AspNetCore.App.Ref\8.0.19\ref\net8.0\Microsoft.AspNetCore.Localization.Routing.dll" /reference:"C:\Program Files\dotnet\packs\Microsoft.AspNetCore.App.Ref\8.0.19\ref\net8.0\Microsoft.AspNetCore.Metadata.dll" /reference:"C:\Program Files\dotnet\packs\Microsoft.AspNetCore.App.Ref\8.0.19\ref\net8.0\Microsoft.AspNetCore.Mvc.Abstractions.dll" /reference:"C:\Program Files\dotnet\packs\Microsoft.AspNetCore.App.Ref\8.0.19\ref\net8.0\Microsoft.AspNetCore.Mvc.ApiExplorer.dll" /reference:"C:\Program Files\dotnet\packs\Microsoft.AspNetCore.App.Ref\8.0.19\ref\net8.0\Microsoft.AspNetCore.Mvc.Core.dll" /reference:"C:\Program Files\dotnet\packs\Microsoft.AspNetCore.App.Ref\8.0.19\ref\net8.0\Microsoft.AspNetCore.Mvc.Cors.dll" /reference:"C:\Program Files\dotnet\packs\Microsoft.AspNetCore.App.Ref\8.0.19\ref\net8.0\Microsoft.AspNetCore.Mvc.DataAnnotations.dll" /reference:"C:\Program Files\dotnet\packs\Microsoft.AspNetCore.App.Ref\8.0.19\ref\net8.0\Microsoft.AspNetCore.Mvc.dll" /reference:"C:\Program Files\dotnet\packs\Microsoft.AspNetCore.App.Ref\8.0.19\ref\net8.0\Microsoft.AspNetCore.Mvc.Formatters.Json.dll" /reference:"C:\Program Files\dotnet\packs\Microsoft.AspNetCore.App.Ref\8.0.19\ref\net8.0\Microsoft.AspNetCore.Mvc.Formatters.Xml.dll" /reference:"C:\Program Files\dotnet\packs\Microsoft.AspNetCore.App.Ref\8.0.19\ref\net8.0\Microsoft.AspNetCore.Mvc.Localization.dll" /reference:"C:\Program Files\dotnet\packs\Microsoft.AspNetCore.App.Ref\8.0.19\ref\net8.0\Microsoft.AspNetCore.Mvc.Razor.dll" /reference:"C:\Program Files\dotnet\packs\Microsoft.AspNetCore.App.Ref\8.0.19\ref\net8.0\Microsoft.AspNetCore.Mvc.RazorPages.dll" /reference:"C:\Program Files\dotnet\packs\Microsoft.AspNetCore.App.Ref\8.0.19\ref\net8.0\Microsoft.AspNetCore.Mvc.TagHelpers.dll" /reference:"C:\Program Files\dotnet\packs\Microsoft.AspNetCore.App.Ref\8.0.19\ref\net8.0\Microsoft.AspNetCore.Mvc.ViewFeatures.dll" /reference:"C:\Program Files\dotnet\packs\Microsoft.AspNetCore.App.Ref\8.0.19\ref\net8.0\Microsoft.AspNetCore.OutputCaching.dll" /reference:"C:\Program Files\dotnet\packs\Microsoft.AspNetCore.App.Ref\8.0.19\ref\net8.0\Microsoft.AspNetCore.RateLimiting.dll" /reference:"C:\Program Files\dotnet\packs\Microsoft.AspNetCore.App.Ref\8.0.19\ref\net8.0\Microsoft.AspNetCore.Razor.dll" /reference:"C:\Program Files\dotnet\packs\Microsoft.AspNetCore.App.Ref\8.0.19\ref\net8.0\Microsoft.AspNetCore.Razor.Runtime.dll" /reference:"C:\Program Files\dotnet\packs\Microsoft.AspNetCore.App.Ref\8.0.19\ref\net8.0\Microsoft.AspNetCore.RequestDecompression.dll" /reference:"C:\Program Files\dotnet\packs\Microsoft.AspNetCore.App.Ref\8.0.19\ref\net8.0\Microsoft.AspNetCore.ResponseCaching.Abstractions.dll" /reference:"C:\Program Files\dotnet\packs\Microsoft.AspNetCore.App.Ref\8.0.19\ref\net8.0\Microsoft.AspNetCore.ResponseCaching.dll" /reference:"C:\Program Files\dotnet\packs\Microsoft.AspNetCore.App.Ref\8.0.19\ref\net8.0\Microsoft.AspNetCore.ResponseCompression.dll" /reference:"C:\Program Files\dotnet\packs\Microsoft.AspNetCore.App.Ref\8.0.19\ref\net8.0\Microsoft.AspNetCore.Rewrite.dll" /reference:"C:\Program Files\dotnet\packs\Microsoft.AspNetCore.App.Ref\8.0.19\ref\net8.0\Microsoft.AspNetCore.Routing.Abstractions.dll" /reference:"C:\Program Files\dotnet\packs\Microsoft.AspNetCore.App.Ref\8.0.19\ref\net8.0\Microsoft.AspNetCore.Routing.dll" /reference:"C:\Program Files\dotnet\packs\Microsoft.AspNetCore.App.Ref\8.0.19\ref\net8.0\Microsoft.AspNetCore.Server.HttpSys.dll" /reference:"C:\Program Files\dotnet\packs\Microsoft.AspNetCore.App.Ref\8.0.19\ref\net8.0\Microsoft.AspNetCore.Server.IIS.dll" /reference:"C:\Program Files\dotnet\packs\Microsoft.AspNetCore.App.Ref\8.0.19\ref\net8.0\Microsoft.AspNetCore.Server.IISIntegration.dll" /reference:"C:\Program Files\dotnet\packs\Microsoft.AspNetCore.App.Ref\8.0.19\ref\net8.0\Microsoft.AspNetCore.Server.Kestrel.Core.dll" /reference:"C:\Program Files\dotnet\packs\Microsoft.AspNetCore.App.Ref\8.0.19\ref\net8.0\Microsoft.AspNetCore.Server.Kestrel.dll" /reference:"C:\Program Files\dotnet\packs\Microsoft.AspNetCore.App.Ref\8.0.19\ref\net8.0\Microsoft.AspNetCore.Server.Kestrel.Transport.NamedPipes.dll" /reference:"C:\Program Files\dotnet\packs\Microsoft.AspNetCore.App.Ref\8.0.19\ref\net8.0\Microsoft.AspNetCore.Server.Kestrel.Transport.Quic.dll" /reference:"C:\Program Files\dotnet\packs\Microsoft.AspNetCore.App.Ref\8.0.19\ref\net8.0\Microsoft.AspNetCore.Server.Kestrel.Transport.Sockets.dll" /reference:"C:\Program Files\dotnet\packs\Microsoft.AspNetCore.App.Ref\8.0.19\ref\net8.0\Microsoft.AspNetCore.Session.dll" /reference:"C:\Program Files\dotnet\packs\Microsoft.AspNetCore.App.Ref\8.0.19\ref\net8.0\Microsoft.AspNetCore.SignalR.Common.dll" /reference:"C:\Program Files\dotnet\packs\Microsoft.AspNetCore.App.Ref\8.0.19\ref\net8.0\Microsoft.AspNetCore.SignalR.Core.dll" /reference:"C:\Program Files\dotnet\packs\Microsoft.AspNetCore.App.Ref\8.0.19\ref\net8.0\Microsoft.AspNetCore.SignalR.dll" /reference:"C:\Program Files\dotnet\packs\Microsoft.AspNetCore.App.Ref\8.0.19\ref\net8.0\Microsoft.AspNetCore.SignalR.Protocols.Json.dll" /reference:"C:\Program Files\dotnet\packs\Microsoft.AspNetCore.App.Ref\8.0.19\ref\net8.0\Microsoft.AspNetCore.StaticFiles.dll" /reference:"C:\Program Files\dotnet\packs\Microsoft.AspNetCore.App.Ref\8.0.19\ref\net8.0\Microsoft.AspNetCore.WebSockets.dll" /reference:"C:\Program Files\dotnet\packs\Microsoft.AspNetCore.App.Ref\8.0.19\ref\net8.0\Microsoft.AspNetCore.WebUtilities.dll" /reference:"C:\Program Files\dotnet\packs\Microsoft.NETCore.App.Ref\8.0.19\ref\net8.0\Microsoft.CSharp.dll" /reference:"C:\Program Files\dotnet\packs\Microsoft.AspNetCore.App.Ref\8.0.19\ref\net8.0\Microsoft.Extensions.Caching.Abstractions.dll" /reference:"C:\Program Files\dotnet\packs\Microsoft.AspNetCore.App.Ref\8.0.19\ref\net8.0\Microsoft.Extensions.Caching.Memory.dll" /reference:"C:\Program Files\dotnet\packs\Microsoft.AspNetCore.App.Ref\8.0.19\ref\net8.0\Microsoft.Extensions.Configuration.Abstractions.dll" /reference:"C:\Program Files\dotnet\packs\Microsoft.AspNetCore.App.Ref\8.0.19\ref\net8.0\Microsoft.Extensions.Configuration.Binder.dll" /reference:"C:\Program Files\dotnet\packs\Microsoft.AspNetCore.App.Ref\8.0.19\ref\net8.0\Microsoft.Extensions.Configuration.CommandLine.dll" /reference:"C:\Program Files\dotnet\packs\Microsoft.AspNetCore.App.Ref\8.0.19\ref\net8.0\Microsoft.Extensions.Configuration.dll" /reference:"C:\Program Files\dotnet\packs\Microsoft.AspNetCore.App.Ref\8.0.19\ref\net8.0\Microsoft.Extensions.Configuration.EnvironmentVariables.dll" /reference:"C:\Program Files\dotnet\packs\Microsoft.AspNetCore.App.Ref\8.0.19\ref\net8.0\Microsoft.Extensions.Configuration.FileExtensions.dll" /reference:"C:\Program Files\dotnet\packs\Microsoft.AspNetCore.App.Ref\8.0.19\ref\net8.0\Microsoft.Extensions.Configuration.Ini.dll" /reference:"C:\Program Files\dotnet\packs\Microsoft.AspNetCore.App.Ref\8.0.19\ref\net8.0\Microsoft.Extensions.Configuration.Json.dll" /reference:"C:\Program Files\dotnet\packs\Microsoft.AspNetCore.App.Ref\8.0.19\ref\net8.0\Microsoft.Extensions.Configuration.KeyPerFile.dll" /reference:"C:\Program Files\dotnet\packs\Microsoft.AspNetCore.App.Ref\8.0.19\ref\net8.0\Microsoft.Extensions.Configuration.UserSecrets.dll" /reference:"C:\Program Files\dotnet\packs\Microsoft.AspNetCore.App.Ref\8.0.19\ref\net8.0\Microsoft.Extensions.Configuration.Xml.dll" /reference:"C:\Program Files\dotnet\packs\Microsoft.AspNetCore.App.Ref\8.0.19\ref\net8.0\Microsoft.Extensions.DependencyInjection.Abstractions.dll" /reference:"C:\Program Files\dotnet\packs\Microsoft.AspNetCore.App.Ref\8.0.19\ref\net8.0\Microsoft.Extensions.DependencyInjection.dll" /reference:"C:\Program Files\dotnet\packs\Microsoft.AspNetCore.App.Ref\8.0.19\ref\net8.0\Microsoft.Extensions.Diagnostics.Abstractions.dll" /reference:"C:\Program Files\dotnet\packs\Microsoft.AspNetCore.App.Ref\8.0.19\ref\net8.0\Microsoft.Extensions.Diagnostics.dll" /reference:"C:\Program Files\dotnet\packs\Microsoft.AspNetCore.App.Ref\8.0.19\ref\net8.0\Microsoft.Extensions.Diagnostics.HealthChecks.Abstractions.dll" /reference:"C:\Program Files\dotnet\packs\Microsoft.AspNetCore.App.Ref\8.0.19\ref\net8.0\Microsoft.Extensions.Diagnostics.HealthChecks.dll" /reference:"C:\Program Files\dotnet\packs\Microsoft.AspNetCore.App.Ref\8.0.19\ref\net8.0\Microsoft.Extensions.Features.dll" /reference:"C:\Program Files\dotnet\packs\Microsoft.AspNetCore.App.Ref\8.0.19\ref\net8.0\Microsoft.Extensions.FileProviders.Abstractions.dll" /reference:"C:\Program Files\dotnet\packs\Microsoft.AspNetCore.App.Ref\8.0.19\ref\net8.0\Microsoft.Extensions.FileProviders.Composite.dll" /reference:"C:\Program Files\dotnet\packs\Microsoft.AspNetCore.App.Ref\8.0.19\ref\net8.0\Microsoft.Extensions.FileProviders.Embedded.dll" /reference:"C:\Program Files\dotnet\packs\Microsoft.AspNetCore.App.Ref\8.0.19\ref\net8.0\Microsoft.Extensions.FileProviders.Physical.dll" /reference:"C:\Program Files\dotnet\packs\Microsoft.AspNetCore.App.Ref\8.0.19\ref\net8.0\Microsoft.Extensions.FileSystemGlobbing.dll" /reference:"C:\Program Files\dotnet\packs\Microsoft.AspNetCore.App.Ref\8.0.19\ref\net8.0\Microsoft.Extensions.Hosting.Abstractions.dll" /reference:"C:\Program Files\dotnet\packs\Microsoft.AspNetCore.App.Ref\8.0.19\ref\net8.0\Microsoft.Extensions.Hosting.dll" /reference:"C:\Program Files\dotnet\packs\Microsoft.AspNetCore.App.Ref\8.0.19\ref\net8.0\Microsoft.Extensions.Http.dll" /reference:"C:\Program Files\dotnet\packs\Microsoft.AspNetCore.App.Ref\8.0.19\ref\net8.0\Microsoft.Extensions.Identity.Core.dll" /reference:"C:\Program Files\dotnet\packs\Microsoft.AspNetCore.App.Ref\8.0.19\ref\net8.0\Microsoft.Extensions.Identity.Stores.dll" /reference:"C:\Program Files\dotnet\packs\Microsoft.AspNetCore.App.Ref\8.0.19\ref\net8.0\Microsoft.Extensions.Localization.Abstractions.dll" /reference:"C:\Program Files\dotnet\packs\Microsoft.AspNetCore.App.Ref\8.0.19\ref\net8.0\Microsoft.Extensions.Localization.dll" /reference:"C:\Program Files\dotnet\packs\Microsoft.AspNetCore.App.Ref\8.0.19\ref\net8.0\Microsoft.Extensions.Logging.Abstractions.dll" /reference:"C:\Program Files\dotnet\packs\Microsoft.AspNetCore.App.Ref\8.0.19\ref\net8.0\Microsoft.Extensions.Logging.Configuration.dll" /reference:"C:\Program Files\dotnet\packs\Microsoft.AspNetCore.App.Ref\8.0.19\ref\net8.0\Microsoft.Extensions.Logging.Console.dll" /reference:"C:\Program Files\dotnet\packs\Microsoft.AspNetCore.App.Ref\8.0.19\ref\net8.0\Microsoft.Extensions.Logging.Debug.dll" /reference:"C:\Program Files\dotnet\packs\Microsoft.AspNetCore.App.Ref\8.0.19\ref\net8.0\Microsoft.Extensions.Logging.dll" /reference:"C:\Program Files\dotnet\packs\Microsoft.AspNetCore.App.Ref\8.0.19\ref\net8.0\Microsoft.Extensions.Logging.EventLog.dll" /reference:"C:\Program Files\dotnet\packs\Microsoft.AspNetCore.App.Ref\8.0.19\ref\net8.0\Microsoft.Extensions.Logging.EventSource.dll" /reference:"C:\Program Files\dotnet\packs\Microsoft.AspNetCore.App.Ref\8.0.19\ref\net8.0\Microsoft.Extensions.Logging.TraceSource.dll" /reference:"C:\Program Files\dotnet\packs\Microsoft.AspNetCore.App.Ref\8.0.19\ref\net8.0\Microsoft.Extensions.ObjectPool.dll" /reference:"C:\Program Files\dotnet\packs\Microsoft.AspNetCore.App.Ref\8.0.19\ref\net8.0\Microsoft.Extensions.Options.ConfigurationExtensions.dll" /reference:"C:\Program Files\dotnet\packs\Microsoft.AspNetCore.App.Ref\8.0.19\ref\net8.0\Microsoft.Extensions.Options.DataAnnotations.dll" /reference:"C:\Program Files\dotnet\packs\Microsoft.AspNetCore.App.Ref\8.0.19\ref\net8.0\Microsoft.Extensions.Options.dll" /reference:"C:\Program Files\dotnet\packs\Microsoft.AspNetCore.App.Ref\8.0.19\ref\net8.0\Microsoft.Extensions.Primitives.dll" /reference:"C:\Program Files\dotnet\packs\Microsoft.AspNetCore.App.Ref\8.0.19\ref\net8.0\Microsoft.Extensions.WebEncoders.dll" /reference:C:\Users\PC\.nuget\packages\microsoft.identitymodel.abstractions\7.0.3\lib\net8.0\Microsoft.IdentityModel.Abstractions.dll /reference:C:\Users\PC\.nuget\packages\microsoft.identitymodel.jsonwebtokens\7.0.3\lib\net8.0\Microsoft.IdentityModel.JsonWebTokens.dll /reference:C:\Users\PC\.nuget\packages\microsoft.identitymodel.logging\7.0.3\lib\net8.0\Microsoft.IdentityModel.Logging.dll /reference:C:\Users\PC\.nuget\packages\microsoft.identitymodel.protocols\7.0.3\lib\net8.0\Microsoft.IdentityModel.Protocols.dll /reference:C:\Users\PC\.nuget\packages\microsoft.identitymodel.protocols.openidconnect\7.0.3\lib\net8.0\Microsoft.IdentityModel.Protocols.OpenIdConnect.dll /reference:C:\Users\PC\.nuget\packages\microsoft.identitymodel.tokens\7.0.3\lib\net8.0\Microsoft.IdentityModel.Tokens.dll /reference:"C:\Program Files\dotnet\packs\Microsoft.AspNetCore.App.Ref\8.0.19\ref\net8.0\Microsoft.JSInterop.dll" /reference:"C:\Program Files\dotnet\packs\Microsoft.AspNetCore.App.Ref\8.0.19\ref\net8.0\Microsoft.Net.Http.Headers.dll" /reference:C:\Users\PC\.nuget\packages\microsoft.openapi\1.6.14\lib\netstandard2.0\Microsoft.OpenApi.dll /reference:"C:\Program Files\dotnet\packs\Microsoft.NETCore.App.Ref\8.0.19\ref\net8.0\Microsoft.VisualBasic.Core.dll" /reference:"C:\Program Files\dotnet\packs\Microsoft.NETCore.App.Ref\8.0.19\ref\net8.0\Microsoft.VisualBasic.dll" /reference:"C:\Program Files\dotnet\packs\Microsoft.NETCore.App.Ref\8.0.19\ref\net8.0\Microsoft.Win32.Primitives.dll" /reference:"C:\Program Files\dotnet\packs\Microsoft.NETCore.App.Ref\8.0.19\ref\net8.0\Microsoft.Win32.Registry.dll" /reference:C:\Users\PC\.nuget\packages\mongodb.bson\3.5.1\lib\net6.0\MongoDB.Bson.dll /reference:C:\Users\PC\.nuget\packages\mongodb.driver\3.5.1\lib\net6.0\MongoDB.Driver.dll /reference:"C:\Program Files\dotnet\packs\Microsoft.NETCore.App.Ref\8.0.19\ref\net8.0\mscorlib.dll" /reference:"C:\Program Files\dotnet\packs\Microsoft.NETCore.App.Ref\8.0.19\ref\net8.0\netstandard.dll" /reference:C:\Users\PC\.nuget\packages\sharpcompress\0.30.1\lib\net5.0\SharpCompress.dll /reference:C:\Users\PC\.nuget\packages\snappier\1.0.0\lib\net5.0\Snappier.dll /reference:C:\Users\PC\.nuget\packages\swashbuckle.aspnetcore.swagger\6.6.2\lib\net8.0\Swashbuckle.AspNetCore.Swagger.dll /reference:C:\Users\PC\.nuget\packages\swashbuckle.aspnetcore.swaggergen\6.6.2\lib\net8.0\Swashbuckle.AspNetCore.SwaggerGen.dll /reference:C:\Users\PC\.nuget\packages\swashbuckle.aspnetcore.swaggerui\6.6.2\lib\net8.0\Swashbuckle.AspNetCore.SwaggerUI.dll /reference:"C:\Program Files\dotnet\packs\Microsoft.NETCore.App.Ref\8.0.19\ref\net8.0\System.AppContext.dll" /reference:"C:\Program Files\dotnet\packs\Microsoft.NETCore.App.Ref\8.0.19\ref\net8.0\System.Buffers.dll" /reference:"C:\Program Files\dotnet\packs\Microsoft.NETCore.App.Ref\8.0.19\ref\net8.0\System.Collections.Concurrent.dll" /reference:"C:\Program Files\dotnet\packs\Microsoft.NETCore.App.Ref\8.0.19\ref\net8.0\System.Collections.dll" /reference:"C:\Program Files\dotnet\packs\Microsoft.NETCore.App.Ref\8.0.19\ref\net8.0\System.Collections.Immutable.dll" /reference:"C:\Program Files\dotnet\packs\Microsoft.NETCore.App.Ref\8.0.19\ref\net8.0\System.Collections.NonGeneric.dll" /reference:"C:\Program Files\dotnet\packs\Microsoft.NETCore.App.Ref\8.0.19\ref\net8.0\System.Collections.Specialized.dll" /reference:"C:\Program Files\dotnet\packs\Microsoft.NETCore.App.Ref\8.0.19\ref\net8.0\System.ComponentModel.Annotations.dll" /reference:"C:\Program Files\dotnet\packs\Microsoft.NETCore.App.Ref\8.0.19\ref\net8.0\System.ComponentModel.DataAnnotations.dll" /reference:"C:\Program Files\dotnet\packs\Microsoft.NETCore.App.Ref\8.0.19\ref\net8.0\System.ComponentModel.dll" /reference:"C:\Program Files\dotnet\packs\Microsoft.NETCore.App.Ref\8.0.19\ref\net8.0\System.ComponentModel.EventBasedAsync.dll" /reference:"C:\Program Files\dotnet\packs\Microsoft.NETCore.App.Ref\8.0.19\ref\net8.0\System.ComponentModel.Primitives.dll" /reference:"C:\Program Files\dotnet\packs\Microsoft.NETCore.App.Ref\8.0.19\ref\net8.0\System.ComponentModel.TypeConverter.dll" /reference:"C:\Program Files\dotnet\packs\Microsoft.NETCore.App.Ref\8.0.19\ref\net8.0\System.Configuration.dll" /reference:"C:\Program Files\dotnet\packs\Microsoft.NETCore.App.Ref\8.0.19\ref\net8.0\System.Console.dll" /reference:"C:\Program Files\dotnet\packs\Microsoft.NETCore.App.Ref\8.0.19\ref\net8.0\System.Core.dll" /reference:"C:\Program Files\dotnet\packs\Microsoft.NETCore.App.Ref\8.0.19\ref\net8.0\System.Data.Common.dll" /reference:"C:\Program Files\dotnet\packs\Microsoft.NETCore.App.Ref\8.0.19\ref\net8.0\System.Data.DataSetExtensions.dll" /reference:"C:\Program Files\dotnet\packs\Microsoft.NETCore.App.Ref\8.0.19\ref\net8.0\System.Data.dll" /reference:"C:\Program Files\dotnet\packs\Microsoft.NETCore.App.Ref\8.0.19\ref\net8.0\System.Diagnostics.Contracts.dll" /reference:"C:\Program Files\dotnet\packs\Microsoft.NETCore.App.Ref\8.0.19\ref\net8.0\System.Diagnostics.Debug.dll" /reference:"C:\Program Files\dotnet\packs\Microsoft.NETCore.App.Ref\8.0.19\ref\net8.0\System.Diagnostics.DiagnosticSource.dll" /reference:"C:\Program Files\dotnet\packs\Microsoft.AspNetCore.App.Ref\8.0.19\ref\net8.0\System.Diagnostics.EventLog.dll" /reference:"C:\Program Files\dotnet\packs\Microsoft.NETCore.App.Ref\8.0.19\ref\net8.0\System.Diagnostics.FileVersionInfo.dll" /reference:"C:\Program Files\dotnet\packs\Microsoft.NETCore.App.Ref\8.0.19\ref\net8.0\System.Diagnostics.Process.dll" /reference:"C:\Program Files\dotnet\packs\Microsoft.NETCore.App.Ref\8.0.19\ref\net8.0\System.Diagnostics.StackTrace.dll" /reference:"C:\Program Files\dotnet\packs\Microsoft.NETCore.App.Ref\8.0.19\ref\net8.0\System.Diagnostics.TextWriterTraceListener.dll" /reference:"C:\Program Files\dotnet\packs\Microsoft.NETCore.App.Ref\8.0.19\ref\net8.0\System.Diagnostics.Tools.dll" /reference:"C:\Program Files\dotnet\packs\Microsoft.NETCore.App.Ref\8.0.19\ref\net8.0\System.Diagnostics.TraceSource.dll" /reference:"C:\Program Files\dotnet\packs\Microsoft.NETCore.App.Ref\8.0.19\ref\net8.0\System.Diagnostics.Tracing.dll" /reference:"C:\Program Files\dotnet\packs\Microsoft.NETCore.App.Ref\8.0.19\ref\net8.0\System.dll" /reference:"C:\Program Files\dotnet\packs\Microsoft.NETCore.App.Ref\8.0.19\ref\net8.0\System.Drawing.dll" /reference:"C:\Program Files\dotnet\packs\Microsoft.NETCore.App.Ref\8.0.19\ref\net8.0\System.Drawing.Primitives.dll" /reference:"C:\Program Files\dotnet\packs\Microsoft.NETCore.App.Ref\8.0.19\ref\net8.0\System.Dynamic.Runtime.dll" /reference:"C:\Program Files\dotnet\packs\Microsoft.NETCore.App.Ref\8.0.19\ref\net8.0\System.Formats.Asn1.dll" /reference:"C:\Program Files\dotnet\packs\Microsoft.NETCore.App.Ref\8.0.19\ref\net8.0\System.Formats.Tar.dll" /reference:"C:\Program Files\dotnet\packs\Microsoft.NETCore.App.Ref\8.0.19\ref\net8.0\System.Globalization.Calendars.dll" /reference:"C:\Program Files\dotnet\packs\Microsoft.NETCore.App.Ref\8.0.19\ref\net8.0\System.Globalization.dll" /reference:"C:\Program Files\dotnet\packs\Microsoft.NETCore.App.Ref\8.0.19\ref\net8.0\System.Globalization.Extensions.dll" /reference:C:\Users\PC\.nuget\packages\system.identitymodel.tokens.jwt\7.0.3\lib\net8.0\System.IdentityModel.Tokens.Jwt.dll /reference:"C:\Program Files\dotnet\packs\Microsoft.NETCore.App.Ref\8.0.19\ref\net8.0\System.IO.Compression.Brotli.dll" /reference:"C:\Program Files\dotnet\packs\Microsoft.NETCore.App.Ref\8.0.19\ref\net8.0\System.IO.Compression.dll" /reference:"C:\Program Files\dotnet\packs\Microsoft.NETCore.App.Ref\8.0.19\ref\net8.0\System.IO.Compression.FileSystem.dll" /reference:"C:\Program Files\dotnet\packs\Microsoft.NETCore.App.Ref\8.0.19\ref\net8.0\System.IO.Compression.ZipFile.dll" /reference:"C:\Program Files\dotnet\packs\Microsoft.NETCore.App.Ref\8.0.19\ref\net8.0\System.IO.dll" /reference:"C:\Program Files\dotnet\packs\Microsoft.NETCore.App.Ref\8.0.19\ref\net8.0\System.IO.FileSystem.AccessControl.dll" /reference:"C:\Program Files\dotnet\packs\Microsoft.NETCore.App.Ref\8.0.19\ref\net8.0\System.IO.FileSystem.dll" /reference:"C:\Program Files\dotnet\packs\Microsoft.NETCore.App.Ref\8.0.19\ref\net8.0\System.IO.FileSystem.DriveInfo.dll" /reference:"C:\Program Files\dotnet\packs\Microsoft.NETCore.App.Ref\8.0.19\ref\net8.0\System.IO.FileSystem.Primitives.dll" /reference:"C:\Program Files\dotnet\packs\Microsoft.NETCore.App.Ref\8.0.19\ref\net8.0\System.IO.FileSystem.Watcher.dll" /reference:C:\Users\PC\.nuget\packages\system.io.hashing\8.0.0\lib\net8.0\System.IO.Hashing.dll /reference:"C:\Program Files\dotnet\packs\Microsoft.NETCore.App.Ref\8.0.19\ref\net8.0\System.IO.IsolatedStorage.dll" /reference:"C:\Program Files\dotnet\packs\Microsoft.NETCore.App.Ref\8.0.19\ref\net8.0\System.IO.MemoryMappedFiles.dll" /reference:"C:\Program Files\dotnet\packs\Microsoft.AspNetCore.App.Ref\8.0.19\ref\net8.0\System.IO.Pipelines.dll" /reference:"C:\Program Files\dotnet\packs\Microsoft.NETCore.App.Ref\8.0.19\ref\net8.0\System.IO.Pipes.AccessControl.dll" /reference:"C:\Program Files\dotnet\packs\Microsoft.NETCore.App.Ref\8.0.19\ref\net8.0\System.IO.Pipes.dll" /reference:"C:\Program Files\dotnet\packs\Microsoft.NETCore.App.Ref\8.0.19\ref\net8.0\System.IO.UnmanagedMemoryStream.dll" /reference:"C:\Program Files\dotnet\packs\Microsoft.NETCore.App.Ref\8.0.19\ref\net8.0\System.Linq.dll" /reference:"C:\Program Files\dotnet\packs\Microsoft.NETCore.App.Ref\8.0.19\ref\net8.0\System.Linq.Expressions.dll" /reference:"C:\Program Files\dotnet\packs\Microsoft.NETCore.App.Ref\8.0.19\ref\net8.0\System.Linq.Parallel.dll" /reference:"C:\Program Files\dotnet\packs\Microsoft.NETCore.App.Ref\8.0.19\ref\net8.0\System.Linq.Queryable.dll" /reference:"C:\Program Files\dotnet\packs\Microsoft.NETCore.App.Ref\8.0.19\ref\net8.0\System.Memory.dll" /reference:"C:\Program Files\dotnet\packs\Microsoft.NETCore.App.Ref\8.0.19\ref\net8.0\System.Net.dll" /reference:"C:\Program Files\dotnet\packs\Microsoft.NETCore.App.Ref\8.0.19\ref\net8.0\System.Net.Http.dll" /reference:"C:\Program Files\dotnet\packs\Microsoft.NETCore.App.Ref\8.0.19\ref\net8.0\System.Net.Http.Json.dll" /reference:"C:\Program Files\dotnet\packs\Microsoft.NETCore.App.Ref\8.0.19\ref\net8.0\System.Net.HttpListener.dll" /reference:"C:\Program Files\dotnet\packs\Microsoft.NETCore.App.Ref\8.0.19\ref\net8.0\System.Net.Mail.dll" /reference:"C:\Program Files\dotnet\packs\Microsoft.NETCore.App.Ref\8.0.19\ref\net8.0\System.Net.NameResolution.dll" /reference:"C:\Program Files\dotnet\packs\Microsoft.NETCore.App.Ref\8.0.19\ref\net8.0\System.Net.NetworkInformation.dll" /reference:"C:\Program Files\dotnet\packs\Microsoft.NETCore.App.Ref\8.0.19\ref\net8.0\System.Net.Ping.dll" /reference:"C:\Program Files\dotnet\packs\Microsoft.NETCore.App.Ref\8.0.19\ref\net8.0\System.Net.Primitives.dll" /reference:"C:\Program Files\dotnet\packs\Microsoft.NETCore.App.Ref\8.0.19\ref\net8.0\System.Net.Quic.dll" /reference:"C:\Program Files\dotnet\packs\Microsoft.NETCore.App.Ref\8.0.19\ref\net8.0\System.Net.Requests.dll" /reference:"C:\Program Files\dotnet\packs\Microsoft.NETCore.App.Ref\8.0.19\ref\net8.0\System.Net.Security.dll" /reference:"C:\Program Files\dotnet\packs\Microsoft.NETCore.App.Ref\8.0.19\ref\net8.0\System.Net.ServicePoint.dll" /reference:"C:\Program Files\dotnet\packs\Microsoft.NETCore.App.Ref\8.0.19\ref\net8.0\System.Net.Sockets.dll" /reference:"C:\Program Files\dotnet\packs\Microsoft.NETCore.App.Ref\8.0.19\ref\net8.0\System.Net.WebClient.dll" /reference:"C:\Program Files\dotnet\packs\Microsoft.NETCore.App.Ref\8.0.19\ref\net8.0\System.Net.WebHeaderCollection.dll" /reference:"C:\Program Files\dotnet\packs\Microsoft.NETCore.App.Ref\8.0.19\ref\net8.0\System.Net.WebProxy.dll" /reference:"C:\Program Files\dotnet\packs\Microsoft.NETCore.App.Ref\8.0.19\ref\net8.0\System.Net.WebSockets.Client.dll" /reference:"C:\Program Files\dotnet\packs\Microsoft.NETCore.App.Ref\8.0.19\ref\net8.0\System.Net.WebSockets.dll" /reference:"C:\Program Files\dotnet\packs\Microsoft.NETCore.App.Ref\8.0.19\ref\net8.0\System.Numerics.dll" /reference:"C:\Program Files\dotnet\packs\Microsoft.NETCore.App.Ref\8.0.19\ref\net8.0\System.Numerics.Vectors.dll" /reference:"C:\Program Files\dotnet\packs\Microsoft.NETCore.App.Ref\8.0.19\ref\net8.0\System.ObjectModel.dll" /reference:"C:\Program Files\dotnet\packs\Microsoft.NETCore.App.Ref\8.0.19\ref\net8.0\System.Reflection.DispatchProxy.dll" /reference:"C:\Program Files\dotnet\packs\Microsoft.NETCore.App.Ref\8.0.19\ref\net8.0\System.Reflection.dll" /reference:"C:\Program Files\dotnet\packs\Microsoft.NETCore.App.Ref\8.0.19\ref\net8.0\System.Reflection.Emit.dll" /reference:"C:\Program Files\dotnet\packs\Microsoft.NETCore.App.Ref\8.0.19\ref\net8.0\System.Reflection.Emit.ILGeneration.dll" /reference:"C:\Program Files\dotnet\packs\Microsoft.NETCore.App.Ref\8.0.19\ref\net8.0\System.Reflection.Emit.Lightweight.dll" /reference:"C:\Program Files\dotnet\packs\Microsoft.NETCore.App.Ref\8.0.19\ref\net8.0\System.Reflection.Extensions.dll" /reference:"C:\Program Files\dotnet\packs\Microsoft.NETCore.App.Ref\8.0.19\ref\net8.0\System.Reflection.Metadata.dll" /reference:"C:\Program Files\dotnet\packs\Microsoft.NETCore.App.Ref\8.0.19\ref\net8.0\System.Reflection.Primitives.dll" /reference:"C:\Program Files\dotnet\packs\Microsoft.NETCore.App.Ref\8.0.19\ref\net8.0\System.Reflection.TypeExtensions.dll" /reference:"C:\Program Files\dotnet\packs\Microsoft.NETCore.App.Ref\8.0.19\ref\net8.0\System.Resources.Reader.dll" /reference:"C:\Program Files\dotnet\packs\Microsoft.NETCore.App.Ref\8.0.19\ref\net8.0\System.Resources.ResourceManager.dll" /reference:"C:\Program Files\dotnet\packs\Microsoft.NETCore.App.Ref\8.0.19\ref\net8.0\System.Resources.Writer.dll" /reference:"C:\Program Files\dotnet\packs\Microsoft.NETCore.App.Ref\8.0.19\ref\net8.0\System.Runtime.CompilerServices.Unsafe.dll" /reference:"C:\Program Files\dotnet\packs\Microsoft.NETCore.App.Ref\8.0.19\ref\net8.0\System.Runtime.CompilerServices.VisualC.dll" /reference:"C:\Program Files\dotnet\packs\Microsoft.NETCore.App.Ref\8.0.19\ref\net8.0\System.Runtime.dll" /reference:"C:\Program Files\dotnet\packs\Microsoft.NETCore.App.Ref\8.0.19\ref\net8.0\System.Runtime.Extensions.dll" /reference:"C:\Program Files\dotnet\packs\Microsoft.NETCore.App.Ref\8.0.19\ref\net8.0\System.Runtime.Handles.dll" /reference:"C:\Program Files\dotnet\packs\Microsoft.NETCore.App.Ref\8.0.19\ref\net8.0\System.Runtime.InteropServices.dll" /reference:"C:\Program Files\dotnet\packs\Microsoft.NETCore.App.Ref\8.0.19\ref\net8.0\System.Runtime.InteropServices.JavaScript.dll" /reference:"C:\Program Files\dotnet\packs\Microsoft.NETCore.App.Ref\8.0.19\ref\net8.0\System.Runtime.InteropServices.RuntimeInformation.dll" /reference:"C:\Program Files\dotnet\packs\Microsoft.NETCore.App.Ref\8.0.19\ref\net8.0\System.Runtime.Intrinsics.dll" /reference:"C:\Program Files\dotnet\packs\Microsoft.NETCore.App.Ref\8.0.19\ref\net8.0\System.Runtime.Loader.dll" /reference:"C:\Program Files\dotnet\packs\Microsoft.NETCore.App.Ref\8.0.19\ref\net8.0\System.Runtime.Numerics.dll" /reference:"C:\Program Files\dotnet\packs\Microsoft.NETCore.App.Ref\8.0.19\ref\net8.0\System.Runtime.Serialization.dll" /reference:"C:\Program Files\dotnet\packs\Microsoft.NETCore.App.Ref\8.0.19\ref\net8.0\System.Runtime.Serialization.Formatters.dll" /reference:"C:\Program Files\dotnet\packs\Microsoft.NETCore.App.Ref\8.0.19\ref\net8.0\System.Runtime.Serialization.Json.dll" /reference:"C:\Program Files\dotnet\packs\Microsoft.NETCore.App.Ref\8.0.19\ref\net8.0\System.Runtime.Serialization.Primitives.dll" /reference:"C:\Program Files\dotnet\packs\Microsoft.NETCore.App.Ref\8.0.19\ref\net8.0\System.Runtime.Serialization.Xml.dll" /reference:"C:\Program Files\dotnet\packs\Microsoft.NETCore.App.Ref\8.0.19\ref\net8.0\System.Security.AccessControl.dll" /reference:"C:\Program Files\dotnet\packs\Microsoft.NETCore.App.Ref\8.0.19\ref\net8.0\System.Security.Claims.dll" /reference:"C:\Program Files\dotnet\packs\Microsoft.NETCore.App.Ref\8.0.19\ref\net8.0\System.Security.Cryptography.Algorithms.dll" /reference:"C:\Program Files\dotnet\packs\Microsoft.NETCore.App.Ref\8.0.19\ref\net8.0\System.Security.Cryptography.Cng.dll" /reference:"C:\Program Files\dotnet\packs\Microsoft.NETCore.App.Ref\8.0.19\ref\net8.0\System.Security.Cryptography.Csp.dll" /reference:"C:\Program Files\dotnet\packs\Microsoft.NETCore.App.Ref\8.0.19\ref\net8.0\System.Security.Cryptography.dll" /reference:"C:\Program Files\dotnet\packs\Microsoft.NETCore.App.Ref\8.0.19\ref\net8.0\System.Security.Cryptography.Encoding.dll" /reference:"C:\Program Files\dotnet\packs\Microsoft.NETCore.App.Ref\8.0.19\ref\net8.0\System.Security.Cryptography.OpenSsl.dll" /reference:"C:\Program Files\dotnet\packs\Microsoft.NETCore.App.Ref\8.0.19\ref\net8.0\System.Security.Cryptography.Primitives.dll" /reference:"C:\Program Files\dotnet\packs\Microsoft.NETCore.App.Ref\8.0.19\ref\net8.0\System.Security.Cryptography.X509Certificates.dll" /reference:"C:\Program Files\dotnet\packs\Microsoft.AspNetCore.App.Ref\8.0.19\ref\net8.0\System.Security.Cryptography.Xml.dll" /reference:"C:\Program Files\dotnet\packs\Microsoft.NETCore.App.Ref\8.0.19\ref\net8.0\System.Security.dll" /reference:"C:\Program Files\dotnet\packs\Microsoft.NETCore.App.Ref\8.0.19\ref\net8.0\System.Security.Principal.dll" /reference:"C:\Program Files\dotnet\packs\Microsoft.NETCore.App.Ref\8.0.19\ref\net8.0\System.Security.Principal.Windows.dll" /reference:"C:\Program Files\dotnet\packs\Microsoft.NETCore.App.Ref\8.0.19\ref\net8.0\System.Security.SecureString.dll" /reference:"C:\Program Files\dotnet\packs\Microsoft.NETCore.App.Ref\8.0.19\ref\net8.0\System.ServiceModel.Web.dll" /reference:"C:\Program Files\dotnet\packs\Microsoft.NETCore.App.Ref\8.0.19\ref\net8.0\System.ServiceProcess.dll" /reference:"C:\Program Files\dotnet\packs\Microsoft.NETCore.App.Ref\8.0.19\ref\net8.0\System.Text.Encoding.CodePages.dll" /reference:"C:\Program Files\dotnet\packs\Microsoft.NETCore.App.Ref\8.0.19\ref\net8.0\System.Text.Encoding.dll" /reference:"C:\Program Files\dotnet\packs\Microsoft.NETCore.App.Ref\8.0.19\ref\net8.0\System.Text.Encoding.Extensions.dll" /reference:"C:\Program Files\dotnet\packs\Microsoft.NETCore.App.Ref\8.0.19\ref\net8.0\System.Text.Encodings.Web.dll" /reference:"C:\Program Files\dotnet\packs\Microsoft.NETCore.App.Ref\8.0.19\ref\net8.0\System.Text.Json.dll" /reference:"C:\Program Files\dotnet\packs\Microsoft.NETCore.App.Ref\8.0.19\ref\net8.0\System.Text.RegularExpressions.dll" /reference:"C:\Program Files\dotnet\packs\Microsoft.NETCore.App.Ref\8.0.19\ref\net8.0\System.Threading.Channels.dll" /reference:"C:\Program Files\dotnet\packs\Microsoft.NETCore.App.Ref\8.0.19\ref\net8.0\System.Threading.dll" /reference:"C:\Program Files\dotnet\packs\Microsoft.NETCore.App.Ref\8.0.19\ref\net8.0\System.Threading.Overlapped.dll" /reference:"C:\Program Files\dotnet\packs\Microsoft.AspNetCore.App.Ref\8.0.19\ref\net8.0\System.Threading.RateLimiting.dll" /reference:"C:\Program Files\dotnet\packs\Microsoft.NETCore.App.Ref\8.0.19\ref\net8.0\System.Threading.Tasks.Dataflow.dll" /reference:"C:\Program Files\dotnet\packs\Microsoft.NETCore.App.Ref\8.0.19\ref\net8.0\System.Threading.Tasks.dll" /reference:"C:\Program Files\dotnet\packs\Microsoft.NETCore.App.Ref\8.0.19\ref\net8.0\System.Threading.Tasks.Extensions.dll" /reference:"C:\Program Files\dotnet\packs\Microsoft.NETCore.App.Ref\8.0.19\ref\net8.0\System.Threading.Tasks.Parallel.dll" /reference:"C:\Program Files\dotnet\packs\Microsoft.NETCore.App.Ref\8.0.19\ref\net8.0\System.Threading.Thread.dll" /reference:"C:\Program Files\dotnet\packs\Microsoft.NETCore.App.Ref\8.0.19\ref\net8.0\System.Threading.ThreadPool.dll" /reference:"C:\Program Files\dotnet\packs\Microsoft.NETCore.App.Ref\8.0.19\ref\net8.0\System.Threading.Timer.dll" /reference:"C:\Program Files\dotnet\packs\Microsoft.NETCore.App.Ref\8.0.19\ref\net8.0\System.Transactions.dll" /reference:"C:\Program Files\dotnet\packs\Microsoft.NETCore.App.Ref\8.0.19\ref\net8.0\System.Transactions.Local.dll" /reference:"C:\Program Files\dotnet\packs\Microsoft.NETCore.App.Ref\8.0.19\ref\net8.0\System.ValueTuple.dll" /reference:"C:\Program Files\dotnet\packs\Microsoft.NETCore.App.Ref\8.0.19\ref\net8.0\System.Web.dll" /reference:"C:\Program Files\dotnet\packs\Microsoft.NETCore.App.Ref\8.0.19\ref\net8.0\System.Web.HttpUtility.dll" /reference:"C:\Program Files\dotnet\packs\Microsoft.NETCore.App.Ref\8.0.19\ref\net8.0\System.Windows.dll" /reference:"C:\Program Files\dotnet\packs\Microsoft.NETCore.App.Ref\8.0.19\ref\net8.0\System.Xml.dll" /reference:"C:\Program Files\dotnet\packs\Microsoft.NETCore.App.Ref\8.0.19\ref\net8.0\System.Xml.Linq.dll" /reference:"C:\Program Files\dotnet\packs\Microsoft.NETCore.App.Ref\8.0.19\ref\net8.0\System.Xml.ReaderWriter.dll" /reference:"C:\Program Files\dotnet\packs\Microsoft.NETCore.App.Ref\8.0.19\ref\net8.0\System.Xml.Serialization.dll" /reference:"C:\Program Files\dotnet\packs\Microsoft.NETCore.App.Ref\8.0.19\ref\net8.0\System.Xml.XDocument.dll" /reference:"C:\Program Files\dotnet\packs\Microsoft.NETCore.App.Ref\8.0.19\ref\net8.0\System.Xml.XmlDocument.dll" /reference:"C:\Program Files\dotnet\packs\Microsoft.NETCore.App.Ref\8.0.19\ref\net8.0\System.Xml.XmlSerializer.dll" /reference:"C:\Program Files\dotnet\packs\Microsoft.NETCore.App.Ref\8.0.19\ref\net8.0\System.Xml.XPath.dll" /reference:"C:\Program Files\dotnet\packs\Microsoft.NETCore.App.Ref\8.0.19\ref\net8.0\System.Xml.XPath.XDocument.dll" /reference:"C:\Program Files\dotnet\packs\Microsoft.NETCore.App.Ref\8.0.19\ref\net8.0\WindowsBase.dll" /reference:C:\Users\PC\.nuget\packages\yarp.reverseproxy\2.3.0\lib\net8.0\Yarp.ReverseProxy.dll /reference:C:\Users\PC\.nuget\packages\zstdsharp.port\0.7.3\lib\net7.0\ZstdSharp.dll /debug+ /debug:portable /filealign:512 /optimize- /out:obj\Debug\net8.0\Machly.Api.dll /refout:obj\Debug\net8.0\refint\Machly.Api.dll /target:exe /warnaserror- /utf8output /deterministic+ /sourcelink:obj\Debug\net8.0\Machly.Api.sourcelink.json /langversion:12.0 /analyzerconfig:obj\Debug\net8.0\Machly.Api.GeneratedMSBuildEditorConfig.editorconfig /analyzerconfig:"C:\Program Files\dotnet\sdk\9.0.304\Sdks\Microsoft.NET.Sdk\analyzers\build\config\analysislevel_8_default.globalconfig" /analyzer:"C:\Program Files\dotnet\sdk\9.0.304\Sdks\Microsoft.NET.Sdk.Web\analyzers\cs\Microsoft.AspNetCore.Analyzers.dll" /analyzer:"C:\Program Files\dotnet\sdk\9.0.304\Sdks\Microsoft.NET.Sdk.Web\analyzers\cs\Microsoft.AspNetCore.Mvc.Analyzers.dll" /analyzer:"C:\Program Files\dotnet\sdk\9.0.304\Sdks\Microsoft.NET.Sdk\targets\..\analyzers\Microsoft.CodeAnalysis.CSharp.NetAnalyzers.dll" /analyzer:"C:\Program Files\dotnet\sdk\9.0.304\Sdks\Microsoft.NET.Sdk\targets\..\analyzers\Microsoft.CodeAnalysis.NetAnalyzers.dll" /analyzer:"C:\Program Files\dotnet\packs\Microsoft.NETCore.App.Ref\8.0.19\analyzers/dotnet/cs/Microsoft.Interop.ComInterfaceGenerator.dll" /analyzer:"C:\Program Files\dotnet\packs\Microsoft.NETCore.App.Ref\8.0.19\analyzers/dotnet/cs/Microsoft.Interop.JavaScript.JSImportGenerator.dll" /analyzer:"C:\Program Files\dotnet\packs\Microsoft.NETCore.App.Ref\8.0.19\analyzers/dotnet/cs/Microsoft.Interop.LibraryImportGenerator.dll" /analyzer:"C:\Program Files\dotnet\packs\Microsoft.NETCore.App.Ref\8.0.19\analyzers/dotnet/cs/Microsoft.Interop.SourceGeneration.dll" /analyzer:"C:\Program Files\dotnet\packs\Microsoft.NETCore.App.Ref\8.0.19\analyzers/dotnet/cs/System.Text.Json.SourceGeneration.dll" /analyzer:"C:\Program Files\dotnet\packs\Microsoft.NETCore.App.Ref\8.0.19\analyzers/dotnet/cs/System.Text.RegularExpressions.Generator.dll" /analyzer:"C:\Program Files\dotnet\packs\Microsoft.AspNetCore.App.Ref\8.0.19\analyzers/dotnet/cs/Microsoft.AspNetCore.App.Analyzers.dll" /analyzer:"C:\Program Files\dotnet\packs\Microsoft.AspNetCore.App.Ref\8.0.19\analyzers/dotnet/cs/Microsoft.AspNetCore.App.CodeFixes.dll" /analyzer:"C:\Program Files\dotnet\packs\Microsoft.AspNetCore.App.Ref\8.0.19\analyzers/dotnet/cs/Microsoft.AspNetCore.Components.Analyzers.dll" /analyzer:"C:\Program Files\dotnet\packs\Microsoft.AspNetCore.App.Ref\8.0.19\analyzers/dotnet/roslyn4.4/cs/Microsoft.Extensions.Logging.Generators.dll" /analyzer:"C:\Program Files\dotnet\packs\Microsoft.AspNetCore.App.Ref\8.0.19\analyzers/dotnet/roslyn4.4/cs/Microsoft.Extensions.Options.SourceGeneration.dll" /analyzer:"C:\Program Files\dotnet\sdk\9.0.304\Sdks\Microsoft.NET.Sdk.Razor\targets\..\source-generators\Microsoft.AspNetCore.Razor.Utilities.Shared.dll" /analyzer:"C:\Program Files\dotnet\sdk\9.0.304\Sdks\Microsoft.NET.Sdk.Razor\targets\..\source-generators\Microsoft.CodeAnalysis.Razor.Compiler.dll" /analyzer:"C:\Program Files\dotnet\sdk\9.0.304\Sdks\Microsoft.NET.Sdk.Razor\targets\..\source-generators\Microsoft.Extensions.ObjectPool.dll" /analyzer:"C:\Program Files\dotnet\sdk\9.0.304\Sdks\Microsoft.NET.Sdk.Razor\targets\..\source-generators\System.Collections.Immutable.dll" Config\MongoDbSettings.cs Controllers\AdminController.cs Controllers\AgroController.cs Controllers\AuthController.cs Controllers\BookingsController.cs Controllers\ChatController.cs Controllers\FavoritesController.cs Controllers\HistoryController.cs Controllers\MachinesController.cs Controllers\NotificationsController.cs Controllers\ProviderController.cs Controllers\RenterController.cs Controllers\SupportController.cs Controllers\WeatherForecastController.cs DTOs\AdminBookingListItem.cs DTOs\AdminDashboardDto.cs DTOs\AdminMachineDetailsDto.cs DTOs\AdminMachineListItem.cs DTOs\AdminUserDetailsDto.cs DTOs\AdminUserSummaryDto.cs DTOs\AgroCalculateRequest.cs DTOs\BookingCreateRequest.cs DTOs\BookingDetailDto.cs DTOs\CheckInRequest.cs DTOs\CheckOutRequest.cs DTOs\LoginRequest.cs DTOs\NotificationRequest.cs DTOs\ProviderVerificationRequest.cs DTOs\RegisterRequest.cs DTOs\ReviewRequest.cs GraphQL\DTOs\Dtos.cs GraphQL\Inputs\Inputs.cs GraphQL\Mutations\Mutation.cs GraphQL\Queries\Query.cs GraphQL\Types\Types.cs Hubs\ChatHub.cs Models\AuditLog.cs Models\Booking.cs Models\ChatMessage.cs Models\Favorite.cs Models\Machine.cs Models\Notification.cs Models\SupportTicket.cs Models\User.cs Program.cs Repositories\AuditRepository.cs Repositories\BookingRepository.cs Repositories\ChatRepository.cs Repositories\FavoriteRepository.cs Repositories\MachineRepository.cs Repositories\MongoDbContext.cs Repositories\NotificationRepository.cs Repositories\SupportTicketRepository.cs Repositories\UserRepository.cs Seed\SeedData.cs Services\AuditService.cs Services\AuthService.cs Services\BookingService.cs Services\INotificationSender.cs Services\MachineService.cs Services\MockNotificationSender.cs Services\NotificationService.cs Utils\ClaimsHelper.cs Utils\JwtHelper.cs Utils\PasswordHasher.cs WeatherForecast.cs obj\Debug\net8.0\Machly.Api.GlobalUsings.g.cs "obj\Debug\net8.0\.NETCoreApp,Version=v8.0.AssemblyAttributes.cs" obj\Debug\net8.0\Machly.Api.AssemblyInfo.cs obj\Debug\net8.0\Machly.Api.MvcApplicationPartsAssemblyInfo.cs /warnaserror+:NU1605,SYSLIB0011
         Ensamblado cargado durante TaskRun (Microsoft.CodeAnalysis.BuildTasks.Csc): System.IO.Pipes, Version=9.0.0.0, Culture=neutral, PublicKeyToken=b03f5f7f11d50a3a(ubicaci├│n: C:\Program Files\dotnet\shared\Microsoft.NETCore.App\9.0.8\System.IO.Pipes.dll, MVID: 8cf0c4db-bf90-4779-96ec-d6c3eb8383ac, AssemblyLoadContext: Default)
         Ensamblado cargado durante TaskRun (Microsoft.CodeAnalysis.BuildTasks.Csc): System.Security.AccessControl, Version=9.0.0.0, Culture=neutral, PublicKeyToken=b03f5f7f11d50a3a(ubicaci├│n: C:\Program Files\dotnet\shared\Microsoft.NETCore.App\9.0.8\System.Security.AccessControl.dll, MVID: dfc7c495-f687-4529-a2fd-33c2b33589a2, AssemblyLoadContext: Default)
         Compilador de Microsoft (R) Visual C# versi├│n 4.14.0-3.25359.3 (6dbcfd2f)
         Copyright (C) Microsoft Corporation. Todos los derechos reservados.
   1:7>C:\Users\PC\Downloads\Machly\Machly.Api\Config\MongoDbSettings.cs(5,23): warning CS8618: El elemento propiedad "ConnectionString" que no acepta valores NULL debe contener un valor distinto de NULL al salir del constructor. Considere la posibilidad de agregar el modificador "required'"o declarar el propiedad como un valor que acepta valores NULL. [C:\Users\PC\Downloads\Machly\Machly.Api\Machly.Api.csproj]
   1:7>C:\Users\PC\Downloads\Machly\Machly.Api\Config\MongoDbSettings.cs(6,23): warning CS8618: El elemento propiedad "DatabaseName" que no acepta valores NULL debe contener un valor distinto de NULL al salir del constructor. Considere la posibilidad de agregar el modificador "required'"o declarar el propiedad como un valor que acepta valores NULL. [C:\Users\PC\Downloads\Machly\Machly.Api\Machly.Api.csproj]
   1:7>C:\Users\PC\Downloads\Machly\Machly.Api\DTOs\RegisterRequest.cs(5,23): warning CS8618: El elemento propiedad "Name" que no acepta valores NULL debe contener un valor distinto de NULL al salir del constructor. Considere la posibilidad de agregar el modificador "required'"o declarar el propiedad como un valor que acepta valores NULL. [C:\Users\PC\Downloads\Machly\Machly.Api\Machly.Api.csproj]
   1:7>C:\Users\PC\Downloads\Machly\Machly.Api\DTOs\RegisterRequest.cs(6,23): warning CS8618: El elemento propiedad "Email" que no acepta valores NULL debe contener un valor distinto de NULL al salir del constructor. Considere la posibilidad de agregar el modificador "required'"o declarar el propiedad como un valor que acepta valores NULL. [C:\Users\PC\Downloads\Machly\Machly.Api\Machly.Api.csproj]
   1:7>C:\Users\PC\Downloads\Machly\Machly.Api\DTOs\RegisterRequest.cs(7,23): warning CS8618: El elemento propiedad "Password" que no acepta valores NULL debe contener un valor distinto de NULL al salir del constructor. Considere la posibilidad de agregar el modificador "required'"o declarar el propiedad como un valor que acepta valores NULL. [C:\Users\PC\Downloads\Machly\Machly.Api\Machly.Api.csproj]
   1:7>C:\Users\PC\Downloads\Machly\Machly.Api\DTOs\RegisterRequest.cs(8,23): warning CS8618: El elemento propiedad "Role" que no acepta valores NULL debe contener un valor distinto de NULL al salir del constructor. Considere la posibilidad de agregar el modificador "required'"o declarar el propiedad como un valor que acepta valores NULL. [C:\Users\PC\Downloads\Machly\Machly.Api\Machly.Api.csproj]
   1:7>C:\Users\PC\Downloads\Machly\Machly.Api\DTOs\NotificationRequest.cs(8,23): warning CS8618: El elemento propiedad "Title" que no acepta valores NULL debe contener un valor distinto de NULL al salir del constructor. Considere la posibilidad de agregar el modificador "required'"o declarar el propiedad como un valor que acepta valores NULL. [C:\Users\PC\Downloads\Machly\Machly.Api\Machly.Api.csproj]
   1:7>C:\Users\PC\Downloads\Machly\Machly.Api\DTOs\NotificationRequest.cs(9,23): warning CS8618: El elemento propiedad "Message" que no acepta valores NULL debe contener un valor distinto de NULL al salir del constructor. Considere la posibilidad de agregar el modificador "required'"o declarar el propiedad como un valor que acepta valores NULL. [C:\Users\PC\Downloads\Machly\Machly.Api\Machly.Api.csproj]
   1:7>C:\Users\PC\Downloads\Machly\Machly.Api\DTOs\AdminDashboardDto.cs(18,23): warning CS8618: El elemento propiedad "Category" que no acepta valores NULL debe contener un valor distinto de NULL al salir del constructor. Considere la posibilidad de agregar el modificador "required'"o declarar el propiedad como un valor que acepta valores NULL. [C:\Users\PC\Downloads\Machly\Machly.Api\Machly.Api.csproj]
   1:7>C:\Users\PC\Downloads\Machly\Machly.Api\DTOs\AdminDashboardDto.cs(24,23): warning CS8618: El elemento propiedad "MachineTitle" que no acepta valores NULL debe contener un valor distinto de NULL al salir del constructor. Considere la posibilidad de agregar el modificador "required'"o declarar el propiedad como un valor que acepta valores NULL. [C:\Users\PC\Downloads\Machly\Machly.Api\Machly.Api.csproj]
   1:7>C:\Users\PC\Downloads\Machly\Machly.Api\DTOs\LoginRequest.cs(5,23): warning CS8618: El elemento propiedad "Email" que no acepta valores NULL debe contener un valor distinto de NULL al salir del constructor. Considere la posibilidad de agregar el modificador "required'"o declarar el propiedad como un valor que acepta valores NULL. [C:\Users\PC\Downloads\Machly\Machly.Api\Machly.Api.csproj]
   1:7>C:\Users\PC\Downloads\Machly\Machly.Api\DTOs\LoginRequest.cs(6,23): warning CS8618: El elemento propiedad "Password" que no acepta valores NULL debe contener un valor distinto de NULL al salir del constructor. Considere la posibilidad de agregar el modificador "required'"o declarar el propiedad como un valor que acepta valores NULL. [C:\Users\PC\Downloads\Machly\Machly.Api\Machly.Api.csproj]
   1:7>C:\Users\PC\Downloads\Machly\Machly.Api\Models\User.cs(13,23): warning CS8618: El elemento propiedad "Name" que no acepta valores NULL debe contener un valor distinto de NULL al salir del constructor. Considere la posibilidad de agregar el modificador "required'"o declarar el propiedad como un valor que acepta valores NULL. [C:\Users\PC\Downloads\Machly\Machly.Api\Machly.Api.csproj]
   1:7>C:\Users\PC\Downloads\Machly\Machly.Api\Models\User.cs(14,23): warning CS8618: El elemento propiedad "Email" que no acepta valores NULL debe contener un valor distinto de NULL al salir del constructor. Considere la posibilidad de agregar el modificador "required'"o declarar el propiedad como un valor que acepta valores NULL. [C:\Users\PC\Downloads\Machly\Machly.Api\Machly.Api.csproj]
   1:7>C:\Users\PC\Downloads\Machly\Machly.Api\Models\User.cs(15,23): warning CS8618: El elemento propiedad "PasswordHash" que no acepta valores NULL debe contener un valor distinto de NULL al salir del constructor. Considere la posibilidad de agregar el modificador "required'"o declarar el propiedad como un valor que acepta valores NULL. [C:\Users\PC\Downloads\Machly\Machly.Api\Machly.Api.csproj]
   1:7>C:\Users\PC\Downloads\Machly\Machly.Api\Models\User.cs(16,23): warning CS8618: El elemento propiedad "Role" que no acepta valores NULL debe contener un valor distinto de NULL al salir del constructor. Considere la posibilidad de agregar el modificador "required'"o declarar el propiedad como un valor que acepta valores NULL. [C:\Users\PC\Downloads\Machly\Machly.Api\Machly.Api.csproj]
   1:7>C:\Users\PC\Downloads\Machly\Machly.Api\Models\SupportTicket.cs(15,23): warning CS8618: El elemento propiedad "Subject" que no acepta valores NULL debe contener un valor distinto de NULL al salir del constructor. Considere la posibilidad de agregar el modificador "required'"o declarar el propiedad como un valor que acepta valores NULL. [C:\Users\PC\Downloads\Machly\Machly.Api\Machly.Api.csproj]
   1:7>C:\Users\PC\Downloads\Machly\Machly.Api\Models\SupportTicket.cs(16,23): warning CS8618: El elemento propiedad "Message" que no acepta valores NULL debe contener un valor distinto de NULL al salir del constructor. Considere la posibilidad de agregar el modificador "required'"o declarar el propiedad como un valor que acepta valores NULL. [C:\Users\PC\Downloads\Machly\Machly.Api\Machly.Api.csproj]
   1:7>C:\Users\PC\Downloads\Machly\Machly.Api\Models\Notification.cs(13,23): warning CS8618: El elemento propiedad "UserId" que no acepta valores NULL debe contener un valor distinto de NULL al salir del constructor. Considere la posibilidad de agregar el modificador "required'"o declarar el propiedad como un valor que acepta valores NULL. [C:\Users\PC\Downloads\Machly\Machly.Api\Machly.Api.csproj]
   1:7>C:\Users\PC\Downloads\Machly\Machly.Api\Models\Notification.cs(15,23): warning CS8618: El elemento propiedad "Title" que no acepta valores NULL debe contener un valor distinto de NULL al salir del constructor. Considere la posibilidad de agregar el modificador "required'"o declarar el propiedad como un valor que acepta valores NULL. [C:\Users\PC\Downloads\Machly\Machly.Api\Machly.Api.csproj]
   1:7>C:\Users\PC\Downloads\Machly\Machly.Api\Models\Notification.cs(16,23): warning CS8618: El elemento propiedad "Message" que no acepta valores NULL debe contener un valor distinto de NULL al salir del constructor. Considere la posibilidad de agregar el modificador "required'"o declarar el propiedad como un valor que acepta valores NULL. [C:\Users\PC\Downloads\Machly\Machly.Api\Machly.Api.csproj]
   1:7>C:\Users\PC\Downloads\Machly\Machly.Api\Models\Favorite.cs(13,23): warning CS8618: El elemento propiedad "UserId" que no acepta valores NULL debe contener un valor distinto de NULL al salir del constructor. Considere la posibilidad de agregar el modificador "required'"o declarar el propiedad como un valor que acepta valores NULL. [C:\Users\PC\Downloads\Machly\Machly.Api\Machly.Api.csproj]
   1:7>C:\Users\PC\Downloads\Machly\Machly.Api\Models\Favorite.cs(16,23): warning CS8618: El elemento propiedad "MachineId" que no acepta valores NULL debe contener un valor distinto de NULL al salir del constructor. Considere la posibilidad de agregar el modificador "required'"o declarar el propiedad como un valor que acepta valores NULL. [C:\Users\PC\Downloads\Machly\Machly.Api\Machly.Api.csproj]
   1:7>C:\Users\PC\Downloads\Machly\Machly.Api\GraphQL\Queries\Query.cs(64,45): warning CS1998: El m├®todo asincr├│nico carece de operadores "await" y se ejecutar├í de forma sincr├│nica. Puede usar el operador 'await' para esperar llamadas API que no sean de bloqueo o 'await Task.Run(...)' para hacer tareas enlazadas a la CPU en un subproceso en segundo plano. [C:\Users\PC\Downloads\Machly\Machly.Api\Machly.Api.csproj]
   1:7>C:\Users\PC\Downloads\Machly\Machly.Api\GraphQL\Queries\Query.cs(141,30): error CS1061: "User" no contiene una definici├│n para "PhotoUrl" ni un m├®todo de extensi├│n accesible "PhotoUrl" que acepte un primer argumento del tipo "User" (┬┐falta alguna directiva using o una referencia de ensamblado?) [C:\Users\PC\Downloads\Machly\Machly.Api\Machly.Api.csproj]
   1:7>C:\Users\PC\Downloads\Machly\Machly.Api\Utils\JwtHelper.cs(15,20): warning CS8601: Posible asignaci├│n de referencia nula. [C:\Users\PC\Downloads\Machly\Machly.Api\Machly.Api.csproj]
   1:7>C:\Users\PC\Downloads\Machly\Machly.Api\Utils\JwtHelper.cs(13,16): warning CS8618: El elemento campo "_key" que no acepta valores NULL debe contener un valor distinto de NULL al salir del constructor. Considere la posibilidad de agregar el modificador "required'"o declarar el campo como un valor que acepta valores NULL. [C:\Users\PC\Downloads\Machly\Machly.Api\Machly.Api.csproj]
   1:7>C:\Users\PC\Downloads\Machly\Machly.Api\Services\NotificationService.cs(56,26): warning CS8601: Posible asignaci├│n de referencia nula. [C:\Users\PC\Downloads\Machly\Machly.Api\Machly.Api.csproj]
   1:7>C:\Users\PC\Downloads\Machly\Machly.Api\Utils\JwtHelper.cs(25,33): warning CS8604: Posible argumento de referencia nulo para el par├ímetro "value" en "Claim.Claim(string type, string value)". [C:\Users\PC\Downloads\Machly\Machly.Api\Machly.Api.csproj]
   1:7>C:\Users\PC\Downloads\Machly\Machly.Api\Services\NotificationService.cs(74,26): warning CS8601: Posible asignaci├│n de referencia nula. [C:\Users\PC\Downloads\Machly\Machly.Api\Machly.Api.csproj]
   1:7>C:\Users\PC\Downloads\Machly\Machly.Api\Program.cs(106,39): warning CS8604: Posible argumento de referencia nulo para el par├ímetro "s" en "byte[] Encoding.GetBytes(string s)". [C:\Users\PC\Downloads\Machly\Machly.Api\Machly.Api.csproj]
         CompilerServer: server - server processed compilation - Machly.Api (net8.0)
       Ejecuci├│n de la tarea "Csc" terminada -- ERROR.
   1:7>Compilaci├│n terminada del destino "CoreCompile" en el proyecto "Machly.Api.csproj" -- ERROR.
   1:7>Destino "_CheckForCompileOutputs" en el archivo "C:\Program Files\dotnet\sdk\9.0.304\Microsoft.Common.CurrentVersion.targets" del proyecto "C:\Users\PC\Downloads\Machly\Machly.Api\Machly.Api.csproj" (el destino "_CleanGetCurrentAndPriorFileWrites" depende de ├®l):
   1:7>Compilaci├│n terminada del destino "_CheckForCompileOutputs" en el proyecto "Machly.Api.csproj".
       Se omiti├│ el destino "_SGenCheckForOutputs" debido a una condici├│n falsa (False); ('$(_SGenGenerateSerializationAssembliesConfig)' == 'On' or ('@(WebReferenceUrl)'!='' and '$(_SGenGenerateSerializationAssembliesConfig)' == 'Auto')) se evalu├│ como ('Off' == 'On' or (''!='' and 'Off' == 'Auto')).
   1:7>Destino "_CleanGetCurrentAndPriorFileWrites" en el archivo "C:\Program Files\dotnet\sdk\9.0.304\Microsoft.Common.CurrentVersion.targets" del proyecto "C:\Users\PC\Downloads\Machly\Machly.Api\Machly.Api.csproj" (el destino "_CleanRecordFileWrites" depende de ├®l):
       Usando la tarea "ReadLinesFromFile" del ensamblado "Microsoft.Build.Tasks.Core, Version=15.1.0.0, Culture=neutral, PublicKeyToken=b03f5f7f11d50a3a".
       Tarea "ReadLinesFromFile"
       Ejecuci├│n de la tarea "ReadLinesFromFile" terminada.
       Tarea "ConvertToAbsolutePath"
       Ejecuci├│n de la tarea "ConvertToAbsolutePath" terminada.
       Usando la tarea "FindUnderPath" del ensamblado "Microsoft.Build.Tasks.Core, Version=15.1.0.0, Culture=neutral, PublicKeyToken=b03f5f7f11d50a3a".
       Tarea "FindUnderPath"
         La ruta de comparaci├│n es "C:\Users\PC\Downloads\Machly\Machly.Api".
       Ejecuci├│n de la tarea "FindUnderPath" terminada.
       Tarea "FindUnderPath"
         La ruta de comparaci├│n es "bin\Debug\net8.0\".
       Ejecuci├│n de la tarea "FindUnderPath" terminada.
       Tarea "FindUnderPath"
         La ruta de comparaci├│n es "obj\Debug\net8.0\".
       Ejecuci├│n de la tarea "FindUnderPath" terminada.
       Tarea "RemoveDuplicates"
       Ejecuci├│n de la tarea "RemoveDuplicates" terminada.
   1:7>Compilaci├│n terminada del destino "_CleanGetCurrentAndPriorFileWrites" en el proyecto "Machly.Api.csproj".
   1:7>Destino "_CleanRecordFileWrites" en el archivo "C:\Program Files\dotnet\sdk\9.0.304\Microsoft.Common.CurrentVersion.targets" del proyecto "C:\Users\PC\Downloads\Machly\Machly.Api\Machly.Api.csproj" (el destino "CoreBuild" depende de ├®l):
       Tarea "RemoveDuplicates"
       Ejecuci├│n de la tarea "RemoveDuplicates" terminada.
       Tarea "MakeDir"
       Ejecuci├│n de la tarea "MakeDir" terminada.
       Tarea "WriteLinesToFile"
         Omitiendo la escritura en el archivo "obj\Debug\net8.0\Machly.Api.csproj.FileListAbsolute.txt" porque el contenido no cambiar├í.
       Ejecuci├│n de la tarea "WriteLinesToFile" terminada.
   1:7>Compilaci├│n terminada del destino "_CleanRecordFileWrites" en el proyecto "Machly.Api.csproj".
   1:7>Compilaci├│n del proyecto terminada "C:\Users\PC\Downloads\Machly\Machly.Api\Machly.Api.csproj" (destinos predeterminados) -- ERROR.

ERROR al compilar.

       "C:\Users\PC\Downloads\Machly\Machly.Api\Machly.Api.csproj" (destino predeterminado) (1:7) ->
       (CoreCompile destino) -> 
         C:\Users\PC\Downloads\Machly\Machly.Api\Config\MongoDbSettings.cs(5,23): warning CS8618: El elemento propiedad "ConnectionString" que no acepta valores NULL debe contener un valor distinto de NULL al salir del constructor. Considere la posibilidad de agregar el modificador "required'"o declarar el propiedad como un valor que acepta valores NULL. [C:\Users\PC\Downloads\Machly\Machly.Api\Machly.Api.csproj]
         C:\Users\PC\Downloads\Machly\Machly.Api\Config\MongoDbSettings.cs(6,23): warning CS8618: El elemento propiedad "DatabaseName" que no acepta valores NULL debe contener un valor distinto de NULL al salir del constructor. Considere la posibilidad de agregar el modificador "required'"o declarar el propiedad como un valor que acepta valores NULL. [C:\Users\PC\Downloads\Machly\Machly.Api\Machly.Api.csproj]
         C:\Users\PC\Downloads\Machly\Machly.Api\DTOs\RegisterRequest.cs(5,23): warning CS8618: El elemento propiedad "Name" que no acepta valores NULL debe contener un valor distinto de NULL al salir del constructor. Considere la posibilidad de agregar el modificador "required'"o declarar el propiedad como un valor que acepta valores NULL. [C:\Users\PC\Downloads\Machly\Machly.Api\Machly.Api.csproj]
         C:\Users\PC\Downloads\Machly\Machly.Api\DTOs\RegisterRequest.cs(6,23): warning CS8618: El elemento propiedad "Email" que no acepta valores NULL debe contener un valor distinto de NULL al salir del constructor. Considere la posibilidad de agregar el modificador "required'"o declarar el propiedad como un valor que acepta valores NULL. [C:\Users\PC\Downloads\Machly\Machly.Api\Machly.Api.csproj]
         C:\Users\PC\Downloads\Machly\Machly.Api\DTOs\RegisterRequest.cs(7,23): warning CS8618: El elemento propiedad "Password" que no acepta valores NULL debe contener un valor distinto de NULL al salir del constructor. Considere la posibilidad de agregar el modificador "required'"o declarar el propiedad como un valor que acepta valores NULL. [C:\Users\PC\Downloads\Machly\Machly.Api\Machly.Api.csproj]
         C:\Users\PC\Downloads\Machly\Machly.Api\DTOs\RegisterRequest.cs(8,23): warning CS8618: El elemento propiedad "Role" que no acepta valores NULL debe contener un valor distinto de NULL al salir del constructor. Considere la posibilidad de agregar el modificador "required'"o declarar el propiedad como un valor que acepta valores NULL. [C:\Users\PC\Downloads\Machly\Machly.Api\Machly.Api.csproj]
         C:\Users\PC\Downloads\Machly\Machly.Api\DTOs\NotificationRequest.cs(8,23): warning CS8618: El elemento propiedad "Title" que no acepta valores NULL debe contener un valor distinto de NULL al salir del constructor. Considere la posibilidad de agregar el modificador "required'"o declarar el propiedad como un valor que acepta valores NULL. [C:\Users\PC\Downloads\Machly\Machly.Api\Machly.Api.csproj]
         C:\Users\PC\Downloads\Machly\Machly.Api\DTOs\NotificationRequest.cs(9,23): warning CS8618: El elemento propiedad "Message" que no acepta valores NULL debe contener un valor distinto de NULL al salir del constructor. Considere la posibilidad de agregar el modificador "required'"o declarar el propiedad como un valor que acepta valores NULL. [C:\Users\PC\Downloads\Machly\Machly.Api\Machly.Api.csproj]
         C:\Users\PC\Downloads\Machly\Machly.Api\DTOs\AdminDashboardDto.cs(18,23): warning CS8618: El elemento propiedad "Category" que no acepta valores NULL debe contener un valor distinto de NULL al salir del constructor. Considere la posibilidad de agregar el modificador "required'"o declarar el propiedad como un valor que acepta valores NULL. [C:\Users\PC\Downloads\Machly\Machly.Api\Machly.Api.csproj]
         C:\Users\PC\Downloads\Machly\Machly.Api\DTOs\AdminDashboardDto.cs(24,23): warning CS8618: El elemento propiedad "MachineTitle" que no acepta valores NULL debe contener un valor distinto de NULL al salir del constructor. Considere la posibilidad de agregar el modificador "required'"o declarar el propiedad como un valor que acepta valores NULL. [C:\Users\PC\Downloads\Machly\Machly.Api\Machly.Api.csproj]
         C:\Users\PC\Downloads\Machly\Machly.Api\DTOs\LoginRequest.cs(5,23): warning CS8618: El elemento propiedad "Email" que no acepta valores NULL debe contener un valor distinto de NULL al salir del constructor. Considere la posibilidad de agregar el modificador "required'"o declarar el propiedad como un valor que acepta valores NULL. [C:\Users\PC\Downloads\Machly\Machly.Api\Machly.Api.csproj]
         C:\Users\PC\Downloads\Machly\Machly.Api\DTOs\LoginRequest.cs(6,23): warning CS8618: El elemento propiedad "Password" que no acepta valores NULL debe contener un valor distinto de NULL al salir del constructor. Considere la posibilidad de agregar el modificador "required'"o declarar el propiedad como un valor que acepta valores NULL. [C:\Users\PC\Downloads\Machly\Machly.Api\Machly.Api.csproj]
         C:\Users\PC\Downloads\Machly\Machly.Api\Models\User.cs(13,23): warning CS8618: El elemento propiedad "Name" que no acepta valores NULL debe contener un valor distinto de NULL al salir del constructor. Considere la posibilidad de agregar el modificador "required'"o declarar el propiedad como un valor que acepta valores NULL. [C:\Users\PC\Downloads\Machly\Machly.Api\Machly.Api.csproj]
         C:\Users\PC\Downloads\Machly\Machly.Api\Models\User.cs(14,23): warning CS8618: El elemento propiedad "Email" que no acepta valores NULL debe contener un valor distinto de NULL al salir del constructor. Considere la posibilidad de agregar el modificador "required'"o declarar el propiedad como un valor que acepta valores NULL. [C:\Users\PC\Downloads\Machly\Machly.Api\Machly.Api.csproj]
         C:\Users\PC\Downloads\Machly\Machly.Api\Models\User.cs(15,23): warning CS8618: El elemento propiedad "PasswordHash" que no acepta valores NULL debe contener un valor distinto de NULL al salir del constructor. Considere la posibilidad de agregar el modificador "required'"o declarar el propiedad como un valor que acepta valores NULL. [C:\Users\PC\Downloads\Machly\Machly.Api\Machly.Api.csproj]
         C:\Users\PC\Downloads\Machly\Machly.Api\Models\User.cs(16,23): warning CS8618: El elemento propiedad "Role" que no acepta valores NULL debe contener un valor distinto de NULL al salir del constructor. Considere la posibilidad de agregar el modificador "required'"o declarar el propiedad como un valor que acepta valores NULL. [C:\Users\PC\Downloads\Machly\Machly.Api\Machly.Api.csproj]
         C:\Users\PC\Downloads\Machly\Machly.Api\Models\SupportTicket.cs(15,23): warning CS8618: El elemento propiedad "Subject" que no acepta valores NULL debe contener un valor distinto de NULL al salir del constructor. Considere la posibilidad de agregar el modificador "required'"o declarar el propiedad como un valor que acepta valores NULL. [C:\Users\PC\Downloads\Machly\Machly.Api\Machly.Api.csproj]
         C:\Users\PC\Downloads\Machly\Machly.Api\Models\SupportTicket.cs(16,23): warning CS8618: El elemento propiedad "Message" que no acepta valores NULL debe contener un valor distinto de NULL al salir del constructor. Considere la posibilidad de agregar el modificador "required'"o declarar el propiedad como un valor que acepta valores NULL. [C:\Users\PC\Downloads\Machly\Machly.Api\Machly.Api.csproj]
         C:\Users\PC\Downloads\Machly\Machly.Api\Models\Notification.cs(13,23): warning CS8618: El elemento propiedad "UserId" que no acepta valores NULL debe contener un valor distinto de NULL al salir del constructor. Considere la posibilidad de agregar el modificador "required'"o declarar el propiedad como un valor que acepta valores NULL. [C:\Users\PC\Downloads\Machly\Machly.Api\Machly.Api.csproj]
         C:\Users\PC\Downloads\Machly\Machly.Api\Models\Notification.cs(15,23): warning CS8618: El elemento propiedad "Title" que no acepta valores NULL debe contener un valor distinto de NULL al salir del constructor. Considere la posibilidad de agregar el modificador "required'"o declarar el propiedad como un valor que acepta valores NULL. [C:\Users\PC\Downloads\Machly\Machly.Api\Machly.Api.csproj]
         C:\Users\PC\Downloads\Machly\Machly.Api\Models\Notification.cs(16,23): warning CS8618: El elemento propiedad "Message" que no acepta valores NULL debe contener un valor distinto de NULL al salir del constructor. Considere la posibilidad de agregar el modificador "required'"o declarar el propiedad como un valor que acepta valores NULL. [C:\Users\PC\Downloads\Machly\Machly.Api\Machly.Api.csproj]
         C:\Users\PC\Downloads\Machly\Machly.Api\Models\Favorite.cs(13,23): warning CS8618: El elemento propiedad "UserId" que no acepta valores NULL debe contener un valor distinto de NULL al salir del constructor. Considere la posibilidad de agregar el modificador "required'"o declarar el propiedad como un valor que acepta valores NULL. [C:\Users\PC\Downloads\Machly\Machly.Api\Machly.Api.csproj]
         C:\Users\PC\Downloads\Machly\Machly.Api\Models\Favorite.cs(16,23): warning CS8618: El elemento propiedad "MachineId" que no acepta valores NULL debe contener un valor distinto de NULL al salir del constructor. Considere la posibilidad de agregar el modificador "required'"o declarar el propiedad como un valor que acepta valores NULL. [C:\Users\PC\Downloads\Machly\Machly.Api\Machly.Api.csproj]
         C:\Users\PC\Downloads\Machly\Machly.Api\GraphQL\Queries\Query.cs(64,45): warning CS1998: El m├®todo asincr├│nico carece de operadores "await" y se ejecutar├í de forma sincr├│nica. Puede usar el operador 'await' para esperar llamadas API que no sean de bloqueo o 'await Task.Run(...)' para hacer tareas enlazadas a la CPU en un subproceso en segundo plano. [C:\Users\PC\Downloads\Machly\Machly.Api\Machly.Api.csproj]
         C:\Users\PC\Downloads\Machly\Machly.Api\Utils\JwtHelper.cs(15,20): warning CS8601: Posible asignaci├│n de referencia nula. [C:\Users\PC\Downloads\Machly\Machly.Api\Machly.Api.csproj]
         C:\Users\PC\Downloads\Machly\Machly.Api\Utils\JwtHelper.cs(13,16): warning CS8618: El elemento campo "_key" que no acepta valores NULL debe contener un valor distinto de NULL al salir del constructor. Considere la posibilidad de agregar el modificador "required'"o declarar el campo como un valor que acepta valores NULL. [C:\Users\PC\Downloads\Machly\Machly.Api\Machly.Api.csproj]
         C:\Users\PC\Downloads\Machly\Machly.Api\Services\NotificationService.cs(56,26): warning CS8601: Posible asignaci├│n de referencia nula. [C:\Users\PC\Downloads\Machly\Machly.Api\Machly.Api.csproj]
         C:\Users\PC\Downloads\Machly\Machly.Api\Utils\JwtHelper.cs(25,33): warning CS8604: Posible argumento de referencia nulo para el par├ímetro "value" en "Claim.Claim(string type, string value)". [C:\Users\PC\Downloads\Machly\Machly.Api\Machly.Api.csproj]
         C:\Users\PC\Downloads\Machly\Machly.Api\Services\NotificationService.cs(74,26): warning CS8601: Posible asignaci├│n de referencia nula. [C:\Users\PC\Downloads\Machly\Machly.Api\Machly.Api.csproj]
         C:\Users\PC\Downloads\Machly\Machly.Api\Program.cs(106,39): warning CS8604: Posible argumento de referencia nulo para el par├ímetro "s" en "byte[] Encoding.GetBytes(string s)". [C:\Users\PC\Downloads\Machly\Machly.Api\Machly.Api.csproj]


       "C:\Users\PC\Downloads\Machly\Machly.Api\Machly.Api.csproj" (destino predeterminado) (1:7) ->
       (CoreCompile destino) -> 
         C:\Users\PC\Downloads\Machly\Machly.Api\GraphQL\Queries\Query.cs(141,30): error CS1061: "User" no contiene una definici├│n para "PhotoUrl" ni un m├®todo de extensi├│n accesible "PhotoUrl" que acepte un primer argumento del tipo "User" (┬┐falta alguna directiva using o una referencia de ensamblado?) [C:\Users\PC\Downloads\Machly\Machly.Api\Machly.Api.csproj]

    30 Advertencia(s)
    1 Errores

Tiempo transcurrido 00:00:01.41

Hay actualizaciones de carga de trabajo disponibles. Ejecute "dotnet workload list" para obtener m├ís informaci├│n.
