  Determinando los proyectos que se van a restaurar...
  Todos los proyectos est├ín actualizados para la restauraci├│n.
C:\Users\PC\Downloads\Machly\Machly.Web\Controllers\RenterController.cs(132,94): warning CS8625: No se puede convertir un literal NULL en un tipo de referencia que no acepta valores NULL. [C:\Users\PC\Downloads\Machly\Machly.Web\Machly.Web.csproj]
C:\Users\PC\Downloads\Machly\Machly.Web\Models\SupportTicket.cs(18,23): warning CS8618: El elemento propiedad "Subject" que no acepta valores NULL debe contener un valor distinto de NULL al salir del constructor. Considere la posibilidad de agregar el modificador "required'"o declarar el propiedad como un valor que acepta valores NULL. [C:\Users\PC\Downloads\Machly\Machly.Web\Machly.Web.csproj]
C:\Users\PC\Downloads\Machly\Machly.Web\Models\SupportTicket.cs(19,23): warning CS8618: El elemento propiedad "Message" que no acepta valores NULL debe contener un valor distinto de NULL al salir del constructor. Considere la posibilidad de agregar el modificador "required'"o declarar el propiedad como un valor que acepta valores NULL. [C:\Users\PC\Downloads\Machly\Machly.Web\Machly.Web.csproj]
C:\Users\PC\Downloads\Machly\Machly.Web\Models\SupportTicket.cs(6,23): warning CS8618: El elemento propiedad "UserId" que no acepta valores NULL debe contener un valor distinto de NULL al salir del constructor. Considere la posibilidad de agregar el modificador "required'"o declarar el propiedad como un valor que acepta valores NULL. [C:\Users\PC\Downloads\Machly\Machly.Web\Machly.Web.csproj]
C:\Users\PC\Downloads\Machly\Machly.Web\Models\SupportTicket.cs(7,23): warning CS8618: El elemento propiedad "Subject" que no acepta valores NULL debe contener un valor distinto de NULL al salir del constructor. Considere la posibilidad de agregar el modificador "required'"o declarar el propiedad como un valor que acepta valores NULL. [C:\Users\PC\Downloads\Machly\Machly.Web\Machly.Web.csproj]
C:\Users\PC\Downloads\Machly\Machly.Web\Models\SupportTicket.cs(8,23): warning CS8618: El elemento propiedad "Message" que no acepta valores NULL debe contener un valor distinto de NULL al salir del constructor. Considere la posibilidad de agregar el modificador "required'"o declarar el propiedad como un valor que acepta valores NULL. [C:\Users\PC\Downloads\Machly\Machly.Web\Machly.Web.csproj]
C:\Users\PC\Downloads\Machly\Machly.Web\Models\NotificationRequest.cs(8,23): warning CS8618: El elemento propiedad "Title" que no acepta valores NULL debe contener un valor distinto de NULL al salir del constructor. Considere la posibilidad de agregar el modificador "required'"o declarar el propiedad como un valor que acepta valores NULL. [C:\Users\PC\Downloads\Machly\Machly.Web\Machly.Web.csproj]
C:\Users\PC\Downloads\Machly\Machly.Web\Models\NotificationRequest.cs(9,23): warning CS8618: El elemento propiedad "Message" que no acepta valores NULL debe contener un valor distinto de NULL al salir del constructor. Considere la posibilidad de agregar el modificador "required'"o declarar el propiedad como un valor que acepta valores NULL. [C:\Users\PC\Downloads\Machly\Machly.Web\Machly.Web.csproj]
C:\Users\PC\Downloads\Machly\Machly.Web\Models\Notification.cs(5,23): warning CS8618: El elemento propiedad "Id" que no acepta valores NULL debe contener un valor distinto de NULL al salir del constructor. Considere la posibilidad de agregar el modificador "required'"o declarar el propiedad como un valor que acepta valores NULL. [C:\Users\PC\Downloads\Machly\Machly.Web\Machly.Web.csproj]
C:\Users\PC\Downloads\Machly\Machly.Web\Models\Notification.cs(6,23): warning CS8618: El elemento propiedad "UserId" que no acepta valores NULL debe contener un valor distinto de NULL al salir del constructor. Considere la posibilidad de agregar el modificador "required'"o declarar el propiedad como un valor que acepta valores NULL. [C:\Users\PC\Downloads\Machly\Machly.Web\Machly.Web.csproj]
C:\Users\PC\Downloads\Machly\Machly.Web\Models\Notification.cs(7,23): warning CS8618: El elemento propiedad "Title" que no acepta valores NULL debe contener un valor distinto de NULL al salir del constructor. Considere la posibilidad de agregar el modificador "required'"o declarar el propiedad como un valor que acepta valores NULL. [C:\Users\PC\Downloads\Machly\Machly.Web\Machly.Web.csproj]
C:\Users\PC\Downloads\Machly\Machly.Web\Models\Notification.cs(8,23): warning CS8618: El elemento propiedad "Message" que no acepta valores NULL debe contener un valor distinto de NULL al salir del constructor. Considere la posibilidad de agregar el modificador "required'"o declarar el propiedad como un valor que acepta valores NULL. [C:\Users\PC\Downloads\Machly\Machly.Web\Machly.Web.csproj]
C:\Users\PC\Downloads\Machly\Machly.Web\Models\Favorite.cs(5,23): warning CS8618: El elemento propiedad "Id" que no acepta valores NULL debe contener un valor distinto de NULL al salir del constructor. Considere la posibilidad de agregar el modificador "required'"o declarar el propiedad como un valor que acepta valores NULL. [C:\Users\PC\Downloads\Machly\Machly.Web\Machly.Web.csproj]
C:\Users\PC\Downloads\Machly\Machly.Web\Models\Favorite.cs(6,23): warning CS8618: El elemento propiedad "UserId" que no acepta valores NULL debe contener un valor distinto de NULL al salir del constructor. Considere la posibilidad de agregar el modificador "required'"o declarar el propiedad como un valor que acepta valores NULL. [C:\Users\PC\Downloads\Machly\Machly.Web\Machly.Web.csproj]
C:\Users\PC\Downloads\Machly\Machly.Web\Models\Favorite.cs(7,23): warning CS8618: El elemento propiedad "MachineId" que no acepta valores NULL debe contener un valor distinto de NULL al salir del constructor. Considere la posibilidad de agregar el modificador "required'"o declarar el propiedad como un valor que acepta valores NULL. [C:\Users\PC\Downloads\Machly\Machly.Web\Machly.Web.csproj]
C:\Users\PC\Downloads\Machly\Machly.Web\Models\CalendarEventDto.cs(7,23): warning CS8618: El elemento propiedad "Type" que no acepta valores NULL debe contener un valor distinto de NULL al salir del constructor. Considere la posibilidad de agregar el modificador "required'"o declarar el propiedad como un valor que acepta valores NULL. [C:\Users\PC\Downloads\Machly\Machly.Web\Machly.Web.csproj]
C:\Users\PC\Downloads\Machly\Machly.Web\Models\CalendarEventDto.cs(8,23): warning CS8618: El elemento propiedad "Title" que no acepta valores NULL debe contener un valor distinto de NULL al salir del constructor. Considere la posibilidad de agregar el modificador "required'"o declarar el propiedad como un valor que acepta valores NULL. [C:\Users\PC\Downloads\Machly\Machly.Web\Machly.Web.csproj]
C:\Users\PC\Downloads\Machly\Machly.Web\Models\Admin\AdminDashboardDto.cs(24,23): warning CS8618: El elemento propiedad "MachineTitle" que no acepta valores NULL debe contener un valor distinto de NULL al salir del constructor. Considere la posibilidad de agregar el modificador "required'"o declarar el propiedad como un valor que acepta valores NULL. [C:\Users\PC\Downloads\Machly\Machly.Web\Machly.Web.csproj]
C:\Users\PC\Downloads\Machly\Machly.Web\Models\Admin\AdminDashboardDto.cs(18,23): warning CS8618: El elemento propiedad "Category" que no acepta valores NULL debe contener un valor distinto de NULL al salir del constructor. Considere la posibilidad de agregar el modificador "required'"o declarar el propiedad como un valor que acepta valores NULL. [C:\Users\PC\Downloads\Machly\Machly.Web\Machly.Web.csproj]
C:\Users\PC\Downloads\Machly\Machly.Web\Controllers\AdminController.cs(142,55): error CS1061: "ApiAdminUserSummaryDto" no contiene una definici├│n para "PasswordHash" ni un m├®todo de extensi├│n accesible "PasswordHash" que acepte un primer argumento del tipo "ApiAdminUserSummaryDto" (┬┐falta alguna directiva using o una referencia de ensamblado?) [C:\Users\PC\Downloads\Machly\Machly.Web\Machly.Web.csproj]
C:\Users\PC\Downloads\Machly\Machly.Web\Services\AdminApiClient.cs(201,23): warning CS8618: El elemento propiedad "MachineTitle" que no acepta valores NULL debe contener un valor distinto de NULL al salir del constructor. Considere la posibilidad de agregar el modificador "required'"o declarar el propiedad como un valor que acepta valores NULL. [C:\Users\PC\Downloads\Machly\Machly.Web\Machly.Web.csproj]
C:\Users\PC\Downloads\Machly\Machly.Web\Views\Admin\Reports.cshtml(19,57): warning CS8605: Conversi├│n unboxing a un valor posiblemente NULL. [C:\Users\PC\Downloads\Machly\Machly.Web\Machly.Web.csproj]
C:\Users\PC\Downloads\Machly\Machly.Web\Views\Admin\Reports.cshtml(55,51): warning CS8602: Desreferencia de una referencia posiblemente NULL. [C:\Users\PC\Downloads\Machly\Machly.Web\Machly.Web.csproj]
C:\Users\PC\Downloads\Machly\Machly.Web\Views\Admin\Reports.cshtml(75,51): warning CS8604: Posible argumento de referencia nulo para el par├ímetro "source" en "IEnumerable<decimal> Enumerable.Select<IncomeReportItem, decimal>(IEnumerable<IncomeReportItem> source, Func<IncomeReportItem, decimal> selector)". [C:\Users\PC\Downloads\Machly\Machly.Web\Machly.Web.csproj]
C:\Users\PC\Downloads\Machly\Machly.Web\Views\Renter\Explore.cshtml(85,146): warning CS8604: Posible argumento de referencia nulo para el par├ímetro "item" en "bool HashSet<string>.Contains(string item)". [C:\Users\PC\Downloads\Machly\Machly.Web\Machly.Web.csproj]

ERROR al compilar.

C:\Users\PC\Downloads\Machly\Machly.Web\Controllers\RenterController.cs(132,94): warning CS8625: No se puede convertir un literal NULL en un tipo de referencia que no acepta valores NULL. [C:\Users\PC\Downloads\Machly\Machly.Web\Machly.Web.csproj]
C:\Users\PC\Downloads\Machly\Machly.Web\Models\SupportTicket.cs(18,23): warning CS8618: El elemento propiedad "Subject" que no acepta valores NULL debe contener un valor distinto de NULL al salir del constructor. Considere la posibilidad de agregar el modificador "required'"o declarar el propiedad como un valor que acepta valores NULL. [C:\Users\PC\Downloads\Machly\Machly.Web\Machly.Web.csproj]
C:\Users\PC\Downloads\Machly\Machly.Web\Models\SupportTicket.cs(19,23): warning CS8618: El elemento propiedad "Message" que no acepta valores NULL debe contener un valor distinto de NULL al salir del constructor. Considere la posibilidad de agregar el modificador "required'"o declarar el propiedad como un valor que acepta valores NULL. [C:\Users\PC\Downloads\Machly\Machly.Web\Machly.Web.csproj]
C:\Users\PC\Downloads\Machly\Machly.Web\Models\SupportTicket.cs(6,23): warning CS8618: El elemento propiedad "UserId" que no acepta valores NULL debe contener un valor distinto de NULL al salir del constructor. Considere la posibilidad de agregar el modificador "required'"o declarar el propiedad como un valor que acepta valores NULL. [C:\Users\PC\Downloads\Machly\Machly.Web\Machly.Web.csproj]
C:\Users\PC\Downloads\Machly\Machly.Web\Models\SupportTicket.cs(7,23): warning CS8618: El elemento propiedad "Subject" que no acepta valores NULL debe contener un valor distinto de NULL al salir del constructor. Considere la posibilidad de agregar el modificador "required'"o declarar el propiedad como un valor que acepta valores NULL. [C:\Users\PC\Downloads\Machly\Machly.Web\Machly.Web.csproj]
C:\Users\PC\Downloads\Machly\Machly.Web\Models\SupportTicket.cs(8,23): warning CS8618: El elemento propiedad "Message" que no acepta valores NULL debe contener un valor distinto de NULL al salir del constructor. Considere la posibilidad de agregar el modificador "required'"o declarar el propiedad como un valor que acepta valores NULL. [C:\Users\PC\Downloads\Machly\Machly.Web\Machly.Web.csproj]
C:\Users\PC\Downloads\Machly\Machly.Web\Models\NotificationRequest.cs(8,23): warning CS8618: El elemento propiedad "Title" que no acepta valores NULL debe contener un valor distinto de NULL al salir del constructor. Considere la posibilidad de agregar el modificador "required'"o declarar el propiedad como un valor que acepta valores NULL. [C:\Users\PC\Downloads\Machly\Machly.Web\Machly.Web.csproj]
C:\Users\PC\Downloads\Machly\Machly.Web\Models\NotificationRequest.cs(9,23): warning CS8618: El elemento propiedad "Message" que no acepta valores NULL debe contener un valor distinto de NULL al salir del constructor. Considere la posibilidad de agregar el modificador "required'"o declarar el propiedad como un valor que acepta valores NULL. [C:\Users\PC\Downloads\Machly\Machly.Web\Machly.Web.csproj]
C:\Users\PC\Downloads\Machly\Machly.Web\Models\Notification.cs(5,23): warning CS8618: El elemento propiedad "Id" que no acepta valores NULL debe contener un valor distinto de NULL al salir del constructor. Considere la posibilidad de agregar el modificador "required'"o declarar el propiedad como un valor que acepta valores NULL. [C:\Users\PC\Downloads\Machly\Machly.Web\Machly.Web.csproj]
C:\Users\PC\Downloads\Machly\Machly.Web\Models\Notification.cs(6,23): warning CS8618: El elemento propiedad "UserId" que no acepta valores NULL debe contener un valor distinto de NULL al salir del constructor. Considere la posibilidad de agregar el modificador "required'"o declarar el propiedad como un valor que acepta valores NULL. [C:\Users\PC\Downloads\Machly\Machly.Web\Machly.Web.csproj]
C:\Users\PC\Downloads\Machly\Machly.Web\Models\Notification.cs(7,23): warning CS8618: El elemento propiedad "Title" que no acepta valores NULL debe contener un valor distinto de NULL al salir del constructor. Considere la posibilidad de agregar el modificador "required'"o declarar el propiedad como un valor que acepta valores NULL. [C:\Users\PC\Downloads\Machly\Machly.Web\Machly.Web.csproj]
C:\Users\PC\Downloads\Machly\Machly.Web\Models\Notification.cs(8,23): warning CS8618: El elemento propiedad "Message" que no acepta valores NULL debe contener un valor distinto de NULL al salir del constructor. Considere la posibilidad de agregar el modificador "required'"o declarar el propiedad como un valor que acepta valores NULL. [C:\Users\PC\Downloads\Machly\Machly.Web\Machly.Web.csproj]
C:\Users\PC\Downloads\Machly\Machly.Web\Models\Favorite.cs(5,23): warning CS8618: El elemento propiedad "Id" que no acepta valores NULL debe contener un valor distinto de NULL al salir del constructor. Considere la posibilidad de agregar el modificador "required'"o declarar el propiedad como un valor que acepta valores NULL. [C:\Users\PC\Downloads\Machly\Machly.Web\Machly.Web.csproj]
C:\Users\PC\Downloads\Machly\Machly.Web\Models\Favorite.cs(6,23): warning CS8618: El elemento propiedad "UserId" que no acepta valores NULL debe contener un valor distinto de NULL al salir del constructor. Considere la posibilidad de agregar el modificador "required'"o declarar el propiedad como un valor que acepta valores NULL. [C:\Users\PC\Downloads\Machly\Machly.Web\Machly.Web.csproj]
C:\Users\PC\Downloads\Machly\Machly.Web\Models\Favorite.cs(7,23): warning CS8618: El elemento propiedad "MachineId" que no acepta valores NULL debe contener un valor distinto de NULL al salir del constructor. Considere la posibilidad de agregar el modificador "required'"o declarar el propiedad como un valor que acepta valores NULL. [C:\Users\PC\Downloads\Machly\Machly.Web\Machly.Web.csproj]
C:\Users\PC\Downloads\Machly\Machly.Web\Models\CalendarEventDto.cs(7,23): warning CS8618: El elemento propiedad "Type" que no acepta valores NULL debe contener un valor distinto de NULL al salir del constructor. Considere la posibilidad de agregar el modificador "required'"o declarar el propiedad como un valor que acepta valores NULL. [C:\Users\PC\Downloads\Machly\Machly.Web\Machly.Web.csproj]
C:\Users\PC\Downloads\Machly\Machly.Web\Models\CalendarEventDto.cs(8,23): warning CS8618: El elemento propiedad "Title" que no acepta valores NULL debe contener un valor distinto de NULL al salir del constructor. Considere la posibilidad de agregar el modificador "required'"o declarar el propiedad como un valor que acepta valores NULL. [C:\Users\PC\Downloads\Machly\Machly.Web\Machly.Web.csproj]
C:\Users\PC\Downloads\Machly\Machly.Web\Models\Admin\AdminDashboardDto.cs(24,23): warning CS8618: El elemento propiedad "MachineTitle" que no acepta valores NULL debe contener un valor distinto de NULL al salir del constructor. Considere la posibilidad de agregar el modificador "required'"o declarar el propiedad como un valor que acepta valores NULL. [C:\Users\PC\Downloads\Machly\Machly.Web\Machly.Web.csproj]
C:\Users\PC\Downloads\Machly\Machly.Web\Models\Admin\AdminDashboardDto.cs(18,23): warning CS8618: El elemento propiedad "Category" que no acepta valores NULL debe contener un valor distinto de NULL al salir del constructor. Considere la posibilidad de agregar el modificador "required'"o declarar el propiedad como un valor que acepta valores NULL. [C:\Users\PC\Downloads\Machly\Machly.Web\Machly.Web.csproj]
C:\Users\PC\Downloads\Machly\Machly.Web\Services\AdminApiClient.cs(201,23): warning CS8618: El elemento propiedad "MachineTitle" que no acepta valores NULL debe contener un valor distinto de NULL al salir del constructor. Considere la posibilidad de agregar el modificador "required'"o declarar el propiedad como un valor que acepta valores NULL. [C:\Users\PC\Downloads\Machly\Machly.Web\Machly.Web.csproj]
C:\Users\PC\Downloads\Machly\Machly.Web\Views\Admin\Reports.cshtml(19,57): warning CS8605: Conversi├│n unboxing a un valor posiblemente NULL. [C:\Users\PC\Downloads\Machly\Machly.Web\Machly.Web.csproj]
C:\Users\PC\Downloads\Machly\Machly.Web\Views\Admin\Reports.cshtml(55,51): warning CS8602: Desreferencia de una referencia posiblemente NULL. [C:\Users\PC\Downloads\Machly\Machly.Web\Machly.Web.csproj]
C:\Users\PC\Downloads\Machly\Machly.Web\Views\Admin\Reports.cshtml(75,51): warning CS8604: Posible argumento de referencia nulo para el par├ímetro "source" en "IEnumerable<decimal> Enumerable.Select<IncomeReportItem, decimal>(IEnumerable<IncomeReportItem> source, Func<IncomeReportItem, decimal> selector)". [C:\Users\PC\Downloads\Machly\Machly.Web\Machly.Web.csproj]
C:\Users\PC\Downloads\Machly\Machly.Web\Views\Renter\Explore.cshtml(85,146): warning CS8604: Posible argumento de referencia nulo para el par├ímetro "item" en "bool HashSet<string>.Contains(string item)". [C:\Users\PC\Downloads\Machly\Machly.Web\Machly.Web.csproj]
C:\Users\PC\Downloads\Machly\Machly.Web\Controllers\AdminController.cs(142,55): error CS1061: "ApiAdminUserSummaryDto" no contiene una definici├│n para "PasswordHash" ni un m├®todo de extensi├│n accesible "PasswordHash" que acepte un primer argumento del tipo "ApiAdminUserSummaryDto" (┬┐falta alguna directiva using o una referencia de ensamblado?) [C:\Users\PC\Downloads\Machly\Machly.Web\Machly.Web.csproj]
    24 Advertencia(s)
    1 Errores

Tiempo transcurrido 00:00:01.83

Hay actualizaciones de carga de trabajo disponibles. Ejecute "dotnet workload list" para obtener m├ís informaci├│n.
