C:\Users\PC\Downloads\Machly\Machly.Api\Repositories\UserRepository.cs(23,91): error CS1061: 'User' does not contain a definition for 'Role' and no accessible extension method 'Role' accepting a first argument of type 'User' could be found (are you missing a using directive or an assembly reference?) [C:\Users\PC\Downloads\Machly\Machly.Api\Machly.Api.csproj]
C:\Users\PC\Downloads\Machly\Machly.Api\Utils\JwtHelper.cs(27,49): error CS1061: 'User' does not contain a definition for 'Role' and no accessible extension method 'Role' accepting a first argument of type 'User' could be found (are you missing a using directive or an assembly reference?) [C:\Users\PC\Downloads\Machly\Machly.Api\Machly.Api.csproj]
C:\Users\PC\Downloads\Machly\Machly.Api\Utils\JwtHelper.cs(27,27): error CS1503: Argument 1: cannot convert from 'string' to 'System.IO.BinaryReader' [C:\Users\PC\Downloads\Machly\Machly.Api\Machly.Api.csproj]
C:\Users\PC\Downloads\Machly\Machly.Api\Services\AuthService.cs(30,17): error CS0117: 'User' does not contain a definition for 'Role' [C:\Users\PC\Downloads\Machly\Machly.Api\Machly.Api.csproj]
C:\Users\PC\Downloads\Machly\Machly.Api\Seed\SeedData.cs(27,17): error CS0117: 'User' does not contain a definition for 'Role' [C:\Users\PC\Downloads\Machly\Machly.Api\Machly.Api.csproj]
C:\Users\PC\Downloads\Machly\Machly.Api\Seed\SeedData.cs(36,17): error CS0117: 'User' does not contain a definition for 'Role' [C:\Users\PC\Downloads\Machly\Machly.Api\Machly.Api.csproj]
C:\Users\PC\Downloads\Machly\Machly.Api\Seed\SeedData.cs(46,17): error CS0117: 'User' does not contain a definition for 'Role' [C:\Users\PC\Downloads\Machly\Machly.Api\Machly.Api.csproj]
C:\Users\PC\Downloads\Machly\Machly.Api\Seed\SeedData.cs(56,17): error CS0117: 'User' does not contain a definition for 'Role' [C:\Users\PC\Downloads\Machly\Machly.Api\Machly.Api.csproj]
C:\Users\PC\Downloads\Machly\Machly.Api\Seed\SeedData.cs(65,17): error CS0117: 'User' does not contain a definition for 'Role' [C:\Users\PC\Downloads\Machly\Machly.Api\Machly.Api.csproj]
C:\Users\PC\Downloads\Machly\Machly.Api\Repositories\UserRepository.cs(53,38): error CS1061: 'User' does not contain a definition for 'Role' and no accessible extension method 'Role' accepting a first argument of type 'User' could be found (are you missing a using directive or an assembly reference?) [C:\Users\PC\Downloads\Machly\Machly.Api\Machly.Api.csproj]
C:\Users\PC\Downloads\Machly\Machly.Api\Controllers\AdminController.cs(61,22): error CS1061: 'User' does not contain a definition for 'Role' and no accessible extension method 'Role' accepting a first argument of type 'User' could be found (are you missing a using directive or an assembly reference?) [C:\Users\PC\Downloads\Machly\Machly.Api\Machly.Api.csproj]
C:\Users\PC\Downloads\Machly\Machly.Api\Controllers\AdminController.cs(82,22): error CS1061: 'User' does not contain a definition for 'Role' and no accessible extension method 'Role' accepting a first argument of type 'User' could be found (are you missing a using directive or an assembly reference?) [C:\Users\PC\Downloads\Machly\Machly.Api\Machly.Api.csproj]
C:\Users\PC\Downloads\Machly\Machly.Api\GraphQL\Queries\Query.cs(140,26): error CS1061: 'User' does not contain a definition for 'Role' and no accessible extension method 'Role' accepting a first argument of type 'User' could be found (are you missing a using directive or an assembly reference?) [C:\Users\PC\Downloads\Machly\Machly.Api\Machly.Api.csproj]
C:\Users\PC\Downloads\Machly\Machly.Api\Controllers\AdminController.cs(249,22): error CS1061: 'User' does not contain a definition for 'Role' and no accessible extension method 'Role' accepting a first argument of type 'User' could be found (are you missing a using directive or an assembly reference?) [C:\Users\PC\Downloads\Machly\Machly.Api\Machly.Api.csproj]
C:\Users\PC\Downloads\Machly\Machly.Api\Controllers\AdminController.cs(272,53): error CS1061: 'User' does not contain a definition for 'Role' and no accessible extension method 'Role' accepting a first argument of type 'User' could be found (are you missing a using directive or an assembly reference?) [C:\Users\PC\Downloads\Machly\Machly.Api\Machly.Api.csproj]
C:\Users\PC\Downloads\Machly\Machly.Api\Controllers\AdminController.cs(273,51): error CS1061: 'User' does not contain a definition for 'Role' and no accessible extension method 'Role' accepting a first argument of type 'User' could be found (are you missing a using directive or an assembly reference?) [C:\Users\PC\Downloads\Machly\Machly.Api\Machly.Api.csproj]
C:\Users\PC\Downloads\Machly\Machly.Api\Controllers\AdminController.cs(331,25): error CS1061: 'User' does not contain a definition for 'Role' and no accessible extension method 'Role' accepting a first argument of type 'User' could be found (are you missing a using directive or an assembly reference?) [C:\Users\PC\Downloads\Machly\Machly.Api\Machly.Api.csproj]
C:\Users\PC\Downloads\Machly\Machly.Api\Controllers\AdminController.cs(344,63): error CS1061: 'User' does not contain a definition for 'Role' and no accessible extension method 'Role' accepting a first argument of type 'User' could be found (are you missing a using directive or an assembly reference?) [C:\Users\PC\Downloads\Machly\Machly.Api\Machly.Api.csproj]

Build FAILED.
    29 Warning(s)
    18 Error(s)

Time Elapsed 00:00:01.32

Workload updates are available. Run `dotnet workload list` for more information.
